stdin is not a terminal device. Keyboard handling disabled.[INFO] [1790558934.277143331] [rosbag2_recorder]: Press SPACE for pausing/resuming
[INFO] [1790558934.277148273] [rosbag2_recorder]: Event publisher thread: Started
[INFO] [1790558934.290145139] [rosbag2_recorder]: Starting recording to '/home/haduckien/nav_ws/src/custom_corridor/worlds/school_arena/demo_1/dataset_v1.0/episodes/ep_000002/raw_bag'
[INFO] [1790558934.291774344] [rosbag2_storage]: Opened database '/home/haduckien/nav_ws/src/custom_corridor/worlds/school_arena/demo_1/dataset_v1.0/episodes/ep_000002/raw_bag/raw_bag_0.db3' for READ_WRITE.
[INFO] [1790558934.297381937] [rosbag2_recorder]: Subscribed to topic '/tf'
[INFO] [1790558934.297692756] [rosbag2_recorder]: Listening for topics...
[INFO] [1790558934.297718583] [rosbag2_recorder]: Recording...
[INFO] [1790558934.297748609] [rosbag2_recorder]: Topics discovery started.
[INFO] [1790558934.377178978] [rosbag2_recorder]: Subscribed to topic '/cmd_vel'
[INFO] [1790558934.493658948] [rosbag2_recorder]: Subscribed to topic '/odom'
[INFO] [1790558934.495885885] [rosbag2_recorder]: Subscribed to topic '/scan'
[INFO] [1790558934.497063020] [rosbag2_recorder]: Subscribed to topic '/tf_static'
[INFO] [1790558934.498916420] [rosbag2_recorder]: Subscribed to topic '/robot/camera/image_raw'
[INFO] [1790558934.498985308] [rosbag2_recorder]: All requested topics are subscribed. Stopping discovery...
[INFO] [1790558934.498990207] [rosbag2_recorder]: Topics discovery stopped.
[INFO] [1790559047.023384056] [rosbag2_recorder]: Pausing recording.
[INFO] [1790559047.024034282] [rosbag2_cpp]: Writing remaining messages from cache to the bag. It may take a while
[INFO] [1790559047.025880430] [rosbag2_compression]: Compressing file: /home/haduckien/nav_ws/src/custom_corridor/worlds/school_arena/demo_1/dataset_v1.0/episodes/ep_000002/raw_bag/raw_bag_0.db3
[INFO] [1790559047.834023479] [rosbag2_recorder]: Recording stopped
[INFO] [1790559047.835804015] [rosbag2_recorder]: Event publisher thread: Exited
