[WARN] [ros2bag]: Positional "topics" argument deprecated. Please use optional "--topics" argument instead.
stdin is not a terminal device. Keyboard handling disabled.[INFO] [1791011829.883493902] [rosbag2_recorder]: Press SPACE for pausing/resuming
[INFO] [1791011829.883532950] [rosbag2_recorder]: Event publisher thread: Started
[INFO] [1791011829.891025544] [rosbag2_recorder]: Starting recording to '/home/thaonhi/nav_ws/experiments/trajectory_risk_v0/data_long_traverse/episode_20261003_141704/rosbag'
[INFO] [1791011829.895264540] [rosbag2_recorder]: Listening for topics...
[INFO] [1791011829.895382444] [rosbag2_recorder]: Recording...
[INFO] [1791011829.895322055] [rosbag2_recorder]: Topics discovery started.
[INFO] [1791011830.106878309] [rosbag2_recorder]: Subscribed to topic '/cmd_vel'
[INFO] [1791011830.314371962] [rosbag2_recorder]: Subscribed to topic '/tf'
[ERROR] [1791011830.318576836] [ROSBAG2_TRANSPORT]: Topic '/particle_cloud' has more than one type associated. Only topics with one type are supported
[ERROR] [1791011830.320729282] [ROSBAG2_TRANSPORT]: Topic '/particle_cloud' has more than one type associated. Only topics with one type are supported
[ERROR] [1791011830.321800588] [ROSBAG2_TRANSPORT]: Topic '/particle_cloud' has more than one type associated. Only topics with one type are supported
[ERROR] [1791011830.322720705] [ROSBAG2_TRANSPORT]: Topic '/particle_cloud' has more than one type associated. Only topics with one type are supported
[ERROR] [1791011830.324348148] [ROSBAG2_TRANSPORT]: Topic '/particle_cloud' has more than one type associated. Only topics with one type are supported
[ERROR] [1791011830.326453804] [ROSBAG2_TRANSPORT]: Topic '/particle_cloud' has more than one type associated. Only topics with one type are supported
[ERROR] [1791011830.327174741] [ROSBAG2_TRANSPORT]: Topic '/particle_cloud' has more than one type associated. Only topics with one type are supported
[ERROR] [1791011830.327921647] [ROSBAG2_TRANSPORT]: Topic '/particle_cloud' has more than one type associated. Only topics with one type are supported
[ERROR] [1791011830.329088477] [ROSBAG2_TRANSPORT]: Topic '/particle_cloud' has more than one type associated. Only topics with one type are supported
[ERROR] [1791011830.330185450] [ROSBAG2_TRANSPORT]: Topic '/particle_cloud' has more than one type associated. Only topics with one type are supported
[ERROR] [1791011830.331524016] [ROSBAG2_TRANSPORT]: Topic '/particle_cloud' has more than one type associated. Only topics with one type are supported
[ERROR] [1791011830.333346069] [ROSBAG2_TRANSPORT]: Topic '/particle_cloud' has more than one type associated. Only topics with one type are supported
[ERROR] [1791011830.334383358] [ROSBAG2_TRANSPORT]: Topic '/particle_cloud' has more than one type associated. Only topics with one type are supported
[ERROR] [1791011830.339133291] [ROSBAG2_TRANSPORT]: Topic '/particle_cloud' has more than one type associated. Only topics with one type are supported
[ERROR] [1791011830.340571514] [ROSBAG2_TRANSPORT]: Topic '/particle_cloud' has more than one type associated. Only topics with one type are supported
[ERROR] [1791011830.347273363] [ROSBAG2_TRANSPORT]: Topic '/particle_cloud' has more than one type associated. Only topics with one type are supported
[ERROR] [1791011830.351327036] [ROSBAG2_TRANSPORT]: Topic '/particle_cloud' has more than one type associated. Only topics with one type are supported
[ERROR] [1791011830.352753781] [ROSBAG2_TRANSPORT]: Topic '/particle_cloud' has more than one type associated. Only topics with one type are supported
[ERROR] [1791011830.353709667] [ROSBAG2_TRANSPORT]: Topic '/particle_cloud' has more than one type associated. Only topics with one type are supported
[ERROR] [1791011830.354792856] [ROSBAG2_TRANSPORT]: Topic '/particle_cloud' has more than one type associated. Only topics with one type are supported
[ERROR] [1791011830.357341752] [ROSBAG2_TRANSPORT]: Topic '/particle_cloud' has more than one type associated. Only topics with one type are supported
[ERROR] [1791011830.358941347] [ROSBAG2_TRANSPORT]: Topic '/particle_cloud' has more than one type associated. Only topics with one type are supported
[ERROR] [1791011830.360123236] [ROSBAG2_TRANSPORT]: Topic '/particle_cloud' has more than one type associated. Only topics with one type are supported
[ERROR] [1791011830.361107100] [ROSBAG2_TRANSPORT]: Topic '/particle_cloud' has more than one type associated. Only topics with one type are supported
[ERROR] [1791011830.361992724] [ROSBAG2_TRANSPORT]: Topic '/particle_cloud' has more than one type associated. Only topics with one type are supported
[ERROR] [1791011830.365125266] [ROSBAG2_TRANSPORT]: Topic '/particle_cloud' has more than one type associated. Only topics with one type are supported
[ERROR] [1791011830.380547842] [ROSBAG2_TRANSPORT]: Topic '/particle_cloud' has more than one type associated. Only topics with one type are supported
[ERROR] [1791011830.413026894] [ROSBAG2_TRANSPORT]: Topic '/particle_cloud' has more than one type associated. Only topics with one type are supported
[ERROR] [1791011830.423941163] [ROSBAG2_TRANSPORT]: Topic '/particle_cloud' has more than one type associated. Only topics with one type are supported
[ERROR] [1791011830.435533016] [ROSBAG2_TRANSPORT]: Topic '/particle_cloud' has more than one type associated. Only topics with one type are supported
[ERROR] [1791011830.439822426] [ROSBAG2_TRANSPORT]: Topic '/particle_cloud' has more than one type associated. Only topics with one type are supported
[ERROR] [1791011830.475404092] [ROSBAG2_TRANSPORT]: Topic '/particle_cloud' has more than one type associated. Only topics with one type are supported
[ERROR] [1791011830.555189618] [ROSBAG2_TRANSPORT]: Topic '/particle_cloud' has more than one type associated. Only topics with one type are supported
[ERROR] [1791011831.144630152] [ROSBAG2_TRANSPORT]: Topic '/particle_cloud' has more than one type associated. Only topics with one type are supported
[ERROR] [1791011831.150583545] [ROSBAG2_TRANSPORT]: Topic '/particle_cloud' has more than one type associated. Only topics with one type are supported
[ERROR] [1791011831.154494330] [ROSBAG2_TRANSPORT]: Topic '/particle_cloud' has more than one type associated. Only topics with one type are supported
[ERROR] [1791011831.159723159] [ROSBAG2_TRANSPORT]: Topic '/particle_cloud' has more than one type associated. Only topics with one type are supported
[ERROR] [1791011831.236480525] [ROSBAG2_TRANSPORT]: Topic '/particle_cloud' has more than one type associated. Only topics with one type are supported
[ERROR] [1791011831.248169532] [ROSBAG2_TRANSPORT]: Topic '/particle_cloud' has more than one type associated. Only topics with one type are supported
[ERROR] [1791011831.266848615] [ROSBAG2_TRANSPORT]: Topic '/particle_cloud' has more than one type associated. Only topics with one type are supported
[ERROR] [1791011831.271388052] [ROSBAG2_TRANSPORT]: Topic '/particle_cloud' has more than one type associated. Only topics with one type are supported
[ERROR] [1791011831.272209210] [ROSBAG2_TRANSPORT]: Topic '/particle_cloud' has more than one type associated. Only topics with one type are supported
[ERROR] [1791011831.283599613] [ROSBAG2_TRANSPORT]: Topic '/particle_cloud' has more than one type associated. Only topics with one type are supported
[ERROR] [1791011831.292942982] [ROSBAG2_TRANSPORT]: Topic '/particle_cloud' has more than one type associated. Only topics with one type are supported
[ERROR] [1791011831.299977386] [ROSBAG2_TRANSPORT]: Topic '/particle_cloud' has more than one type associated. Only topics with one type are supported
[ERROR] [1791011831.304664499] [ROSBAG2_TRANSPORT]: Topic '/particle_cloud' has more than one type associated. Only topics with one type are supported
[ERROR] [1791011831.422691443] [ROSBAG2_TRANSPORT]: Topic '/particle_cloud' has more than one type associated. Only topics with one type are supported
[ERROR] [1791011831.427804175] [ROSBAG2_TRANSPORT]: Topic '/particle_cloud' has more than one type associated. Only topics with one type are supported
[ERROR] [1791011831.431896661] [ROSBAG2_TRANSPORT]: Topic '/particle_cloud' has more than one type associated. Only topics with one type are supported
[ERROR] [1791011831.434677886] [ROSBAG2_TRANSPORT]: Topic '/particle_cloud' has more than one type associated. Only topics with one type are supported
[ERROR] [1791011831.488493858] [ROSBAG2_TRANSPORT]: Topic '/particle_cloud' has more than one type associated. Only topics with one type are supported
[ERROR] [1791011831.492286019] [ROSBAG2_TRANSPORT]: Topic '/particle_cloud' has more than one type associated. Only topics with one type are supported
[ERROR] [1791011831.497681257] [ROSBAG2_TRANSPORT]: Topic '/particle_cloud' has more than one type associated. Only topics with one type are supported
[ERROR] [1791011831.566749540] [ROSBAG2_TRANSPORT]: Topic '/particle_cloud' has more than one type associated. Only topics with one type are supported
[ERROR] [1791011831.643227709] [ROSBAG2_TRANSPORT]: Topic '/particle_cloud' has more than one type associated. Only topics with one type are supported
[ERROR] [1791011831.657288371] [ROSBAG2_TRANSPORT]: Topic '/particle_cloud' has more than one type associated. Only topics with one type are supported
[ERROR] [1791011831.661718758] [ROSBAG2_TRANSPORT]: Topic '/particle_cloud' has more than one type associated. Only topics with one type are supported
[ERROR] [1791011831.673204764] [ROSBAG2_TRANSPORT]: Topic '/particle_cloud' has more than one type associated. Only topics with one type are supported
[ERROR] [1791011831.678411410] [ROSBAG2_TRANSPORT]: Topic '/particle_cloud' has more than one type associated. Only topics with one type are supported
[ERROR] [1791011831.743383859] [ROSBAG2_TRANSPORT]: Topic '/particle_cloud' has more than one type associated. Only topics with one type are supported
[ERROR] [1791011831.768911990] [ROSBAG2_TRANSPORT]: Topic '/particle_cloud' has more than one type associated. Only topics with one type are supported
[ERROR] [1791011831.778972700] [ROSBAG2_TRANSPORT]: Topic '/particle_cloud' has more than one type associated. Only topics with one type are supported
[ERROR] [1791011831.798316989] [ROSBAG2_TRANSPORT]: Topic '/particle_cloud' has more than one type associated. Only topics with one type are supported
[ERROR] [1791011831.799700881] [ROSBAG2_TRANSPORT]: Topic '/particle_cloud' has more than one type associated. Only topics with one type are supported
[ERROR] [1791011831.812287073] [ROSBAG2_TRANSPORT]: Topic '/particle_cloud' has more than one type associated. Only topics with one type are supported
[ERROR] [1791011831.925746693] [ROSBAG2_TRANSPORT]: Topic '/particle_cloud' has more than one type associated. Only topics with one type are supported
[ERROR] [1791011831.929390874] [ROSBAG2_TRANSPORT]: Topic '/particle_cloud' has more than one type associated. Only topics with one type are supported
[ERROR] [1791011831.933806691] [ROSBAG2_TRANSPORT]: Topic '/particle_cloud' has more than one type associated. Only topics with one type are supported
[ERROR] [1791011831.937331903] [ROSBAG2_TRANSPORT]: Topic '/particle_cloud' has more than one type associated. Only topics with one type are supported
[INFO] [1791011831.945821485] [rosbag2_recorder]: Subscribed to topic '/tf_static'
[ERROR] [1791011831.947677766] [ROSBAG2_TRANSPORT]: Topic '/particle_cloud' has more than one type associated. Only topics with one type are supported
[ERROR] [1791011831.948882551] [ROSBAG2_TRANSPORT]: Topic '/particle_cloud' has more than one type associated. Only topics with one type are supported
[ERROR] [1791011831.951767001] [ROSBAG2_TRANSPORT]: Topic '/particle_cloud' has more than one type associated. Only topics with one type are supported
[ERROR] [1791011831.952933603] [ROSBAG2_TRANSPORT]: Topic '/particle_cloud' has more than one type associated. Only topics with one type are supported
[ERROR] [1791011831.954748479] [ROSBAG2_TRANSPORT]: Topic '/particle_cloud' has more than one type associated. Only topics with one type are supported
[ERROR] [1791011831.956016213] [ROSBAG2_TRANSPORT]: Topic '/particle_cloud' has more than one type associated. Only topics with one type are supported
[ERROR] [1791011831.957098749] [ROSBAG2_TRANSPORT]: Topic '/particle_cloud' has more than one type associated. Only topics with one type are supported
[ERROR] [1791011831.960960913] [ROSBAG2_TRANSPORT]: Topic '/particle_cloud' has more than one type associated. Only topics with one type are supported
[ERROR] [1791011831.962811307] [ROSBAG2_TRANSPORT]: Topic '/particle_cloud' has more than one type associated. Only topics with one type are supported
[ERROR] [1791011831.965025037] [ROSBAG2_TRANSPORT]: Topic '/particle_cloud' has more than one type associated. Only topics with one type are supported
[ERROR] [1791011831.981445027] [ROSBAG2_TRANSPORT]: Topic '/particle_cloud' has more than one type associated. Only topics with one type are supported
[ERROR] [1791011831.988312717] [ROSBAG2_TRANSPORT]: Topic '/particle_cloud' has more than one type associated. Only topics with one type are supported
[INFO] [1791011832.004851981] [rosbag2_recorder]: Subscribed to topic '/odom'
[INFO] [1791011832.018926833] [rosbag2_recorder]: Subscribed to topic '/scan'
[ERROR] [1791011832.020663809] [ROSBAG2_TRANSPORT]: Topic '/particle_cloud' has more than one type associated. Only topics with one type are supported
[INFO] [1791011832.029793308] [rosbag2_recorder]: Subscribed to topic '/clock'
[INFO] [1791011832.029915038] [rosbag2_recorder]: All requested topics are subscribed. Stopping discovery...
[INFO] [1791011832.029942720] [rosbag2_recorder]: Topics discovery stopped.
