stdin is not a terminal device. Keyboard handling disabled.[INFO] [1790559186.324755117] [rosbag2_recorder]: Press SPACE for pausing/resuming
[INFO] [1790559186.324773587] [rosbag2_recorder]: Event publisher thread: Started
[INFO] [1790559186.334166767] [rosbag2_recorder]: Starting recording to '/home/haduckien/nav_ws/src/custom_corridor/worlds/school_arena/demo_1/dataset_v1.0/episodes/ep_000004/raw_bag'
[INFO] [1790559186.336483106] [rosbag2_storage]: Opened database '/home/haduckien/nav_ws/src/custom_corridor/worlds/school_arena/demo_1/dataset_v1.0/episodes/ep_000004/raw_bag/raw_bag_0.db3' for READ_WRITE.
[INFO] [1790559186.343939655] [rosbag2_recorder]: Subscribed to topic '/tf'
[INFO] [1790559186.344521366] [rosbag2_recorder]: Listening for topics...
[INFO] [1790559186.344550751] [rosbag2_recorder]: Recording...
[INFO] [1790559186.344657178] [rosbag2_recorder]: Topics discovery started.
[INFO] [1790559186.432056482] [rosbag2_recorder]: Subscribed to topic '/tf_static'
[INFO] [1790559186.437160330] [rosbag2_recorder]: Subscribed to topic '/odom'
[INFO] [1790559186.544593366] [rosbag2_recorder]: Subscribed to topic '/scan'
[INFO] [1790559186.546830834] [rosbag2_recorder]: Subscribed to topic '/robot/camera/image_raw'
[INFO] [1790559186.749215190] [rosbag2_recorder]: Subscribed to topic '/cmd_vel'
[INFO] [1790559186.749367880] [rosbag2_recorder]: All requested topics are subscribed. Stopping discovery...
[INFO] [1790559186.749385299] [rosbag2_recorder]: Topics discovery stopped.
[INFO] [1790559214.285897999] [rosbag2_recorder]: Pausing recording.
[INFO] [1790559214.286306082] [rosbag2_cpp]: Writing remaining messages from cache to the bag. It may take a while
[INFO] [1790559214.288204126] [rosbag2_compression]: Compressing file: /home/haduckien/nav_ws/src/custom_corridor/worlds/school_arena/demo_1/dataset_v1.0/episodes/ep_000004/raw_bag/raw_bag_0.db3
[INFO] [1790559214.499609331] [rosbag2_recorder]: Recording stopped
[INFO] [1790559214.501764764] [rosbag2_recorder]: Event publisher thread: Exited
