stdin is not a terminal device. Keyboard handling disabled.[INFO] [1790560651.502333990] [rosbag2_recorder]: Press SPACE for pausing/resuming
[INFO] [1790560651.502359731] [rosbag2_recorder]: Event publisher thread: Started
[INFO] [1790560651.512780065] [rosbag2_recorder]: Starting recording to '/home/haduckien/nav_ws/src/custom_corridor/worlds/school_arena/demo_1/dataset_v1.0/episodes/ep_000012/raw_bag'
[INFO] [1790560651.515251135] [rosbag2_storage]: Opened database '/home/haduckien/nav_ws/src/custom_corridor/worlds/school_arena/demo_1/dataset_v1.0/episodes/ep_000012/raw_bag/raw_bag_0.db3' for READ_WRITE.
[INFO] [1790560651.524297830] [rosbag2_recorder]: Subscribed to topic '/tf'
[INFO] [1790560651.524687859] [rosbag2_recorder]: Listening for topics...
[INFO] [1790560651.524720680] [rosbag2_recorder]: Recording...
[INFO] [1790560651.524873418] [rosbag2_recorder]: Topics discovery started.
[INFO] [1790560651.715645855] [rosbag2_recorder]: Subscribed to topic '/tf_static'
[INFO] [1790560651.726965889] [rosbag2_recorder]: Subscribed to topic '/cmd_vel'
[INFO] [1790560652.605140824] [rosbag2_recorder]: Subscribed to topic '/odom'
[INFO] [1790560652.607546973] [rosbag2_recorder]: Subscribed to topic '/scan'
[INFO] [1790560652.609717961] [rosbag2_recorder]: Subscribed to topic '/robot/camera/image_raw'
[INFO] [1790560652.609771236] [rosbag2_recorder]: All requested topics are subscribed. Stopping discovery...
[INFO] [1790560652.609775953] [rosbag2_recorder]: Topics discovery stopped.
[INFO] [1790560676.953187617] [rosbag2_recorder]: Pausing recording.
[INFO] [1790560676.953974172] [rosbag2_cpp]: Writing remaining messages from cache to the bag. It may take a while
[INFO] [1790560676.955344889] [rosbag2_compression]: Compressing file: /home/haduckien/nav_ws/src/custom_corridor/worlds/school_arena/demo_1/dataset_v1.0/episodes/ep_000012/raw_bag/raw_bag_0.db3
[INFO] [1790560677.147069307] [rosbag2_recorder]: Recording stopped
[INFO] [1790560677.149845565] [rosbag2_recorder]: Event publisher thread: Exited
