[INFO] [1790558180.245759340] [hunav_loader]: yaml_base_name: scenario_empty_medium_123983432
[INFO] [1790558180.246027003] [hunav_loader]: simulator: Gazebo Fortress
[INFO] [1790558180.246170961] [hunav_loader]: map: school_arena
[INFO] [1790558180.246185912] [hunav_loader]: publish_people: true
[INFO] [1790558180.246198188] [hunav_loader]: Number of agents: 0
[INFO] [1790558180.246203655] [hunav_loader]: Global goals:
[INFO] [1790558180.248741500] [hunav_loader]: GetParameters service created
[INFO] [1790558181.141575774] [hunav_loader]: Sent parameters: map=school_arena, simulator=Gazebo Fortress, yaml_base_name=scenario_empty_medium_123983432, 0 goals
[INFO] [1790558182.265538713] [rclcpp]: signal_handler(SIGINT/SIGTERM)
[INFO] [1790558269.815105301] [hunav_loader]: yaml_base_name: scenario_empty_medium_123983432
[INFO] [1790558269.815210131] [hunav_loader]: simulator: Gazebo Fortress
[INFO] [1790558269.815222204] [hunav_loader]: map: school_arena
[INFO] [1790558269.815290376] [hunav_loader]: publish_people: true
[INFO] [1790558269.815312602] [hunav_loader]: Number of agents: 0
[INFO] [1790558269.815324386] [hunav_loader]: Global goals:
[INFO] [1790558269.816010285] [hunav_loader]: GetParameters service created
sequence size exceeds remaining buffer
sequence size exceeds remaining buffer
sequence size exceeds remaining buffer
sequence size exceeds remaining buffer
sequence size exceeds remaining buffer
sequence size exceeds remaining buffer
sequence size exceeds remaining buffer
sequence size exceeds remaining buffer
sequence size exceeds remaining buffer
sequence size exceeds remaining buffer
sequence size exceeds remaining buffer
sequence size exceeds remaining buffer
sequence size exceeds remaining buffer
sequence size exceeds remaining buffer
sequence size exceeds remaining buffer
sequence size exceeds remaining buffer
sequence size exceeds remaining buffer
sequence size exceeds remaining buffer
sequence size exceeds remaining buffer
sequence size exceeds remaining buffer
sequence size exceeds remaining buffer
sequence size exceeds remaining buffer
sequence size exceeds remaining buffer
sequence size exceeds remaining buffer
sequence size exceeds remaining buffer
sequence size exceeds remaining buffer
sequence size exceeds remaining buffer
sequence size exceeds remaining buffer
sequence size exceeds remaining buffer
[INFO] [1790558270.725902295] [hunav_loader]: Sent parameters: map=school_arena, simulator=Gazebo Fortress, yaml_base_name=scenario_empty_medium_123983432, 0 goals
sequence size exceeds remaining buffer
sequence size exceeds remaining buffer
sequence size exceeds remaining buffer
sequence size exceeds remaining buffer
sequence size exceeds remaining buffer
sequence size exceeds remaining buffer
sequence size exceeds remaining buffer
sequence size exceeds remaining buffer
sequence size exceeds remaining buffer
sequence size exceeds remaining buffer
sequence size exceeds remaining buffer
sequence size exceeds remaining buffer
sequence size exceeds remaining buffer
sequence size exceeds remaining buffer
sequence size exceeds remaining buffer
sequence size exceeds remaining buffer
sequence size exceeds remaining buffer
sequence size exceeds remaining buffer
sequence size exceeds remaining buffer
sequence size exceeds remaining buffer
sequence size exceeds remaining buffer
sequence size exceeds remaining buffer
sequence size exceeds remaining buffer
sequence size exceeds remaining buffer
sequence size exceeds remaining buffer
sequence size exceeds remaining buffer
sequence size exceeds remaining buffer
sequence size exceeds remaining buffer
sequence size exceeds remaining buffer
sequence size exceeds remaining buffer
sequence size exceeds remaining buffer
sequence size exceeds remaining buffer
sequence size exceeds remaining buffer
sequence size exceeds remaining buffer
sequence size exceeds remaining buffer
sequence size exceeds remaining buffer
sequence size exceeds remaining buffer
sequence size exceeds remaining buffer
sequence size exceeds remaining buffer
sequence size exceeds remaining buffer
sequence size exceeds remaining buffer
sequence size exceeds remaining buffer
sequence size exceeds remaining buffer
sequence size exceeds remaining buffer
sequence size exceeds remaining buffer
sequence size exceeds remaining buffer
sequence size exceeds remaining buffer
sequence size exceeds remaining buffer
sequence size exceeds remaining buffer
sequence size exceeds remaining buffer
sequence size exceeds remaining buffer
sequence size exceeds remaining buffer
sequence size exceeds remaining buffer
sequence size exceeds remaining buffer
sequence size exceeds remaining buffer
sequence size exceeds remaining buffer
sequence size exceeds remaining buffer
sequence size exceeds remaining buffer
sequence size exceeds remaining buffer
sequence size exceeds remaining buffer
sequence size exceeds remaining buffer
sequence size exceeds remaining buffer
sequence size exceeds remaining buffer
sequence size exceeds remaining buffer
sequence size exceeds remaining buffer
sequence size exceeds remaining buffer
sequence size exceeds remaining buffer
sequence size exceeds remaining buffer
sequence size exceeds remaining buffer
sequence size exceeds remaining buffer
sequence size exceeds remaining buffer
sequence size exceeds remaining buffer
sequence size exceeds remaining buffer
sequence size exceeds remaining buffer
sequence size exceeds remaining buffer
sequence size exceeds remaining buffer
sequence size exceeds remaining buffer
sequence size exceeds remaining buffer
sequence size exceeds remaining buffer
sequence size exceeds remaining buffer
sequence size exceeds remaining buffer
sequence size exceeds remaining buffer
sequence size exceeds remaining buffer
sequence size exceeds remaining buffer
sequence size exceeds remaining buffer
sequence size exceeds remaining buffer
sequence size exceeds remaining buffer
sequence size exceeds remaining buffer
sequence size exceeds remaining buffer
sequence size exceeds remaining buffer
sequence size exceeds remaining buffer
sequence size exceeds remaining buffer
sequence size exceeds remaining buffer
sequence size exceeds remaining buffer
sequence size exceeds remaining buffer
sequence size exceeds remaining buffer
sequence size exceeds remaining buffer
sequence size exceeds remaining buffer
sequence size exceeds remaining buffer
sequence size exceeds remaining buffer
sequence size exceeds remaining buffer
sequence size exceeds remaining buffer
sequence size exceeds remaining buffer
sequence size exceeds remaining buffer
sequence size exceeds remaining buffer
sequence size exceeds remaining buffer
sequence size exceeds remaining buffer
sequence size exceeds remaining buffer
sequence size exceeds remaining buffer
sequence size exceeds remaining buffer
sequence size exceeds remaining buffer
sequence size exceeds remaining buffer
sequence size exceeds remaining buffer
sequence size exceeds remaining buffer
sequence size exceeds remaining buffer
sequence size exceeds remaining buffer
sequence size exceeds remaining buffer
sequence size exceeds remaining buffer
sequence size exceeds remaining buffer
sequence size exceeds remaining buffer
sequence size exceeds remaining buffer
sequence size exceeds remaining buffer
sequence size exceeds remaining buffer
sequence size exceeds remaining buffer
sequence size exceeds remaining buffer
sequence size exceeds remaining buffer
sequence size exceeds remaining buffer
sequence size exceeds remaining buffer
sequence size exceeds remaining buffer
sequence size exceeds remaining buffer
sequence size exceeds remaining buffer
sequence size exceeds remaining buffer
sequence size exceeds remaining buffer
sequence size exceeds remaining buffer
sequence size exceeds remaining buffer
sequence size exceeds remaining buffer
sequence size exceeds remaining buffer
sequence size exceeds remaining buffer
sequence size exceeds remaining buffer
sequence size exceeds remaining buffer
sequence size exceeds remaining buffer
sequence size exceeds remaining buffer
sequence size exceeds remaining buffer
sequence size exceeds remaining buffer
sequence size exceeds remaining buffer
sequence size exceeds remaining buffer
sequence size exceeds remaining buffer
sequence size exceeds remaining buffer
sequence size exceeds remaining buffer
sequence size exceeds remaining buffer
sequence size exceeds remaining buffer
sequence size exceeds remaining buffer
sequence size exceeds remaining buffer
sequence size exceeds remaining buffer
sequence size exceeds remaining buffer
sequence size exceeds remaining buffer
sequence size exceeds remaining buffer
sequence size exceeds remaining buffer
sequence size exceeds remaining buffer
sequence size exceeds remaining buffer
sequence size exceeds remaining buffer
sequence size exceeds remaining buffer
sequence size exceeds remaining buffer
sequence size exceeds remaining buffer
sequence size exceeds remaining buffer
sequence size exceeds remaining buffer
sequence size exceeds remaining buffer
sequence size exceeds remaining buffer
sequence size exceeds remaining buffer
sequence size exceeds remaining buffer
sequence size exceeds remaining buffer
sequence size exceeds remaining buffer
sequence size exceeds remaining buffer
sequence size exceeds remaining buffer
sequence size exceeds remaining buffer
sequence size exceeds remaining buffer
sequence size exceeds remaining buffer
sequence size exceeds remaining buffer
sequence size exceeds remaining buffer
sequence size exceeds remaining buffer
sequence size exceeds remaining buffer
sequence size exceeds remaining buffer
sequence size exceeds remaining buffer
sequence size exceeds remaining buffer
sequence size exceeds remaining buffer
sequence size exceeds remaining buffer
sequence size exceeds remaining buffer
sequence size exceeds remaining buffer
sequence size exceeds remaining buffer
sequence size exceeds remaining buffer
sequence size exceeds remaining buffer
sequence size exceeds remaining buffer
sequence size exceeds remaining buffer
sequence size exceeds remaining buffer
sequence size exceeds remaining buffer
sequence size exceeds remaining buffer
sequence size exceeds remaining buffer
sequence size exceeds remaining buffer
sequence size exceeds remaining buffer
sequence size exceeds remaining buffer
sequence size exceeds remaining buffer
sequence size exceeds remaining buffer
sequence size exceeds remaining buffer
sequence size exceeds remaining buffer
sequence size exceeds remaining buffer
sequence size exceeds remaining buffer
sequence size exceeds remaining buffer
sequence size exceeds remaining buffer
sequence size exceeds remaining buffer
sequence size exceeds remaining buffer
sequence size exceeds remaining buffer
sequence size exceeds remaining buffer
sequence size exceeds remaining buffer
sequence size exceeds remaining buffer
sequence size exceeds remaining buffer
sequence size exceeds remaining buffer
sequence size exceeds remaining buffer
sequence size exceeds remaining buffer
sequence size exceeds remaining buffer
sequence size exceeds remaining buffer
sequence size exceeds remaining buffer
sequence size exceeds remaining buffer
sequence size exceeds remaining buffer
sequence size exceeds remaining buffer
sequence size exceeds remaining buffer
sequence size exceeds remaining buffer
sequence size exceeds remaining buffer
sequence size exceeds remaining buffer
sequence size exceeds remaining buffer
sequence size exceeds remaining buffer
sequence size exceeds remaining buffer
sequence size exceeds remaining buffer
sequence size exceeds remaining buffer
sequence size exceeds remaining buffer
sequence size exceeds remaining buffer
sequence size exceeds remaining buffer
sequence size exceeds remaining buffer
sequence size exceeds remaining buffer
sequence size exceeds remaining buffer
sequence size exceeds remaining buffer
sequence size exceeds remaining buffer
sequence size exceeds remaining buffer
sequence size exceeds remaining buffer
sequence size exceeds remaining buffer
sequence size exceeds remaining buffer
sequence size exceeds remaining buffer
sequence size exceeds remaining buffer
sequence size exceeds remaining buffer
sequence size exceeds remaining buffer
sequence size exceeds remaining buffer
sequence size exceeds remaining buffer
sequence size exceeds remaining buffer
sequence size exceeds remaining buffer
sequence size exceeds remaining buffer
sequence size exceeds remaining buffer
sequence size exceeds remaining buffer
sequence size exceeds remaining buffer
sequence size exceeds remaining buffer
sequence size exceeds remaining buffer
sequence size exceeds remaining buffer
sequence size exceeds remaining buffer
sequence size exceeds remaining buffer
sequence size exceeds remaining buffer
sequence size exceeds remaining buffer
sequence size exceeds remaining buffer
sequence size exceeds remaining buffer
sequence size exceeds remaining buffer
sequence size exceeds remaining buffer
sequence size exceeds remaining buffer
sequence size exceeds remaining buffer
sequence size exceeds remaining buffer
sequence size exceeds remaining buffer
sequence size exceeds remaining buffer
sequence size exceeds remaining buffer
sequence size exceeds remaining buffer
sequence size exceeds remaining buffer
sequence size exceeds remaining buffer
sequence size exceeds remaining buffer
sequence size exceeds remaining buffer
sequence size exceeds remaining buffer
sequence size exceeds remaining buffer
sequence size exceeds remaining buffer
sequence size exceeds remaining buffer
sequence size exceeds remaining buffer
sequence size exceeds remaining buffer
sequence size exceeds remaining buffer
sequence size exceeds remaining buffer
sequence size exceeds remaining buffer
sequence size exceeds remaining buffer
sequence size exceeds remaining buffer
sequence size exceeds remaining buffer
sequence size exceeds remaining buffer
sequence size exceeds remaining buffer
sequence size exceeds remaining buffer
sequence size exceeds remaining buffer
sequence size exceeds remaining buffer
sequence size exceeds remaining buffer
sequence size exceeds remaining buffer
sequence size exceeds remaining buffer
sequence size exceeds remaining buffer
sequence size exceeds remaining buffer
sequence size exceeds remaining buffer
sequence size exceeds remaining buffer
sequence size exceeds remaining buffer
sequence size exceeds remaining buffer
sequence size exceeds remaining buffer
sequence size exceeds remaining buffer
sequence size exceeds remaining buffer
sequence size exceeds remaining buffer
sequence size exceeds remaining buffer
sequence size exceeds remaining buffer
sequence size exceeds remaining buffer
sequence size exceeds remaining buffer
sequence size exceeds remaining buffer
sequence size exceeds remaining buffer
sequence size exceeds remaining buffer
sequence size exceeds remaining buffer
sequence size exceeds remaining buffer
sequence size exceeds remaining buffer
sequence size exceeds remaining buffer
sequence size exceeds remaining buffer
sequence size exceeds remaining buffer
sequence size exceeds remaining buffer
sequence size exceeds remaining buffer
sequence size exceeds remaining buffer
sequence size exceeds remaining buffer
sequence size exceeds remaining buffer
sequence size exceeds remaining buffer
sequence size exceeds remaining buffer
sequence size exceeds remaining buffer
sequence size exceeds remaining buffer
sequence size exceeds remaining buffer
sequence size exceeds remaining buffer
sequence size exceeds remaining buffer
sequence size exceeds remaining buffer
sequence size exceeds remaining buffer
sequence size exceeds remaining buffer
sequence size exceeds remaining buffer
sequence size exceeds remaining buffer
sequence size exceeds remaining buffer
sequence size exceeds remaining buffer
sequence size exceeds remaining buffer
sequence size exceeds remaining buffer
sequence size exceeds remaining buffer
sequence size exceeds remaining buffer
sequence size exceeds remaining buffer
sequence size exceeds remaining buffer
sequence size exceeds remaining buffer
sequence size exceeds remaining buffer
sequence size exceeds remaining buffer
sequence size exceeds remaining buffer
sequence size exceeds remaining buffer
sequence size exceeds remaining buffer
sequence size exceeds remaining buffer
sequence size exceeds remaining buffer
sequence size exceeds remaining buffer
sequence size exceeds remaining buffer
sequence size exceeds remaining buffer
sequence size exceeds remaining buffer
sequence size exceeds remaining buffer
sequence size exceeds remaining buffer
sequence size exceeds remaining buffer
sequence size exceeds remaining buffer
sequence size exceeds remaining buffer
sequence size exceeds remaining buffer
sequence size exceeds remaining buffer
sequence size exceeds remaining buffer
sequence size exceeds remaining buffer
sequence size exceeds remaining buffer
sequence size exceeds remaining buffer
sequence size exceeds remaining buffer
sequence size exceeds remaining buffer
sequence size exceeds remaining buffer
sequence size exceeds remaining buffer
sequence size exceeds remaining buffer
sequence size exceeds remaining buffer
sequence size exceeds remaining buffer
sequence size exceeds remaining buffer
sequence size exceeds remaining buffer
sequence size exceeds remaining buffer
sequence size exceeds remaining buffer
sequence size exceeds remaining buffer
sequence size exceeds remaining buffer
sequence size exceeds remaining buffer
sequence size exceeds remaining buffer
sequence size exceeds remaining buffer
sequence size exceeds remaining buffer
sequence size exceeds remaining buffer
sequence size exceeds remaining buffer
sequence size exceeds remaining buffer
sequence size exceeds remaining buffer
sequence size exceeds remaining buffer
sequence size exceeds remaining buffer
sequence size exceeds remaining buffer
sequence size exceeds remaining buffer
sequence size exceeds remaining buffer
sequence size exceeds remaining buffer
sequence size exceeds remaining buffer
sequence size exceeds remaining buffer
sequence size exceeds remaining buffer
sequence size exceeds remaining buffer
sequence size exceeds remaining buffer
sequence size exceeds remaining buffer
sequence size exceeds remaining buffer
sequence size exceeds remaining buffer
sequence size exceeds remaining buffer
sequence size exceeds remaining buffer
sequence size exceeds remaining buffer
sequence size exceeds remaining buffer
sequence size exceeds remaining buffer
sequence size exceeds remaining buffer
sequence size exceeds remaining buffer
sequence size exceeds remaining buffer
sequence size exceeds remaining buffer
sequence size exceeds remaining buffer
sequence size exceeds remaining buffer
sequence size exceeds remaining buffer
sequence size exceeds remaining buffer
sequence size exceeds remaining buffer
sequence size exceeds remaining buffer
sequence size exceeds remaining buffer
sequence size exceeds remaining buffer
sequence size exceeds remaining buffer
sequence size exceeds remaining buffer
sequence size exceeds remaining buffer
sequence size exceeds remaining buffer
sequence size exceeds remaining buffer
sequence size exceeds remaining buffer
sequence size exceeds remaining buffer
sequence size exceeds remaining buffer
sequence size exceeds remaining buffer
sequence size exceeds remaining buffer
sequence size exceeds remaining buffer
sequence size exceeds remaining buffer
sequence size exceeds remaining buffer
sequence size exceeds remaining buffer
sequence size exceeds remaining buffer
sequence size exceeds remaining buffer
sequence size exceeds remaining buffer
sequence size exceeds remaining buffer
sequence size exceeds remaining buffer
sequence size exceeds remaining buffer
sequence size exceeds remaining buffer
sequence size exceeds remaining buffer
sequence size exceeds remaining buffer
sequence size exceeds remaining buffer
sequence size exceeds remaining buffer
sequence size exceeds remaining buffer
sequence size exceeds remaining buffer
sequence size exceeds remaining buffer
sequence size exceeds remaining buffer
sequence size exceeds remaining buffer
sequence size exceeds remaining buffer
sequence size exceeds remaining buffer
sequence size exceeds remaining buffer
sequence size exceeds remaining buffer
sequence size exceeds remaining buffer
sequence size exceeds remaining buffer
sequence size exceeds remaining buffer
sequence size exceeds remaining buffer
sequence size exceeds remaining buffer
sequence size exceeds remaining buffer
sequence size exceeds remaining buffer
sequence size exceeds remaining buffer
sequence size exceeds remaining buffer
sequence size exceeds remaining buffer
sequence size exceeds remaining buffer
sequence size exceeds remaining buffer
sequence size exceeds remaining buffer
sequence size exceeds remaining buffer
sequence size exceeds remaining buffer
sequence size exceeds remaining buffer
sequence size exceeds remaining buffer
sequence size exceeds remaining buffer
sequence size exceeds remaining buffer
sequence size exceeds remaining buffer
sequence size exceeds remaining buffer
sequence size exceeds remaining buffer
sequence size exceeds remaining buffer
sequence size exceeds remaining buffer
sequence size exceeds remaining buffer
sequence size exceeds remaining buffer
sequence size exceeds remaining buffer
sequence size exceeds remaining buffer
sequence size exceeds remaining buffer
sequence size exceeds remaining buffer
sequence size exceeds remaining buffer
sequence size exceeds remaining buffer
sequence size exceeds remaining buffer
sequence size exceeds remaining buffer
sequence size exceeds remaining buffer
sequence size exceeds remaining buffer
sequence size exceeds remaining buffer
sequence size exceeds remaining buffer
sequence size exceeds remaining buffer
sequence size exceeds remaining buffer
sequence size exceeds remaining buffer
sequence size exceeds remaining buffer
sequence size exceeds remaining buffer
sequence size exceeds remaining buffer
sequence size exceeds remaining buffer
sequence size exceeds remaining buffer
sequence size exceeds remaining buffer
sequence size exceeds remaining buffer
sequence size exceeds remaining buffer
sequence size exceeds remaining buffer
sequence size exceeds remaining buffer
sequence size exceeds remaining buffer
sequence size exceeds remaining buffer
sequence size exceeds remaining buffer
sequence size exceeds remaining buffer
sequence size exceeds remaining buffer
sequence size exceeds remaining buffer
sequence size exceeds remaining buffer
sequence size exceeds remaining buffer
sequence size exceeds remaining buffer
sequence size exceeds remaining buffer
sequence size exceeds remaining buffer
sequence size exceeds remaining buffer
sequence size exceeds remaining buffer
sequence size exceeds remaining buffer
sequence size exceeds remaining buffer
sequence size exceeds remaining buffer
sequence size exceeds remaining buffer
sequence size exceeds remaining buffer
sequence size exceeds remaining buffer
sequence size exceeds remaining buffer
sequence size exceeds remaining buffer
[INFO] [1790558338.398552556] [rclcpp]: signal_handler(SIGINT/SIGTERM)
[INFO] [1790558445.677563464] [hunav_loader]: yaml_base_name: scenario_empty_medium_123983432
[INFO] [1790558445.677685783] [hunav_loader]: simulator: Gazebo Fortress
[INFO] [1790558445.677700606] [hunav_loader]: map: school_arena
[INFO] [1790558445.677710472] [hunav_loader]: publish_people: true
[INFO] [1790558445.677720421] [hunav_loader]: Number of agents: 0
[INFO] [1790558445.677725074] [hunav_loader]: Global goals:
[INFO] [1790558445.678809733] [hunav_loader]: GetParameters service created
sequence size exceeds remaining buffer
sequence size exceeds remaining buffer
sequence size exceeds remaining buffer
sequence size exceeds remaining buffer
sequence size exceeds remaining buffer
sequence size exceeds remaining buffer
sequence size exceeds remaining buffer
sequence size exceeds remaining buffer
sequence size exceeds remaining buffer
sequence size exceeds remaining buffer
sequence size exceeds remaining buffer
sequence size exceeds remaining buffer
sequence size exceeds remaining buffer
sequence size exceeds remaining buffer
[INFO] [1790558446.627467770] [hunav_loader]: Sent parameters: map=school_arena, simulator=Gazebo Fortress, yaml_base_name=scenario_empty_medium_123983432, 0 goals
sequence size exceeds remaining buffer
sequence size exceeds remaining buffer
sequence size exceeds remaining buffer
sequence size exceeds remaining buffer
sequence size exceeds remaining buffer
sequence size exceeds remaining buffer
sequence size exceeds remaining buffer
sequence size exceeds remaining buffer
sequence size exceeds remaining buffer
sequence size exceeds remaining buffer
sequence size exceeds remaining buffer
sequence size exceeds remaining buffer
sequence size exceeds remaining buffer
sequence size exceeds remaining buffer
sequence size exceeds remaining buffer
sequence size exceeds remaining buffer
sequence size exceeds remaining buffer
sequence size exceeds remaining buffer
sequence size exceeds remaining buffer
sequence size exceeds remaining buffer
sequence size exceeds remaining buffer
sequence size exceeds remaining buffer
sequence size exceeds remaining buffer
sequence size exceeds remaining buffer
sequence size exceeds remaining buffer
sequence size exceeds remaining buffer
sequence size exceeds remaining buffer
sequence size exceeds remaining buffer
sequence size exceeds remaining buffer
sequence size exceeds remaining buffer
sequence size exceeds remaining buffer
sequence size exceeds remaining buffer
sequence size exceeds remaining buffer
sequence size exceeds remaining buffer
sequence size exceeds remaining buffer
sequence size exceeds remaining buffer
sequence size exceeds remaining buffer
sequence size exceeds remaining buffer
sequence size exceeds remaining buffer
sequence size exceeds remaining buffer
sequence size exceeds remaining buffer
sequence size exceeds remaining buffer
sequence size exceeds remaining buffer
sequence size exceeds remaining buffer
sequence size exceeds remaining buffer
sequence size exceeds remaining buffer
sequence size exceeds remaining buffer
sequence size exceeds remaining buffer
sequence size exceeds remaining buffer
sequence size exceeds remaining buffer
sequence size exceeds remaining buffer
sequence size exceeds remaining buffer
sequence size exceeds remaining buffer
sequence size exceeds remaining buffer
sequence size exceeds remaining buffer
sequence size exceeds remaining buffer
sequence size exceeds remaining buffer
sequence size exceeds remaining buffer
sequence size exceeds remaining buffer
sequence size exceeds remaining buffer
sequence size exceeds remaining buffer
sequence size exceeds remaining buffer
sequence size exceeds remaining buffer
sequence size exceeds remaining buffer
sequence size exceeds remaining buffer
sequence size exceeds remaining buffer
sequence size exceeds remaining buffer
sequence size exceeds remaining buffer
sequence size exceeds remaining buffer
sequence size exceeds remaining buffer
sequence size exceeds remaining buffer
sequence size exceeds remaining buffer
sequence size exceeds remaining buffer
sequence size exceeds remaining buffer
sequence size exceeds remaining buffer
sequence size exceeds remaining buffer
sequence size exceeds remaining buffer
sequence size exceeds remaining buffer
sequence size exceeds remaining buffer
sequence size exceeds remaining buffer
sequence size exceeds remaining buffer
sequence size exceeds remaining buffer
sequence size exceeds remaining buffer
sequence size exceeds remaining buffer
sequence size exceeds remaining buffer
sequence size exceeds remaining buffer
sequence size exceeds remaining buffer
sequence size exceeds remaining buffer
sequence size exceeds remaining buffer
sequence size exceeds remaining buffer
sequence size exceeds remaining buffer
sequence size exceeds remaining buffer
sequence size exceeds remaining buffer
sequence size exceeds remaining buffer
sequence size exceeds remaining buffer
sequence size exceeds remaining buffer
sequence size exceeds remaining buffer
sequence size exceeds remaining buffer
sequence size exceeds remaining buffer
sequence size exceeds remaining buffer
sequence size exceeds remaining buffer
sequence size exceeds remaining buffer
sequence size exceeds remaining buffer
sequence size exceeds remaining buffer
sequence size exceeds remaining buffer
sequence size exceeds remaining buffer
sequence size exceeds remaining buffer
sequence size exceeds remaining buffer
sequence size exceeds remaining buffer
sequence size exceeds remaining buffer
sequence size exceeds remaining buffer
sequence size exceeds remaining buffer
sequence size exceeds remaining buffer
sequence size exceeds remaining buffer
sequence size exceeds remaining buffer
sequence size exceeds remaining buffer
sequence size exceeds remaining buffer
sequence size exceeds remaining buffer
sequence size exceeds remaining buffer
sequence size exceeds remaining buffer
sequence size exceeds remaining buffer
sequence size exceeds remaining buffer
sequence size exceeds remaining buffer
sequence size exceeds remaining buffer
sequence size exceeds remaining buffer
sequence size exceeds remaining buffer
sequence size exceeds remaining buffer
sequence size exceeds remaining buffer
sequence size exceeds remaining buffer
sequence size exceeds remaining buffer
sequence size exceeds remaining buffer
sequence size exceeds remaining buffer
sequence size exceeds remaining buffer
sequence size exceeds remaining buffer
sequence size exceeds remaining buffer
sequence size exceeds remaining buffer
sequence size exceeds remaining buffer
sequence size exceeds remaining buffer
sequence size exceeds remaining buffer
sequence size exceeds remaining buffer
sequence size exceeds remaining buffer
sequence size exceeds remaining buffer
sequence size exceeds remaining buffer
sequence size exceeds remaining buffer
sequence size exceeds remaining buffer
sequence size exceeds remaining buffer
sequence size exceeds remaining buffer
sequence size exceeds remaining buffer
sequence size exceeds remaining buffer
sequence size exceeds remaining buffer
sequence size exceeds remaining buffer
sequence size exceeds remaining buffer
sequence size exceeds remaining buffer
sequence size exceeds remaining buffer
sequence size exceeds remaining buffer
sequence size exceeds remaining buffer
sequence size exceeds remaining buffer
sequence size exceeds remaining buffer
sequence size exceeds remaining buffer
sequence size exceeds remaining buffer
sequence size exceeds remaining buffer
sequence size exceeds remaining buffer
sequence size exceeds remaining buffer
sequence size exceeds remaining buffer
sequence size exceeds remaining buffer
sequence size exceeds remaining buffer
sequence size exceeds remaining buffer
sequence size exceeds remaining buffer
sequence size exceeds remaining buffer
sequence size exceeds remaining buffer
sequence size exceeds remaining buffer
sequence size exceeds remaining buffer
sequence size exceeds remaining buffer
sequence size exceeds remaining buffer
sequence size exceeds remaining buffer
sequence size exceeds remaining buffer
sequence size exceeds remaining buffer
sequence size exceeds remaining buffer
sequence size exceeds remaining buffer
sequence size exceeds remaining buffer
sequence size exceeds remaining buffer
sequence size exceeds remaining buffer
sequence size exceeds remaining buffer
sequence size exceeds remaining buffer
sequence size exceeds remaining buffer
sequence size exceeds remaining buffer
sequence size exceeds remaining buffer
sequence size exceeds remaining buffer
sequence size exceeds remaining buffer
sequence size exceeds remaining buffer
sequence size exceeds remaining buffer
sequence size exceeds remaining buffer
sequence size exceeds remaining buffer
sequence size exceeds remaining buffer
sequence size exceeds remaining buffer
sequence size exceeds remaining buffer
sequence size exceeds remaining buffer
sequence size exceeds remaining buffer
sequence size exceeds remaining buffer
sequence size exceeds remaining buffer
sequence size exceeds remaining buffer
sequence size exceeds remaining buffer
sequence size exceeds remaining buffer
sequence size exceeds remaining buffer
sequence size exceeds remaining buffer
sequence size exceeds remaining buffer
sequence size exceeds remaining buffer
sequence size exceeds remaining buffer
sequence size exceeds remaining buffer
sequence size exceeds remaining buffer
sequence size exceeds remaining buffer
sequence size exceeds remaining buffer
sequence size exceeds remaining buffer
sequence size exceeds remaining buffer
sequence size exceeds remaining buffer
sequence size exceeds remaining buffer
sequence size exceeds remaining buffer
sequence size exceeds remaining buffer
sequence size exceeds remaining buffer
sequence size exceeds remaining buffer
sequence size exceeds remaining buffer
sequence size exceeds remaining buffer
sequence size exceeds remaining buffer
sequence size exceeds remaining buffer
sequence size exceeds remaining buffer
sequence size exceeds remaining buffer
sequence size exceeds remaining buffer
sequence size exceeds remaining buffer
sequence size exceeds remaining buffer
sequence size exceeds remaining buffer
sequence size exceeds remaining buffer
sequence size exceeds remaining buffer
sequence size exceeds remaining buffer
sequence size exceeds remaining buffer
sequence size exceeds remaining buffer
sequence size exceeds remaining buffer
sequence size exceeds remaining buffer
sequence size exceeds remaining buffer
sequence size exceeds remaining buffer
sequence size exceeds remaining buffer
sequence size exceeds remaining buffer
sequence size exceeds remaining buffer
sequence size exceeds remaining buffer
sequence size exceeds remaining buffer
sequence size exceeds remaining buffer
sequence size exceeds remaining buffer
sequence size exceeds remaining buffer
sequence size exceeds remaining buffer
sequence size exceeds remaining buffer
sequence size exceeds remaining buffer
sequence size exceeds remaining buffer
sequence size exceeds remaining buffer
sequence size exceeds remaining buffer
sequence size exceeds remaining buffer
sequence size exceeds remaining buffer
sequence size exceeds remaining buffer
sequence size exceeds remaining buffer
sequence size exceeds remaining buffer
sequence size exceeds remaining buffer
sequence size exceeds remaining buffer
sequence size exceeds remaining buffer
sequence size exceeds remaining buffer
sequence size exceeds remaining buffer
sequence size exceeds remaining buffer
sequence size exceeds remaining buffer
sequence size exceeds remaining buffer
sequence size exceeds remaining buffer
sequence size exceeds remaining buffer
sequence size exceeds remaining buffer
sequence size exceeds remaining buffer
sequence size exceeds remaining buffer
sequence size exceeds remaining buffer
sequence size exceeds remaining buffer
sequence size exceeds remaining buffer
sequence size exceeds remaining buffer
sequence size exceeds remaining buffer
sequence size exceeds remaining buffer
sequence size exceeds remaining buffer
sequence size exceeds remaining buffer
sequence size exceeds remaining buffer
sequence size exceeds remaining buffer
sequence size exceeds remaining buffer
sequence size exceeds remaining buffer
sequence size exceeds remaining buffer
sequence size exceeds remaining buffer
sequence size exceeds remaining buffer
sequence size exceeds remaining buffer
sequence size exceeds remaining buffer
sequence size exceeds remaining buffer
sequence size exceeds remaining buffer
sequence size exceeds remaining buffer
sequence size exceeds remaining buffer
sequence size exceeds remaining buffer
sequence size exceeds remaining buffer
sequence size exceeds remaining buffer
sequence size exceeds remaining buffer
sequence size exceeds remaining buffer
sequence size exceeds remaining buffer
sequence size exceeds remaining buffer
sequence size exceeds remaining buffer
sequence size exceeds remaining buffer
sequence size exceeds remaining buffer
sequence size exceeds remaining buffer
sequence size exceeds remaining buffer
sequence size exceeds remaining buffer
sequence size exceeds remaining buffer
sequence size exceeds remaining buffer
sequence size exceeds remaining buffer
sequence size exceeds remaining buffer
sequence size exceeds remaining buffer
sequence size exceeds remaining buffer
sequence size exceeds remaining buffer
sequence size exceeds remaining buffer
sequence size exceeds remaining buffer
sequence size exceeds remaining buffer
sequence size exceeds remaining buffer
sequence size exceeds remaining buffer
sequence size exceeds remaining buffer
sequence size exceeds remaining buffer
sequence size exceeds remaining buffer
sequence size exceeds remaining buffer
sequence size exceeds remaining buffer
sequence size exceeds remaining buffer
sequence size exceeds remaining buffer
sequence size exceeds remaining buffer
sequence size exceeds remaining buffer
sequence size exceeds remaining buffer
sequence size exceeds remaining buffer
sequence size exceeds remaining buffer
sequence size exceeds remaining buffer
sequence size exceeds remaining buffer
sequence size exceeds remaining buffer
sequence size exceeds remaining buffer
sequence size exceeds remaining buffer
sequence size exceeds remaining buffer
sequence size exceeds remaining buffer
sequence size exceeds remaining buffer
sequence size exceeds remaining buffer
sequence size exceeds remaining buffer
sequence size exceeds remaining buffer
sequence size exceeds remaining buffer
sequence size exceeds remaining buffer
sequence size exceeds remaining buffer
sequence size exceeds remaining buffer
sequence size exceeds remaining buffer
sequence size exceeds remaining buffer
sequence size exceeds remaining buffer
sequence size exceeds remaining buffer
sequence size exceeds remaining buffer
sequence size exceeds remaining buffer
sequence size exceeds remaining buffer
sequence size exceeds remaining buffer
sequence size exceeds remaining buffer
sequence size exceeds remaining buffer
sequence size exceeds remaining buffer
sequence size exceeds remaining buffer
sequence size exceeds remaining buffer
sequence size exceeds remaining buffer
sequence size exceeds remaining buffer
sequence size exceeds remaining buffer
sequence size exceeds remaining buffer
sequence size exceeds remaining buffer
sequence size exceeds remaining buffer
sequence size exceeds remaining buffer
sequence size exceeds remaining buffer
sequence size exceeds remaining buffer
sequence size exceeds remaining buffer
sequence size exceeds remaining buffer
sequence size exceeds remaining buffer
sequence size exceeds remaining buffer
sequence size exceeds remaining buffer
sequence size exceeds remaining buffer
sequence size exceeds remaining buffer
sequence size exceeds remaining buffer
sequence size exceeds remaining buffer
sequence size exceeds remaining buffer
sequence size exceeds remaining buffer
sequence size exceeds remaining buffer
sequence size exceeds remaining buffer
sequence size exceeds remaining buffer
sequence size exceeds remaining buffer
sequence size exceeds remaining buffer
sequence size exceeds remaining buffer
sequence size exceeds remaining buffer
sequence size exceeds remaining buffer
sequence size exceeds remaining buffer
sequence size exceeds remaining buffer
sequence size exceeds remaining buffer
sequence size exceeds remaining buffer
sequence size exceeds remaining buffer
sequence size exceeds remaining buffer
sequence size exceeds remaining buffer
sequence size exceeds remaining buffer
sequence size exceeds remaining buffer
sequence size exceeds remaining buffer
sequence size exceeds remaining buffer
sequence size exceeds remaining buffer
sequence size exceeds remaining buffer
sequence size exceeds remaining buffer
sequence size exceeds remaining buffer
sequence size exceeds remaining buffer
sequence size exceeds remaining buffer
sequence size exceeds remaining buffer
sequence size exceeds remaining buffer
sequence size exceeds remaining buffer
sequence size exceeds remaining buffer
sequence size exceeds remaining buffer
sequence size exceeds remaining buffer
sequence size exceeds remaining buffer
sequence size exceeds remaining buffer
sequence size exceeds remaining buffer
sequence size exceeds remaining buffer
sequence size exceeds remaining buffer
sequence size exceeds remaining buffer
sequence size exceeds remaining buffer
sequence size exceeds remaining buffer
sequence size exceeds remaining buffer
sequence size exceeds remaining buffer
sequence size exceeds remaining buffer
sequence size exceeds remaining buffer
sequence size exceeds remaining buffer
sequence size exceeds remaining buffer
sequence size exceeds remaining buffer
sequence size exceeds remaining buffer
sequence size exceeds remaining buffer
sequence size exceeds remaining buffer
sequence size exceeds remaining buffer
sequence size exceeds remaining buffer
sequence size exceeds remaining buffer
sequence size exceeds remaining buffer
sequence size exceeds remaining buffer
sequence size exceeds remaining buffer
sequence size exceeds remaining buffer
sequence size exceeds remaining buffer
sequence size exceeds remaining buffer
sequence size exceeds remaining buffer
sequence size exceeds remaining buffer
sequence size exceeds remaining buffer
sequence size exceeds remaining buffer
sequence size exceeds remaining buffer
sequence size exceeds remaining buffer
sequence size exceeds remaining buffer
sequence size exceeds remaining buffer
sequence size exceeds remaining buffer
sequence size exceeds remaining buffer
sequence size exceeds remaining buffer
sequence size exceeds remaining buffer
sequence size exceeds remaining buffer
sequence size exceeds remaining buffer
sequence size exceeds remaining buffer
sequence size exceeds remaining buffer
sequence size exceeds remaining buffer
sequence size exceeds remaining buffer
sequence size exceeds remaining buffer
sequence size exceeds remaining buffer
sequence size exceeds remaining buffer
sequence size exceeds remaining buffer
sequence size exceeds remaining buffer
sequence size exceeds remaining buffer
sequence size exceeds remaining buffer
sequence size exceeds remaining buffer
sequence size exceeds remaining buffer
sequence size exceeds remaining buffer
sequence size exceeds remaining buffer
sequence size exceeds remaining buffer
sequence size exceeds remaining buffer
sequence size exceeds remaining buffer
[INFO] [1790558504.139400087] [rclcpp]: signal_handler(SIGINT/SIGTERM)
