Waiting for an action server to become available...
Sending goal:
     pose:
  header:
    stamp:
      sec: 0
      nanosec: 0
    frame_id: map
  pose:
    position:
      x: 4.5
      y: 0.0
      z: 0.0
    orientation:
      x: 0.0
      y: 0.0
      z: 0.0
      w: 1.0
behavior_tree: ''

Goal accepted with ID: ec0760d5169543f887a91a84fd2dbf80

Feedback:
    current_pose:
  header:
    stamp:
      sec: 335
      nanosec: 580000000
    frame_id: map
  pose:
    position:
      x: 4.406486837751174
      y: 0.17445455459217823
      z: 0.0
    orientation:
      x: 0.0
      y: 0.0
      z: -0.019564654657634177
      w: 0.999808593825902
navigation_time:
  sec: 0
  nanosec: 0
estimated_time_remaining:
  sec: 0
  nanosec: 0
number_of_recoveries: 0
distance_remaining: 0.0

Feedback:
    current_pose:
  header:
    stamp:
      sec: 335
      nanosec: 580000000
    frame_id: map
  pose:
    position:
      x: 4.406486837751174
      y: 0.17445455459217823
      z: 0.0
    orientation:
      x: 0.0
      y: 0.0
      z: -0.019564654657634177
      w: 0.999808593825902
navigation_time:
  sec: 0
  nanosec: 0
estimated_time_remaining:
  sec: 0
  nanosec: 0
number_of_recoveries: 0
distance_remaining: 0.18595106899738312

Feedback:
    current_pose:
  header:
    stamp:
      sec: 335
      nanosec: 580000000
    frame_id: map
  pose:
    position:
      x: 4.406486837751174
      y: 0.17445455459217823
      z: 0.0
    orientation:
      x: 0.0
      y: 0.0
      z: -0.019564654657634177
      w: 0.999808593825902
navigation_time:
  sec: 0
  nanosec: 0
estimated_time_remaining:
  sec: 0
  nanosec: 0
number_of_recoveries: 0
distance_remaining: 0.18595106899738312

Result:
    error_code: 0
error_msg: ''

Goal finished with status: SUCCEEDED
