[WARN] [ros2bag]: Positional "topics" argument deprecated. Please use optional "--topics" argument instead.
stdin is not a terminal device. Keyboard handling disabled.[INFO] [1790847714.504327775] [rosbag2_recorder]: Press SPACE for pausing/resuming
[INFO] [1790847714.504341865] [rosbag2_recorder]: Event publisher thread: Started
[INFO] [1790847714.519804435] [rosbag2_recorder]: Starting recording to '/home/thaonhi/nav_ws/experiments/trajectory_risk_v0/data_long_traverse/episode_20261001_164151/rosbag'
[INFO] [1790847714.522451991] [rosbag2_recorder]: Listening for topics...
[INFO] [1790847714.522550986] [rosbag2_recorder]: Recording...
[INFO] [1790847714.522599148] [rosbag2_recorder]: Topics discovery started.
[INFO] [1790847714.939173543] [rosbag2_recorder]: Subscribed to topic '/tf'
[ERROR] [1790847715.044408052] [ROSBAG2_TRANSPORT]: Topic '/particle_cloud' has more than one type associated. Only topics with one type are supported
[ERROR] [1790847715.044737591] [ROSBAG2_TRANSPORT]: Topic '/particle_cloud' has more than one type associated. Only topics with one type are supported
[ERROR] [1790847715.044986839] [ROSBAG2_TRANSPORT]: Topic '/particle_cloud' has more than one type associated. Only topics with one type are supported
[ERROR] [1790847715.045232966] [ROSBAG2_TRANSPORT]: Topic '/particle_cloud' has more than one type associated. Only topics with one type are supported
[ERROR] [1790847715.045473623] [ROSBAG2_TRANSPORT]: Topic '/particle_cloud' has more than one type associated. Only topics with one type are supported
[ERROR] [1790847715.047712303] [ROSBAG2_TRANSPORT]: Topic '/particle_cloud' has more than one type associated. Only topics with one type are supported
[INFO] [1790847715.056270578] [rosbag2_recorder]: Subscribed to topic '/odom'
[INFO] [1790847715.060546316] [rosbag2_recorder]: Subscribed to topic '/scan'
[INFO] [1790847715.063049774] [rosbag2_recorder]: Subscribed to topic '/tf_static'
[ERROR] [1790847715.063691659] [ROSBAG2_TRANSPORT]: Topic '/particle_cloud' has more than one type associated. Only topics with one type are supported
[INFO] [1790847715.067028974] [rosbag2_recorder]: Subscribed to topic '/clock'
[ERROR] [1790847715.067565098] [ROSBAG2_TRANSPORT]: Topic '/particle_cloud' has more than one type associated. Only topics with one type are supported
[ERROR] [1790847715.113862562] [ROSBAG2_TRANSPORT]: Topic '/particle_cloud' has more than one type associated. Only topics with one type are supported
[ERROR] [1790847715.114446124] [ROSBAG2_TRANSPORT]: Topic '/particle_cloud' has more than one type associated. Only topics with one type are supported
[ERROR] [1790847715.114858611] [ROSBAG2_TRANSPORT]: Topic '/particle_cloud' has more than one type associated. Only topics with one type are supported
[ERROR] [1790847715.115693439] [ROSBAG2_TRANSPORT]: Topic '/particle_cloud' has more than one type associated. Only topics with one type are supported
[ERROR] [1790847715.117193039] [ROSBAG2_TRANSPORT]: Topic '/particle_cloud' has more than one type associated. Only topics with one type are supported
[ERROR] [1790847715.117851112] [ROSBAG2_TRANSPORT]: Topic '/particle_cloud' has more than one type associated. Only topics with one type are supported
[ERROR] [1790847715.118273577] [ROSBAG2_TRANSPORT]: Topic '/particle_cloud' has more than one type associated. Only topics with one type are supported
[ERROR] [1790847715.118888746] [ROSBAG2_TRANSPORT]: Topic '/particle_cloud' has more than one type associated. Only topics with one type are supported
[ERROR] [1790847715.119320975] [ROSBAG2_TRANSPORT]: Topic '/particle_cloud' has more than one type associated. Only topics with one type are supported
[ERROR] [1790847715.119704561] [ROSBAG2_TRANSPORT]: Topic '/particle_cloud' has more than one type associated. Only topics with one type are supported
[ERROR] [1790847715.120071387] [ROSBAG2_TRANSPORT]: Topic '/particle_cloud' has more than one type associated. Only topics with one type are supported
[ERROR] [1790847715.120431103] [ROSBAG2_TRANSPORT]: Topic '/particle_cloud' has more than one type associated. Only topics with one type are supported
[ERROR] [1790847715.120833717] [ROSBAG2_TRANSPORT]: Topic '/particle_cloud' has more than one type associated. Only topics with one type are supported
[ERROR] [1790847715.121263841] [ROSBAG2_TRANSPORT]: Topic '/particle_cloud' has more than one type associated. Only topics with one type are supported
[ERROR] [1790847715.121837992] [ROSBAG2_TRANSPORT]: Topic '/particle_cloud' has more than one type associated. Only topics with one type are supported
[ERROR] [1790847715.123076955] [ROSBAG2_TRANSPORT]: Topic '/particle_cloud' has more than one type associated. Only topics with one type are supported
[ERROR] [1790847715.123601807] [ROSBAG2_TRANSPORT]: Topic '/particle_cloud' has more than one type associated. Only topics with one type are supported
[ERROR] [1790847715.145203170] [ROSBAG2_TRANSPORT]: Topic '/particle_cloud' has more than one type associated. Only topics with one type are supported
[ERROR] [1790847715.145695761] [ROSBAG2_TRANSPORT]: Topic '/particle_cloud' has more than one type associated. Only topics with one type are supported
[ERROR] [1790847715.146251472] [ROSBAG2_TRANSPORT]: Topic '/particle_cloud' has more than one type associated. Only topics with one type are supported
[ERROR] [1790847715.146657018] [ROSBAG2_TRANSPORT]: Topic '/particle_cloud' has more than one type associated. Only topics with one type are supported
[ERROR] [1790847715.146997018] [ROSBAG2_TRANSPORT]: Topic '/particle_cloud' has more than one type associated. Only topics with one type are supported
[ERROR] [1790847715.147359135] [ROSBAG2_TRANSPORT]: Topic '/particle_cloud' has more than one type associated. Only topics with one type are supported
[ERROR] [1790847715.147906337] [ROSBAG2_TRANSPORT]: Topic '/particle_cloud' has more than one type associated. Only topics with one type are supported
[ERROR] [1790847715.148358173] [ROSBAG2_TRANSPORT]: Topic '/particle_cloud' has more than one type associated. Only topics with one type are supported
[ERROR] [1790847715.148757867] [ROSBAG2_TRANSPORT]: Topic '/particle_cloud' has more than one type associated. Only topics with one type are supported
[ERROR] [1790847715.149117585] [ROSBAG2_TRANSPORT]: Topic '/particle_cloud' has more than one type associated. Only topics with one type are supported
[ERROR] [1790847715.149469740] [ROSBAG2_TRANSPORT]: Topic '/particle_cloud' has more than one type associated. Only topics with one type are supported
[ERROR] [1790847715.156634180] [ROSBAG2_TRANSPORT]: Topic '/particle_cloud' has more than one type associated. Only topics with one type are supported
[ERROR] [1790847715.157181377] [ROSBAG2_TRANSPORT]: Topic '/particle_cloud' has more than one type associated. Only topics with one type are supported
[ERROR] [1790847715.162705128] [ROSBAG2_TRANSPORT]: Topic '/particle_cloud' has more than one type associated. Only topics with one type are supported
[ERROR] [1790847715.166579209] [ROSBAG2_TRANSPORT]: Topic '/particle_cloud' has more than one type associated. Only topics with one type are supported
[ERROR] [1790847715.170076022] [ROSBAG2_TRANSPORT]: Topic '/particle_cloud' has more than one type associated. Only topics with one type are supported
[ERROR] [1790847715.170614783] [ROSBAG2_TRANSPORT]: Topic '/particle_cloud' has more than one type associated. Only topics with one type are supported
[ERROR] [1790847715.170922145] [ROSBAG2_TRANSPORT]: Topic '/particle_cloud' has more than one type associated. Only topics with one type are supported
[ERROR] [1790847715.172619037] [ROSBAG2_TRANSPORT]: Topic '/particle_cloud' has more than one type associated. Only topics with one type are supported
[ERROR] [1790847715.195095925] [ROSBAG2_TRANSPORT]: Topic '/particle_cloud' has more than one type associated. Only topics with one type are supported
[ERROR] [1790847715.226832418] [ROSBAG2_TRANSPORT]: Topic '/particle_cloud' has more than one type associated. Only topics with one type are supported
[ERROR] [1790847715.227500681] [ROSBAG2_TRANSPORT]: Topic '/particle_cloud' has more than one type associated. Only topics with one type are supported
[ERROR] [1790847715.228434897] [ROSBAG2_TRANSPORT]: Topic '/particle_cloud' has more than one type associated. Only topics with one type are supported
[ERROR] [1790847715.229059708] [ROSBAG2_TRANSPORT]: Topic '/particle_cloud' has more than one type associated. Only topics with one type are supported
[ERROR] [1790847715.229985569] [ROSBAG2_TRANSPORT]: Topic '/particle_cloud' has more than one type associated. Only topics with one type are supported
[ERROR] [1790847715.230393670] [ROSBAG2_TRANSPORT]: Topic '/particle_cloud' has more than one type associated. Only topics with one type are supported
[ERROR] [1790847715.230785212] [ROSBAG2_TRANSPORT]: Topic '/particle_cloud' has more than one type associated. Only topics with one type are supported
[ERROR] [1790847715.231181385] [ROSBAG2_TRANSPORT]: Topic '/particle_cloud' has more than one type associated. Only topics with one type are supported
[ERROR] [1790847715.237608131] [ROSBAG2_TRANSPORT]: Topic '/particle_cloud' has more than one type associated. Only topics with one type are supported
[ERROR] [1790847715.242344833] [ROSBAG2_TRANSPORT]: Topic '/particle_cloud' has more than one type associated. Only topics with one type are supported
[ERROR] [1790847715.243357090] [ROSBAG2_TRANSPORT]: Topic '/particle_cloud' has more than one type associated. Only topics with one type are supported
[ERROR] [1790847715.276246361] [ROSBAG2_TRANSPORT]: Topic '/particle_cloud' has more than one type associated. Only topics with one type are supported
[ERROR] [1790847715.276744399] [ROSBAG2_TRANSPORT]: Topic '/particle_cloud' has more than one type associated. Only topics with one type are supported
[ERROR] [1790847715.593589989] [ROSBAG2_TRANSPORT]: Topic '/particle_cloud' has more than one type associated. Only topics with one type are supported
[ERROR] [1790847715.594345803] [ROSBAG2_TRANSPORT]: Topic '/particle_cloud' has more than one type associated. Only topics with one type are supported
[ERROR] [1790847715.596602097] [ROSBAG2_TRANSPORT]: Topic '/particle_cloud' has more than one type associated. Only topics with one type are supported
[ERROR] [1790847715.599187485] [ROSBAG2_TRANSPORT]: Topic '/particle_cloud' has more than one type associated. Only topics with one type are supported
[ERROR] [1790847715.600805530] [ROSBAG2_TRANSPORT]: Topic '/particle_cloud' has more than one type associated. Only topics with one type are supported
[ERROR] [1790847715.601513348] [ROSBAG2_TRANSPORT]: Topic '/particle_cloud' has more than one type associated. Only topics with one type are supported
[ERROR] [1790847715.606672339] [ROSBAG2_TRANSPORT]: Topic '/particle_cloud' has more than one type associated. Only topics with one type are supported
[ERROR] [1790847715.608583461] [ROSBAG2_TRANSPORT]: Topic '/particle_cloud' has more than one type associated. Only topics with one type are supported
[ERROR] [1790847715.618351677] [ROSBAG2_TRANSPORT]: Topic '/particle_cloud' has more than one type associated. Only topics with one type are supported
[ERROR] [1790847715.620269373] [ROSBAG2_TRANSPORT]: Topic '/particle_cloud' has more than one type associated. Only topics with one type are supported
[ERROR] [1790847715.626775458] [ROSBAG2_TRANSPORT]: Topic '/particle_cloud' has more than one type associated. Only topics with one type are supported
[ERROR] [1790847715.628041580] [ROSBAG2_TRANSPORT]: Topic '/particle_cloud' has more than one type associated. Only topics with one type are supported
[ERROR] [1790847715.631401785] [ROSBAG2_TRANSPORT]: Topic '/particle_cloud' has more than one type associated. Only topics with one type are supported
[ERROR] [1790847715.633856344] [ROSBAG2_TRANSPORT]: Topic '/particle_cloud' has more than one type associated. Only topics with one type are supported
[ERROR] [1790847715.634568458] [ROSBAG2_TRANSPORT]: Topic '/particle_cloud' has more than one type associated. Only topics with one type are supported
[ERROR] [1790847715.635374344] [ROSBAG2_TRANSPORT]: Topic '/particle_cloud' has more than one type associated. Only topics with one type are supported
[ERROR] [1790847715.638023901] [ROSBAG2_TRANSPORT]: Topic '/particle_cloud' has more than one type associated. Only topics with one type are supported
[ERROR] [1790847715.675900375] [ROSBAG2_TRANSPORT]: Topic '/particle_cloud' has more than one type associated. Only topics with one type are supported
[ERROR] [1790847715.677230493] [ROSBAG2_TRANSPORT]: Topic '/particle_cloud' has more than one type associated. Only topics with one type are supported
[ERROR] [1790847715.686976796] [ROSBAG2_TRANSPORT]: Topic '/particle_cloud' has more than one type associated. Only topics with one type are supported
[ERROR] [1790847715.703824590] [ROSBAG2_TRANSPORT]: Topic '/particle_cloud' has more than one type associated. Only topics with one type are supported
[ERROR] [1790847715.711499589] [ROSBAG2_TRANSPORT]: Topic '/particle_cloud' has more than one type associated. Only topics with one type are supported
[ERROR] [1790847715.712217721] [ROSBAG2_TRANSPORT]: Topic '/particle_cloud' has more than one type associated. Only topics with one type are supported
[ERROR] [1790847715.717713227] [ROSBAG2_TRANSPORT]: Topic '/particle_cloud' has more than one type associated. Only topics with one type are supported
[ERROR] [1790847715.719288984] [ROSBAG2_TRANSPORT]: Topic '/particle_cloud' has more than one type associated. Only topics with one type are supported
[ERROR] [1790847715.723983076] [ROSBAG2_TRANSPORT]: Topic '/particle_cloud' has more than one type associated. Only topics with one type are supported
[ERROR] [1790847715.725283609] [ROSBAG2_TRANSPORT]: Topic '/particle_cloud' has more than one type associated. Only topics with one type are supported
[ERROR] [1790847715.726974037] [ROSBAG2_TRANSPORT]: Topic '/particle_cloud' has more than one type associated. Only topics with one type are supported
[ERROR] [1790847715.727516370] [ROSBAG2_TRANSPORT]: Topic '/particle_cloud' has more than one type associated. Only topics with one type are supported
[ERROR] [1790847715.728612002] [ROSBAG2_TRANSPORT]: Topic '/particle_cloud' has more than one type associated. Only topics with one type are supported
[ERROR] [1790847715.730280363] [ROSBAG2_TRANSPORT]: Topic '/particle_cloud' has more than one type associated. Only topics with one type are supported
[ERROR] [1790847715.730910219] [ROSBAG2_TRANSPORT]: Topic '/particle_cloud' has more than one type associated. Only topics with one type are supported
[ERROR] [1790847715.731388396] [ROSBAG2_TRANSPORT]: Topic '/particle_cloud' has more than one type associated. Only topics with one type are supported
[ERROR] [1790847715.732062139] [ROSBAG2_TRANSPORT]: Topic '/particle_cloud' has more than one type associated. Only topics with one type are supported
[ERROR] [1790847715.732723641] [ROSBAG2_TRANSPORT]: Topic '/particle_cloud' has more than one type associated. Only topics with one type are supported
[ERROR] [1790847715.734246437] [ROSBAG2_TRANSPORT]: Topic '/particle_cloud' has more than one type associated. Only topics with one type are supported
[ERROR] [1790847715.736637762] [ROSBAG2_TRANSPORT]: Topic '/particle_cloud' has more than one type associated. Only topics with one type are supported
[ERROR] [1790847715.737719431] [ROSBAG2_TRANSPORT]: Topic '/particle_cloud' has more than one type associated. Only topics with one type are supported
[ERROR] [1790847715.739329928] [ROSBAG2_TRANSPORT]: Topic '/particle_cloud' has more than one type associated. Only topics with one type are supported
[ERROR] [1790847715.741664022] [ROSBAG2_TRANSPORT]: Topic '/particle_cloud' has more than one type associated. Only topics with one type are supported
[ERROR] [1790847715.805431513] [ROSBAG2_TRANSPORT]: Topic '/particle_cloud' has more than one type associated. Only topics with one type are supported
[ERROR] [1790847715.820169715] [ROSBAG2_TRANSPORT]: Topic '/particle_cloud' has more than one type associated. Only topics with one type are supported
[ERROR] [1790847715.835252257] [ROSBAG2_TRANSPORT]: Topic '/particle_cloud' has more than one type associated. Only topics with one type are supported
[ERROR] [1790847715.843307382] [ROSBAG2_TRANSPORT]: Topic '/particle_cloud' has more than one type associated. Only topics with one type are supported
[ERROR] [1790847715.843962671] [ROSBAG2_TRANSPORT]: Topic '/particle_cloud' has more than one type associated. Only topics with one type are supported
[ERROR] [1790847715.850090309] [ROSBAG2_TRANSPORT]: Topic '/particle_cloud' has more than one type associated. Only topics with one type are supported
[ERROR] [1790847715.850972499] [ROSBAG2_TRANSPORT]: Topic '/particle_cloud' has more than one type associated. Only topics with one type are supported
[ERROR] [1790847715.851646317] [ROSBAG2_TRANSPORT]: Topic '/particle_cloud' has more than one type associated. Only topics with one type are supported
[ERROR] [1790847715.852309336] [ROSBAG2_TRANSPORT]: Topic '/particle_cloud' has more than one type associated. Only topics with one type are supported
[ERROR] [1790847715.852998784] [ROSBAG2_TRANSPORT]: Topic '/particle_cloud' has more than one type associated. Only topics with one type are supported
[INFO] [1790847715.860198030] [rosbag2_recorder]: Subscribed to topic '/cmd_vel'
[INFO] [1790847715.860285785] [rosbag2_recorder]: All requested topics are subscribed. Stopping discovery...
[INFO] [1790847715.860299223] [rosbag2_recorder]: Topics discovery stopped.
