stdin is not a terminal device. Keyboard handling disabled.[INFO] [1790558747.610596532] [rosbag2_recorder]: Press SPACE for pausing/resuming
[INFO] [1790558747.610612694] [rosbag2_recorder]: Event publisher thread: Started
[INFO] [1790558747.618829878] [rosbag2_recorder]: Starting recording to '/home/haduckien/nav_ws/src/custom_corridor/worlds/school_arena/demo_1/dataset_v1.0/episodes/ep_000021/raw_bag'
[INFO] [1790558747.621248280] [rosbag2_storage]: Opened database '/home/haduckien/nav_ws/src/custom_corridor/worlds/school_arena/demo_1/dataset_v1.0/episodes/ep_000021/raw_bag/raw_bag_0.db3' for READ_WRITE.
[INFO] [1790558747.627588906] [rosbag2_recorder]: Subscribed to topic '/tf'
[INFO] [1790558747.627799733] [rosbag2_recorder]: Listening for topics...
[INFO] [1790558747.627824054] [rosbag2_recorder]: Recording...
[INFO] [1790558747.627859239] [rosbag2_recorder]: Topics discovery started.
[INFO] [1790558748.033127733] [rosbag2_recorder]: Subscribed to topic '/cmd_vel'
[INFO] [1790558749.991271271] [rosbag2_recorder]: Subscribed to topic '/tf_static'
[INFO] [1790558750.006890805] [rosbag2_recorder]: Subscribed to topic '/odom'
[INFO] [1790558750.011356800] [rosbag2_recorder]: Subscribed to topic '/robot/camera/image_raw'
[INFO] [1790558750.013670758] [rosbag2_recorder]: Subscribed to topic '/scan'
[INFO] [1790558750.013745864] [rosbag2_recorder]: All requested topics are subscribed. Stopping discovery...
[INFO] [1790558750.013760547] [rosbag2_recorder]: Topics discovery stopped.
[INFO] [1790558774.420034936] [rosbag2_recorder]: Pausing recording.
[INFO] [1790558774.420586442] [rosbag2_cpp]: Writing remaining messages from cache to the bag. It may take a while
[INFO] [1790558774.422071737] [rosbag2_compression]: Compressing file: /home/haduckien/nav_ws/src/custom_corridor/worlds/school_arena/demo_1/dataset_v1.0/episodes/ep_000021/raw_bag/raw_bag_0.db3
[INFO] [1790558774.579884619] [rosbag2_recorder]: Recording stopped
[INFO] [1790558774.581971409] [rosbag2_recorder]: Event publisher thread: Exited
