[INFO] [1790560640.281039329] [school_hunav_gz8_bridge]: Gazebo pose topic: /world/school_arena/dynamic_pose/info
[INFO] [1790560640.281303370] [school_hunav_gz8_bridge]: Target pose topic: /school_hunav/target_poses
[INFO] [1790560640.281477659] [school_hunav_gz8_bridge]: HuNav service: /compute_agents
[INFO] [1790560640.281644977] [school_hunav_gz8_bridge]: Configured humans: 
[INFO] [1790560640.281812015] [school_hunav_gz8_bridge]: Loaded 122 static collision AABBs from SDF
sequence size exceeds remaining buffer
sequence size exceeds remaining buffer
sequence size exceeds remaining buffer
sequence size exceeds remaining buffer
sequence size exceeds remaining buffer
sequence size exceeds remaining buffer
sequence size exceeds remaining buffer
sequence size exceeds remaining buffer
sequence size exceeds remaining buffer
sequence size exceeds remaining buffer
sequence size exceeds remaining buffer
sequence size exceeds remaining buffer
sequence size exceeds remaining buffer
sequence size exceeds remaining buffer
sequence size exceeds remaining buffer
sequence size exceeds remaining buffer
sequence size exceeds remaining buffer
sequence size exceeds remaining buffer
sequence size exceeds remaining buffer
sequence size exceeds remaining buffer
sequence size exceeds remaining buffer
sequence size exceeds remaining buffer
sequence size exceeds remaining buffer
sequence size exceeds remaining buffer
sequence size exceeds remaining buffer
sequence size exceeds remaining buffer
sequence size exceeds remaining buffer
sequence size exceeds remaining buffer
sequence size exceeds remaining buffer
sequence size exceeds remaining buffer
sequence size exceeds remaining buffer
sequence size exceeds remaining buffer
sequence size exceeds remaining buffer
sequence size exceeds remaining buffer
sequence size exceeds remaining buffer
sequence size exceeds remaining buffer
sequence size exceeds remaining buffer
sequence size exceeds remaining buffer
sequence size exceeds remaining buffer
sequence size exceeds remaining buffer
sequence size exceeds remaining buffer
sequence size exceeds remaining buffer
sequence size exceeds remaining buffer
sequence size exceeds remaining buffer
sequence size exceeds remaining buffer
sequence size exceeds remaining buffer
sequence size exceeds remaining buffer
sequence size exceeds remaining buffer
sequence size exceeds remaining buffer
sequence size exceeds remaining buffer
sequence size exceeds remaining buffer
sequence size exceeds remaining buffer
sequence size exceeds remaining buffer
sequence size exceeds remaining buffer
sequence size exceeds remaining buffer
sequence size exceeds remaining buffer
sequence size exceeds remaining buffer
sequence size exceeds remaining buffer
sequence size exceeds remaining buffer
sequence size exceeds remaining buffer
sequence size exceeds remaining buffer
sequence size exceeds remaining buffer
sequence size exceeds remaining buffer
sequence size exceeds remaining buffer
sequence size exceeds remaining buffer
sequence size exceeds remaining buffer
sequence size exceeds remaining buffer
sequence size exceeds remaining buffer
sequence size exceeds remaining buffer
sequence size exceeds remaining buffer
sequence size exceeds remaining buffer
sequence size exceeds remaining buffer
sequence size exceeds remaining buffer
sequence size exceeds remaining buffer
sequence size exceeds remaining buffer
sequence size exceeds remaining buffer
sequence size exceeds remaining buffer
sequence size exceeds remaining buffer
sequence size exceeds remaining buffer
sequence size exceeds remaining buffer
sequence size exceeds remaining buffer
sequence size exceeds remaining buffer
sequence size exceeds remaining buffer
sequence size exceeds remaining buffer
sequence size exceeds remaining buffer
sequence size exceeds remaining buffer
sequence size exceeds remaining buffer
sequence size exceeds remaining buffer
sequence size exceeds remaining buffer
sequence size exceeds remaining buffer
sequence size exceeds remaining buffer
sequence size exceeds remaining buffer
sequence size exceeds remaining buffer
sequence size exceeds remaining buffer
sequence size exceeds remaining buffer
sequence size exceeds remaining buffer
sequence size exceeds remaining buffer
sequence size exceeds remaining buffer
sequence size exceeds remaining buffer
sequence size exceeds remaining buffer
sequence size exceeds remaining buffer
sequence size exceeds remaining buffer
sequence size exceeds remaining buffer
sequence size exceeds remaining buffer
sequence size exceeds remaining buffer
sequence size exceeds remaining buffer
sequence size exceeds remaining buffer
sequence size exceeds remaining buffer
sequence size exceeds remaining buffer
sequence size exceeds remaining buffer
sequence size exceeds remaining buffer
sequence size exceeds remaining buffer
sequence size exceeds remaining buffer
sequence size exceeds remaining buffer
sequence size exceeds remaining buffer
sequence size exceeds remaining buffer
sequence size exceeds remaining buffer
sequence size exceeds remaining buffer
sequence size exceeds remaining buffer
sequence size exceeds remaining buffer
sequence size exceeds remaining buffer
sequence size exceeds remaining buffer
sequence size exceeds remaining buffer
sequence size exceeds remaining buffer
sequence size exceeds remaining buffer
sequence size exceeds remaining buffer
sequence size exceeds remaining buffer
sequence size exceeds remaining buffer
sequence size exceeds remaining buffer
sequence size exceeds remaining buffer
sequence size exceeds remaining buffer
sequence size exceeds remaining buffer
sequence size exceeds remaining buffer
sequence size exceeds remaining buffer
sequence size exceeds remaining buffer
sequence size exceeds remaining buffer
sequence size exceeds remaining buffer
sequence size exceeds remaining buffer
sequence size exceeds remaining buffer
sequence size exceeds remaining buffer
sequence size exceeds remaining buffer
sequence size exceeds remaining buffer
sequence size exceeds remaining buffer
sequence size exceeds remaining buffer
sequence size exceeds remaining buffer
sequence size exceeds remaining buffer
sequence size exceeds remaining buffer
sequence size exceeds remaining buffer
sequence size exceeds remaining buffer
sequence size exceeds remaining buffer
sequence size exceeds remaining buffer
sequence size exceeds remaining buffer
sequence size exceeds remaining buffer
sequence size exceeds remaining buffer
sequence size exceeds remaining buffer
sequence size exceeds remaining buffer
sequence size exceeds remaining buffer
sequence size exceeds remaining buffer
sequence size exceeds remaining buffer
sequence size exceeds remaining buffer
sequence size exceeds remaining buffer
sequence size exceeds remaining buffer
sequence size exceeds remaining buffer
sequence size exceeds remaining buffer
sequence size exceeds remaining buffer
sequence size exceeds remaining buffer
sequence size exceeds remaining buffer
sequence size exceeds remaining buffer
sequence size exceeds remaining buffer
sequence size exceeds remaining buffer
sequence size exceeds remaining buffer
sequence size exceeds remaining buffer
sequence size exceeds remaining buffer
sequence size exceeds remaining buffer
sequence size exceeds remaining buffer
sequence size exceeds remaining buffer
sequence size exceeds remaining buffer
sequence size exceeds remaining buffer
sequence size exceeds remaining buffer
sequence size exceeds remaining buffer
sequence size exceeds remaining buffer
sequence size exceeds remaining buffer
sequence size exceeds remaining buffer
sequence size exceeds remaining buffer
sequence size exceeds remaining buffer
sequence size exceeds remaining buffer
sequence size exceeds remaining buffer
sequence size exceeds remaining buffer
sequence size exceeds remaining buffer
sequence size exceeds remaining buffer
sequence size exceeds remaining buffer
sequence size exceeds remaining buffer
sequence size exceeds remaining buffer
sequence size exceeds remaining buffer
sequence size exceeds remaining buffer
sequence size exceeds remaining buffer
sequence size exceeds remaining buffer
sequence size exceeds remaining buffer
sequence size exceeds remaining buffer
sequence size exceeds remaining buffer
sequence size exceeds remaining buffer
sequence size exceeds remaining buffer
sequence size exceeds remaining buffer
sequence size exceeds remaining buffer
sequence size exceeds remaining buffer
sequence size exceeds remaining buffer
sequence size exceeds remaining buffer
sequence size exceeds remaining buffer
sequence size exceeds remaining buffer
sequence size exceeds remaining buffer
sequence size exceeds remaining buffer
sequence size exceeds remaining buffer
sequence size exceeds remaining buffer
sequence size exceeds remaining buffer
sequence size exceeds remaining buffer
sequence size exceeds remaining buffer
sequence size exceeds remaining buffer
sequence size exceeds remaining buffer
sequence size exceeds remaining buffer
sequence size exceeds remaining buffer
sequence size exceeds remaining buffer
sequence size exceeds remaining buffer
sequence size exceeds remaining buffer
sequence size exceeds remaining buffer
sequence size exceeds remaining buffer
sequence size exceeds remaining buffer
sequence size exceeds remaining buffer
sequence size exceeds remaining buffer
sequence size exceeds remaining buffer
sequence size exceeds remaining buffer
sequence size exceeds remaining buffer
sequence size exceeds remaining buffer
sequence size exceeds remaining buffer
sequence size exceeds remaining buffer
sequence size exceeds remaining buffer
sequence size exceeds remaining buffer
sequence size exceeds remaining buffer
sequence size exceeds remaining buffer
sequence size exceeds remaining buffer
sequence size exceeds remaining buffer
sequence size exceeds remaining buffer
sequence size exceeds remaining buffer
sequence size exceeds remaining buffer
sequence size exceeds remaining buffer
sequence size exceeds remaining buffer
sequence size exceeds remaining buffer
sequence size exceeds remaining buffer
sequence size exceeds remaining buffer
sequence size exceeds remaining buffer
sequence size exceeds remaining buffer
sequence size exceeds remaining buffer
sequence size exceeds remaining buffer
sequence size exceeds remaining buffer
sequence size exceeds remaining buffer
sequence size exceeds remaining buffer
sequence size exceeds remaining buffer
sequence size exceeds remaining buffer
sequence size exceeds remaining buffer
sequence size exceeds remaining buffer
sequence size exceeds remaining buffer
sequence size exceeds remaining buffer
sequence size exceeds remaining buffer
sequence size exceeds remaining buffer
sequence size exceeds remaining buffer
sequence size exceeds remaining buffer
sequence size exceeds remaining buffer
sequence size exceeds remaining buffer
sequence size exceeds remaining buffer
sequence size exceeds remaining buffer
sequence size exceeds remaining buffer
sequence size exceeds remaining buffer
sequence size exceeds remaining buffer
sequence size exceeds remaining buffer
sequence size exceeds remaining buffer
sequence size exceeds remaining buffer
sequence size exceeds remaining buffer
sequence size exceeds remaining buffer
sequence size exceeds remaining buffer
sequence size exceeds remaining buffer
sequence size exceeds remaining buffer
sequence size exceeds remaining buffer
sequence size exceeds remaining buffer
sequence size exceeds remaining buffer
sequence size exceeds remaining buffer
sequence size exceeds remaining buffer
sequence size exceeds remaining buffer
sequence size exceeds remaining buffer
sequence size exceeds remaining buffer
sequence size exceeds remaining buffer
sequence size exceeds remaining buffer
sequence size exceeds remaining buffer
sequence size exceeds remaining buffer
sequence size exceeds remaining buffer
sequence size exceeds remaining buffer
sequence size exceeds remaining buffer
sequence size exceeds remaining buffer
sequence size exceeds remaining buffer
sequence size exceeds remaining buffer
sequence size exceeds remaining buffer
sequence size exceeds remaining buffer
sequence size exceeds remaining buffer
sequence size exceeds remaining buffer
sequence size exceeds remaining buffer
sequence size exceeds remaining buffer
sequence size exceeds remaining buffer
sequence size exceeds remaining buffer
sequence size exceeds remaining buffer
sequence size exceeds remaining buffer
sequence size exceeds remaining buffer
sequence size exceeds remaining buffer
sequence size exceeds remaining buffer
sequence size exceeds remaining buffer
sequence size exceeds remaining buffer
sequence size exceeds remaining buffer
sequence size exceeds remaining buffer
sequence size exceeds remaining buffer
sequence size exceeds remaining buffer
sequence size exceeds remaining buffer
sequence size exceeds remaining buffer
sequence size exceeds remaining buffer
sequence size exceeds remaining buffer
sequence size exceeds remaining buffer
sequence size exceeds remaining buffer
sequence size exceeds remaining buffer
sequence size exceeds remaining buffer
sequence size exceeds remaining buffer
sequence size exceeds remaining buffer
sequence size exceeds remaining buffer
sequence size exceeds remaining buffer
sequence size exceeds remaining buffer
sequence size exceeds remaining buffer
sequence size exceeds remaining buffer
sequence size exceeds remaining buffer
sequence size exceeds remaining buffer
sequence size exceeds remaining buffer
sequence size exceeds remaining buffer
sequence size exceeds remaining buffer
sequence size exceeds remaining buffer
sequence size exceeds remaining buffer
sequence size exceeds remaining buffer
sequence size exceeds remaining buffer
sequence size exceeds remaining buffer
sequence size exceeds remaining buffer
sequence size exceeds remaining buffer
sequence size exceeds remaining buffer
sequence size exceeds remaining buffer
sequence size exceeds remaining buffer
sequence size exceeds remaining buffer
sequence size exceeds remaining buffer
sequence size exceeds remaining buffer
sequence size exceeds remaining buffer
sequence size exceeds remaining buffer
sequence size exceeds remaining buffer
sequence size exceeds remaining buffer
sequence size exceeds remaining buffer
sequence size exceeds remaining buffer
sequence size exceeds remaining buffer
sequence size exceeds remaining buffer
sequence size exceeds remaining buffer
sequence size exceeds remaining buffer
sequence size exceeds remaining buffer
sequence size exceeds remaining buffer
sequence size exceeds remaining buffer
sequence size exceeds remaining buffer
sequence size exceeds remaining buffer
sequence size exceeds remaining buffer
sequence size exceeds remaining buffer
sequence size exceeds remaining buffer
sequence size exceeds remaining buffer
sequence size exceeds remaining buffer
sequence size exceeds remaining buffer
sequence size exceeds remaining buffer
sequence size exceeds remaining buffer
sequence size exceeds remaining buffer
sequence size exceeds remaining buffer
sequence size exceeds remaining buffer
sequence size exceeds remaining buffer
sequence size exceeds remaining buffer
sequence size exceeds remaining buffer
sequence size exceeds remaining buffer
sequence size exceeds remaining buffer
sequence size exceeds remaining buffer
sequence size exceeds remaining buffer
sequence size exceeds remaining buffer
sequence size exceeds remaining buffer
sequence size exceeds remaining buffer
sequence size exceeds remaining buffer
sequence size exceeds remaining buffer
sequence size exceeds remaining buffer
sequence size exceeds remaining buffer
sequence size exceeds remaining buffer
sequence size exceeds remaining buffer
sequence size exceeds remaining buffer
sequence size exceeds remaining buffer
sequence size exceeds remaining buffer
sequence size exceeds remaining buffer
sequence size exceeds remaining buffer
sequence size exceeds remaining buffer
sequence size exceeds remaining buffer
sequence size exceeds remaining buffer
sequence size exceeds remaining buffer
sequence size exceeds remaining buffer
sequence size exceeds remaining buffer
sequence size exceeds remaining buffer
sequence size exceeds remaining buffer
sequence size exceeds remaining buffer
sequence size exceeds remaining buffer
sequence size exceeds remaining buffer
sequence size exceeds remaining buffer
sequence size exceeds remaining buffer
sequence size exceeds remaining buffer
sequence size exceeds remaining buffer
sequence size exceeds remaining buffer
sequence size exceeds remaining buffer
sequence size exceeds remaining buffer
sequence size exceeds remaining buffer
sequence size exceeds remaining buffer
sequence size exceeds remaining buffer
sequence size exceeds remaining buffer
sequence size exceeds remaining buffer
sequence size exceeds remaining buffer
sequence size exceeds remaining buffer
sequence size exceeds remaining buffer
sequence size exceeds remaining buffer
sequence size exceeds remaining buffer
sequence size exceeds remaining buffer
sequence size exceeds remaining buffer
sequence size exceeds remaining buffer
sequence size exceeds remaining buffer
sequence size exceeds remaining buffer
sequence size exceeds remaining buffer
sequence size exceeds remaining buffer
sequence size exceeds remaining buffer
sequence size exceeds remaining buffer
sequence size exceeds remaining buffer
sequence size exceeds remaining buffer
sequence size exceeds remaining buffer
sequence size exceeds remaining buffer
sequence size exceeds remaining buffer
sequence size exceeds remaining buffer
sequence size exceeds remaining buffer
sequence size exceeds remaining buffer
sequence size exceeds remaining buffer
sequence size exceeds remaining buffer
sequence size exceeds remaining buffer
sequence size exceeds remaining buffer
sequence size exceeds remaining buffer
sequence size exceeds remaining buffer
sequence size exceeds remaining buffer
sequence size exceeds remaining buffer
sequence size exceeds remaining buffer
sequence size exceeds remaining buffer
sequence size exceeds remaining buffer
sequence size exceeds remaining buffer
sequence size exceeds remaining buffer
sequence size exceeds remaining buffer
sequence size exceeds remaining buffer
sequence size exceeds remaining buffer
sequence size exceeds remaining buffer
sequence size exceeds remaining buffer
sequence size exceeds remaining buffer
/opt/ros/humble/local/lib/python3.10/dist-packages/rclpy/executors.py:488: RuntimeWarning: coroutine 'Executor._execute_subscription' was never awaited
  await call_coroutine(entity, arg)
RuntimeWarning: Enable tracemalloc to get the object allocation traceback
