[INFO] [launch]: All log files can be found below /home/haduckien/.ros/log/2026-09-28-08-57-17-949592-Raccoon2005-87270
[INFO] [launch]: Default logging verbosity is set to INFO
[INFO] [gz-1]: process started with pid [87557]
[INFO] [parameter_bridge-2]: process started with pid [87558]
[INFO] [robot_state_publisher-3]: process started with pid [87559]
[INFO] [python3-4]: process started with pid [87560]
[INFO] [python3-5]: process started with pid [87561]
[robot_state_publisher-3] [INFO] [1790560638.098217310] [robot_state_publisher]: Robot initialized
[python3-4] [INFO] [1790560638.459618642] [school_collision_safe_pose_applier]: Wall guard active: map=/home/haduckien/nav_ws/src/custom_corridor/worlds/school_arena/demo_1/map.yaml, radius=0.22 m, topic=/school_hunav/target_poses
[python3-5] [INFO] [1790560638.537955133] [school_pose_sync_monitor]: Gazebo/RViz sync monitor active: orange pose=/demo/gazebo_robot_pose
[gz-1] [1;33mWarning [Utils.cc:132][0m [/sdf/world[@name="school_arena"]/model[@name="robot"]/link[@name="base_scan"]/sensor[@name="hls_lfcd_lds"]/gz_frame_id:/home/haduckien/nav_ws/src/custom_corridor/worlds/school_arena/demo_1/dataset_v1.0/episodes/ep_000012/runtime_logs/ep_000012.contact.world:L3501]: XML Element[gz_frame_id], child of element[sensor], not defined in SDF. Copying[gz_frame_id] as children of [sensor].
[parameter_bridge-2] [INFO] [1790560639.126751047] [ros_gz_bridge]: Creating GZ->ROS Bridge: [/clock (gz.msgs.Clock) -> /clock (rosgraph_msgs/msg/Clock)] (Lazy 0)
[parameter_bridge-2] [INFO] [1790560639.127930347] [ros_gz_bridge]: Creating GZ->ROS Bridge: [/joint_states (gz.msgs.Model) -> /joint_states (sensor_msgs/msg/JointState)] (Lazy 0)
[parameter_bridge-2] [INFO] [1790560639.131150205] [ros_gz_bridge]: Creating GZ->ROS Bridge: [/odom (gz.msgs.Odometry) -> /odom (nav_msgs/msg/Odometry)] (Lazy 0)
[parameter_bridge-2] [INFO] [1790560639.133575275] [ros_gz_bridge]: Creating GZ->ROS Bridge: [/tf (gz.msgs.Pose_V) -> /tf (tf2_msgs/msg/TFMessage)] (Lazy 0)
[parameter_bridge-2] [INFO] [1790560639.135629181] [ros_gz_bridge]: Creating GZ->ROS Bridge: [/scan (gz.msgs.LaserScan) -> /scan (sensor_msgs/msg/LaserScan)] (Lazy 0)
[parameter_bridge-2] [INFO] [1790560639.136461951] [ros_gz_bridge]: Creating ROS->GZ Bridge: [/cmd_vel (geometry_msgs/msg/Twist) -> /cmd_vel (gz.msgs.Twist)] (Lazy 0)
[parameter_bridge-2] [INFO] [1790560639.137344384] [ros_gz_bridge]: Creating GZ->ROS Bridge: [/world/school_arena/dynamic_pose/info (gz.msgs.Pose_V) -> /world/school_arena/dynamic_pose/info (tf2_msgs/msg/TFMessage)] (Lazy 0)
[parameter_bridge-2] [INFO] [1790560639.138012965] [ros_gz_bridge]: Creating ROS->GZ service bridge [/world/school_arena/set_pose (ros_gz_interfaces/srv/SetEntityPose -> gz.msgs.Pose/gz.msgs.Boolean)]
[parameter_bridge-2] [INFO] [1790560639.139187449] [ros_gz_bridge]: Creating ROS->GZ service bridge [/world/school_arena/control (ros_gz_interfaces/srv/ControlWorld -> gz.msgs.WorldControl/gz.msgs.Boolean)]
[parameter_bridge-2] [INFO] [1790560639.139732732] [ros_gz_bridge]: Creating GZ->ROS Bridge: [/robot/camera/image_raw (gz.msgs.Image) -> /robot/camera/image_raw (sensor_msgs/msg/Image)] (Lazy 0)
[INFO] [python3-6]: process started with pid [87999]
[python3-6] [INFO] [1790560641.761439021] [school_wait_for_robot_tf]: Robot odom/TF and simulation clock ready
[INFO] [python3-6]: process has finished cleanly [pid 87999]
[INFO] [map_server-7]: process started with pid [88050]
[INFO] [amcl-8]: process started with pid [88051]
[INFO] [planner_server-9]: process started with pid [88052]
[INFO] [controller_server-10]: process started with pid [88053]
[INFO] [bt_navigator-11]: process started with pid [88054]
[INFO] [behavior_server-12]: process started with pid [88055]
[INFO] [waypoint_follower-13]: process started with pid [88056]
[INFO] [python3-14]: process started with pid [88057]
[INFO] [goal_pose_bridge.py-15]: process started with pid [88058]
[waypoint_follower-13] [INFO] [1790560642.000833029] [waypoint_follower]: 
[waypoint_follower-13] 	waypoint_follower lifecycle node launched. 
[waypoint_follower-13] 	Waiting on external lifecycle transitions to activate
[waypoint_follower-13] 	See https://design.ros2.org/articles/node_lifecycle.html for more information.
[waypoint_follower-13] [INFO] [1790560642.001760069] [waypoint_follower]: Creating
[bt_navigator-11] [INFO] [1790560642.038291839] [bt_navigator]: 
[bt_navigator-11] 	bt_navigator lifecycle node launched. 
[bt_navigator-11] 	Waiting on external lifecycle transitions to activate
[bt_navigator-11] 	See https://design.ros2.org/articles/node_lifecycle.html for more information.
[amcl-8] [INFO] [1790560642.041028845] [amcl]: 
[amcl-8] 	amcl lifecycle node launched. 
[amcl-8] 	Waiting on external lifecycle transitions to activate
[amcl-8] 	See https://design.ros2.org/articles/node_lifecycle.html for more information.
[amcl-8] [INFO] [1790560642.041789002] [amcl]: Creating
[bt_navigator-11] [INFO] [1790560642.042900851] [bt_navigator]: Creating
[behavior_server-12] [INFO] [1790560642.044848137] [behavior_server]: 
[behavior_server-12] 	behavior_server lifecycle node launched. 
[behavior_server-12] 	Waiting on external lifecycle transitions to activate
[behavior_server-12] 	See https://design.ros2.org/articles/node_lifecycle.html for more information.
[controller_server-10] [INFO] [1790560642.053369466] [controller_server]: 
[controller_server-10] 	controller_server lifecycle node launched. 
[controller_server-10] 	Waiting on external lifecycle transitions to activate
[controller_server-10] 	See https://design.ros2.org/articles/node_lifecycle.html for more information.
[controller_server-10] [INFO] [1790560642.055642914] [controller_server]: Creating controller server
[planner_server-9] [INFO] [1790560642.056983788] [planner_server]: 
[planner_server-9] 	planner_server lifecycle node launched. 
[planner_server-9] 	Waiting on external lifecycle transitions to activate
[planner_server-9] 	See https://design.ros2.org/articles/node_lifecycle.html for more information.
[planner_server-9] [INFO] [1790560642.058422404] [planner_server]: Creating
[controller_server-10] [INFO] [1790560642.071413685] [local_costmap.local_costmap]: 
[controller_server-10] 	local_costmap lifecycle node launched. 
[controller_server-10] 	Waiting on external lifecycle transitions to activate
[controller_server-10] 	See https://design.ros2.org/articles/node_lifecycle.html for more information.
[controller_server-10] [INFO] [1790560642.072083457] [local_costmap.local_costmap]: Creating Costmap
[map_server-7] [INFO] [1790560642.072906756] [map_server]: 
[map_server-7] 	map_server lifecycle node launched. 
[map_server-7] 	Waiting on external lifecycle transitions to activate
[map_server-7] 	See https://design.ros2.org/articles/node_lifecycle.html for more information.
[map_server-7] [INFO] [1790560642.073106815] [map_server]: Creating
[planner_server-9] [INFO] [1790560642.077861794] [global_costmap.global_costmap]: 
[planner_server-9] 	global_costmap lifecycle node launched. 
[planner_server-9] 	Waiting on external lifecycle transitions to activate
[planner_server-9] 	See https://design.ros2.org/articles/node_lifecycle.html for more information.
[planner_server-9] [INFO] [1790560642.078221589] [global_costmap.global_costmap]: Creating Costmap
[goal_pose_bridge.py-15] [INFO] [1790560642.747391242] [goal_pose_bridge]: GoalPoseBridge started: listening on /goal_pose -> forwarding to /navigate_to_pose
[INFO] [lifecycle_manager-16]: process started with pid [88232]
[lifecycle_manager-16] [INFO] [1790560644.007372512] [lifecycle_manager_localization]: Creating
[lifecycle_manager-16] [INFO] [1790560644.013003141] [lifecycle_manager_localization]: [34m[1mCreating and initializing lifecycle service clients[0m[0m
[lifecycle_manager-16] [INFO] [1790560644.213189668] [lifecycle_manager_localization]: [34m[1mStarting managed nodes bringup...[0m[0m
[lifecycle_manager-16] [INFO] [1790560644.213269129] [lifecycle_manager_localization]: [34m[1mConfiguring map_server[0m[0m
[map_server-7] [INFO] [1790560644.213589400] [map_server]: Configuring
[map_server-7] [INFO] [1790560644.213665471] [map_io]: Loading yaml file: /home/haduckien/nav_ws/src/custom_corridor/worlds/school_arena/demo_1/map.yaml
[map_server-7] [INFO] [1790560644.213937880] [map_io]: resolution: 0.05
[map_server-7] [INFO] [1790560644.213952825] [map_io]: origin[0]: -16
[map_server-7] [INFO] [1790560644.213959809] [map_io]: origin[1]: -14
[map_server-7] [INFO] [1790560644.213964864] [map_io]: origin[2]: 0
[map_server-7] [INFO] [1790560644.213969766] [map_io]: free_thresh: 0.25
[map_server-7] [INFO] [1790560644.213974397] [map_io]: occupied_thresh: 0.65
[map_server-7] [INFO] [1790560644.213981436] [map_io]: mode: trinary
[map_server-7] [INFO] [1790560644.213986729] [map_io]: negate: 0
[map_server-7] [INFO] [1790560644.214217744] [map_io]: Loading image_file: /home/haduckien/nav_ws/src/custom_corridor/worlds/school_arena/demo_1/map.pgm
[map_server-7] [INFO] [1790560644.220524683] [map_io]: Read map /home/haduckien/nav_ws/src/custom_corridor/worlds/school_arena/demo_1/map.pgm: 730 X 580 map @ 0.05 m/cell
[lifecycle_manager-16] [INFO] [1790560644.233566630] [lifecycle_manager_localization]: [34m[1mConfiguring amcl[0m[0m
[amcl-8] [INFO] [1790560644.234061122] [amcl]: Configuring
[amcl-8] [INFO] [1790560644.234180171] [amcl]: initTransforms
[amcl-8] [INFO] [1790560644.246128553] [amcl]: initPubSub
[amcl-8] [INFO] [1790560644.257000203] [amcl]: Subscribed to map topic.
[lifecycle_manager-16] [INFO] [1790560644.266103797] [lifecycle_manager_localization]: [34m[1mActivating map_server[0m[0m
[map_server-7] [INFO] [1790560644.266323896] [map_server]: Activating
[map_server-7] [INFO] [1790560644.267255469] [map_server]: Creating bond (map_server) to lifecycle manager.
[amcl-8] [INFO] [1790560644.279175880] [amcl]: Received a 730 X 580 map @ 0.050 m/pix
[lifecycle_manager-16] [INFO] [1790560644.375122262] [lifecycle_manager_localization]: Server map_server connected with bond.
[lifecycle_manager-16] [INFO] [1790560644.375165664] [lifecycle_manager_localization]: [34m[1mActivating amcl[0m[0m
[amcl-8] [INFO] [1790560644.375409353] [amcl]: Activating
[amcl-8] [INFO] [1790560644.375445393] [amcl]: Creating bond (amcl) to lifecycle manager.
[lifecycle_manager-16] [INFO] [1790560644.480262577] [lifecycle_manager_localization]: Server amcl connected with bond.
[lifecycle_manager-16] [INFO] [1790560644.480294832] [lifecycle_manager_localization]: [34m[1mManaged nodes are active[0m[0m
[lifecycle_manager-16] [INFO] [1790560644.480300622] [lifecycle_manager_localization]: [34m[1mCreating bond timer...[0m[0m
[amcl-8] [INFO] [1790560644.863981361] [amcl]: createLaserObject
[amcl-8] [WARN] [1790560644.935966981] [amcl]: AMCL cannot publish a pose or update the transform. Please set the initial pose...
[amcl-8] [INFO] [1790560645.733182145] [amcl]: initialPoseReceived
[amcl-8] [WARN] [1790560645.733348608] [amcl]: Failed to transform initial pose in time (Lookup would require extrapolation into the future.  Requested time 4.677000 but the latest data is at time 4.660000, when looking up transform from frame [base_footprint] to frame [odom])
[amcl-8] [INFO] [1790560645.733372748] [amcl]: Setting pose (4.678000): 15.000 2.550 1.571
[python3-14] [INFO] [1790560645.748860391] [school_episode_initial_pose]: Published /initialpose from episode: 15.000, 2.550, 1.571
[python3-5] [INFO] [1790560646.386556528] [school_pose_sync_monitor]: Gazebo↔RViz pose error=0.011 m (gz=15.00,2.55; tf=14.99,2.55)
[python3-14] [INFO] [1790560646.491163207] [school_episode_initial_pose]: AMCL map->odom is available at scan and current simulation timestamps
[INFO] [python3-14]: process has finished cleanly [pid 88057]
[INFO] [lifecycle_manager-17]: process started with pid [88279]
[lifecycle_manager-17] [INFO] [1790560646.735789160] [lifecycle_manager_navigation]: Creating
[lifecycle_manager-17] [INFO] [1790560646.741089689] [lifecycle_manager_navigation]: [34m[1mCreating and initializing lifecycle service clients[0m[0m
[lifecycle_manager-17] [INFO] [1790560648.788773570] [lifecycle_manager_navigation]: [34m[1mStarting managed nodes bringup...[0m[0m
[lifecycle_manager-17] [INFO] [1790560648.788850976] [lifecycle_manager_navigation]: [34m[1mConfiguring planner_server[0m[0m
[planner_server-9] [INFO] [1790560648.789342538] [planner_server]: Configuring
[planner_server-9] [INFO] [1790560648.789425628] [global_costmap.global_costmap]: Configuring
[planner_server-9] [INFO] [1790560648.801083331] [global_costmap.global_costmap]: Using plugin "static_layer"
[planner_server-9] [INFO] [1790560648.804394480] [global_costmap.global_costmap]: Subscribing to the map topic (/map) with transient local durability
[planner_server-9] [INFO] [1790560648.806774152] [global_costmap.global_costmap]: Initialized plugin "static_layer"
[planner_server-9] [INFO] [1790560648.806813435] [global_costmap.global_costmap]: Using plugin "obstacle_layer"
[planner_server-9] [INFO] [1790560648.807523986] [global_costmap.global_costmap]: Subscribed to Topics: scan
[planner_server-9] [INFO] [1790560648.811876542] [global_costmap.global_costmap]: Initialized plugin "obstacle_layer"
[planner_server-9] [INFO] [1790560648.811912345] [global_costmap.global_costmap]: Using plugin "inflation_layer"
[planner_server-9] [INFO] [1790560648.812500767] [global_costmap.global_costmap]: Initialized plugin "inflation_layer"
[planner_server-9] [INFO] [1790560648.843266233] [global_costmap.global_costmap]: StaticLayer: Resizing costmap to 730 X 580 at 0.050000 m/pix
[planner_server-9] [INFO] [1790560648.848698433] [planner_server]: Created global planner plugin GridBased of type nav2_smac_planner::SmacPlanner2D
[planner_server-9] [INFO] [1790560648.848759235] [planner_server]: Configuring GridBased of type SmacPlanner2D
[planner_server-9] [ERROR] [1790560648.849722109] [planner_server]: Inflation layer either not found or inflation is not set sufficiently for optimized non-circular collision checking capabilities. It is HIGHLY recommended to set the inflation radius to be at MINIMUM half of the robot's largest cross-section. See github.com/ros-planning/navigation2/tree/main/nav2_smac_planner#potential-fields for full instructions. This will substantially impact run-time performance.
[planner_server-9] [INFO] [1790560648.851502596] [planner_server]: Configured plugin GridBased of type SmacPlanner2D with tolerance 0.15, maximum iterations 1000000, max on approach iterations 1000, and not allowing unknown traversal.
[planner_server-9] [INFO] [1790560648.851552994] [planner_server]: Planner Server has GridBased  planners available.
[lifecycle_manager-17] [INFO] [1790560648.866159929] [lifecycle_manager_navigation]: [34m[1mConfiguring controller_server[0m[0m
[controller_server-10] [INFO] [1790560648.866470399] [controller_server]: Configuring controller interface
[controller_server-10] [INFO] [1790560648.866494030] [controller_server]: getting progress checker plugins..
[controller_server-10] [INFO] [1790560648.866733146] [controller_server]: getting goal checker plugins..
[controller_server-10] [INFO] [1790560648.866976167] [controller_server]: Controller frequency set to 10.0000Hz
[controller_server-10] [INFO] [1790560648.867031210] [local_costmap.local_costmap]: Configuring
[controller_server-10] [INFO] [1790560648.876868398] [local_costmap.local_costmap]: Using plugin "obstacle_layer"
[controller_server-10] [INFO] [1790560648.880076971] [local_costmap.local_costmap]: Subscribed to Topics: scan
[controller_server-10] [INFO] [1790560648.884588495] [local_costmap.local_costmap]: Initialized plugin "obstacle_layer"
[controller_server-10] [INFO] [1790560648.884638313] [local_costmap.local_costmap]: Using plugin "inflation_layer"
[controller_server-10] [INFO] [1790560648.885284031] [local_costmap.local_costmap]: Initialized plugin "inflation_layer"
[controller_server-10] [INFO] [1790560648.921889696] [controller_server]: Created progress_checker : progress_checker of type nav2_controller::SimpleProgressChecker
[controller_server-10] [INFO] [1790560648.922336757] [controller_server]: Controller Server has progress_checker  progress checkers available.
[controller_server-10] [INFO] [1790560648.922740128] [controller_server]: Created goal checker : goal_checker of type nav2_controller::SimpleGoalChecker
[controller_server-10] [INFO] [1790560648.923418567] [controller_server]: Controller Server has goal_checker  goal checkers available.
[controller_server-10] [INFO] [1790560648.924930045] [controller_server]: Created controller : FollowPath of type dwb_core::DWBLocalPlanner
[controller_server-10] [INFO] [1790560648.926021383] [controller_server]: Setting transform_tolerance to 0.100000
[controller_server-10] [INFO] [1790560648.941232159] [controller_server]: Using critic "RotateToGoal" (dwb_critics::RotateToGoalCritic)
[controller_server-10] [INFO] [1790560648.941843734] [controller_server]: Critic plugin initialized
[controller_server-10] [INFO] [1790560648.942003696] [controller_server]: Using critic "Oscillation" (dwb_critics::OscillationCritic)
[controller_server-10] [INFO] [1790560648.942447852] [controller_server]: Critic plugin initialized
[controller_server-10] [INFO] [1790560648.942564713] [controller_server]: Using critic "BaseObstacle" (dwb_critics::BaseObstacleCritic)
[controller_server-10] [INFO] [1790560648.942745580] [controller_server]: Critic plugin initialized
[controller_server-10] [INFO] [1790560648.942854896] [controller_server]: Using critic "GoalAlign" (dwb_critics::GoalAlignCritic)
[controller_server-10] [INFO] [1790560648.943194876] [controller_server]: Critic plugin initialized
[controller_server-10] [INFO] [1790560648.943380994] [controller_server]: Using critic "PathAlign" (dwb_critics::PathAlignCritic)
[controller_server-10] [INFO] [1790560648.943743383] [controller_server]: Critic plugin initialized
[controller_server-10] [INFO] [1790560648.943896486] [controller_server]: Using critic "PathDist" (dwb_critics::PathDistCritic)
[controller_server-10] [INFO] [1790560648.944188968] [controller_server]: Critic plugin initialized
[controller_server-10] [INFO] [1790560648.944347693] [controller_server]: Using critic "GoalDist" (dwb_critics::GoalDistCritic)
[controller_server-10] [INFO] [1790560648.944651374] [controller_server]: Critic plugin initialized
[controller_server-10] [INFO] [1790560648.944687589] [controller_server]: Controller Server has FollowPath  controllers available.
[lifecycle_manager-17] [INFO] [1790560648.960874744] [lifecycle_manager_navigation]: [34m[1mConfiguring bt_navigator[0m[0m
[bt_navigator-11] [INFO] [1790560648.961382495] [bt_navigator]: Configuring
[bt_navigator-11] [INFO] [1790560648.975484010] [bt_navigator]: Creating navigator id navigate_to_pose of type nav2_bt_navigator::NavigateToPoseNavigator
[bt_navigator-11] [WARN] [1790560648.983136120] [bt_navigator]: Error_code parameters were not set. Using default values of: follow_path_error_code compute_path_error_code
[bt_navigator-11] Make sure these match your BT and there are not other sources of error codes youreported to your application
[bt_navigator-11] [INFO] [1790560649.074797488] [bt_navigator]: Creating navigator id navigate_through_poses of type nav2_bt_navigator::NavigateThroughPosesNavigator
[lifecycle_manager-17] [INFO] [1790560649.112719747] [lifecycle_manager_navigation]: [34m[1mConfiguring behavior_server[0m[0m
[behavior_server-12] [INFO] [1790560649.113190624] [behavior_server]: Configuring
[behavior_server-12] [INFO] [1790560649.120847291] [behavior_server]: Creating behavior plugin spin of type nav2_behaviors::Spin
[behavior_server-12] [INFO] [1790560649.121918296] [behavior_server]: Creating behavior plugin backup of type nav2_behaviors::BackUp
[behavior_server-12] [INFO] [1790560649.122924001] [behavior_server]: Creating behavior plugin wait of type nav2_behaviors::Wait
[behavior_server-12] [INFO] [1790560649.134492853] [behavior_server]: Configuring spin
[behavior_server-12] [INFO] [1790560649.149978200] [behavior_server]: Configuring backup
[behavior_server-12] [INFO] [1790560649.160490013] [behavior_server]: Configuring wait
[lifecycle_manager-17] [INFO] [1790560649.171412485] [lifecycle_manager_navigation]: [34m[1mConfiguring waypoint_follower[0m[0m
[waypoint_follower-13] [INFO] [1790560649.172329552] [waypoint_follower]: Configuring
[waypoint_follower-13] [INFO] [1790560649.223247720] [waypoint_follower]: Created waypoint_task_executor : wait_at_waypoint of type nav2_waypoint_follower::WaitAtWaypoint
[waypoint_follower-13] [INFO] [1790560649.223718021] [waypoint_follower]: Waypoint pause duration is set to zero, disabling task executor plugin.
[lifecycle_manager-17] [INFO] [1790560649.224721897] [lifecycle_manager_navigation]: [34m[1mActivating planner_server[0m[0m
[planner_server-9] [INFO] [1790560649.224931034] [planner_server]: Activating
[planner_server-9] [INFO] [1790560649.224967967] [global_costmap.global_costmap]: Activating
[planner_server-9] [INFO] [1790560649.224974599] [global_costmap.global_costmap]: Checking transform
[planner_server-9] [INFO] [1790560649.225046640] [global_costmap.global_costmap]: Timed out waiting for transform from base_footprint to map to become available, tf error: Lookup would require extrapolation at time 7.920000, but only time 8.300000 is in the buffer, when looking up transform from frame [base_footprint] to frame [map]
[planner_server-9] [INFO] [1790560649.725138084] [global_costmap.global_costmap]: start
[planner_server-9] [INFO] [1790560650.276259224] [planner_server]: Activating plugin GridBased of type SmacPlanner2D
[planner_server-9] [INFO] [1790560650.278937273] [planner_server]: Creating bond (planner_server) to lifecycle manager.
[lifecycle_manager-17] [INFO] [1790560650.391204004] [lifecycle_manager_navigation]: Server planner_server connected with bond.
[lifecycle_manager-17] [INFO] [1790560650.391274211] [lifecycle_manager_navigation]: [34m[1mActivating controller_server[0m[0m
[controller_server-10] [INFO] [1790560650.391722500] [controller_server]: Activating
[controller_server-10] [INFO] [1790560650.391765512] [local_costmap.local_costmap]: Activating
[controller_server-10] [INFO] [1790560650.391772734] [local_costmap.local_costmap]: Checking transform
[controller_server-10] [INFO] [1790560650.391919909] [local_costmap.local_costmap]: start
[controller_server-10] [INFO] [1790560650.593516988] [controller_server]: Creating bond (controller_server) to lifecycle manager.
[lifecycle_manager-17] [INFO] [1790560650.700268482] [lifecycle_manager_navigation]: Server controller_server connected with bond.
[lifecycle_manager-17] [INFO] [1790560650.700313419] [lifecycle_manager_navigation]: [34m[1mActivating bt_navigator[0m[0m
[bt_navigator-11] [INFO] [1790560650.700654241] [bt_navigator]: Activating
[bt_navigator-11] [INFO] [1790560650.829262826] [bt_navigator]: Creating bond (bt_navigator) to lifecycle manager.
[lifecycle_manager-17] [INFO] [1790560650.939016305] [lifecycle_manager_navigation]: Server bt_navigator connected with bond.
[lifecycle_manager-17] [INFO] [1790560650.939059923] [lifecycle_manager_navigation]: [34m[1mActivating behavior_server[0m[0m
[behavior_server-12] [INFO] [1790560650.939531424] [behavior_server]: Activating
[behavior_server-12] [INFO] [1790560650.939567105] [behavior_server]: Activating spin
[behavior_server-12] [INFO] [1790560650.939586561] [behavior_server]: Activating backup
[behavior_server-12] [INFO] [1790560650.939610337] [behavior_server]: Activating wait
[behavior_server-12] [INFO] [1790560650.939629737] [behavior_server]: Creating bond (behavior_server) to lifecycle manager.
[bt_navigator-11] [INFO] [1790560650.945943604] [bt_navigator]: Begin navigating from current location (14.99, 2.55) to (15.00, 13.50)
[controller_server-10] [INFO] [1790560650.967908460] [controller_server]: Received a goal, begin computing control effort.
[controller_server-10] [WARN] [1790560650.967987358] [controller_server]: No goal checker was specified in parameter 'current_goal_checker'. Server will use only plugin loaded goal_checker . This warning will appear once.
[controller_server-10] [WARN] [1790560650.968000498] [controller_server]: No progress checker was specified in parameter 'current_progress_checker'. Server will use only plugin loaded progress_checker . This warning will appear once.
[parameter_bridge-2] [INFO] [1790560650.970459384] [ros_gz_bridge]: Passing message from ROS geometry_msgs/msg/Twist to Gazebo gz.msgs.Twist (showing msg only once per type)
[lifecycle_manager-17] [INFO] [1790560651.049429139] [lifecycle_manager_navigation]: Server behavior_server connected with bond.
[lifecycle_manager-17] [INFO] [1790560651.049496976] [lifecycle_manager_navigation]: [34m[1mActivating waypoint_follower[0m[0m
[waypoint_follower-13] [INFO] [1790560651.049928930] [waypoint_follower]: Activating
[waypoint_follower-13] [INFO] [1790560651.049966808] [waypoint_follower]: Creating bond (waypoint_follower) to lifecycle manager.
[lifecycle_manager-17] [INFO] [1790560651.158939983] [lifecycle_manager_navigation]: Server waypoint_follower connected with bond.
[lifecycle_manager-17] [INFO] [1790560651.158989401] [lifecycle_manager_navigation]: [34m[1mManaged nodes are active[0m[0m
[lifecycle_manager-17] [INFO] [1790560651.159003604] [lifecycle_manager_navigation]: [34m[1mCreating bond timer...[0m[0m
[python3-5] [INFO] [1790560651.413113037] [school_pose_sync_monitor]: Gazebo↔RViz pose error=0.016 m (gz=15.00,2.59; tf=14.99,2.60)
[controller_server-10] [INFO] [1790560652.068263508] [controller_server]: Passing new path to controller.
[controller_server-10] [INFO] [1790560653.068280196] [controller_server]: Passing new path to controller.
[controller_server-10] [INFO] [1790560654.068465114] [controller_server]: Passing new path to controller.
[controller_server-10] [INFO] [1790560655.068263955] [controller_server]: Passing new path to controller.
[controller_server-10] [INFO] [1790560656.168263230] [controller_server]: Passing new path to controller.
[python3-5] [INFO] [1790560656.412574560] [school_pose_sync_monitor]: Gazebo↔RViz pose error=0.018 m (gz=14.98,3.53; tf=14.97,3.54)
[controller_server-10] [INFO] [1790560657.168274245] [controller_server]: Passing new path to controller.
[controller_server-10] [INFO] [1790560658.168277287] [controller_server]: Passing new path to controller.
[controller_server-10] [INFO] [1790560659.168254089] [controller_server]: Passing new path to controller.
[controller_server-10] [INFO] [1790560660.268265271] [controller_server]: Passing new path to controller.
[controller_server-10] [INFO] [1790560661.268265636] [controller_server]: Passing new path to controller.
[python3-5] [INFO] [1790560661.420263451] [school_pose_sync_monitor]: Gazebo↔RViz pose error=0.062 m (gz=14.95,4.50; tf=14.96,4.56)
[controller_server-10] [INFO] [1790560662.268275971] [controller_server]: Passing new path to controller.
[controller_server-10] [INFO] [1790560663.368263904] [controller_server]: Passing new path to controller.
[controller_server-10] [INFO] [1790560664.368342935] [controller_server]: Passing new path to controller.
[controller_server-10] [INFO] [1790560665.368286931] [controller_server]: Passing new path to controller.
[controller_server-10] [INFO] [1790560666.368259504] [controller_server]: Passing new path to controller.
[python3-5] [INFO] [1790560666.430394587] [school_pose_sync_monitor]: Gazebo↔RViz pose error=0.055 m (gz=14.92,5.44; tf=14.90,5.48)
[controller_server-10] [INFO] [1790560667.468365309] [controller_server]: Passing new path to controller.
[controller_server-10] [INFO] [1790560668.468608472] [controller_server]: Passing new path to controller.
[controller_server-10] [INFO] [1790560669.468258418] [controller_server]: Passing new path to controller.
[controller_server-10] [INFO] [1790560670.468264323] [controller_server]: Passing new path to controller.
[python3-5] [INFO] [1790560671.430719682] [school_pose_sync_monitor]: Gazebo↔RViz pose error=0.037 m (gz=14.83,5.92; tf=14.79,5.92)
[controller_server-10] [INFO] [1790560671.568271592] [controller_server]: Passing new path to controller.
[controller_server-10] [INFO] [1790560672.568268148] [controller_server]: Passing new path to controller.
[controller_server-10] [INFO] [1790560673.568286843] [controller_server]: Passing new path to controller.
[bt_navigator-11] [ERROR] [1790560674.346876625] [bt_navigator_navigate_to_pose_rclcpp_node]: Failed to get result for follow_path in node halt!
[bt_navigator-11] [INFO] [1790560674.347166591] [bt_navigator]: [navigate_to_pose] [ActionServer] Client requested to cancel the goal. Cancelling.
[bt_navigator-11] [INFO] [1790560674.347565530] [bt_navigator]: Goal canceled
[controller_server-10] [INFO] [1790560674.368726307] [controller_server]: Cancellation was successful. Stopping the robot.
[controller_server-10] [INFO] [1790560674.368810580] [controller_server]: [follow_path] [ActionServer] Client requested to cancel the goal. Cancelling.
[WARNING] [launch]: user interrupted with ctrl-c (SIGINT)
[INFO] [lifecycle_manager-17]: sending signal 'SIGINT' to process[lifecycle_manager-17]
[INFO] [lifecycle_manager-16]: sending signal 'SIGINT' to process[lifecycle_manager-16]
[INFO] [goal_pose_bridge.py-15]: sending signal 'SIGINT' to process[goal_pose_bridge.py-15]
[INFO] [waypoint_follower-13]: sending signal 'SIGINT' to process[waypoint_follower-13]
[INFO] [behavior_server-12]: sending signal 'SIGINT' to process[behavior_server-12]
[INFO] [bt_navigator-11]: sending signal 'SIGINT' to process[bt_navigator-11]
[INFO] [controller_server-10]: sending signal 'SIGINT' to process[controller_server-10]
[INFO] [planner_server-9]: sending signal 'SIGINT' to process[planner_server-9]
[ERROR] [goal_pose_bridge.py-15]: process has died [pid 88058, exit code -2, cmd '/home/haduckien/nav_ws/install/custom_corridor/lib/custom_corridor/goal_pose_bridge.py --ros-args -r __node:=goal_pose_bridge --params-file /tmp/launch_params_pms7uqtf'].
[INFO] [amcl-8]: sending signal 'SIGINT' to process[amcl-8]
[INFO] [map_server-7]: sending signal 'SIGINT' to process[map_server-7]
[INFO] [python3-5]: sending signal 'SIGINT' to process[python3-5]
[INFO] [python3-4]: sending signal 'SIGINT' to process[python3-4]
[ERROR] [amcl-8]: process has died [pid 88051, exit code -2, cmd '/opt/ros/jazzy/lib/nav2_amcl/amcl --ros-args -r __node:=amcl --params-file /home/haduckien/nav_ws/src/custom_corridor/worlds/school_arena/demo_1/dataset_v1.0/episodes/ep_000012/nav2_school.yaml --params-file /tmp/launch_params_aif93k_v'].
[INFO] [robot_state_publisher-3]: sending signal 'SIGINT' to process[robot_state_publisher-3]
[ERROR] [map_server-7]: process has died [pid 88050, exit code -2, cmd '/opt/ros/jazzy/lib/nav2_map_server/map_server --ros-args -r __node:=map_server --params-file /home/haduckien/nav_ws/src/custom_corridor/worlds/school_arena/demo_1/dataset_v1.0/episodes/ep_000012/nav2_school.yaml --params-file /tmp/launch_params_6yidlk4p'].
[INFO] [parameter_bridge-2]: sending signal 'SIGINT' to process[parameter_bridge-2]
[INFO] [gz-1]: sending signal 'SIGINT' to process[gz-1]
[ERROR] [robot_state_publisher-3]: process has died [pid 87559, exit code -2, cmd '/opt/ros/jazzy/lib/robot_state_publisher/robot_state_publisher --ros-args --params-file /tmp/launch_params_om7hacaj'].
[ERROR] [python3-5]: process has died [pid 87561, exit code -2, cmd 'python3 /home/haduckien/nav_ws/src/custom_corridor/worlds/school_arena/demo_1/pose_sync_monitor.py --ros-args -p use_sim_time:=true -p robot_name:=robot -p world_frame:=map -p initial_x:=15.0 -p initial_y:=2.55'].
[map_server-7] [INFO] [1790560676.306806263] [rclcpp]: signal_handler(SIGINT/SIGTERM)
[map_server-7] [INFO] [1790560676.306954554] [map_server]: Running Nav2 LifecycleNode rcl preshutdown (map_server)
[map_server-7] [INFO] [1790560676.307024328] [map_server]: Deactivating
[map_server-7] [INFO] [1790560676.307041072] [map_server]: Destroying bond (map_server) to lifecycle manager.
[ERROR] [python3-4]: process has died [pid 87560, exit code -2, cmd 'python3 /home/haduckien/nav_ws/src/custom_corridor/worlds/school_arena/demo_1/collision_safe_pose_applier.py --ros-args -p use_sim_time:=true -p world_name:=school_arena -p target_topic:=/school_hunav/target_poses -p map_yaml:=/home/haduckien/nav_ws/src/custom_corridor/worlds/school_arena/demo_1/map.yaml -p agent_radius:=0.22 -p apply_hz:=20.0 -p ground_z:=0.0'].
[bt_navigator-11] [INFO] [1790560676.306805999] [rclcpp]: signal_handler(SIGINT/SIGTERM)
[bt_navigator-11] [INFO] [1790560676.306906567] [bt_navigator]: Running Nav2 LifecycleNode rcl preshutdown (bt_navigator)
[bt_navigator-11] [INFO] [1790560676.306992183] [bt_navigator]: Deactivating
[bt_navigator-11] [INFO] [1790560676.307032651] [bt_navigator]: Destroying bond (bt_navigator) to lifecycle manager.
[waypoint_follower-13] [INFO] [1790560676.306840887] [rclcpp]: signal_handler(SIGINT/SIGTERM)
[waypoint_follower-13] [INFO] [1790560676.306969009] [waypoint_follower]: Running Nav2 LifecycleNode rcl preshutdown (waypoint_follower)
[waypoint_follower-13] [INFO] [1790560676.307037969] [waypoint_follower]: Deactivating
[waypoint_follower-13] [INFO] [1790560676.307083179] [waypoint_follower]: Destroying bond (waypoint_follower) to lifecycle manager.
[parameter_bridge-2] [INFO] [1790560676.306838959] [rclcpp]: signal_handler(SIGINT/SIGTERM)
[robot_state_publisher-3] [INFO] [1790560676.306854283] [rclcpp]: signal_handler(SIGINT/SIGTERM)
[amcl-8] [INFO] [1790560676.306878884] [rclcpp]: signal_handler(SIGINT/SIGTERM)
[amcl-8] [INFO] [1790560676.306972969] [amcl]: Running Nav2 LifecycleNode rcl preshutdown (amcl)
[amcl-8] [INFO] [1790560676.307082586] [amcl]: Deactivating
[amcl-8] [INFO] [1790560676.307150389] [amcl]: Destroying bond (amcl) to lifecycle manager.
[planner_server-9] [INFO] [1790560676.306876937] [rclcpp]: signal_handler(SIGINT/SIGTERM)
[planner_server-9] [INFO] [1790560676.306945359] [planner_server]: Running Nav2 LifecycleNode rcl preshutdown (planner_server)
[planner_server-9] [INFO] [1790560676.307072958] [planner_server]: Deactivating
[planner_server-9] [INFO] [1790560676.307125068] [global_costmap.global_costmap]: Deactivating
[behavior_server-12] [INFO] [1790560676.306950417] [rclcpp]: signal_handler(SIGINT/SIGTERM)
[behavior_server-12] [INFO] [1790560676.307028968] [behavior_server]: Running Nav2 LifecycleNode rcl preshutdown (behavior_server)
[behavior_server-12] [INFO] [1790560676.307091527] [behavior_server]: Deactivating
[behavior_server-12] [INFO] [1790560676.307120248] [behavior_server]: Destroying bond (behavior_server) to lifecycle manager.
[behavior_server-12] [INFO] [1790560676.317480734] [behavior_server]: Cleaning up
[behavior_server-12] [INFO] [1790560676.320911528] [behavior_server]: Destroying bond (behavior_server) to lifecycle manager.
[lifecycle_manager-16] [INFO] [1790560676.307311003] [rclcpp]: signal_handler(SIGINT/SIGTERM)
[lifecycle_manager-16] [INFO] [1790560676.307400086] [lifecycle_manager_localization]: Running Nav2 LifecycleManager rcl preshutdown (lifecycle_manager_localization)
[lifecycle_manager-16] [INFO] [1790560676.307431007] [lifecycle_manager_localization]: [34m[1mTerminating bond timer...[0m[0m
[controller_server-10] [INFO] [1790560676.307327065] [rclcpp]: signal_handler(SIGINT/SIGTERM)
[controller_server-10] [INFO] [1790560676.307403408] [controller_server]: Running Nav2 LifecycleNode rcl preshutdown (controller_server)
[controller_server-10] [INFO] [1790560676.307453750] [controller_server]: Deactivating
[controller_server-10] [INFO] [1790560676.307501574] [local_costmap.local_costmap]: Deactivating
[lifecycle_manager-17] [INFO] [1790560676.306813568] [rclcpp]: signal_handler(SIGINT/SIGTERM)
[lifecycle_manager-17] [INFO] [1790560676.308004496] [lifecycle_manager_navigation]: Running Nav2 LifecycleManager rcl preshutdown (lifecycle_manager_navigation)
[lifecycle_manager-17] [INFO] [1790560676.308041954] [lifecycle_manager_navigation]: [34m[1mTerminating bond timer...[0m[0m
[map_server-7] [INFO] [1790560676.317480600] [map_server]: Cleaning up
[map_server-7] [INFO] [1790560676.317581204] [map_server]: Destroying bond (map_server) to lifecycle manager.
[map_server-7] [INFO] [1790560676.327054531] [map_server]: Destroying
[waypoint_follower-13] [INFO] [1790560676.317480782] [waypoint_follower]: Cleaning up
[amcl-8] [INFO] [1790560676.317550991] [amcl]: Cleaning up
[amcl-8] [INFO] [1790560676.321349381] [amcl]: Destroying bond (amcl) to lifecycle manager.
[bt_navigator-11] [INFO] [1790560676.317573934] [bt_navigator]: Cleaning up
[waypoint_follower-13] [INFO] [1790560676.332708565] [waypoint_follower]: Destroying bond (waypoint_follower) to lifecycle manager.
[amcl-8] [INFO] [1790560676.335446422] [amcl]: Destroying
[waypoint_follower-13] [INFO] [1790560676.337666436] [rclcpp]: signal_handler(SIGINT/SIGTERM)
[lifecycle_manager-16] [INFO] [1790560676.338156422] [rclcpp]: signal_handler(SIGINT/SIGTERM)
[behavior_server-12] [INFO] [1790560676.341099519] [rclcpp]: signal_handler(SIGINT/SIGTERM)
[lifecycle_manager-16] [INFO] [1790560676.341152377] [lifecycle_manager_localization]: Destroying lifecycle_manager_localization
[waypoint_follower-13] [INFO] [1790560676.344442069] [waypoint_follower]: Destroying
[behavior_server-12] [INFO] [1790560676.349899834] [behavior_server]: Destroying
[parameter_bridge-2] [INFO] [1790560676.366076076] [rclcpp]: signal_handler(SIGINT/SIGTERM)
[lifecycle_manager-17] [INFO] [1790560676.386939368] [rclcpp]: signal_handler(SIGINT/SIGTERM)
[lifecycle_manager-17] [INFO] [1790560676.388351035] [lifecycle_manager_navigation]: Destroying lifecycle_manager_navigation
[bt_navigator-11] [INFO] [1790560676.389574057] [bt_navigator]: Completed Cleaning up
[bt_navigator-11] [INFO] [1790560676.389612982] [bt_navigator]: Destroying bond (bt_navigator) to lifecycle manager.
[bt_navigator-11] [INFO] [1790560676.389831647] [rclcpp]: signal_handler(SIGINT/SIGTERM)
[controller_server-10] [INFO] [1790560676.392222784] [controller_server]: Destroying bond (controller_server) to lifecycle manager.
[bt_navigator-11] [INFO] [1790560676.393494671] [bt_navigator]: Destroying
[controller_server-10] [INFO] [1790560676.402466369] [controller_server]: Cleaning up
[controller_server-10] [INFO] [1790560676.402699720] [local_costmap.local_costmap]: Cleaning up
[controller_server-10] [INFO] [1790560676.411423219] [controller_server]: Destroying bond (controller_server) to lifecycle manager.
[controller_server-10] [INFO] [1790560676.412596518] [rclcpp]: signal_handler(SIGINT/SIGTERM)
[controller_server-10] [INFO] [1790560676.414061113] [local_costmap.local_costmap]: Destroying
[controller_server-10] [INFO] [1790560676.416377512] [controller_server]: Destroying
[INFO] [parameter_bridge-2]: process has finished cleanly [pid 87558]
[INFO] [lifecycle_manager-16]: process has finished cleanly [pid 88232]
[INFO] [waypoint_follower-13]: process has finished cleanly [pid 88056]
[INFO] [behavior_server-12]: process has finished cleanly [pid 88055]
[INFO] [lifecycle_manager-17]: process has finished cleanly [pid 88279]
[INFO] [bt_navigator-11]: process has finished cleanly [pid 88054]
[INFO] [controller_server-10]: process has finished cleanly [pid 88053]
[INFO] [gz-1]: process has finished cleanly [pid 87557]
[planner_server-9] [INFO] [1790560676.725524885] [planner_server]: Deactivating plugin GridBased of type SmacPlanner2D
[planner_server-9] [INFO] [1790560676.725567962] [planner_server]: Destroying bond (planner_server) to lifecycle manager.
[planner_server-9] [INFO] [1790560676.735849151] [planner_server]: Cleaning up
[planner_server-9] [INFO] [1790560676.740173799] [global_costmap.global_costmap]: Cleaning up
[planner_server-9] [INFO] [1790560676.743031528] [planner_server]: Cleaning up plugin GridBased of type SmacPlanner2D
[planner_server-9] [INFO] [1790560676.743386788] [planner_server]: Destroying plugin GridBased of type SmacPlanner2D
[planner_server-9] [INFO] [1790560676.750270784] [planner_server]: Destroying bond (planner_server) to lifecycle manager.
[planner_server-9] [INFO] [1790560676.751303789] [rclcpp]: signal_handler(SIGINT/SIGTERM)
[planner_server-9] [INFO] [1790560676.752950806] [global_costmap.global_costmap]: Destroying
[planner_server-9] [INFO] [1790560676.757527392] [planner_server]: Destroying
[INFO] [planner_server-9]: process has finished cleanly [pid 88052]
