Waiting for an action server to become available...
Sending goal:
     pose:
  header:
    stamp:
      sec: 0
      nanosec: 0
    frame_id: map
  pose:
    position:
      x: 10.0
      y: 0.0
      z: 0.0
    orientation:
      x: 0.0
      y: 0.0
      z: 0.0
      w: 1.0
behavior_tree: ''

Goal accepted with ID: e7265e5d20224d00be4d21750565a442

Feedback:
    current_pose:
  header:
    stamp:
      sec: 17
      nanosec: 380000000
    frame_id: map
  pose:
    position:
      x: -13.0000000000012
      y: 2.097636883395261e-26
      z: 0.0
    orientation:
      x: 0.0
      y: 0.0
      z: -6.173581388458655e-14
      w: 1.0
navigation_time:
  sec: 0
  nanosec: 0
estimated_time_remaining:
  sec: 0
  nanosec: 0
number_of_recoveries: 0
distance_remaining: 0.0

Feedback:
    current_pose:
  header:
    stamp:
      sec: 17
      nanosec: 380000000
    frame_id: map
  pose:
    position:
      x: -13.0000000000012
      y: 2.097636883395261e-26
      z: 0.0
    orientation:
      x: 0.0
      y: 0.0
      z: -6.173581388458655e-14
      w: 1.0
navigation_time:
  sec: 0
  nanosec: 0
estimated_time_remaining:
  sec: 0
  nanosec: 0
number_of_recoveries: 0
distance_remaining: 0.0

Result:
    error_code: 203
error_msg: ''

Goal finished with status: ABORTED
