stdin is not a terminal device. Keyboard handling disabled.[INFO] [1790560273.166360320] [rosbag2_recorder]: Press SPACE for pausing/resuming
[INFO] [1790560273.166375934] [rosbag2_recorder]: Event publisher thread: Started
[INFO] [1790560273.169550745] [rosbag2_recorder]: Starting recording to '/home/haduckien/nav_ws/src/custom_corridor/worlds/school_arena/demo_1/dataset_v1.0/episodes/ep_000008/raw_bag'
[INFO] [1790560273.171612401] [rosbag2_storage]: Opened database '/home/haduckien/nav_ws/src/custom_corridor/worlds/school_arena/demo_1/dataset_v1.0/episodes/ep_000008/raw_bag/raw_bag_0.db3' for READ_WRITE.
[INFO] [1790560273.173351432] [rosbag2_recorder]: Listening for topics...
[INFO] [1790560273.173418237] [rosbag2_recorder]: Recording...
[INFO] [1790560273.173369990] [rosbag2_recorder]: Topics discovery started.
[INFO] [1790560273.548159671] [rosbag2_recorder]: Subscribed to topic '/tf'
[INFO] [1790560273.584171709] [rosbag2_recorder]: Subscribed to topic '/cmd_vel'
[INFO] [1790560275.772637798] [rosbag2_recorder]: Subscribed to topic '/tf_static'
[INFO] [1790560275.787025905] [rosbag2_recorder]: Subscribed to topic '/odom'
[INFO] [1790560275.789926474] [rosbag2_recorder]: Subscribed to topic '/robot/camera/image_raw'
[INFO] [1790560275.792212043] [rosbag2_recorder]: Subscribed to topic '/scan'
[INFO] [1790560275.792278547] [rosbag2_recorder]: All requested topics are subscribed. Stopping discovery...
[INFO] [1790560275.792285152] [rosbag2_recorder]: Topics discovery stopped.
[INFO] [1790560334.913864791] [rosbag2_recorder]: Pausing recording.
[INFO] [1790560334.914227237] [rosbag2_cpp]: Writing remaining messages from cache to the bag. It may take a while
[INFO] [1790560334.915567991] [rosbag2_compression]: Compressing file: /home/haduckien/nav_ws/src/custom_corridor/worlds/school_arena/demo_1/dataset_v1.0/episodes/ep_000008/raw_bag/raw_bag_0.db3
[INFO] [1790560335.340969551] [rosbag2_recorder]: Recording stopped
[WARN] [1790560335.341019830] [rosbag2_recorder]: Number of messages lost on the transport layer: 293
[INFO] [1790560335.342859668] [rosbag2_recorder]: Event publisher thread: Exited
