INFO [IDLE] -> [PREPARE]
INFO episode=ep_000004 family=empty seed=1979712909 density=medium start=Pose2D(x=15.0, y=8.0, heading=1.570796) goal=corridor_f_north humans=0
INFO [PREPARE] -> [RESET]
INFO Launching ['ros2', 'launch', '/home/haduckien/nav_ws/src/custom_corridor/worlds/school_arena/demo_1/school_hunav_demo.launch.py', 'episode_world:=/home/haduckien/nav_ws/src/custom_corridor/worlds/school_arena/demo_1/dataset_v1.0/episodes/ep_000004/runtime_logs/ep_000004.contact.world', 'nav_params_file:=/home/haduckien/nav_ws/src/custom_corridor/worlds/school_arena/demo_1/dataset_v1.0/episodes/ep_000004/nav2_school.yaml', 'robot_x:=15.0', 'robot_y:=8.0', 'robot_yaw:=1.570796', 'robot_in_world:=true', 'gui:=false', 'rviz:=false']; output=/home/haduckien/nav_ws/src/custom_corridor/worlds/school_arena/demo_1/dataset_v1.0/episodes/ep_000004/runtime_logs/ep_000004.simulator.log
INFO [RESET] previous goal/HuNav/runtime cleaned; simulator launched
INFO [RESET] -> [LOAD_SCENARIO]
INFO HuNav loaded 0 expected agents for ep_000004
INFO [LOAD_SCENARIO] -> [WAIT_READY]
INFO Gazebo school_arena world service ready for ep_000004
INFO [SIM READY]
INFO HuNav ready: expected=0 actual=0
INFO [HUNAV READY] expected=0 actual=0
ERROR Readiness failed: probe_unavailable: No module named 'rclpy'
INFO [WAIT_READY] -> [FINALIZE]
INFO Stopping owned simulator group 38255 with SIGINT
INFO Owned simulator group 38255 exited
INFO [TERMINATED: SIM_FAILURE] probe_unavailable: No module named 'rclpy'
INFO [IDLE] -> [PREPARE]
INFO episode=ep_000005 family=empty seed=580572817 density=high start=Pose2D(x=-5.0, y=-8.15, heading=-0.01) goal=corridor_a_5 humans=0
INFO [PREPARE] -> [RESET]
INFO Launching ['ros2', 'launch', '/home/haduckien/nav_ws/src/custom_corridor/worlds/school_arena/demo_1/school_hunav_demo.launch.py', 'episode_world:=/home/haduckien/nav_ws/src/custom_corridor/worlds/school_arena/demo_1/dataset_v1.0/episodes/ep_000005/runtime_logs/ep_000005.contact.world', 'nav_params_file:=/home/haduckien/nav_ws/src/custom_corridor/worlds/school_arena/demo_1/dataset_v1.0/episodes/ep_000005/nav2_school.yaml', 'robot_x:=-5.0', 'robot_y:=-8.15', 'robot_yaw:=-0.01', 'robot_in_world:=true', 'gui:=false', 'rviz:=false']; output=/home/haduckien/nav_ws/src/custom_corridor/worlds/school_arena/demo_1/dataset_v1.0/episodes/ep_000005/runtime_logs/ep_000005.simulator.log
INFO [RESET] previous goal/HuNav/runtime cleaned; simulator launched
INFO [RESET] -> [LOAD_SCENARIO]
INFO HuNav loaded 0 expected agents for ep_000005
INFO [LOAD_SCENARIO] -> [WAIT_READY]
INFO Gazebo school_arena world service ready for ep_000005
INFO [SIM READY]
INFO HuNav ready: expected=0 actual=0
INFO [HUNAV READY] expected=0 actual=0
ERROR Readiness failed: probe_unavailable: No module named 'rclpy'
INFO [WAIT_READY] -> [FINALIZE]
INFO Stopping owned simulator group 40276 with SIGINT
INFO Owned simulator group 40276 exited
INFO [TERMINATED: SIM_FAILURE] probe_unavailable: No module named 'rclpy'
INFO [IDLE] -> [PREPARE]
INFO episode=ep_000006 family=empty seed=1188013262 density=medium start=Pose2D(x=-14.0, y=-8.15, heading=0.07486) goal=corridor_a_5 humans=0
INFO [PREPARE] -> [RESET]
INFO Launching ['ros2', 'launch', '/home/haduckien/nav_ws/src/custom_corridor/worlds/school_arena/demo_1/school_hunav_demo.launch.py', 'episode_world:=/home/haduckien/nav_ws/src/custom_corridor/worlds/school_arena/demo_1/dataset_v1.0/episodes/ep_000006/runtime_logs/ep_000006.contact.world', 'nav_params_file:=/home/haduckien/nav_ws/src/custom_corridor/worlds/school_arena/demo_1/dataset_v1.0/episodes/ep_000006/nav2_school.yaml', 'robot_x:=-14.0', 'robot_y:=-8.15', 'robot_yaw:=0.07486', 'robot_in_world:=true', 'gui:=false', 'rviz:=false']; output=/home/haduckien/nav_ws/src/custom_corridor/worlds/school_arena/demo_1/dataset_v1.0/episodes/ep_000006/runtime_logs/ep_000006.simulator.log
INFO [RESET] previous goal/HuNav/runtime cleaned; simulator launched
INFO [RESET] -> [LOAD_SCENARIO]
INFO HuNav loaded 0 expected agents for ep_000006
INFO [LOAD_SCENARIO] -> [WAIT_READY]
INFO Gazebo school_arena world service ready for ep_000006
INFO [SIM READY]
INFO HuNav ready: expected=0 actual=0
INFO [HUNAV READY] expected=0 actual=0
ERROR Readiness failed: probe_unavailable: No module named 'rclpy'
INFO [WAIT_READY] -> [FINALIZE]
INFO Stopping owned simulator group 41853 with SIGINT
INFO Owned simulator group 41853 exited
INFO [TERMINATED: SIM_FAILURE] probe_unavailable: No module named 'rclpy'
INFO [IDLE] -> [PREPARE]
INFO episode=ep_000007 family=empty seed=53703489 density=medium start=Pose2D(x=5.0, y=-8.15, heading=3.141593) goal=corridor_a_west humans=0
INFO [PREPARE] -> [RESET]
INFO Launching ['ros2', 'launch', '/home/haduckien/nav_ws/src/custom_corridor/worlds/school_arena/demo_1/school_hunav_demo.launch.py', 'episode_world:=/home/haduckien/nav_ws/src/custom_corridor/worlds/school_arena/demo_1/dataset_v1.0/episodes/ep_000007/runtime_logs/ep_000007.contact.world', 'nav_params_file:=/home/haduckien/nav_ws/src/custom_corridor/worlds/school_arena/demo_1/dataset_v1.0/episodes/ep_000007/nav2_school.yaml', 'robot_x:=5.0', 'robot_y:=-8.15', 'robot_yaw:=3.141593', 'robot_in_world:=true', 'gui:=false', 'rviz:=false']; output=/home/haduckien/nav_ws/src/custom_corridor/worlds/school_arena/demo_1/dataset_v1.0/episodes/ep_000007/runtime_logs/ep_000007.simulator.log
INFO [RESET] previous goal/HuNav/runtime cleaned; simulator launched
INFO [RESET] -> [LOAD_SCENARIO]
INFO HuNav loaded 0 expected agents for ep_000007
INFO [LOAD_SCENARIO] -> [WAIT_READY]
INFO Gazebo school_arena world service ready for ep_000007
INFO [SIM READY]
INFO HuNav ready: expected=0 actual=0
INFO [HUNAV READY] expected=0 actual=0
ERROR Readiness failed: probe_unavailable: No module named 'rclpy'
INFO [WAIT_READY] -> [FINALIZE]
INFO Stopping owned simulator group 43396 with SIGINT
INFO Owned simulator group 43396 exited
INFO [TERMINATED: SIM_FAILURE] probe_unavailable: No module named 'rclpy'
INFO [IDLE] -> [PREPARE]
INFO episode=ep_000008 family=empty seed=510100977 density=low start=Pose2D(x=-5.0, y=-8.15, heading=-0.01) goal=corridor_a_5 humans=0
INFO [PREPARE] -> [RESET]
INFO Launching ['ros2', 'launch', '/home/haduckien/nav_ws/src/custom_corridor/worlds/school_arena/demo_1/school_hunav_demo.launch.py', 'episode_world:=/home/haduckien/nav_ws/src/custom_corridor/worlds/school_arena/demo_1/dataset_v1.0/episodes/ep_000008/runtime_logs/ep_000008.contact.world', 'nav_params_file:=/home/haduckien/nav_ws/src/custom_corridor/worlds/school_arena/demo_1/dataset_v1.0/episodes/ep_000008/nav2_school.yaml', 'robot_x:=-5.0', 'robot_y:=-8.15', 'robot_yaw:=-0.01', 'robot_in_world:=true', 'gui:=false', 'rviz:=false']; output=/home/haduckien/nav_ws/src/custom_corridor/worlds/school_arena/demo_1/dataset_v1.0/episodes/ep_000008/runtime_logs/ep_000008.simulator.log
INFO [RESET] previous goal/HuNav/runtime cleaned; simulator launched
INFO [RESET] -> [LOAD_SCENARIO]
INFO HuNav loaded 0 expected agents for ep_000008
INFO [LOAD_SCENARIO] -> [WAIT_READY]
INFO Gazebo school_arena world service ready for ep_000008
INFO [SIM READY]
INFO HuNav ready: expected=0 actual=0
INFO [HUNAV READY] expected=0 actual=0
ERROR Readiness failed: probe_unavailable: No module named 'rclpy'
INFO [WAIT_READY] -> [FINALIZE]
INFO Stopping owned simulator group 45063 with SIGINT
INFO Owned simulator group 45063 exited
INFO [TERMINATED: SIM_FAILURE] probe_unavailable: No module named 'rclpy'
INFO [IDLE] -> [PREPARE]
INFO episode=ep_000009 family=empty seed=1032933155 density=low start=Pose2D(x=-2.0, y=-8.18, heading=3.131593) goal=corridor_a_west humans=0
INFO [PREPARE] -> [RESET]
INFO Launching ['ros2', 'launch', '/home/haduckien/nav_ws/src/custom_corridor/worlds/school_arena/demo_1/school_hunav_demo.launch.py', 'episode_world:=/home/haduckien/nav_ws/src/custom_corridor/worlds/school_arena/demo_1/dataset_v1.0/episodes/ep_000009/runtime_logs/ep_000009.contact.world', 'nav_params_file:=/home/haduckien/nav_ws/src/custom_corridor/worlds/school_arena/demo_1/dataset_v1.0/episodes/ep_000009/nav2_school.yaml', 'robot_x:=-2.0', 'robot_y:=-8.18', 'robot_yaw:=3.131593', 'robot_in_world:=true', 'gui:=false', 'rviz:=false']; output=/home/haduckien/nav_ws/src/custom_corridor/worlds/school_arena/demo_1/dataset_v1.0/episodes/ep_000009/runtime_logs/ep_000009.simulator.log
INFO [RESET] previous goal/HuNav/runtime cleaned; simulator launched
INFO [RESET] -> [LOAD_SCENARIO]
INFO HuNav loaded 0 expected agents for ep_000009
INFO [LOAD_SCENARIO] -> [WAIT_READY]
INFO Gazebo school_arena world service ready for ep_000009
INFO [SIM READY]
INFO HuNav ready: expected=0 actual=0
INFO [HUNAV READY] expected=0 actual=0
ERROR Readiness failed: probe_unavailable: No module named 'rclpy'
INFO [WAIT_READY] -> [FINALIZE]
INFO [IDLE] -> [PREPARE]
INFO episode=ep_000006 family=empty seed=1188013262 density=medium start=Pose2D(x=-14.0, y=-8.15, heading=0.07486) goal=corridor_a_5 humans=0
INFO [PREPARE] -> [RESET]
INFO Launching ['ros2', 'launch', '/home/haduckien/nav_ws/src/custom_corridor/worlds/school_arena/demo_1/school_hunav_demo.launch.py', 'episode_world:=/home/haduckien/nav_ws/src/custom_corridor/worlds/school_arena/demo_1/dataset_v1.0/episodes/ep_000006/runtime_logs/ep_000006.contact.world', 'nav_params_file:=/home/haduckien/nav_ws/src/custom_corridor/worlds/school_arena/demo_1/dataset_v1.0/episodes/ep_000006/nav2_school.yaml', 'robot_x:=-14.0', 'robot_y:=-8.15', 'robot_yaw:=0.07486', 'robot_in_world:=true', 'gui:=false', 'rviz:=false']; output=/home/haduckien/nav_ws/src/custom_corridor/worlds/school_arena/demo_1/dataset_v1.0/episodes/ep_000006/runtime_logs/ep_000006.simulator.log
INFO [RESET] previous goal/HuNav/runtime cleaned; simulator launched
INFO [RESET] -> [LOAD_SCENARIO]
INFO HuNav loaded 0 expected agents for ep_000006
INFO [LOAD_SCENARIO] -> [WAIT_READY]
INFO Gazebo school_arena world service ready for ep_000006
INFO [SIM READY]
INFO HuNav ready: expected=0 actual=0
INFO [HUNAV READY] expected=0 actual=0
INFO [SCAN READY]
INFO [ODOM READY]
INFO [TF READY]
INFO [RGB READY]
INFO [ROBOT POSE READY] x=-14.002 y=-8.150 yaw=0.075
INFO [NAV2 READY] required lifecycle nodes active; /navigate_to_pose ready
INFO [WAIT_READY] -> [START]
INFO [GOAL ACCEPTED] episode=ep_000006 x=10.000 y=-8.150 yaw=0.000
INFO [START] -> [RUNNING]
INFO [NAV2 ACCEPTED]
INFO [NAV2 EXECUTING]
INFO [TERMINATED: STUCK] displacement=0.050m window=5.0s
INFO [RUNNING] -> [FINALIZE]
INFO Stopping owned simulator group 59163 with SIGINT
INFO Owned simulator group 59163 exited
[INFO] [1790559763.235091302] [rosbag2_storage]: Opened database '/tmp/dataset_bag_read_w13844q9/raw_bag_0.db3' for READ_ONLY.
[INFO] [1790559763.397795791] [rosbag2_storage]: Opened database '/tmp/dataset_bag_read_7nfk6sao/raw_bag_0.db3' for READ_ONLY.
[INFO] [1790559763.580554011] [rosbag2_storage]: Opened database '/tmp/dataset_bag_read_xzfpq9zj/raw_bag_0.db3' for READ_ONLY.
INFO [TERMINATED: STUCK] robot_stuck
[INFO] [1790559763.862458169] [rosbag2_storage]: Opened database '/tmp/dataset_bag_read_h2yy7uvg/raw_bag_0.db3' for READ_ONLY.
INFO [IDLE] -> [PREPARE]
INFO episode=ep_000007 family=empty seed=53703489 density=medium start=Pose2D(x=5.0, y=-8.15, heading=3.141593) goal=corridor_a_west humans=0
INFO [PREPARE] -> [RESET]
INFO Launching ['ros2', 'launch', '/home/haduckien/nav_ws/src/custom_corridor/worlds/school_arena/demo_1/school_hunav_demo.launch.py', 'episode_world:=/home/haduckien/nav_ws/src/custom_corridor/worlds/school_arena/demo_1/dataset_v1.0/episodes/ep_000007/runtime_logs/ep_000007.contact.world', 'nav_params_file:=/home/haduckien/nav_ws/src/custom_corridor/worlds/school_arena/demo_1/dataset_v1.0/episodes/ep_000007/nav2_school.yaml', 'robot_x:=5.0', 'robot_y:=-8.15', 'robot_yaw:=3.141593', 'robot_in_world:=true', 'gui:=false', 'rviz:=false']; output=/home/haduckien/nav_ws/src/custom_corridor/worlds/school_arena/demo_1/dataset_v1.0/episodes/ep_000007/runtime_logs/ep_000007.simulator.log
INFO [RESET] previous goal/HuNav/runtime cleaned; simulator launched
INFO [RESET] -> [LOAD_SCENARIO]
INFO HuNav loaded 0 expected agents for ep_000007
INFO [LOAD_SCENARIO] -> [WAIT_READY]
INFO Gazebo school_arena world service ready for ep_000007
INFO [SIM READY]
INFO HuNav ready: expected=0 actual=0
INFO [HUNAV READY] expected=0 actual=0
INFO [ODOM READY]
INFO [TF READY]
INFO [RGB READY]
INFO [SCAN READY]
INFO [ROBOT POSE READY] x=5.003 y=-8.150 yaw=-3.142
INFO [NAV2 READY] required lifecycle nodes active; /navigate_to_pose ready
INFO [WAIT_READY] -> [START]
INFO [GOAL ACCEPTED] episode=ep_000007 x=-14.000 y=-8.150 yaw=-3.067
INFO [START] -> [RUNNING]
INFO [NAV2 ACCEPTED]
INFO [NAV2 EXECUTING]
INFO [TERMINATED: STUCK] displacement=0.050m window=5.0s
INFO [RUNNING] -> [FINALIZE]
INFO Stopping owned simulator group 61066 with SIGINT
INFO Owned simulator group 61066 exited
[INFO] [1790559901.020114748] [rosbag2_storage]: Opened database '/tmp/dataset_bag_read_cbzf9teb/raw_bag_0.db3' for READ_ONLY.
[INFO] [1790559902.082983925] [rosbag2_storage]: Opened database '/tmp/dataset_bag_read_04tj7iwo/raw_bag_0.db3' for READ_ONLY.
[INFO] [1790559903.344276497] [rosbag2_storage]: Opened database '/tmp/dataset_bag_read_awmbbv_5/raw_bag_0.db3' for READ_ONLY.
INFO [TERMINATED: STUCK] robot_stuck
[INFO] [1790559905.102849504] [rosbag2_storage]: Opened database '/tmp/dataset_bag_read_9impojj3/raw_bag_0.db3' for READ_ONLY.
INFO [IDLE] -> [PREPARE]
INFO episode=ep_000008 family=empty seed=510100977 density=low start=Pose2D(x=-5.0, y=-8.15, heading=-0.01) goal=corridor_a_5 humans=0
INFO [PREPARE] -> [RESET]
INFO Launching ['ros2', 'launch', '/home/haduckien/nav_ws/src/custom_corridor/worlds/school_arena/demo_1/school_hunav_demo.launch.py', 'episode_world:=/home/haduckien/nav_ws/src/custom_corridor/worlds/school_arena/demo_1/dataset_v1.0/episodes/ep_000008/runtime_logs/ep_000008.contact.world', 'nav_params_file:=/home/haduckien/nav_ws/src/custom_corridor/worlds/school_arena/demo_1/dataset_v1.0/episodes/ep_000008/nav2_school.yaml', 'robot_x:=-5.0', 'robot_y:=-8.15', 'robot_yaw:=-0.01', 'robot_in_world:=true', 'gui:=false', 'rviz:=false']; output=/home/haduckien/nav_ws/src/custom_corridor/worlds/school_arena/demo_1/dataset_v1.0/episodes/ep_000008/runtime_logs/ep_000008.simulator.log
INFO [RESET] previous goal/HuNav/runtime cleaned; simulator launched
INFO [RESET] -> [LOAD_SCENARIO]
INFO HuNav loaded 0 expected agents for ep_000008
INFO [LOAD_SCENARIO] -> [WAIT_READY]
INFO Gazebo school_arena world service ready for ep_000008
INFO [SIM READY]
INFO HuNav ready: expected=0 actual=0
INFO [HUNAV READY] expected=0 actual=0
INFO [SCAN READY]
INFO [ODOM READY]
INFO [TF READY]
INFO [RGB READY]
INFO [ROBOT POSE READY] x=-5.003 y=-8.150 yaw=-0.010
INFO [NAV2 READY] required lifecycle nodes active; /navigate_to_pose ready
INFO [WAIT_READY] -> [START]
INFO [GOAL ACCEPTED] episode=ep_000008 x=10.000 y=-8.150 yaw=0.000
INFO [START] -> [RUNNING]
INFO [NAV2 ACCEPTED]
INFO [NAV2 EXECUTING]
INFO [NAV2 SUCCEEDED]
INFO [RUNNING] -> [FINALIZE]
INFO Stopping owned simulator group 65222 with SIGINT
INFO Owned simulator group 65222 exited
INFO [TERMINATED: SUCCESS] nav_goal_reached
INFO [IDLE] -> [PREPARE]
INFO episode=ep_000009 family=empty seed=1032933155 density=low start=Pose2D(x=-2.0, y=-8.18, heading=3.131593) goal=corridor_a_west humans=0
INFO [PREPARE] -> [RESET]
INFO Launching ['ros2', 'launch', '/home/haduckien/nav_ws/src/custom_corridor/worlds/school_arena/demo_1/school_hunav_demo.launch.py', 'episode_world:=/home/haduckien/nav_ws/src/custom_corridor/worlds/school_arena/demo_1/dataset_v1.0/episodes/ep_000009/runtime_logs/ep_000009.contact.world', 'nav_params_file:=/home/haduckien/nav_ws/src/custom_corridor/worlds/school_arena/demo_1/dataset_v1.0/episodes/ep_000009/nav2_school.yaml', 'robot_x:=-2.0', 'robot_y:=-8.18', 'robot_yaw:=3.131593', 'robot_in_world:=true', 'gui:=false', 'rviz:=false']; output=/home/haduckien/nav_ws/src/custom_corridor/worlds/school_arena/demo_1/dataset_v1.0/episodes/ep_000009/runtime_logs/ep_000009.simulator.log
INFO [RESET] previous goal/HuNav/runtime cleaned; simulator launched
INFO [RESET] -> [LOAD_SCENARIO]
INFO HuNav loaded 0 expected agents for ep_000009
INFO [LOAD_SCENARIO] -> [WAIT_READY]
INFO Gazebo school_arena world service ready for ep_000009
INFO [SIM READY]
INFO HuNav ready: expected=0 actual=0
INFO [HUNAV READY] expected=0 actual=0
INFO [ODOM READY]
INFO [TF READY]
INFO [SCAN READY]
INFO [RGB READY]
INFO [ROBOT POSE READY] x=-1.999 y=-8.180 yaw=3.132
INFO [NAV2 READY] required lifecycle nodes active; /navigate_to_pose ready
INFO [WAIT_READY] -> [START]
INFO [GOAL ACCEPTED] episode=ep_000009 x=-14.000 y=-8.150 yaw=-3.067
INFO [START] -> [RUNNING]
INFO [NAV2 ACCEPTED]
INFO [NAV2 EXECUTING]
INFO [NAV2 SUCCEEDED]
INFO [RUNNING] -> [FINALIZE]
INFO Stopping owned simulator group 69629 with SIGINT
INFO Owned simulator group 69629 exited
[INFO] [1790560115.919924493] [rosbag2_storage]: Opened database '/tmp/dataset_bag_read_sth9lyig/raw_bag_0.db3' for READ_ONLY.
[INFO] [1790560116.591482803] [rosbag2_storage]: Opened database '/tmp/dataset_bag_read_w0588a0t/raw_bag_0.db3' for READ_ONLY.
[INFO] [1790560117.334345729] [rosbag2_storage]: Opened database '/tmp/dataset_bag_read_74nudp7a/raw_bag_0.db3' for READ_ONLY.
INFO [TERMINATED: SUCCESS] nav_goal_reached
[INFO] [1790560118.412532061] [rosbag2_storage]: Opened database '/tmp/dataset_bag_read_io6rekcv/raw_bag_0.db3' for READ_ONLY.
INFO [IDLE] -> [PREPARE]
INFO episode=ep_000010 family=empty seed=1351877879 density=high start=Pose2D(x=15.0, y=3.5, heading=1.570796) goal=corridor_f_north humans=0
INFO [PREPARE] -> [RESET]
INFO Launching ['ros2', 'launch', '/home/haduckien/nav_ws/src/custom_corridor/worlds/school_arena/demo_1/school_hunav_demo.launch.py', 'episode_world:=/home/haduckien/nav_ws/src/custom_corridor/worlds/school_arena/demo_1/dataset_v1.0/episodes/ep_000010/runtime_logs/ep_000010.contact.world', 'nav_params_file:=/home/haduckien/nav_ws/src/custom_corridor/worlds/school_arena/demo_1/dataset_v1.0/episodes/ep_000010/nav2_school.yaml', 'robot_x:=15.0', 'robot_y:=3.5', 'robot_yaw:=1.570796', 'robot_in_world:=true', 'gui:=false', 'rviz:=false']; output=/home/haduckien/nav_ws/src/custom_corridor/worlds/school_arena/demo_1/dataset_v1.0/episodes/ep_000010/runtime_logs/ep_000010.simulator.log
INFO [RESET] previous goal/HuNav/runtime cleaned; simulator launched
INFO [RESET] -> [LOAD_SCENARIO]
INFO HuNav loaded 0 expected agents for ep_000010
INFO [LOAD_SCENARIO] -> [WAIT_READY]
INFO Gazebo school_arena world service ready for ep_000010
INFO [SIM READY]
INFO HuNav ready: expected=0 actual=0
INFO [HUNAV READY] expected=0 actual=0
INFO [ODOM READY]
INFO [TF READY]
INFO [SCAN READY]
INFO [RGB READY]
INFO [ROBOT POSE READY] x=15.000 y=3.498 yaw=1.571
INFO [NAV2 READY] required lifecycle nodes active; /navigate_to_pose ready
INFO [WAIT_READY] -> [START]
INFO [GOAL ACCEPTED] episode=ep_000010 x=15.000 y=13.500 yaw=1.571
INFO [START] -> [RUNNING]
INFO [NAV2 ACCEPTED]
INFO [NAV2 EXECUTING]
INFO [TERMINATED: STUCK] displacement=0.048m window=5.0s
INFO [RUNNING] -> [FINALIZE]
INFO Stopping owned simulator group 72394 with SIGINT
INFO [IDLE] -> [PREPARE]
INFO episode=ep_000008 family=empty seed=510100977 density=low start=Pose2D(x=-5.0, y=-8.15, heading=-0.01) goal=corridor_a_5 humans=0
INFO [PREPARE] -> [RESET]
INFO Launching ['ros2', 'launch', '/home/haduckien/nav_ws/src/custom_corridor/worlds/school_arena/demo_1/school_hunav_demo.launch.py', 'episode_world:=/home/haduckien/nav_ws/src/custom_corridor/worlds/school_arena/demo_1/dataset_v1.0/episodes/ep_000008/runtime_logs/ep_000008.contact.world', 'nav_params_file:=/home/haduckien/nav_ws/src/custom_corridor/worlds/school_arena/demo_1/dataset_v1.0/episodes/ep_000008/nav2_school.yaml', 'robot_x:=-5.0', 'robot_y:=-8.15', 'robot_yaw:=-0.01', 'robot_in_world:=true', 'gui:=false', 'rviz:=false']; output=/home/haduckien/nav_ws/src/custom_corridor/worlds/school_arena/demo_1/dataset_v1.0/episodes/ep_000008/runtime_logs/ep_000008.simulator.log
INFO [RESET] previous goal/HuNav/runtime cleaned; simulator launched
INFO [RESET] -> [LOAD_SCENARIO]
INFO HuNav loaded 0 expected agents for ep_000008
INFO [LOAD_SCENARIO] -> [WAIT_READY]
INFO Gazebo school_arena world service ready for ep_000008
INFO [SIM READY]
INFO HuNav ready: expected=0 actual=0
INFO [HUNAV READY] expected=0 actual=0
INFO [ODOM READY]
INFO [TF READY]
INFO [SCAN READY]
INFO [RGB READY]
INFO [ROBOT POSE READY] x=-5.003 y=-8.150 yaw=-0.010
INFO [NAV2 READY] required lifecycle nodes active; /navigate_to_pose ready
INFO [WAIT_READY] -> [START]
INFO [GOAL ACCEPTED] episode=ep_000008 x=10.000 y=-8.150 yaw=0.000
INFO [START] -> [RUNNING]
INFO [NAV2 EXECUTING]
INFO [TERMINATED: STUCK] displacement=0.050m window=5.0s
INFO [RUNNING] -> [FINALIZE]
INFO Stopping owned simulator group 75427 with SIGINT
INFO Owned simulator group 75427 exited
[INFO] [1790560335.710953728] [rosbag2_storage]: Opened database '/tmp/dataset_bag_read_d7nrvzzq/raw_bag_0.db3' for READ_ONLY.
[INFO] [1790560336.265103947] [rosbag2_storage]: Opened database '/tmp/dataset_bag_read_siibvhmt/raw_bag_0.db3' for READ_ONLY.
[INFO] [1790560336.902485390] [rosbag2_storage]: Opened database '/tmp/dataset_bag_read_s_yvvk71/raw_bag_0.db3' for READ_ONLY.
INFO [TERMINATED: STUCK] robot_stuck
[INFO] [1790560337.744408611] [rosbag2_storage]: Opened database '/tmp/dataset_bag_read_0550voxl/raw_bag_0.db3' for READ_ONLY.
INFO [IDLE] -> [PREPARE]
INFO episode=ep_000010 family=empty seed=1351877879 density=high start=Pose2D(x=15.0, y=3.5, heading=1.570796) goal=corridor_f_north humans=0
INFO [PREPARE] -> [RESET]
INFO Launching ['ros2', 'launch', '/home/haduckien/nav_ws/src/custom_corridor/worlds/school_arena/demo_1/school_hunav_demo.launch.py', 'episode_world:=/home/haduckien/nav_ws/src/custom_corridor/worlds/school_arena/demo_1/dataset_v1.0/episodes/ep_000010/runtime_logs/ep_000010.contact.world', 'nav_params_file:=/home/haduckien/nav_ws/src/custom_corridor/worlds/school_arena/demo_1/dataset_v1.0/episodes/ep_000010/nav2_school.yaml', 'robot_x:=15.0', 'robot_y:=3.5', 'robot_yaw:=1.570796', 'robot_in_world:=true', 'gui:=false', 'rviz:=false']; output=/home/haduckien/nav_ws/src/custom_corridor/worlds/school_arena/demo_1/dataset_v1.0/episodes/ep_000010/runtime_logs/ep_000010.simulator.log
INFO [RESET] previous goal/HuNav/runtime cleaned; simulator launched
INFO [RESET] -> [LOAD_SCENARIO]
INFO HuNav loaded 0 expected agents for ep_000010
INFO [LOAD_SCENARIO] -> [WAIT_READY]
INFO Gazebo school_arena world service ready for ep_000010
INFO [SIM READY]
INFO HuNav ready: expected=0 actual=0
INFO [HUNAV READY] expected=0 actual=0
INFO [ODOM READY]
INFO [TF READY]
INFO [SCAN READY]
INFO [RGB READY]
INFO [ROBOT POSE READY] x=15.000 y=3.497 yaw=1.571
INFO [HUNAV PREFLIGHT] container=hunavsim_gz_fortress
INFO [HUNAV CLEAN] container running; ROS environment usable
INFO [IDLE] -> [PREPARE]
INFO episode=ep_000010 family=empty seed=1351877879 density=high start=Pose2D(x=15.0, y=3.5, heading=1.570796) goal=corridor_f_north humans=0
INFO [PREPARE] -> [RESET]
INFO Launching ['ros2', 'launch', '/home/haduckien/nav_ws/src/custom_corridor/worlds/school_arena/demo_1/school_hunav_demo.launch.py', 'episode_world:=/home/haduckien/nav_ws/src/custom_corridor/worlds/school_arena/demo_1/dataset_v1.0/episodes/ep_000010/runtime_logs/ep_000010.contact.world', 'nav_params_file:=/home/haduckien/nav_ws/src/custom_corridor/worlds/school_arena/demo_1/dataset_v1.0/episodes/ep_000010/nav2_school.yaml', 'robot_x:=15.0', 'robot_y:=3.5', 'robot_yaw:=1.570796', 'robot_in_world:=true', 'gui:=false', 'rviz:=false']; output=/home/haduckien/nav_ws/src/custom_corridor/worlds/school_arena/demo_1/dataset_v1.0/episodes/ep_000010/runtime_logs/ep_000010.simulator.log
INFO [RESET] previous goal/HuNav/runtime cleaned; simulator launched
INFO [RESET] -> [LOAD_SCENARIO]
INFO HuNav loaded 0 expected agents for ep_000010
INFO [LOAD_SCENARIO] -> [WAIT_READY]
INFO Gazebo school_arena world service ready for ep_000010
INFO [SIM READY]
INFO HuNav ready: expected=0 actual=0
INFO [HUNAV READY] expected=0 actual=0
INFO [ODOM READY]
INFO [TF READY]
INFO [RGB READY]
INFO [SCAN READY]
INFO [ROBOT POSE READY] x=15.000 y=3.498 yaw=1.571
INFO [NAV2 READY] required lifecycle nodes active; /navigate_to_pose ready
INFO [WAIT_READY] -> [START]
INFO [GOAL ACCEPTED] episode=ep_000010 x=15.000 y=13.500 yaw=1.571
INFO [START] -> [RUNNING]
INFO [NAV2 ACCEPTED]
INFO [NAV2 EXECUTING]
INFO [TERMINATED: STUCK] displacement=0.050m window=5.0s
INFO [RUNNING] -> [FINALIZE]
INFO Stopping owned simulator group 82283 with SIGINT
INFO Owned simulator group 82283 exited
[INFO] [1790560562.669007092] [rosbag2_storage]: Opened database '/tmp/dataset_bag_read_eoinv9vj/raw_bag_0.db3' for READ_ONLY.
[INFO] [1790560563.244505481] [rosbag2_storage]: Opened database '/tmp/dataset_bag_read_r2mm5fsd/raw_bag_0.db3' for READ_ONLY.
[INFO] [1790560563.728685667] [rosbag2_storage]: Opened database '/tmp/dataset_bag_read_uuvkcwht/raw_bag_0.db3' for READ_ONLY.
INFO [TERMINATED: STUCK] robot_stuck
[INFO] [1790560564.492131235] [rosbag2_storage]: Opened database '/tmp/dataset_bag_read_6xchkbri/raw_bag_0.db3' for READ_ONLY.
INFO [IDLE] -> [PREPARE]
INFO episode=ep_000011 family=empty seed=1263218847 density=low start=Pose2D(x=15.0, y=10.65, heading=-1.570796) goal=corridor_f_lower_before_bin humans=0
INFO [PREPARE] -> [RESET]
INFO Launching ['ros2', 'launch', '/home/haduckien/nav_ws/src/custom_corridor/worlds/school_arena/demo_1/school_hunav_demo.launch.py', 'episode_world:=/home/haduckien/nav_ws/src/custom_corridor/worlds/school_arena/demo_1/dataset_v1.0/episodes/ep_000011/runtime_logs/ep_000011.contact.world', 'nav_params_file:=/home/haduckien/nav_ws/src/custom_corridor/worlds/school_arena/demo_1/dataset_v1.0/episodes/ep_000011/nav2_school.yaml', 'robot_x:=15.0', 'robot_y:=10.65', 'robot_yaw:=-1.570796', 'robot_in_world:=true', 'gui:=false', 'rviz:=false']; output=/home/haduckien/nav_ws/src/custom_corridor/worlds/school_arena/demo_1/dataset_v1.0/episodes/ep_000011/runtime_logs/ep_000011.simulator.log
INFO [RESET] previous goal/HuNav/runtime cleaned; simulator launched
INFO [RESET] -> [LOAD_SCENARIO]
INFO HuNav loaded 0 expected agents for ep_000011
INFO [LOAD_SCENARIO] -> [WAIT_READY]
INFO Gazebo school_arena world service ready for ep_000011
INFO [SIM READY]
INFO HuNav ready: expected=0 actual=0
INFO [HUNAV READY] expected=0 actual=0
INFO [ODOM READY]
INFO [RGB READY]
INFO [TF READY]
INFO [SCAN READY]
INFO [ROBOT POSE READY] x=15.000 y=10.653 yaw=-1.571
INFO [NAV2 READY] required lifecycle nodes active; /navigate_to_pose ready
INFO [WAIT_READY] -> [START]
INFO [GOAL ACCEPTED] episode=ep_000011 x=15.000 y=2.550 yaw=-1.571
INFO [START] -> [RUNNING]
INFO [NAV2 ACCEPTED]
INFO [NAV2 EXECUTING]
INFO [NAV2 SUCCEEDED]
INFO [RUNNING] -> [FINALIZE]
INFO Stopping owned simulator group 84975 with SIGINT
INFO Owned simulator group 84975 exited
[INFO] [1790560631.313014292] [rosbag2_storage]: Opened database '/tmp/dataset_bag_read_ighu5trh/raw_bag_0.db3' for READ_ONLY.
[INFO] [1790560631.831964209] [rosbag2_storage]: Opened database '/tmp/dataset_bag_read_k9u8aab0/raw_bag_0.db3' for READ_ONLY.
[INFO] [1790560632.356259245] [rosbag2_storage]: Opened database '/tmp/dataset_bag_read_ou5t9u3u/raw_bag_0.db3' for READ_ONLY.
INFO [TERMINATED: SUCCESS] nav_goal_reached
[INFO] [1790560633.127345373] [rosbag2_storage]: Opened database '/tmp/dataset_bag_read_8b5tx3ct/raw_bag_0.db3' for READ_ONLY.
INFO [IDLE] -> [PREPARE]
INFO episode=ep_000012 family=empty seed=2016862008 density=low start=Pose2D(x=15.0, y=2.55, heading=1.570796) goal=corridor_f_north humans=0
INFO [PREPARE] -> [RESET]
INFO Launching ['ros2', 'launch', '/home/haduckien/nav_ws/src/custom_corridor/worlds/school_arena/demo_1/school_hunav_demo.launch.py', 'episode_world:=/home/haduckien/nav_ws/src/custom_corridor/worlds/school_arena/demo_1/dataset_v1.0/episodes/ep_000012/runtime_logs/ep_000012.contact.world', 'nav_params_file:=/home/haduckien/nav_ws/src/custom_corridor/worlds/school_arena/demo_1/dataset_v1.0/episodes/ep_000012/nav2_school.yaml', 'robot_x:=15.0', 'robot_y:=2.55', 'robot_yaw:=1.570796', 'robot_in_world:=true', 'gui:=false', 'rviz:=false']; output=/home/haduckien/nav_ws/src/custom_corridor/worlds/school_arena/demo_1/dataset_v1.0/episodes/ep_000012/runtime_logs/ep_000012.simulator.log
INFO [RESET] previous goal/HuNav/runtime cleaned; simulator launched
INFO [RESET] -> [LOAD_SCENARIO]
INFO HuNav loaded 0 expected agents for ep_000012
INFO [LOAD_SCENARIO] -> [WAIT_READY]
INFO Gazebo school_arena world service ready for ep_000012
INFO [SIM READY]
INFO HuNav ready: expected=0 actual=0
INFO [HUNAV READY] expected=0 actual=0
INFO [ODOM READY]
INFO [TF READY]
INFO [RGB READY]
INFO [SCAN READY]
INFO [ROBOT POSE READY] x=15.000 y=2.548 yaw=1.571
INFO [NAV2 READY] required lifecycle nodes active; /navigate_to_pose ready
INFO [WAIT_READY] -> [START]
INFO [GOAL ACCEPTED] episode=ep_000012 x=15.000 y=13.500 yaw=1.571
INFO [START] -> [RUNNING]
INFO [NAV2 ACCEPTED]
INFO [NAV2 EXECUTING]
INFO [TERMINATED: STUCK] displacement=0.049m window=5.0s
INFO [RUNNING] -> [FINALIZE]
INFO Stopping owned simulator group 87270 with SIGINT
INFO Owned simulator group 87270 exited
[INFO] [1790560677.432983589] [rosbag2_storage]: Opened database '/tmp/dataset_bag_read_puj31duv/raw_bag_0.db3' for READ_ONLY.
[INFO] [1790560677.668741409] [rosbag2_storage]: Opened database '/tmp/dataset_bag_read_m6lem1wo/raw_bag_0.db3' for READ_ONLY.
[INFO] [1790560677.934230383] [rosbag2_storage]: Opened database '/tmp/dataset_bag_read_9n_qdkul/raw_bag_0.db3' for READ_ONLY.
INFO [TERMINATED: STUCK] robot_stuck
[INFO] [1790560678.320539442] [rosbag2_storage]: Opened database '/tmp/dataset_bag_read_ele0ruj2/raw_bag_0.db3' for READ_ONLY.
INFO [IDLE] -> [PREPARE]
INFO episode=ep_000013 family=empty seed=619274144 density=high start=Pose2D(x=2.6, y=-8.15, heading=0.0) goal=corridor_a_5 humans=0
INFO [PREPARE] -> [RESET]
INFO Launching ['ros2', 'launch', '/home/haduckien/nav_ws/src/custom_corridor/worlds/school_arena/demo_1/school_hunav_demo.launch.py', 'episode_world:=/home/haduckien/nav_ws/src/custom_corridor/worlds/school_arena/demo_1/dataset_v1.0/episodes/ep_000013/runtime_logs/ep_000013.contact.world', 'nav_params_file:=/home/haduckien/nav_ws/src/custom_corridor/worlds/school_arena/demo_1/dataset_v1.0/episodes/ep_000013/nav2_school.yaml', 'robot_x:=2.6', 'robot_y:=-8.15', 'robot_yaw:=0.0', 'robot_in_world:=true', 'gui:=false', 'rviz:=false']; output=/home/haduckien/nav_ws/src/custom_corridor/worlds/school_arena/demo_1/dataset_v1.0/episodes/ep_000013/runtime_logs/ep_000013.simulator.log
INFO [RESET] previous goal/HuNav/runtime cleaned; simulator launched
INFO [RESET] -> [LOAD_SCENARIO]
INFO HuNav loaded 0 expected agents for ep_000013
INFO [LOAD_SCENARIO] -> [WAIT_READY]
INFO Gazebo school_arena world service ready for ep_000013
INFO [SIM READY]
INFO HuNav ready: expected=0 actual=0
INFO [HUNAV READY] expected=0 actual=0
INFO [SCAN READY]
INFO [ODOM READY]
INFO [TF READY]
INFO [RGB READY]
INFO [ROBOT POSE READY] x=2.599 y=-8.150 yaw=-0.000
INFO [WAIT_READY] -> [FINALIZE]
INFO Stopping owned simulator group 89317 with SIGINT
INFO Owned simulator group 89317 exited
INFO [TERMINATED: SIM_FAILURE] episode did not start
Traceback (most recent call last):
  File "/home/haduckien/nav_ws/src/custom_corridor/worlds/school_arena/demo_1/produce_dataset_v1.py", line 167, in <module>
    raise SystemExit(main())
                     ^^^^^^
  File "/home/haduckien/nav_ws/src/custom_corridor/worlds/school_arena/demo_1/produce_dataset_v1.py", line 117, in main
    run_plan(config, rows, backend, resume=args.resume,
  File "/home/haduckien/nav_ws/src/custom_corridor/worlds/school_arena/demo_1/dataset_production/runner.py", line 45, in run_plan
    decision = backend(config.output_dir / "episodes" / row["episode_id"])
               ^^^^^^^^^^^^^^^^^^^^^^^^^^^^^^^^^^^^^^^^^^^^^^^^^^^^^^^^^^^
  File "/home/haduckien/nav_ws/src/custom_corridor/worlds/school_arena/demo_1/dataset_production/runtime_backend.py", line 245, in run
    result = runner.run(folder)
             ^^^^^^^^^^^^^^^^^^
  File "/home/haduckien/nav_ws/src/custom_corridor/worlds/school_arena/demo_1/dataset_runner/episode_runner.py", line 150, in run
    self.nav2_manager.wait_ready(context)
  File "/home/haduckien/nav_ws/src/custom_corridor/worlds/school_arena/demo_1/dataset_runner/nav2_manager.py", line 241, in wait_ready
    states[name] = backend.lifecycle_state(name, self.config.service_timeout_sec)
                   ^^^^^^^^^^^^^^^^^^^^^^^^^^^^^^^^^^^^^^^^^^^^^^^^^^^^^^^^^^^^^^
  File "/home/haduckien/nav_ws/src/custom_corridor/worlds/school_arena/demo_1/dataset_runner/nav2_manager.py", line 130, in lifecycle_state
    self._await(future, timeout)
  File "/home/haduckien/nav_ws/src/custom_corridor/worlds/school_arena/demo_1/dataset_runner/nav2_manager.py", line 120, in _await
    self.tick(min(0.2, remaining))
  File "/home/haduckien/nav_ws/src/custom_corridor/worlds/school_arena/demo_1/dataset_runner/nav2_manager.py", line 112, in tick
    self.executor.spin_once(timeout_sec=seconds)
  File "/opt/ros/jazzy/lib/python3.12/site-packages/rclpy/executors.py", line 926, in spin_once
    self._spin_once_impl(timeout_sec)
  File "/opt/ros/jazzy/lib/python3.12/site-packages/rclpy/executors.py", line 907, in _spin_once_impl
    handler, entity, node = self.wait_for_ready_callbacks(
                            ^^^^^^^^^^^^^^^^^^^^^^^^^^^^^^
  File "/opt/ros/jazzy/lib/python3.12/site-packages/rclpy/executors.py", line 877, in wait_for_ready_callbacks
    return next(self._cb_iter)
           ^^^^^^^^^^^^^^^^^^^
  File "/opt/ros/jazzy/lib/python3.12/site-packages/rclpy/executors.py", line 781, in _wait_for_ready_callbacks
    wait_set.wait(timeout_nsec)
KeyboardInterrupt
