Waiting for an action server to become available...
Sending goal:
     pose:
  header:
    stamp:
      sec: 0
      nanosec: 0
    frame_id: map
  pose:
    position:
      x: 4.5
      y: 0.0
      z: 0.0
    orientation:
      x: 0.0
      y: 0.0
      z: 0.0
      w: 1.0
behavior_tree: ''

Goal accepted with ID: 8f22aa4e9fdb49d9992ab3f6a122c1a0

Feedback:
    current_pose:
  header:
    stamp:
      sec: 17
      nanosec: 300000000
    frame_id: map
  pose:
    position:
      x: -13.000000000001346
      y: 3.929045383155679e-26
      z: 0.0
    orientation:
      x: 0.0
      y: 0.0
      z: 3.248210921040437e-14
      w: 1.0
navigation_time:
  sec: 0
  nanosec: 0
estimated_time_remaining:
  sec: 0
  nanosec: 0
number_of_recoveries: 0
distance_remaining: 0.0

Feedback:
    current_pose:
  header:
    stamp:
      sec: 17
      nanosec: 320000000
    frame_id: map
  pose:
    position:
      x: -13.000000000001346
      y: 3.929045306118481e-26
      z: 0.0
    orientation:
      x: 0.0
      y: 0.0
      z: 3.248216703032919e-14
      w: 1.0
navigation_time:
  sec: 0
  nanosec: 16000000
estimated_time_remaining:
  sec: 0
  nanosec: 0
number_of_recoveries: 0
distance_remaining: 0.0

Feedback:
    current_pose:
  header:
    stamp:
      sec: 17
      nanosec: 340000000
    frame_id: map
  pose:
    position:
      x: -13.000000000001346
      y: 3.929045209821984e-26
      z: 0.0
    orientation:
      x: 0.0
      y: 0.0
      z: 3.248223485913942e-14
      w: 1.0
navigation_time:
  sec: 0
  nanosec: 32000000
estimated_time_remaining:
  sec: 0
  nanosec: 0
number_of_recoveries: 0
distance_remaining: 0.0

Feedback:
    current_pose:
  header:
    stamp:
      sec: 17
      nanosec: 340000000
    frame_id: map
  pose:
    position:
      x: -13.000000000001346
      y: 3.929045209821984e-26
      z: 0.0
    orientation:
      x: 0.0
      y: 0.0
      z: 3.248223485913942e-14
      w: 1.0
navigation_time:
  sec: 0
  nanosec: 32000000
estimated_time_remaining:
  sec: 0
  nanosec: 0
number_of_recoveries: 0
distance_remaining: 17.685592651367188

Feedback:
    current_pose:
  header:
    stamp:
      sec: 17
      nanosec: 340000000
    frame_id: map
  pose:
    position:
      x: -13.000000000001346
      y: 3.929045209821984e-26
      z: 0.0
    orientation:
      x: 0.0
      y: 0.0
      z: 3.248223485913942e-14
      w: 1.0
navigation_time:
  sec: 0
  nanosec: 32000000
estimated_time_remaining:
  sec: 0
  nanosec: 0
number_of_recoveries: 0
distance_remaining: 17.685592651367188

Feedback:
    current_pose:
  header:
    stamp:
      sec: 17
      nanosec: 340000000
    frame_id: map
  pose:
    position:
      x: -13.000000000001346
      y: 3.929045209821984e-26
      z: 0.0
    orientation:
      x: 0.0
      y: 0.0
      z: 3.248223485913942e-14
      w: 1.0
navigation_time:
  sec: 0
  nanosec: 32000000
estimated_time_remaining:
  sec: 0
  nanosec: 0
number_of_recoveries: 0
distance_remaining: 17.685592651367188

Feedback:
    current_pose:
  header:
    stamp:
      sec: 17
      nanosec: 360000000
    frame_id: map
  pose:
    position:
      x: -13.000000000001346
      y: 3.9290451520440856e-26
      z: 0.0
    orientation:
      x: 0.0
      y: 0.0
      z: 3.248226993159739e-14
      w: 1.0
navigation_time:
  sec: 0
  nanosec: 56000000
estimated_time_remaining:
  sec: 0
  nanosec: 0
number_of_recoveries: 0
distance_remaining: 17.685592651367188

Feedback:
    current_pose:
  header:
    stamp:
      sec: 17
      nanosec: 380000000
    frame_id: map
  pose:
    position:
      x: -12.999920000002925
      y: -5.53044978421926e-09
      z: 0.0
    orientation:
      x: 0.0
      y: 0.0
      z: -6.913062337676566e-05
      w: 0.9999999976104783
navigation_time:
  sec: 0
  nanosec: 68000000
estimated_time_remaining:
  sec: 0
  nanosec: 0
number_of_recoveries: 0
distance_remaining: 17.685592651367188

Feedback:
    current_pose:
  header:
    stamp:
      sec: 17
      nanosec: 380000000
    frame_id: map
  pose:
    position:
      x: -12.999920000002925
      y: -5.53044978421926e-09
      z: 0.0
    orientation:
      x: 0.0
      y: 0.0
      z: -6.913062337676566e-05
      w: 0.9999999976104783
navigation_time:
  sec: 0
  nanosec: 68000000
estimated_time_remaining:
  sec: 0
  nanosec: 0
number_of_recoveries: 0
distance_remaining: 17.685592651367188

Feedback:
    current_pose:
  header:
    stamp:
      sec: 17
      nanosec: 380000000
    frame_id: map
  pose:
    position:
      x: -12.999920000002925
      y: -5.53044978421926e-09
      z: 0.0
    orientation:
      x: 0.0
      y: 0.0
      z: -6.913062337676566e-05
      w: 0.9999999976104783
navigation_time:
  sec: 0
  nanosec: 68000000
estimated_time_remaining:
  sec: 0
  nanosec: 0
number_of_recoveries: 0
distance_remaining: 17.685592651367188

Feedback:
    current_pose:
  header:
    stamp:
      sec: 17
      nanosec: 400000000
    frame_id: map
  pose:
    position:
      x: -12.99837498141929
      y: -8.485926851609711e-07
      z: 0.0
    orientation:
      x: 0.0
      y: 0.0
      z: -0.00041478372912279816
      w: 0.9999999139772254
navigation_time:
  sec: 0
  nanosec: 84000000
estimated_time_remaining:
  sec: 0
  nanosec: 0
number_of_recoveries: 0
distance_remaining: 17.685592651367188

Feedback:
    current_pose:
  header:
    stamp:
      sec: 17
      nanosec: 400000000
    frame_id: map
  pose:
    position:
      x: -12.99837498141929
      y: -8.485926851609711e-07
      z: 0.0
    orientation:
      x: 0.0
      y: 0.0
      z: -0.00041478372912279816
      w: 0.9999999139772254
navigation_time:
  sec: 0
  nanosec: 84000000
estimated_time_remaining:
  sec: 0
  nanosec: 0
number_of_recoveries: 0
distance_remaining: 17.685592651367188

Feedback:
    current_pose:
  header:
    stamp:
      sec: 17
      nanosec: 400000000
    frame_id: map
  pose:
    position:
      x: -12.99837498141929
      y: -8.485926851609711e-07
      z: 0.0
    orientation:
      x: 0.0
      y: 0.0
      z: -0.00041478372912279816
      w: 0.9999999139772254
navigation_time:
  sec: 0
  nanosec: 84000000
estimated_time_remaining:
  sec: 0
  nanosec: 0
number_of_recoveries: 0
distance_remaining: 17.685592651367188

Feedback:
    current_pose:
  header:
    stamp:
      sec: 17
      nanosec: 400000000
    frame_id: map
  pose:
    position:
      x: -12.99837498141929
      y: -8.485926851609711e-07
      z: 0.0
    orientation:
      x: 0.0
      y: 0.0
      z: -0.00041478372912279816
      w: 0.9999999139772254
navigation_time:
  sec: 0
  nanosec: 96000000
estimated_time_remaining:
  sec: 0
  nanosec: 0
number_of_recoveries: 0
distance_remaining: 17.685592651367188

Feedback:
    current_pose:
  header:
    stamp:
      sec: 17
      nanosec: 420000000
    frame_id: map
  pose:
    position:
      x: -12.995697001935673
      y: -4.0515473162393954e-06
      z: 0.0
    orientation:
      x: 0.0
      y: 0.0
      z: -0.0007610492057265203
      w: 0.9999997104020112
navigation_time:
  sec: 0
  nanosec: 124000000
estimated_time_remaining:
  sec: 0
  nanosec: 0
number_of_recoveries: 0
distance_remaining: 17.685592651367188

Feedback:
    current_pose:
  header:
    stamp:
      sec: 17
      nanosec: 420000000
    frame_id: map
  pose:
    position:
      x: -12.995697001935673
      y: -4.0515473162393954e-06
      z: 0.0
    orientation:
      x: 0.0
      y: 0.0
      z: -0.0007610492057265203
      w: 0.9999997104020112
navigation_time:
  sec: 0
  nanosec: 124000000
estimated_time_remaining:
  sec: 0
  nanosec: 0
number_of_recoveries: 0
distance_remaining: 17.685592651367188

Feedback:
    current_pose:
  header:
    stamp:
      sec: 17
      nanosec: 420000000
    frame_id: map
  pose:
    position:
      x: -12.995697001935673
      y: -4.0515473162393954e-06
      z: 0.0
    orientation:
      x: 0.0
      y: 0.0
      z: -0.0007610492057265203
      w: 0.9999997104020112
navigation_time:
  sec: 0
  nanosec: 124000000
estimated_time_remaining:
  sec: 0
  nanosec: 0
number_of_recoveries: 0
distance_remaining: 17.685592651367188

Feedback:
    current_pose:
  header:
    stamp:
      sec: 17
      nanosec: 420000000
    frame_id: map
  pose:
    position:
      x: -12.995697001935673
      y: -4.0515473162393954e-06
      z: 0.0
    orientation:
      x: 0.0
      y: 0.0
      z: -0.0007610492057265203
      w: 0.9999997104020112
navigation_time:
  sec: 0
  nanosec: 124000000
estimated_time_remaining:
  sec: 0
  nanosec: 0
number_of_recoveries: 0
distance_remaining: 17.685592651367188

Feedback:
    current_pose:
  header:
    stamp:
      sec: 17
      nanosec: 440000000
    frame_id: map
  pose:
    position:
      x: -12.992783767481189
      y: -9.494982348888799e-06
      z: 0.0
    orientation:
      x: 0.0
      y: 0.0
      z: -0.0011074677101108547
      w: 0.9999993867574474
navigation_time:
  sec: 0
  nanosec: 128000000
estimated_time_remaining:
  sec: 982
  nanosec: 597708726
number_of_recoveries: 0
distance_remaining: 17.685592651367188

Feedback:
    current_pose:
  header:
    stamp:
      sec: 17
      nanosec: 460000000
    frame_id: map
  pose:
    position:
      x: -12.989301585362893
      y: -1.8434603738756505e-05
      z: 0.0
    orientation:
      x: 0.0
      y: 0.0
      z: -0.0014563869748763175
      w: 0.9999989394679275
navigation_time:
  sec: 0
  nanosec: 164000000
estimated_time_remaining:
  sec: 631
  nanosec: 816094369
number_of_recoveries: 0
distance_remaining: 17.685592651367188

Feedback:
    current_pose:
  header:
    stamp:
      sec: 17
      nanosec: 460000000
    frame_id: map
  pose:
    position:
      x: -12.989301585362893
      y: -1.8434603738756505e-05
      z: 0.0
    orientation:
      x: 0.0
      y: 0.0
      z: -0.0014563869748763175
      w: 0.9999989394679275
navigation_time:
  sec: 0
  nanosec: 164000000
estimated_time_remaining:
  sec: 631
  nanosec: 816094369
number_of_recoveries: 0
distance_remaining: 17.685592651367188

Feedback:
    current_pose:
  header:
    stamp:
      sec: 17
      nanosec: 460000000
    frame_id: map
  pose:
    position:
      x: -12.989301585362893
      y: -1.8434603738756505e-05
      z: 0.0
    orientation:
      x: 0.0
      y: 0.0
      z: -0.0014563869748763175
      w: 0.9999989394679275
navigation_time:
  sec: 0
  nanosec: 164000000
estimated_time_remaining:
  sec: 631
  nanosec: 816094369
number_of_recoveries: 0
distance_remaining: 17.685592651367188

Feedback:
    current_pose:
  header:
    stamp:
      sec: 17
      nanosec: 460000000
    frame_id: map
  pose:
    position:
      x: -12.989301585362893
      y: -1.8434603738756505e-05
      z: 0.0
    orientation:
      x: 0.0
      y: 0.0
      z: -0.0014563869748763175
      w: 0.9999989394679275
navigation_time:
  sec: 0
  nanosec: 164000000
estimated_time_remaining:
  sec: 631
  nanosec: 816094369
number_of_recoveries: 0
distance_remaining: 17.685592651367188

Feedback:
    current_pose:
  header:
    stamp:
      sec: 17
      nanosec: 480000000
    frame_id: map
  pose:
    position:
      x: -12.985777171999683
      y: -2.993020431074694e-05
      z: 0.0
    orientation:
      x: 0.0
      y: 0.0
      z: -0.0018053060646626394
      w: 0.9999983704336787
navigation_time:
  sec: 0
  nanosec: 180000000
estimated_time_remaining:
  sec: 454
  nanosec: 180934736
number_of_recoveries: 0
distance_remaining: 17.685592651367188

Feedback:
    current_pose:
  header:
    stamp:
      sec: 17
      nanosec: 500000000
    frame_id: map
  pose:
    position:
      x: -12.98179270127509
      y: -4.57215802748519e-05
      z: 0.0
    orientation:
      x: 0.0
      y: 0.0
      z: -0.0021460090808891187
      w: 0.9999976973198611
navigation_time:
  sec: 0
  nanosec: 196000000
estimated_time_remaining:
  sec: 349
  nanosec: 19348979
number_of_recoveries: 0
distance_remaining: 17.685592651367188

Feedback:
    current_pose:
  header:
    stamp:
      sec: 17
      nanosec: 500000000
    frame_id: map
  pose:
    position:
      x: -12.98179270127509
      y: -4.57215802748519e-05
      z: 0.0
    orientation:
      x: 0.0
      y: 0.0
      z: -0.0021460090808891187
      w: 0.9999976973198611
navigation_time:
  sec: 0
  nanosec: 196000000
estimated_time_remaining:
  sec: 349
  nanosec: 19348979
number_of_recoveries: 0
distance_remaining: 17.685592651367188

Feedback:
    current_pose:
  header:
    stamp:
      sec: 17
      nanosec: 500000000
    frame_id: map
  pose:
    position:
      x: -12.98179270127509
      y: -4.57215802748519e-05
      z: 0.0
    orientation:
      x: 0.0
      y: 0.0
      z: -0.0021460090808891187
      w: 0.9999976973198611
navigation_time:
  sec: 0
  nanosec: 196000000
estimated_time_remaining:
  sec: 349
  nanosec: 19348979
number_of_recoveries: 0
distance_remaining: 17.685592651367188

Feedback:
    current_pose:
  header:
    stamp:
      sec: 17
      nanosec: 500000000
    frame_id: map
  pose:
    position:
      x: -12.98179270127509
      y: -4.57215802748519e-05
      z: 0.0
    orientation:
      x: 0.0
      y: 0.0
      z: -0.0021460090808891187
      w: 0.9999976973198611
navigation_time:
  sec: 0
  nanosec: 196000000
estimated_time_remaining:
  sec: 349
  nanosec: 19348979
number_of_recoveries: 0
distance_remaining: 17.685592651367188

Feedback:
    current_pose:
  header:
    stamp:
      sec: 17
      nanosec: 520000000
    frame_id: map
  pose:
    position:
      x: -12.977554864890239
      y: -6.537330092001905e-05
      z: 0.0
    orientation:
      x: 0.0
      y: 0.0
      z: -0.0024911079387875106
      w: 0.999996897185805
navigation_time:
  sec: 0
  nanosec: 220000000
estimated_time_remaining:
  sec: 277
  nanosec: 798963427
number_of_recoveries: 0
distance_remaining: 17.64571189880371

Feedback:
    current_pose:
  header:
    stamp:
      sec: 17
      nanosec: 540000000
    frame_id: map
  pose:
    position:
      x: -12.972603123329511
      y: -9.188082648660651e-05
      z: 0.0
    orientation:
      x: 0.0
      y: 0.0
      z: -0.002862006710025444
      w: 0.9999959044504091
navigation_time:
  sec: 0
  nanosec: 228000000
estimated_time_remaining:
  sec: 226
  nanosec: 579677441
number_of_recoveries: 0
distance_remaining: 17.64571189880371

Feedback:
    current_pose:
  header:
    stamp:
      sec: 17
      nanosec: 540000000
    frame_id: map
  pose:
    position:
      x: -12.972603123329511
      y: -9.188082648660651e-05
      z: 0.0
    orientation:
      x: 0.0
      y: 0.0
      z: -0.002862006710025444
      w: 0.9999959044504091
navigation_time:
  sec: 0
  nanosec: 228000000
estimated_time_remaining:
  sec: 226
  nanosec: 579677441
number_of_recoveries: 0
distance_remaining: 17.64571189880371

Feedback:
    current_pose:
  header:
    stamp:
      sec: 17
      nanosec: 540000000
    frame_id: map
  pose:
    position:
      x: -12.972603123329511
      y: -9.188082648660651e-05
      z: 0.0
    orientation:
      x: 0.0
      y: 0.0
      z: -0.002862006710025444
      w: 0.9999959044504091
navigation_time:
  sec: 0
  nanosec: 228000000
estimated_time_remaining:
  sec: 226
  nanosec: 579677441
number_of_recoveries: 0
distance_remaining: 17.64571189880371

Feedback:
    current_pose:
  header:
    stamp:
      sec: 17
      nanosec: 540000000
    frame_id: map
  pose:
    position:
      x: -12.972603123329511
      y: -9.188082648660651e-05
      z: 0.0
    orientation:
      x: 0.0
      y: 0.0
      z: -0.002862006710025444
      w: 0.9999959044504091
navigation_time:
  sec: 0
  nanosec: 228000000
estimated_time_remaining:
  sec: 226
  nanosec: 579677441
number_of_recoveries: 0
distance_remaining: 17.64571189880371

Feedback:
    current_pose:
  header:
    stamp:
      sec: 17
      nanosec: 560000000
    frame_id: map
  pose:
    position:
      x: -12.967417997540151
      y: -0.00012327768615760966
      z: 0.0
    orientation:
      x: 0.0
      y: 0.0
      z: -0.0031156827377175796
      w: 0.9999951462487596
navigation_time:
  sec: 0
  nanosec: 256000000
estimated_time_remaining:
  sec: 188
  nanosec: 285732166
number_of_recoveries: 0
distance_remaining: 17.64571189880371

Feedback:
    current_pose:
  header:
    stamp:
      sec: 17
      nanosec: 560000000
    frame_id: map
  pose:
    position:
      x: -12.967417997540151
      y: -0.00012327768615760966
      z: 0.0
    orientation:
      x: 0.0
      y: 0.0
      z: -0.0031156827377175796
      w: 0.9999951462487596
navigation_time:
  sec: 0
  nanosec: 264000000
estimated_time_remaining:
  sec: 188
  nanosec: 285732166
number_of_recoveries: 0
distance_remaining: 17.64571189880371

Feedback:
    current_pose:
  header:
    stamp:
      sec: 17
      nanosec: 560000000
    frame_id: map
  pose:
    position:
      x: -12.967417997540151
      y: -0.00012327768615760966
      z: 0.0
    orientation:
      x: 0.0
      y: 0.0
      z: -0.0031156827377175796
      w: 0.9999951462487596
navigation_time:
  sec: 0
  nanosec: 264000000
estimated_time_remaining:
  sec: 188
  nanosec: 285732166
number_of_recoveries: 0
distance_remaining: 17.64571189880371

Feedback:
    current_pose:
  header:
    stamp:
      sec: 17
      nanosec: 560000000
    frame_id: map
  pose:
    position:
      x: -12.967417997540151
      y: -0.00012327768615760966
      z: 0.0
    orientation:
      x: 0.0
      y: 0.0
      z: -0.0031156827377175796
      w: 0.9999951462487596
navigation_time:
  sec: 0
  nanosec: 264000000
estimated_time_remaining:
  sec: 188
  nanosec: 285732166
number_of_recoveries: 0
distance_remaining: 17.64571189880371

Feedback:
    current_pose:
  header:
    stamp:
      sec: 17
      nanosec: 560000000
    frame_id: map
  pose:
    position:
      x: -12.967417997540151
      y: -0.00012327768615760966
      z: 0.0
    orientation:
      x: 0.0
      y: 0.0
      z: -0.0031156827377175796
      w: 0.9999951462487596
navigation_time:
  sec: 0
  nanosec: 264000000
estimated_time_remaining:
  sec: 188
  nanosec: 285732166
number_of_recoveries: 0
distance_remaining: 17.64571189880371

Feedback:
    current_pose:
  header:
    stamp:
      sec: 17
      nanosec: 560000000
    frame_id: map
  pose:
    position:
      x: -12.967417997540151
      y: -0.00012327768615760966
      z: 0.0
    orientation:
      x: 0.0
      y: 0.0
      z: -0.0031156827377175796
      w: 0.9999951462487596
navigation_time:
  sec: 0
  nanosec: 264000000
estimated_time_remaining:
  sec: 188
  nanosec: 285732166
number_of_recoveries: 0
distance_remaining: 17.64571189880371

Feedback:
    current_pose:
  header:
    stamp:
      sec: 17
      nanosec: 580000000
    frame_id: map
  pose:
    position:
      x: -12.961699257298955
      y: -0.00015935894570764952
      z: 0.0
    orientation:
      x: 0.0
      y: 0.0
      z: -0.003193525130511417
      w: 0.9999949006856189
navigation_time:
  sec: 0
  nanosec: 284000000
estimated_time_remaining:
  sec: 136
  nanosec: 639314452
number_of_recoveries: 0
distance_remaining: 17.64571189880371

Feedback:
    current_pose:
  header:
    stamp:
      sec: 17
      nanosec: 600000000
    frame_id: map
  pose:
    position:
      x: -12.955651536851876
      y: -0.00019738702364571444
      z: 0.0
    orientation:
      x: 0.0
      y: 0.0
      z: -0.002985876490177662
      w: 0.999995542260857
navigation_time:
  sec: 0
  nanosec: 284000000
estimated_time_remaining:
  sec: 136
  nanosec: 639314452
number_of_recoveries: 0
distance_remaining: 17.64571189880371

Feedback:
    current_pose:
  header:
    stamp:
      sec: 17
      nanosec: 600000000
    frame_id: map
  pose:
    position:
      x: -12.955651536851876
      y: -0.00019738702364571444
      z: 0.0
    orientation:
      x: 0.0
      y: 0.0
      z: -0.002985876490177662
      w: 0.999995542260857
navigation_time:
  sec: 0
  nanosec: 284000000
estimated_time_remaining:
  sec: 136
  nanosec: 639314452
number_of_recoveries: 0
distance_remaining: 17.64571189880371

Feedback:
    current_pose:
  header:
    stamp:
      sec: 17
      nanosec: 600000000
    frame_id: map
  pose:
    position:
      x: -12.955651536851876
      y: -0.00019738702364571444
      z: 0.0
    orientation:
      x: 0.0
      y: 0.0
      z: -0.002985876490177662
      w: 0.999995542260857
navigation_time:
  sec: 0
  nanosec: 284000000
estimated_time_remaining:
  sec: 136
  nanosec: 639314452
number_of_recoveries: 0
distance_remaining: 17.64571189880371

Feedback:
    current_pose:
  header:
    stamp:
      sec: 17
      nanosec: 600000000
    frame_id: map
  pose:
    position:
      x: -12.955651536851876
      y: -0.00019738702364571444
      z: 0.0
    orientation:
      x: 0.0
      y: 0.0
      z: -0.002985876490177662
      w: 0.999995542260857
navigation_time:
  sec: 0
  nanosec: 296000000
estimated_time_remaining:
  sec: 136
  nanosec: 639314452
number_of_recoveries: 0
distance_remaining: 17.64571189880371

Feedback:
    current_pose:
  header:
    stamp:
      sec: 17
      nanosec: 620000000
    frame_id: map
  pose:
    position:
      x: -12.949063512015513
      y: -0.00023362172590081544
      z: 0.0
    orientation:
      x: 0.0
      y: 0.0
      z: -0.0025002565974151392
      w: 0.9999968743535887
navigation_time:
  sec: 0
  nanosec: 320000000
estimated_time_remaining:
  sec: 118
  nanosec: 519463428
number_of_recoveries: 0
distance_remaining: 17.64571189880371

Feedback:
    current_pose:
  header:
    stamp:
      sec: 17
      nanosec: 620000000
    frame_id: map
  pose:
    position:
      x: -12.949063512015513
      y: -0.00023362172590081544
      z: 0.0
    orientation:
      x: 0.0
      y: 0.0
      z: -0.0025002565974151392
      w: 0.9999968743535887
navigation_time:
  sec: 0
  nanosec: 324000000
estimated_time_remaining:
  sec: 118
  nanosec: 519463428
number_of_recoveries: 0
distance_remaining: 17.64571189880371

Feedback:
    current_pose:
  header:
    stamp:
      sec: 17
      nanosec: 620000000
    frame_id: map
  pose:
    position:
      x: -12.949063512015513
      y: -0.00023362172590081544
      z: 0.0
    orientation:
      x: 0.0
      y: 0.0
      z: -0.0025002565974151392
      w: 0.9999968743535887
navigation_time:
  sec: 0
  nanosec: 324000000
estimated_time_remaining:
  sec: 118
  nanosec: 519463428
number_of_recoveries: 0
distance_remaining: 17.64571189880371

Feedback:
    current_pose:
  header:
    stamp:
      sec: 17
      nanosec: 620000000
    frame_id: map
  pose:
    position:
      x: -12.949063512015513
      y: -0.00023362172590081544
      z: 0.0
    orientation:
      x: 0.0
      y: 0.0
      z: -0.0025002565974151392
      w: 0.9999968743535887
navigation_time:
  sec: 0
  nanosec: 324000000
estimated_time_remaining:
  sec: 118
  nanosec: 519463428
number_of_recoveries: 0
distance_remaining: 17.64571189880371

Feedback:
    current_pose:
  header:
    stamp:
      sec: 17
      nanosec: 620000000
    frame_id: map
  pose:
    position:
      x: -12.949063512015513
      y: -0.00023362172590081544
      z: 0.0
    orientation:
      x: 0.0
      y: 0.0
      z: -0.0025002565974151392
      w: 0.9999968743535887
navigation_time:
  sec: 0
  nanosec: 324000000
estimated_time_remaining:
  sec: 118
  nanosec: 519463428
number_of_recoveries: 0
distance_remaining: 17.64571189880371

Feedback:
    current_pose:
  header:
    stamp:
      sec: 17
      nanosec: 640000000
    frame_id: map
  pose:
    position:
      x: -12.942340916234373
      y: -0.0002637286710385846
      z: 0.0
    orientation:
      x: 0.0
      y: 0.0
      z: -0.0019441010918444719
      w: 0.9999981102336869
navigation_time:
  sec: 0
  nanosec: 340000000
estimated_time_remaining:
  sec: 103
  nanosec: 845122253
number_of_recoveries: 0
distance_remaining: 17.620710372924805

Feedback:
    current_pose:
  header:
    stamp:
      sec: 17
      nanosec: 660000000
    frame_id: map
  pose:
    position:
      x: -12.935326938484124
      y: -0.00028573545576297013
      z: 0.0
    orientation:
      x: 0.0
      y: 0.0
      z: -0.0011934483441105874
      w: 0.9999992878402713
navigation_time:
  sec: 0
  nanosec: 364000000
estimated_time_remaining:
  sec: 92
  nanosec: 184486972
number_of_recoveries: 0
distance_remaining: 17.620710372924805

Feedback:
    current_pose:
  header:
    stamp:
      sec: 17
      nanosec: 660000000
    frame_id: map
  pose:
    position:
      x: -12.935326938484124
      y: -0.00028573545576297013
      z: 0.0
    orientation:
      x: 0.0
      y: 0.0
      z: -0.0011934483441105874
      w: 0.9999992878402713
navigation_time:
  sec: 0
  nanosec: 364000000
estimated_time_remaining:
  sec: 92
  nanosec: 184486972
number_of_recoveries: 0
distance_remaining: 17.620710372924805

Feedback:
    current_pose:
  header:
    stamp:
      sec: 17
      nanosec: 660000000
    frame_id: map
  pose:
    position:
      x: -12.935326938484124
      y: -0.00028573545576297013
      z: 0.0
    orientation:
      x: 0.0
      y: 0.0
      z: -0.0011934483441105874
      w: 0.9999992878402713
navigation_time:
  sec: 0
  nanosec: 364000000
estimated_time_remaining:
  sec: 92
  nanosec: 184486972
number_of_recoveries: 0
distance_remaining: 17.620710372924805

Feedback:
    current_pose:
  header:
    stamp:
      sec: 17
      nanosec: 660000000
    frame_id: map
  pose:
    position:
      x: -12.935326938484124
      y: -0.00028573545576297013
      z: 0.0
    orientation:
      x: 0.0
      y: 0.0
      z: -0.0011934483441105874
      w: 0.9999992878402713
navigation_time:
  sec: 0
  nanosec: 364000000
estimated_time_remaining:
  sec: 92
  nanosec: 184486972
number_of_recoveries: 0
distance_remaining: 17.620710372924805

Feedback:
    current_pose:
  header:
    stamp:
      sec: 17
      nanosec: 660000000
    frame_id: map
  pose:
    position:
      x: -12.935326938484124
      y: -0.00028573545576297013
      z: 0.0
    orientation:
      x: 0.0
      y: 0.0
      z: -0.0011934483441105874
      w: 0.9999992878402713
navigation_time:
  sec: 0
  nanosec: 364000000
estimated_time_remaining:
  sec: 92
  nanosec: 184486972
number_of_recoveries: 0
distance_remaining: 17.620710372924805

Feedback:
    current_pose:
  header:
    stamp:
      sec: 17
      nanosec: 700000000
    frame_id: map
  pose:
    position:
      x: -12.920502031718451
      y: -0.00029526964146738905
      z: 0.0
    orientation:
      x: 0.0
      y: 0.0
      z: 0.0006083301809007183
      w: 0.9999998149671783
navigation_time:
  sec: 0
  nanosec: 396000000
estimated_time_remaining:
  sec: 74
  nanosec: 427036723
number_of_recoveries: 0
distance_remaining: 17.59571075439453

Feedback:
    current_pose:
  header:
    stamp:
      sec: 17
      nanosec: 700000000
    frame_id: map
  pose:
    position:
      x: -12.920502031718451
      y: -0.00029526964146738905
      z: 0.0
    orientation:
      x: 0.0
      y: 0.0
      z: 0.0006083301809007183
      w: 0.9999998149671783
navigation_time:
  sec: 0
  nanosec: 396000000
estimated_time_remaining:
  sec: 74
  nanosec: 427036723
number_of_recoveries: 0
distance_remaining: 17.59571075439453

Feedback:
    current_pose:
  header:
    stamp:
      sec: 17
      nanosec: 700000000
    frame_id: map
  pose:
    position:
      x: -12.920502031718451
      y: -0.00029526964146738905
      z: 0.0
    orientation:
      x: 0.0
      y: 0.0
      z: 0.0006083301809007183
      w: 0.9999998149671783
navigation_time:
  sec: 0
  nanosec: 396000000
estimated_time_remaining:
  sec: 74
  nanosec: 427036723
number_of_recoveries: 0
distance_remaining: 17.59571075439453

Feedback:
    current_pose:
  header:
    stamp:
      sec: 17
      nanosec: 700000000
    frame_id: map
  pose:
    position:
      x: -12.920502031718451
      y: -0.00029526964146738905
      z: 0.0
    orientation:
      x: 0.0
      y: 0.0
      z: 0.0006083301809007183
      w: 0.9999998149671783
navigation_time:
  sec: 0
  nanosec: 404000000
estimated_time_remaining:
  sec: 74
  nanosec: 427036723
number_of_recoveries: 0
distance_remaining: 17.59571075439453

Feedback:
    current_pose:
  header:
    stamp:
      sec: 17
      nanosec: 740000000
    frame_id: map
  pose:
    position:
      x: -12.904918686787754
      y: -0.00024328329183828158
      z: 0.0
    orientation:
      x: 0.0
      y: 0.0
      z: 0.0028194272265687752
      w: 0.9999960254071584
navigation_time:
  sec: 0
  nanosec: 432000000
estimated_time_remaining:
  sec: 63
  nanosec: 866706653
number_of_recoveries: 0
distance_remaining: 17.59571075439453

Feedback:
    current_pose:
  header:
    stamp:
      sec: 17
      nanosec: 740000000
    frame_id: map
  pose:
    position:
      x: -12.904918686787754
      y: -0.00024328329183828158
      z: 0.0
    orientation:
      x: 0.0
      y: 0.0
      z: 0.0028194272265687752
      w: 0.9999960254071584
navigation_time:
  sec: 0
  nanosec: 432000000
estimated_time_remaining:
  sec: 63
  nanosec: 866706653
number_of_recoveries: 0
distance_remaining: 17.59571075439453

Feedback:
    current_pose:
  header:
    stamp:
      sec: 17
      nanosec: 740000000
    frame_id: map
  pose:
    position:
      x: -12.904918686787754
      y: -0.00024328329183828158
      z: 0.0
    orientation:
      x: 0.0
      y: 0.0
      z: 0.0028194272265687752
      w: 0.9999960254071584
navigation_time:
  sec: 0
  nanosec: 432000000
estimated_time_remaining:
  sec: 63
  nanosec: 866706653
number_of_recoveries: 0
distance_remaining: 17.59571075439453

Feedback:
    current_pose:
  header:
    stamp:
      sec: 17
      nanosec: 740000000
    frame_id: map
  pose:
    position:
      x: -12.904918686787754
      y: -0.00024328329183828158
      z: 0.0
    orientation:
      x: 0.0
      y: 0.0
      z: 0.0028194272265687752
      w: 0.9999960254071584
navigation_time:
  sec: 0
  nanosec: 432000000
estimated_time_remaining:
  sec: 63
  nanosec: 866706653
number_of_recoveries: 0
distance_remaining: 17.59571075439453

Feedback:
    current_pose:
  header:
    stamp:
      sec: 17
      nanosec: 740000000
    frame_id: map
  pose:
    position:
      x: -12.904918686787754
      y: -0.00024328329183828158
      z: 0.0
    orientation:
      x: 0.0
      y: 0.0
      z: 0.0028194272265687752
      w: 0.9999960254071584
navigation_time:
  sec: 0
  nanosec: 432000000
estimated_time_remaining:
  sec: 63
  nanosec: 866706653
number_of_recoveries: 0
distance_remaining: 17.59571075439453

Feedback:
    current_pose:
  header:
    stamp:
      sec: 17
      nanosec: 760000000
    frame_id: map
  pose:
    position:
      x: -12.89682229024687
      y: -0.00018720845196976818
      z: 0.0
    orientation:
      x: 0.0
      y: 0.0
      z: 0.004188813044822158
      w: 0.999991226884154
navigation_time:
  sec: 0
  nanosec: 452000000
estimated_time_remaining:
  sec: 60
  nanosec: 218253253
number_of_recoveries: 0
distance_remaining: 17.570711135864258

Feedback:
    current_pose:
  header:
    stamp:
      sec: 17
      nanosec: 760000000
    frame_id: map
  pose:
    position:
      x: -12.89682229024687
      y: -0.00018720845196976818
      z: 0.0
    orientation:
      x: 0.0
      y: 0.0
      z: 0.004188813044822158
      w: 0.999991226884154
navigation_time:
  sec: 0
  nanosec: 460000000
estimated_time_remaining:
  sec: 60
  nanosec: 218253253
number_of_recoveries: 0
distance_remaining: 17.570711135864258

Feedback:
    current_pose:
  header:
    stamp:
      sec: 17
      nanosec: 760000000
    frame_id: map
  pose:
    position:
      x: -12.89682229024687
      y: -0.00018720845196976818
      z: 0.0
    orientation:
      x: 0.0
      y: 0.0
      z: 0.004188813044822158
      w: 0.999991226884154
navigation_time:
  sec: 0
  nanosec: 460000000
estimated_time_remaining:
  sec: 60
  nanosec: 218253253
number_of_recoveries: 0
distance_remaining: 17.570711135864258

Feedback:
    current_pose:
  header:
    stamp:
      sec: 17
      nanosec: 760000000
    frame_id: map
  pose:
    position:
      x: -12.89682229024687
      y: -0.00018720845196976818
      z: 0.0
    orientation:
      x: 0.0
      y: 0.0
      z: 0.004188813044822158
      w: 0.999991226884154
navigation_time:
  sec: 0
  nanosec: 460000000
estimated_time_remaining:
  sec: 60
  nanosec: 218253253
number_of_recoveries: 0
distance_remaining: 17.570711135864258

Feedback:
    current_pose:
  header:
    stamp:
      sec: 17
      nanosec: 760000000
    frame_id: map
  pose:
    position:
      x: -12.89682229024687
      y: -0.00018720845196976818
      z: 0.0
    orientation:
      x: 0.0
      y: 0.0
      z: 0.004188813044822158
      w: 0.999991226884154
navigation_time:
  sec: 0
  nanosec: 460000000
estimated_time_remaining:
  sec: 60
  nanosec: 218253253
number_of_recoveries: 0
distance_remaining: 17.570711135864258

Feedback:
    current_pose:
  header:
    stamp:
      sec: 17
      nanosec: 800000000
    frame_id: map
  pose:
    position:
      x: -12.879880325406688
      y: 1.1335211498937957e-05
      z: 0.0
    orientation:
      x: 0.0
      y: 0.0
      z: 0.007644030808020308
      w: 0.999970783969715
navigation_time:
  sec: 0
  nanosec: 484000000
estimated_time_remaining:
  sec: 54
  nanosec: 373601021
number_of_recoveries: 0
distance_remaining: 17.570711135864258

Feedback:
    current_pose:
  header:
    stamp:
      sec: 17
      nanosec: 800000000
    frame_id: map
  pose:
    position:
      x: -12.879880325406688
      y: 1.1335211498937957e-05
      z: 0.0
    orientation:
      x: 0.0
      y: 0.0
      z: 0.007644030808020308
      w: 0.999970783969715
navigation_time:
  sec: 0
  nanosec: 484000000
estimated_time_remaining:
  sec: 54
  nanosec: 373601021
number_of_recoveries: 0
distance_remaining: 17.570711135864258

Feedback:
    current_pose:
  header:
    stamp:
      sec: 17
      nanosec: 800000000
    frame_id: map
  pose:
    position:
      x: -12.879880325406688
      y: 1.1335211498937957e-05
      z: 0.0
    orientation:
      x: 0.0
      y: 0.0
      z: 0.007644030808020308
      w: 0.999970783969715
navigation_time:
  sec: 0
  nanosec: 484000000
estimated_time_remaining:
  sec: 54
  nanosec: 373601021
number_of_recoveries: 0
distance_remaining: 17.570711135864258

Feedback:
    current_pose:
  header:
    stamp:
      sec: 17
      nanosec: 800000000
    frame_id: map
  pose:
    position:
      x: -12.879880325406688
      y: 1.1335211498937957e-05
      z: 0.0
    orientation:
      x: 0.0
      y: 0.0
      z: 0.007644030808020308
      w: 0.999970783969715
navigation_time:
  sec: 0
  nanosec: 484000000
estimated_time_remaining:
  sec: 54
  nanosec: 373601021
number_of_recoveries: 0
distance_remaining: 17.570711135864258

Feedback:
    current_pose:
  header:
    stamp:
      sec: 17
      nanosec: 820000000
    frame_id: map
  pose:
    position:
      x: -12.871076064029529
      y: 0.00016331130285035641
      z: 0.0
    orientation:
      x: 0.0
      y: 0.0
      z: 0.009630530923927056
      w: 0.9999536253617581
navigation_time:
  sec: 0
  nanosec: 512000000
estimated_time_remaining:
  sec: 51
  nanosec: 838702662
number_of_recoveries: 0
distance_remaining: 17.545711517333984

Feedback:
    current_pose:
  header:
    stamp:
      sec: 17
      nanosec: 820000000
    frame_id: map
  pose:
    position:
      x: -12.871076064029529
      y: 0.00016331130285035641
      z: 0.0
    orientation:
      x: 0.0
      y: 0.0
      z: 0.009630530923927056
      w: 0.9999536253617581
navigation_time:
  sec: 0
  nanosec: 520000000
estimated_time_remaining:
  sec: 51
  nanosec: 838702662
number_of_recoveries: 0
distance_remaining: 17.545711517333984

Feedback:
    current_pose:
  header:
    stamp:
      sec: 17
      nanosec: 820000000
    frame_id: map
  pose:
    position:
      x: -12.871076064029529
      y: 0.00016331130285035641
      z: 0.0
    orientation:
      x: 0.0
      y: 0.0
      z: 0.009630530923927056
      w: 0.9999536253617581
navigation_time:
  sec: 0
  nanosec: 520000000
estimated_time_remaining:
  sec: 51
  nanosec: 838702662
number_of_recoveries: 0
distance_remaining: 17.545711517333984

Feedback:
    current_pose:
  header:
    stamp:
      sec: 17
      nanosec: 820000000
    frame_id: map
  pose:
    position:
      x: -12.871076064029529
      y: 0.00016331130285035641
      z: 0.0
    orientation:
      x: 0.0
      y: 0.0
      z: 0.009630530923927056
      w: 0.9999536253617581
navigation_time:
  sec: 0
  nanosec: 524000000
estimated_time_remaining:
  sec: 51
  nanosec: 838702662
number_of_recoveries: 0
distance_remaining: 17.545711517333984

Feedback:
    current_pose:
  header:
    stamp:
      sec: 17
      nanosec: 860000000
    frame_id: map
  pose:
    position:
      x: -12.852575838277321
      y: 0.0005995622591399918
      z: 0.0
    orientation:
      x: 0.0
      y: 0.0
      z: 0.014036254749600316
      w: 0.999901486923889
navigation_time:
  sec: 0
  nanosec: 548000000
estimated_time_remaining:
  sec: 47
  nanosec: 673914348
number_of_recoveries: 0
distance_remaining: 17.545711517333984

Feedback:
    current_pose:
  header:
    stamp:
      sec: 17
      nanosec: 860000000
    frame_id: map
  pose:
    position:
      x: -12.852575838277321
      y: 0.0005995622591399918
      z: 0.0
    orientation:
      x: 0.0
      y: 0.0
      z: 0.014036254749600316
      w: 0.999901486923889
navigation_time:
  sec: 0
  nanosec: 556000000
estimated_time_remaining:
  sec: 47
  nanosec: 673914348
number_of_recoveries: 0
distance_remaining: 17.545711517333984

Feedback:
    current_pose:
  header:
    stamp:
      sec: 17
      nanosec: 860000000
    frame_id: map
  pose:
    position:
      x: -12.852575838277321
      y: 0.0005995622591399918
      z: 0.0
    orientation:
      x: 0.0
      y: 0.0
      z: 0.014036254749600316
      w: 0.999901486923889
navigation_time:
  sec: 0
  nanosec: 560000000
estimated_time_remaining:
  sec: 47
  nanosec: 673914348
number_of_recoveries: 0
distance_remaining: 17.545711517333984

Feedback:
    current_pose:
  header:
    stamp:
      sec: 17
      nanosec: 860000000
    frame_id: map
  pose:
    position:
      x: -12.852575838277321
      y: 0.0005995622591399918
      z: 0.0
    orientation:
      x: 0.0
      y: 0.0
      z: 0.014036254749600316
      w: 0.999901486923889
navigation_time:
  sec: 0
  nanosec: 560000000
estimated_time_remaining:
  sec: 47
  nanosec: 673914348
number_of_recoveries: 0
distance_remaining: 17.545711517333984

Feedback:
    current_pose:
  header:
    stamp:
      sec: 17
      nanosec: 860000000
    frame_id: map
  pose:
    position:
      x: -12.852575838277321
      y: 0.0005995622591399918
      z: 0.0
    orientation:
      x: 0.0
      y: 0.0
      z: 0.014036254749600316
      w: 0.999901486923889
navigation_time:
  sec: 0
  nanosec: 560000000
estimated_time_remaining:
  sec: 47
  nanosec: 673914348
number_of_recoveries: 0
distance_remaining: 17.545711517333984

Feedback:
    current_pose:
  header:
    stamp:
      sec: 17
      nanosec: 860000000
    frame_id: map
  pose:
    position:
      x: -12.852575838277321
      y: 0.0005995622591399918
      z: 0.0
    orientation:
      x: 0.0
      y: 0.0
      z: 0.014036254749600316
      w: 0.999901486923889
navigation_time:
  sec: 0
  nanosec: 560000000
estimated_time_remaining:
  sec: 47
  nanosec: 673914348
number_of_recoveries: 0
distance_remaining: 17.545711517333984

Feedback:
    current_pose:
  header:
    stamp:
      sec: 17
      nanosec: 880000000
    frame_id: map
  pose:
    position:
      x: -12.843005846413403
      y: 0.000891077638186421
      z: 0.0
    orientation:
      x: 0.0
      y: 0.0
      z: 0.016449708240739595
      w: 0.9998646943955939
navigation_time:
  sec: 0
  nanosec: 584000000
estimated_time_remaining:
  sec: 45
  nanosec: 869318797
number_of_recoveries: 0
distance_remaining: 17.52071189880371

Feedback:
    current_pose:
  header:
    stamp:
      sec: 17
      nanosec: 900000000
    frame_id: map
  pose:
    position:
      x: -12.833044431296207
      y: 0.0012455666921520898
      z: 0.0
    orientation:
      x: 0.0
      y: 0.0
      z: 0.01911958864221282
      w: 0.9998172039578797
navigation_time:
  sec: 0
  nanosec: 596000000
estimated_time_remaining:
  sec: 44
  nanosec: 303830012
number_of_recoveries: 0
distance_remaining: 17.52071189880371

Feedback:
    current_pose:
  header:
    stamp:
      sec: 17
      nanosec: 900000000
    frame_id: map
  pose:
    position:
      x: -12.833044431296207
      y: 0.0012455666921520898
      z: 0.0
    orientation:
      x: 0.0
      y: 0.0
      z: 0.01911958864221282
      w: 0.9998172039578797
navigation_time:
  sec: 0
  nanosec: 596000000
estimated_time_remaining:
  sec: 44
  nanosec: 303830012
number_of_recoveries: 0
distance_remaining: 17.52071189880371

Feedback:
    current_pose:
  header:
    stamp:
      sec: 17
      nanosec: 900000000
    frame_id: map
  pose:
    position:
      x: -12.833044431296207
      y: 0.0012455666921520898
      z: 0.0
    orientation:
      x: 0.0
      y: 0.0
      z: 0.01911958864221282
      w: 0.9998172039578797
navigation_time:
  sec: 0
  nanosec: 596000000
estimated_time_remaining:
  sec: 44
  nanosec: 303830012
number_of_recoveries: 0
distance_remaining: 17.52071189880371

Feedback:
    current_pose:
  header:
    stamp:
      sec: 17
      nanosec: 900000000
    frame_id: map
  pose:
    position:
      x: -12.833044431296207
      y: 0.0012455666921520898
      z: 0.0
    orientation:
      x: 0.0
      y: 0.0
      z: 0.01911958864221282
      w: 0.9998172039578797
navigation_time:
  sec: 0
  nanosec: 596000000
estimated_time_remaining:
  sec: 44
  nanosec: 303830012
number_of_recoveries: 0
distance_remaining: 17.52071189880371

Feedback:
    current_pose:
  header:
    stamp:
      sec: 17
      nanosec: 900000000
    frame_id: map
  pose:
    position:
      x: -12.833044431296207
      y: 0.0012455666921520898
      z: 0.0
    orientation:
      x: 0.0
      y: 0.0
      z: 0.01911958864221282
      w: 0.9998172039578797
navigation_time:
  sec: 0
  nanosec: 596000000
estimated_time_remaining:
  sec: 44
  nanosec: 303830012
number_of_recoveries: 0
distance_remaining: 17.52071189880371

Feedback:
    current_pose:
  header:
    stamp:
      sec: 17
      nanosec: 940000000
    frame_id: map
  pose:
    position:
      x: -12.81260050520194
      y: 0.0021411026768989663
      z: 0.0
    orientation:
      x: 0.0
      y: 0.0
      z: 0.024684828580302534
      w: 0.9996952831928142
navigation_time:
  sec: 0
  nanosec: 632000000
estimated_time_remaining:
  sec: 41
  nanosec: 598353212
number_of_recoveries: 0
distance_remaining: 17.495710372924805

Feedback:
    current_pose:
  header:
    stamp:
      sec: 17
      nanosec: 940000000
    frame_id: map
  pose:
    position:
      x: -12.81260050520194
      y: 0.0021411026768989663
      z: 0.0
    orientation:
      x: 0.0
      y: 0.0
      z: 0.024684828580302534
      w: 0.9996952831928142
navigation_time:
  sec: 0
  nanosec: 632000000
estimated_time_remaining:
  sec: 41
  nanosec: 598353212
number_of_recoveries: 0
distance_remaining: 17.495710372924805

Feedback:
    current_pose:
  header:
    stamp:
      sec: 17
      nanosec: 940000000
    frame_id: map
  pose:
    position:
      x: -12.81260050520194
      y: 0.0021411026768989663
      z: 0.0
    orientation:
      x: 0.0
      y: 0.0
      z: 0.024684828580302534
      w: 0.9996952831928142
navigation_time:
  sec: 0
  nanosec: 632000000
estimated_time_remaining:
  sec: 41
  nanosec: 598353212
number_of_recoveries: 0
distance_remaining: 17.495710372924805

Feedback:
    current_pose:
  header:
    stamp:
      sec: 17
      nanosec: 940000000
    frame_id: map
  pose:
    position:
      x: -12.81260050520194
      y: 0.0021411026768989663
      z: 0.0
    orientation:
      x: 0.0
      y: 0.0
      z: 0.024684828580302534
      w: 0.9996952831928142
navigation_time:
  sec: 0
  nanosec: 632000000
estimated_time_remaining:
  sec: 41
  nanosec: 598353212
number_of_recoveries: 0
distance_remaining: 17.495710372924805

Feedback:
    current_pose:
  header:
    stamp:
      sec: 17
      nanosec: 960000000
    frame_id: map
  pose:
    position:
      x: -12.80220058796134
      y: 0.0026849820897797425
      z: 0.0
    orientation:
      x: 0.0
      y: 0.0
      z: 0.027582257260755527
      w: 0.9996195371662168
navigation_time:
  sec: 0
  nanosec: 652000000
estimated_time_remaining:
  sec: 40
  nanosec: 467905740
number_of_recoveries: 0
distance_remaining: 17.495710372924805

Feedback:
    current_pose:
  header:
    stamp:
      sec: 17
      nanosec: 960000000
    frame_id: map
  pose:
    position:
      x: -12.80220058796134
      y: 0.0026849820897797425
      z: 0.0
    orientation:
      x: 0.0
      y: 0.0
      z: 0.027582257260755527
      w: 0.9996195371662168
navigation_time:
  sec: 0
  nanosec: 664000000
estimated_time_remaining:
  sec: 40
  nanosec: 467905740
number_of_recoveries: 0
distance_remaining: 17.495710372924805

Feedback:
    current_pose:
  header:
    stamp:
      sec: 17
      nanosec: 960000000
    frame_id: map
  pose:
    position:
      x: -12.80220058796134
      y: 0.0026849820897797425
      z: 0.0
    orientation:
      x: 0.0
      y: 0.0
      z: 0.027582257260755527
      w: 0.9996195371662168
navigation_time:
  sec: 0
  nanosec: 664000000
estimated_time_remaining:
  sec: 40
  nanosec: 467905740
number_of_recoveries: 0
distance_remaining: 17.495710372924805

Feedback:
    current_pose:
  header:
    stamp:
      sec: 17
      nanosec: 960000000
    frame_id: map
  pose:
    position:
      x: -12.80220058796134
      y: 0.0026849820897797425
      z: 0.0
    orientation:
      x: 0.0
      y: 0.0
      z: 0.027582257260755527
      w: 0.9996195371662168
navigation_time:
  sec: 0
  nanosec: 664000000
estimated_time_remaining:
  sec: 40
  nanosec: 467905740
number_of_recoveries: 0
distance_remaining: 17.495710372924805

Feedback:
    current_pose:
  header:
    stamp:
      sec: 18
      nanosec: 0
    frame_id: map
  pose:
    position:
      x: -12.781416545636064
      y: 0.003956214379506126
      z: 0.0
    orientation:
      x: 0.0
      y: 0.0
      z: 0.03349573826201927
      w: 0.9994388603202711
navigation_time:
  sec: 0
  nanosec: 684000000
estimated_time_remaining:
  sec: 38
  nanosec: 505706760
number_of_recoveries: 0
distance_remaining: 17.47071075439453

Feedback:
    current_pose:
  header:
    stamp:
      sec: 18
      nanosec: 0
    frame_id: map
  pose:
    position:
      x: -12.781416545636064
      y: 0.003956214379506126
      z: 0.0
    orientation:
      x: 0.0
      y: 0.0
      z: 0.03349573826201927
      w: 0.9994388603202711
navigation_time:
  sec: 0
  nanosec: 684000000
estimated_time_remaining:
  sec: 38
  nanosec: 505706760
number_of_recoveries: 0
distance_remaining: 17.47071075439453

Feedback:
    current_pose:
  header:
    stamp:
      sec: 18
      nanosec: 0
    frame_id: map
  pose:
    position:
      x: -12.781416545636064
      y: 0.003956214379506126
      z: 0.0
    orientation:
      x: 0.0
      y: 0.0
      z: 0.03349573826201927
      w: 0.9994388603202711
navigation_time:
  sec: 0
  nanosec: 684000000
estimated_time_remaining:
  sec: 38
  nanosec: 505706760
number_of_recoveries: 0
distance_remaining: 17.47071075439453

Feedback:
    current_pose:
  header:
    stamp:
      sec: 18
      nanosec: 0
    frame_id: map
  pose:
    position:
      x: -12.781416545636064
      y: 0.003956214379506126
      z: 0.0
    orientation:
      x: 0.0
      y: 0.0
      z: 0.03349573826201927
      w: 0.9994388603202711
navigation_time:
  sec: 0
  nanosec: 684000000
estimated_time_remaining:
  sec: 38
  nanosec: 505706760
number_of_recoveries: 0
distance_remaining: 17.47071075439453

Feedback:
    current_pose:
  header:
    stamp:
      sec: 18
      nanosec: 0
    frame_id: map
  pose:
    position:
      x: -12.781416545636064
      y: 0.003956214379506126
      z: 0.0
    orientation:
      x: 0.0
      y: 0.0
      z: 0.03349573826201927
      w: 0.9994388603202711
navigation_time:
  sec: 0
  nanosec: 684000000
estimated_time_remaining:
  sec: 38
  nanosec: 505706760
number_of_recoveries: 0
distance_remaining: 17.47071075439453

Feedback:
    current_pose:
  header:
    stamp:
      sec: 18
      nanosec: 20000000
    frame_id: map
  pose:
    position:
      x: -12.770823897512079
      y: 0.004701005765779603
      z: 0.0
    orientation:
      x: 0.0
      y: 0.0
      z: 0.0366863387323367
      w: 0.9993268296960791
navigation_time:
  sec: 0
  nanosec: 724000000
estimated_time_remaining:
  sec: 37
  nanosec: 700056675
number_of_recoveries: 0
distance_remaining: 17.47071075439453

Feedback:
    current_pose:
  header:
    stamp:
      sec: 18
      nanosec: 40000000
    frame_id: map
  pose:
    position:
      x: -12.760171312793297
      y: 0.005517474771911452
      z: 0.0
    orientation:
      x: 0.0
      y: 0.0
      z: 0.039790517790647954
      w: 0.9992080437496249
navigation_time:
  sec: 0
  nanosec: 728000000
estimated_time_remaining:
  sec: 36
  nanosec: 897213904
number_of_recoveries: 0
distance_remaining: 17.445711135864258

Feedback:
    current_pose:
  header:
    stamp:
      sec: 18
      nanosec: 40000000
    frame_id: map
  pose:
    position:
      x: -12.760171312793297
      y: 0.005517474771911452
      z: 0.0
    orientation:
      x: 0.0
      y: 0.0
      z: 0.039790517790647954
      w: 0.9992080437496249
navigation_time:
  sec: 0
  nanosec: 728000000
estimated_time_remaining:
  sec: 36
  nanosec: 897213904
number_of_recoveries: 0
distance_remaining: 17.445711135864258

Feedback:
    current_pose:
  header:
    stamp:
      sec: 18
      nanosec: 40000000
    frame_id: map
  pose:
    position:
      x: -12.760171312793297
      y: 0.005517474771911452
      z: 0.0
    orientation:
      x: 0.0
      y: 0.0
      z: 0.039790517790647954
      w: 0.9992080437496249
navigation_time:
  sec: 0
  nanosec: 728000000
estimated_time_remaining:
  sec: 36
  nanosec: 897213904
number_of_recoveries: 0
distance_remaining: 17.445711135864258

Feedback:
    current_pose:
  header:
    stamp:
      sec: 18
      nanosec: 40000000
    frame_id: map
  pose:
    position:
      x: -12.760171312793297
      y: 0.005517474771911452
      z: 0.0
    orientation:
      x: 0.0
      y: 0.0
      z: 0.039790517790647954
      w: 0.9992080437496249
navigation_time:
  sec: 0
  nanosec: 728000000
estimated_time_remaining:
  sec: 36
  nanosec: 912093873
number_of_recoveries: 0
distance_remaining: 17.452747344970703

Feedback:
    current_pose:
  header:
    stamp:
      sec: 18
      nanosec: 40000000
    frame_id: map
  pose:
    position:
      x: -12.760171312793297
      y: 0.005517474771911452
      z: 0.0
    orientation:
      x: 0.0
      y: 0.0
      z: 0.039790517790647954
      w: 0.9992080437496249
navigation_time:
  sec: 0
  nanosec: 740000000
estimated_time_remaining:
  sec: 36
  nanosec: 912093873
number_of_recoveries: 0
distance_remaining: 17.452747344970703

Feedback:
    current_pose:
  header:
    stamp:
      sec: 18
      nanosec: 60000000
    frame_id: map
  pose:
    position:
      x: -12.749498018259162
      y: 0.006402415877021665
      z: 0.0
    orientation:
      x: 0.0
      y: 0.0
      z: 0.042933620381383056
      w: 0.9990779270111751
navigation_time:
  sec: 0
  nanosec: 764000000
estimated_time_remaining:
  sec: 36
  nanosec: 216693434
number_of_recoveries: 0
distance_remaining: 17.452747344970703

Feedback:
    current_pose:
  header:
    stamp:
      sec: 18
      nanosec: 60000000
    frame_id: map
  pose:
    position:
      x: -12.749498018259162
      y: 0.006402415877021665
      z: 0.0
    orientation:
      x: 0.0
      y: 0.0
      z: 0.042933620381383056
      w: 0.9990779270111751
navigation_time:
  sec: 0
  nanosec: 764000000
estimated_time_remaining:
  sec: 36
  nanosec: 216693434
number_of_recoveries: 0
distance_remaining: 17.452747344970703

Feedback:
    current_pose:
  header:
    stamp:
      sec: 18
      nanosec: 60000000
    frame_id: map
  pose:
    position:
      x: -12.749498018259162
      y: 0.006402415877021665
      z: 0.0
    orientation:
      x: 0.0
      y: 0.0
      z: 0.042933620381383056
      w: 0.9990779270111751
navigation_time:
  sec: 0
  nanosec: 764000000
estimated_time_remaining:
  sec: 36
  nanosec: 216693434
number_of_recoveries: 0
distance_remaining: 17.452747344970703

Feedback:
    current_pose:
  header:
    stamp:
      sec: 18
      nanosec: 60000000
    frame_id: map
  pose:
    position:
      x: -12.749498018259162
      y: 0.006402415877021665
      z: 0.0
    orientation:
      x: 0.0
      y: 0.0
      z: 0.042933620381383056
      w: 0.9990779270111751
navigation_time:
  sec: 0
  nanosec: 764000000
estimated_time_remaining:
  sec: 36
  nanosec: 216693434
number_of_recoveries: 0
distance_remaining: 17.452747344970703

Feedback:
    current_pose:
  header:
    stamp:
      sec: 18
      nanosec: 60000000
    frame_id: map
  pose:
    position:
      x: -12.749498018259162
      y: 0.006402415877021665
      z: 0.0
    orientation:
      x: 0.0
      y: 0.0
      z: 0.042933620381383056
      w: 0.9990779270111751
navigation_time:
  sec: 0
  nanosec: 764000000
estimated_time_remaining:
  sec: 36
  nanosec: 216693434
number_of_recoveries: 0
distance_remaining: 17.452747344970703

Feedback:
    current_pose:
  header:
    stamp:
      sec: 18
      nanosec: 100000000
    frame_id: map
  pose:
    position:
      x: -12.727883063269545
      y: 0.008407866130085097
      z: 0.0
    orientation:
      x: 0.0
      y: 0.0
      z: 0.049529358323843746
      w: 0.9987726681602916
navigation_time:
  sec: 0
  nanosec: 796000000
estimated_time_remaining:
  sec: 34
  nanosec: 938987861
number_of_recoveries: 0
distance_remaining: 17.420711517333984

Feedback:
    current_pose:
  header:
    stamp:
      sec: 18
      nanosec: 100000000
    frame_id: map
  pose:
    position:
      x: -12.727883063269545
      y: 0.008407866130085097
      z: 0.0
    orientation:
      x: 0.0
      y: 0.0
      z: 0.049529358323843746
      w: 0.9987726681602916
navigation_time:
  sec: 0
  nanosec: 800000000
estimated_time_remaining:
  sec: 34
  nanosec: 938987861
number_of_recoveries: 0
distance_remaining: 17.420711517333984

Feedback:
    current_pose:
  header:
    stamp:
      sec: 18
      nanosec: 100000000
    frame_id: map
  pose:
    position:
      x: -12.727883063269545
      y: 0.008407866130085097
      z: 0.0
    orientation:
      x: 0.0
      y: 0.0
      z: 0.049529358323843746
      w: 0.9987726681602916
navigation_time:
  sec: 0
  nanosec: 800000000
estimated_time_remaining:
  sec: 34
  nanosec: 938987861
number_of_recoveries: 0
distance_remaining: 17.420711517333984

Feedback:
    current_pose:
  header:
    stamp:
      sec: 18
      nanosec: 100000000
    frame_id: map
  pose:
    position:
      x: -12.727883063269545
      y: 0.008407866130085097
      z: 0.0
    orientation:
      x: 0.0
      y: 0.0
      z: 0.049529358323843746
      w: 0.9987726681602916
navigation_time:
  sec: 0
  nanosec: 800000000
estimated_time_remaining:
  sec: 34
  nanosec: 938987861
number_of_recoveries: 0
distance_remaining: 17.420711517333984

Feedback:
    current_pose:
  header:
    stamp:
      sec: 18
      nanosec: 100000000
    frame_id: map
  pose:
    position:
      x: -12.727883063269545
      y: 0.008407866130085097
      z: 0.0
    orientation:
      x: 0.0
      y: 0.0
      z: 0.049529358323843746
      w: 0.9987726681602916
navigation_time:
  sec: 0
  nanosec: 800000000
estimated_time_remaining:
  sec: 34
  nanosec: 938987861
number_of_recoveries: 0
distance_remaining: 17.420711517333984

Feedback:
    current_pose:
  header:
    stamp:
      sec: 18
      nanosec: 120000000
    frame_id: map
  pose:
    position:
      x: -12.716993862970721
      y: 0.009526796053877717
      z: 0.0
    orientation:
      x: 0.0
      y: 0.0
      z: 0.05282232049707114
      w: 0.9986039267183484
navigation_time:
  sec: 0
  nanosec: 824000000
estimated_time_remaining:
  sec: 34
  nanosec: 410913509
number_of_recoveries: 0
distance_remaining: 17.420711517333984

Feedback:
    current_pose:
  header:
    stamp:
      sec: 18
      nanosec: 120000000
    frame_id: map
  pose:
    position:
      x: -12.716993862970721
      y: 0.009526796053877717
      z: 0.0
    orientation:
      x: 0.0
      y: 0.0
      z: 0.05282232049707114
      w: 0.9986039267183484
navigation_time:
  sec: 0
  nanosec: 824000000
estimated_time_remaining:
  sec: 34
  nanosec: 410913509
number_of_recoveries: 0
distance_remaining: 17.420711517333984

Feedback:
    current_pose:
  header:
    stamp:
      sec: 18
      nanosec: 120000000
    frame_id: map
  pose:
    position:
      x: -12.716993862970721
      y: 0.009526796053877717
      z: 0.0
    orientation:
      x: 0.0
      y: 0.0
      z: 0.05282232049707114
      w: 0.9986039267183484
navigation_time:
  sec: 0
  nanosec: 824000000
estimated_time_remaining:
  sec: 34
  nanosec: 410913509
number_of_recoveries: 0
distance_remaining: 17.420711517333984

Feedback:
    current_pose:
  header:
    stamp:
      sec: 18
      nanosec: 120000000
    frame_id: map
  pose:
    position:
      x: -12.716993862970721
      y: 0.009526796053877717
      z: 0.0
    orientation:
      x: 0.0
      y: 0.0
      z: 0.05282232049707114
      w: 0.9986039267183484
navigation_time:
  sec: 0
  nanosec: 824000000
estimated_time_remaining:
  sec: 34
  nanosec: 410913509
number_of_recoveries: 0
distance_remaining: 17.420711517333984

Feedback:
    current_pose:
  header:
    stamp:
      sec: 18
      nanosec: 140000000
    frame_id: map
  pose:
    position:
      x: -12.706062966710185
      y: 0.010724169671619266
      z: 0.0
    orientation:
      x: 0.0
      y: 0.0
      z: 0.05622870940752311
      w: 0.9984179146221107
navigation_time:
  sec: 0
  nanosec: 840000000
estimated_time_remaining:
  sec: 33
  nanosec: 926172450
number_of_recoveries: 0
distance_remaining: 17.420711517333984

Feedback:
    current_pose:
  header:
    stamp:
      sec: 18
      nanosec: 160000000
    frame_id: map
  pose:
    position:
      x: -12.695155865215272
      y: 0.011994253792956008
      z: 0.0
    orientation:
      x: 0.0
      y: 0.0
      z: 0.059630208024499025
      w: 0.9982205358992345
navigation_time:
  sec: 0
  nanosec: 860000000
estimated_time_remaining:
  sec: 33
  nanosec: 455350510
number_of_recoveries: 0
distance_remaining: 17.39571189880371

Feedback:
    current_pose:
  header:
    stamp:
      sec: 18
      nanosec: 160000000
    frame_id: map
  pose:
    position:
      x: -12.695155865215272
      y: 0.011994253792956008
      z: 0.0
    orientation:
      x: 0.0
      y: 0.0
      z: 0.059630208024499025
      w: 0.9982205358992345
navigation_time:
  sec: 0
  nanosec: 860000000
estimated_time_remaining:
  sec: 33
  nanosec: 455350510
number_of_recoveries: 0
distance_remaining: 17.39571189880371

Feedback:
    current_pose:
  header:
    stamp:
      sec: 18
      nanosec: 160000000
    frame_id: map
  pose:
    position:
      x: -12.695155865215272
      y: 0.011994253792956008
      z: 0.0
    orientation:
      x: 0.0
      y: 0.0
      z: 0.059630208024499025
      w: 0.9982205358992345
navigation_time:
  sec: 0
  nanosec: 860000000
estimated_time_remaining:
  sec: 33
  nanosec: 455350510
number_of_recoveries: 0
distance_remaining: 17.39571189880371

Feedback:
    current_pose:
  header:
    stamp:
      sec: 18
      nanosec: 160000000
    frame_id: map
  pose:
    position:
      x: -12.695155865215272
      y: 0.011994253792956008
      z: 0.0
    orientation:
      x: 0.0
      y: 0.0
      z: 0.059630208024499025
      w: 0.9982205358992345
navigation_time:
  sec: 0
  nanosec: 860000000
estimated_time_remaining:
  sec: 33
  nanosec: 455350510
number_of_recoveries: 0
distance_remaining: 17.39571189880371

Feedback:
    current_pose:
  header:
    stamp:
      sec: 18
      nanosec: 160000000
    frame_id: map
  pose:
    position:
      x: -12.695155865215272
      y: 0.011994253792956008
      z: 0.0
    orientation:
      x: 0.0
      y: 0.0
      z: 0.059630208024499025
      w: 0.9982205358992345
navigation_time:
  sec: 0
  nanosec: 864000000
estimated_time_remaining:
  sec: 33
  nanosec: 455350510
number_of_recoveries: 0
distance_remaining: 17.39571189880371

Feedback:
    current_pose:
  header:
    stamp:
      sec: 18
      nanosec: 200000000
    frame_id: map
  pose:
    position:
      x: -12.673453810017003
      y: 0.014746242150428544
      z: 0.0
    orientation:
      x: 0.0
      y: 0.0
      z: 0.06646328915660658
      w: 0.9977888710516295
navigation_time:
  sec: 0
  nanosec: 884000000
estimated_time_remaining:
  sec: 32
  nanosec: 794761582
number_of_recoveries: 0
distance_remaining: 17.370710372924805

Feedback:
    current_pose:
  header:
    stamp:
      sec: 18
      nanosec: 200000000
    frame_id: map
  pose:
    position:
      x: -12.673453810017003
      y: 0.014746242150428544
      z: 0.0
    orientation:
      x: 0.0
      y: 0.0
      z: 0.06646328915660658
      w: 0.9977888710516295
navigation_time:
  sec: 0
  nanosec: 884000000
estimated_time_remaining:
  sec: 32
  nanosec: 794761582
number_of_recoveries: 0
distance_remaining: 17.370710372924805

Feedback:
    current_pose:
  header:
    stamp:
      sec: 18
      nanosec: 200000000
    frame_id: map
  pose:
    position:
      x: -12.673453810017003
      y: 0.014746242150428544
      z: 0.0
    orientation:
      x: 0.0
      y: 0.0
      z: 0.06646328915660658
      w: 0.9977888710516295
navigation_time:
  sec: 0
  nanosec: 884000000
estimated_time_remaining:
  sec: 32
  nanosec: 794761582
number_of_recoveries: 0
distance_remaining: 17.370710372924805

Feedback:
    current_pose:
  header:
    stamp:
      sec: 18
      nanosec: 220000000
    frame_id: map
  pose:
    position:
      x: -12.662510174132258
      y: 0.01625039793260977
      z: 0.0
    orientation:
      x: 0.0
      y: 0.0
      z: 0.07001659795709989
      w: 0.9975458265215258
navigation_time:
  sec: 0
  nanosec: 904000000
estimated_time_remaining:
  sec: 32
  nanosec: 511492532
number_of_recoveries: 0
distance_remaining: 17.34571075439453

Feedback:
    current_pose:
  header:
    stamp:
      sec: 18
      nanosec: 220000000
    frame_id: map
  pose:
    position:
      x: -12.662510174132258
      y: 0.01625039793260977
      z: 0.0
    orientation:
      x: 0.0
      y: 0.0
      z: 0.07001659795709989
      w: 0.9975458265215258
navigation_time:
  sec: 0
  nanosec: 924000000
estimated_time_remaining:
  sec: 32
  nanosec: 511492532
number_of_recoveries: 0
distance_remaining: 17.34571075439453

Feedback:
    current_pose:
  header:
    stamp:
      sec: 18
      nanosec: 240000000
    frame_id: map
  pose:
    position:
      x: -12.651450483208079
      y: 0.017851075702944082
      z: 0.0
    orientation:
      x: 0.0
      y: 0.0
      z: 0.07359222092543934
      w: 0.9972884161661868
navigation_time:
  sec: 0
  nanosec: 928000000
estimated_time_remaining:
  sec: 32
  nanosec: 302795570
number_of_recoveries: 0
distance_remaining: 17.34571075439453

Feedback:
    current_pose:
  header:
    stamp:
      sec: 18
      nanosec: 240000000
    frame_id: map
  pose:
    position:
      x: -12.651450483208079
      y: 0.017851075702944082
      z: 0.0
    orientation:
      x: 0.0
      y: 0.0
      z: 0.07359222092543934
      w: 0.9972884161661868
navigation_time:
  sec: 0
  nanosec: 928000000
estimated_time_remaining:
  sec: 32
  nanosec: 302795570
number_of_recoveries: 0
distance_remaining: 17.34571075439453

Feedback:
    current_pose:
  header:
    stamp:
      sec: 18
      nanosec: 240000000
    frame_id: map
  pose:
    position:
      x: -12.651450483208079
      y: 0.017851075702944082
      z: 0.0
    orientation:
      x: 0.0
      y: 0.0
      z: 0.07359222092543934
      w: 0.9972884161661868
navigation_time:
  sec: 0
  nanosec: 928000000
estimated_time_remaining:
  sec: 32
  nanosec: 302795570
number_of_recoveries: 0
distance_remaining: 17.34571075439453

Feedback:
    current_pose:
  header:
    stamp:
      sec: 18
      nanosec: 240000000
    frame_id: map
  pose:
    position:
      x: -12.651450483208079
      y: 0.017851075702944082
      z: 0.0
    orientation:
      x: 0.0
      y: 0.0
      z: 0.07359222092543934
      w: 0.9972884161661868
navigation_time:
  sec: 0
  nanosec: 928000000
estimated_time_remaining:
  sec: 32
  nanosec: 302795570
number_of_recoveries: 0
distance_remaining: 17.34571075439453

Feedback:
    current_pose:
  header:
    stamp:
      sec: 18
      nanosec: 240000000
    frame_id: map
  pose:
    position:
      x: -12.651450483208079
      y: 0.017851075702944082
      z: 0.0
    orientation:
      x: 0.0
      y: 0.0
      z: 0.07359222092543934
      w: 0.9972884161661868
navigation_time:
  sec: 0
  nanosec: 928000000
estimated_time_remaining:
  sec: 32
  nanosec: 302795570
number_of_recoveries: 0
distance_remaining: 17.34571075439453

Feedback:
    current_pose:
  header:
    stamp:
      sec: 18
      nanosec: 240000000
    frame_id: map
  pose:
    position:
      x: -12.651450483208079
      y: 0.017851075702944082
      z: 0.0
    orientation:
      x: 0.0
      y: 0.0
      z: 0.07359222092543934
      w: 0.9972884161661868
navigation_time:
  sec: 0
  nanosec: 944000000
estimated_time_remaining:
  sec: 32
  nanosec: 302795570
number_of_recoveries: 0
distance_remaining: 17.34571075439453

Feedback:
    current_pose:
  header:
    stamp:
      sec: 18
      nanosec: 260000000
    frame_id: map
  pose:
    position:
      x: -12.640402552918818
      y: 0.019531006947545965
      z: 0.0
    orientation:
      x: 0.0
      y: 0.0
      z: 0.07716689813529146
      w: 0.9970181893186191
navigation_time:
  sec: 0
  nanosec: 960000000
estimated_time_remaining:
  sec: 32
  nanosec: 126463063
number_of_recoveries: 0
distance_remaining: 17.34571075439453

Feedback:
    current_pose:
  header:
    stamp:
      sec: 18
      nanosec: 260000000
    frame_id: map
  pose:
    position:
      x: -12.640402552918818
      y: 0.019531006947545965
      z: 0.0
    orientation:
      x: 0.0
      y: 0.0
      z: 0.07716689813529146
      w: 0.9970181893186191
navigation_time:
  sec: 0
  nanosec: 960000000
estimated_time_remaining:
  sec: 32
  nanosec: 126463063
number_of_recoveries: 0
distance_remaining: 17.34571075439453

Feedback:
    current_pose:
  header:
    stamp:
      sec: 18
      nanosec: 260000000
    frame_id: map
  pose:
    position:
      x: -12.640402552918818
      y: 0.019531006947545965
      z: 0.0
    orientation:
      x: 0.0
      y: 0.0
      z: 0.07716689813529146
      w: 0.9970181893186191
navigation_time:
  sec: 0
  nanosec: 960000000
estimated_time_remaining:
  sec: 32
  nanosec: 126463063
number_of_recoveries: 0
distance_remaining: 17.34571075439453

Feedback:
    current_pose:
  header:
    stamp:
      sec: 18
      nanosec: 260000000
    frame_id: map
  pose:
    position:
      x: -12.640402552918818
      y: 0.019531006947545965
      z: 0.0
    orientation:
      x: 0.0
      y: 0.0
      z: 0.07716689813529146
      w: 0.9970181893186191
navigation_time:
  sec: 0
  nanosec: 960000000
estimated_time_remaining:
  sec: 32
  nanosec: 126463063
number_of_recoveries: 0
distance_remaining: 17.34571075439453

Feedback:
    current_pose:
  header:
    stamp:
      sec: 18
      nanosec: 280000000
    frame_id: map
  pose:
    position:
      x: -12.62920648531799
      y: 0.02131897805256616
      z: 0.0
    orientation:
      x: 0.0
      y: 0.0
      z: 0.08102656298571513
      w: 0.9967119423839175
navigation_time:
  sec: 0
  nanosec: 976000000
estimated_time_remaining:
  sec: 31
  nanosec: 924682995
number_of_recoveries: 0
distance_remaining: 17.320711135864258

Feedback:
    current_pose:
  header:
    stamp:
      sec: 18
      nanosec: 300000000
    frame_id: map
  pose:
    position:
      x: -12.618125230294364
      y: 0.02317718187458534
      z: 0.0
    orientation:
      x: 0.0
      y: 0.0
      z: 0.08494418922819322
      w: 0.9963857108150262
navigation_time:
  sec: 0
  nanosec: 992000000
estimated_time_remaining:
  sec: 31
  nanosec: 764746467
number_of_recoveries: 0
distance_remaining: 17.320711135864258

Feedback:
    current_pose:
  header:
    stamp:
      sec: 18
      nanosec: 300000000
    frame_id: map
  pose:
    position:
      x: -12.618125230294364
      y: 0.02317718187458534
      z: 0.0
    orientation:
      x: 0.0
      y: 0.0
      z: 0.08494418922819322
      w: 0.9963857108150262
navigation_time:
  sec: 0
  nanosec: 992000000
estimated_time_remaining:
  sec: 31
  nanosec: 764746467
number_of_recoveries: 0
distance_remaining: 17.320711135864258

Feedback:
    current_pose:
  header:
    stamp:
      sec: 18
      nanosec: 300000000
    frame_id: map
  pose:
    position:
      x: -12.618125230294364
      y: 0.02317718187458534
      z: 0.0
    orientation:
      x: 0.0
      y: 0.0
      z: 0.08494418922819322
      w: 0.9963857108150262
navigation_time:
  sec: 0
  nanosec: 992000000
estimated_time_remaining:
  sec: 31
  nanosec: 764746467
number_of_recoveries: 0
distance_remaining: 17.320711135864258

Feedback:
    current_pose:
  header:
    stamp:
      sec: 18
      nanosec: 300000000
    frame_id: map
  pose:
    position:
      x: -12.618125230294364
      y: 0.02317718187458534
      z: 0.0
    orientation:
      x: 0.0
      y: 0.0
      z: 0.08494418922819322
      w: 0.9963857108150262
navigation_time:
  sec: 0
  nanosec: 992000000
estimated_time_remaining:
  sec: 31
  nanosec: 764746467
number_of_recoveries: 0
distance_remaining: 17.320711135864258

Feedback:
    current_pose:
  header:
    stamp:
      sec: 18
      nanosec: 340000000
    frame_id: map
  pose:
    position:
      x: -12.595953943748778
      y: 0.02716644834136617
      z: 0.0
    orientation:
      x: 0.0
      y: 0.0
      z: 0.09284773347828323
      w: 0.9956803193736159
navigation_time:
  sec: 1
  nanosec: 28000000
estimated_time_remaining:
  sec: 31
  nanosec: 437766351
number_of_recoveries: 0
distance_remaining: 17.295711517333984

Feedback:
    current_pose:
  header:
    stamp:
      sec: 18
      nanosec: 340000000
    frame_id: map
  pose:
    position:
      x: -12.595953943748778
      y: 0.02716644834136617
      z: 0.0
    orientation:
      x: 0.0
      y: 0.0
      z: 0.09284773347828323
      w: 0.9956803193736159
navigation_time:
  sec: 1
  nanosec: 28000000
estimated_time_remaining:
  sec: 31
  nanosec: 437766351
number_of_recoveries: 0
distance_remaining: 17.295711517333984

Feedback:
    current_pose:
  header:
    stamp:
      sec: 18
      nanosec: 340000000
    frame_id: map
  pose:
    position:
      x: -12.595953943748778
      y: 0.02716644834136617
      z: 0.0
    orientation:
      x: 0.0
      y: 0.0
      z: 0.09284773347828323
      w: 0.9956803193736159
navigation_time:
  sec: 1
  nanosec: 28000000
estimated_time_remaining:
  sec: 31
  nanosec: 437766351
number_of_recoveries: 0
distance_remaining: 17.295711517333984

Feedback:
    current_pose:
  header:
    stamp:
      sec: 18
      nanosec: 340000000
    frame_id: map
  pose:
    position:
      x: -12.595953943748778
      y: 0.02716644834136617
      z: 0.0
    orientation:
      x: 0.0
      y: 0.0
      z: 0.09284773347828323
      w: 0.9956803193736159
navigation_time:
  sec: 1
  nanosec: 28000000
estimated_time_remaining:
  sec: 31
  nanosec: 437766351
number_of_recoveries: 0
distance_remaining: 17.295711517333984

Feedback:
    current_pose:
  header:
    stamp:
      sec: 18
      nanosec: 340000000
    frame_id: map
  pose:
    position:
      x: -12.595953943748778
      y: 0.02716644834136617
      z: 0.0
    orientation:
      x: 0.0
      y: 0.0
      z: 0.09284773347828323
      w: 0.9956803193736159
navigation_time:
  sec: 1
  nanosec: 68000000
estimated_time_remaining:
  sec: 31
  nanosec: 173714396
number_of_recoveries: 0
distance_remaining: 17.295711517333984

Feedback:
    current_pose:
  header:
    stamp:
      sec: 18
      nanosec: 380000000
    frame_id: map
  pose:
    position:
      x: -12.57341175567616
      y: 0.03159717219803057
      z: 0.0
    orientation:
      x: 0.0
      y: 0.0
      z: 0.1009348360789791
      w: 0.9948930389070525
navigation_time:
  sec: 1
  nanosec: 68000000
estimated_time_remaining:
  sec: 31
  nanosec: 128654372
number_of_recoveries: 0
distance_remaining: 17.27071189880371

Feedback:
    current_pose:
  header:
    stamp:
      sec: 18
      nanosec: 380000000
    frame_id: map
  pose:
    position:
      x: -12.57341175567616
      y: 0.03159717219803057
      z: 0.0
    orientation:
      x: 0.0
      y: 0.0
      z: 0.1009348360789791
      w: 0.9948930389070525
navigation_time:
  sec: 1
  nanosec: 68000000
estimated_time_remaining:
  sec: 31
  nanosec: 128654372
number_of_recoveries: 0
distance_remaining: 17.27071189880371

Feedback:
    current_pose:
  header:
    stamp:
      sec: 18
      nanosec: 380000000
    frame_id: map
  pose:
    position:
      x: -12.57341175567616
      y: 0.03159717219803057
      z: 0.0
    orientation:
      x: 0.0
      y: 0.0
      z: 0.1009348360789791
      w: 0.9948930389070525
navigation_time:
  sec: 1
  nanosec: 68000000
estimated_time_remaining:
  sec: 31
  nanosec: 128654372
number_of_recoveries: 0
distance_remaining: 17.27071189880371

Feedback:
    current_pose:
  header:
    stamp:
      sec: 18
      nanosec: 380000000
    frame_id: map
  pose:
    position:
      x: -12.57341175567616
      y: 0.03159717219803057
      z: 0.0
    orientation:
      x: 0.0
      y: 0.0
      z: 0.1009348360789791
      w: 0.9948930389070525
navigation_time:
  sec: 1
  nanosec: 68000000
estimated_time_remaining:
  sec: 31
  nanosec: 128654372
number_of_recoveries: 0
distance_remaining: 17.27071189880371

Feedback:
    current_pose:
  header:
    stamp:
      sec: 18
      nanosec: 400000000
    frame_id: map
  pose:
    position:
      x: -12.56207182045059
      y: 0.033970622554640395
      z: 0.0
    orientation:
      x: 0.0
      y: 0.0
      z: 0.10502079978801167
      w: 0.994470025496941
navigation_time:
  sec: 1
  nanosec: 84000000
estimated_time_remaining:
  sec: 30
  nanosec: 940070792
number_of_recoveries: 0
distance_remaining: 17.245710372924805

Feedback:
    current_pose:
  header:
    stamp:
      sec: 18
      nanosec: 400000000
    frame_id: map
  pose:
    position:
      x: -12.56207182045059
      y: 0.033970622554640395
      z: 0.0
    orientation:
      x: 0.0
      y: 0.0
      z: 0.10502079978801167
      w: 0.994470025496941
navigation_time:
  sec: 1
  nanosec: 84000000
estimated_time_remaining:
  sec: 30
  nanosec: 940070792
number_of_recoveries: 0
distance_remaining: 17.245710372924805

Feedback:
    current_pose:
  header:
    stamp:
      sec: 18
      nanosec: 400000000
    frame_id: map
  pose:
    position:
      x: -12.56207182045059
      y: 0.033970622554640395
      z: 0.0
    orientation:
      x: 0.0
      y: 0.0
      z: 0.10502079978801167
      w: 0.994470025496941
navigation_time:
  sec: 1
  nanosec: 84000000
estimated_time_remaining:
  sec: 30
  nanosec: 940070792
number_of_recoveries: 0
distance_remaining: 17.245710372924805

Feedback:
    current_pose:
  header:
    stamp:
      sec: 18
      nanosec: 400000000
    frame_id: map
  pose:
    position:
      x: -12.56207182045059
      y: 0.033970622554640395
      z: 0.0
    orientation:
      x: 0.0
      y: 0.0
      z: 0.10502079978801167
      w: 0.994470025496941
navigation_time:
  sec: 1
  nanosec: 84000000
estimated_time_remaining:
  sec: 30
  nanosec: 940070792
number_of_recoveries: 0
distance_remaining: 17.245710372924805

Feedback:
    current_pose:
  header:
    stamp:
      sec: 18
      nanosec: 400000000
    frame_id: map
  pose:
    position:
      x: -12.56207182045059
      y: 0.033970622554640395
      z: 0.0
    orientation:
      x: 0.0
      y: 0.0
      z: 0.10502079978801167
      w: 0.994470025496941
navigation_time:
  sec: 1
  nanosec: 104000000
estimated_time_remaining:
  sec: 30
  nanosec: 940070792
number_of_recoveries: 0
distance_remaining: 17.245710372924805

Feedback:
    current_pose:
  header:
    stamp:
      sec: 18
      nanosec: 420000000
    frame_id: map
  pose:
    position:
      x: -12.550628366317442
      y: 0.036465144892245636
      z: 0.0
    orientation:
      x: 0.0
      y: 0.0
      z: 0.10919627346457496
      w: 0.9940202079743901
navigation_time:
  sec: 1
  nanosec: 120000000
estimated_time_remaining:
  sec: 30
  nanosec: 802781608
number_of_recoveries: 0
distance_remaining: 17.245710372924805

Feedback:
    current_pose:
  header:
    stamp:
      sec: 18
      nanosec: 420000000
    frame_id: map
  pose:
    position:
      x: -12.550628366317442
      y: 0.036465144892245636
      z: 0.0
    orientation:
      x: 0.0
      y: 0.0
      z: 0.10919627346457496
      w: 0.9940202079743901
navigation_time:
  sec: 1
  nanosec: 124000000
estimated_time_remaining:
  sec: 30
  nanosec: 802781608
number_of_recoveries: 0
distance_remaining: 17.245710372924805

Feedback:
    current_pose:
  header:
    stamp:
      sec: 18
      nanosec: 440000000
    frame_id: map
  pose:
    position:
      x: -12.539066433972142
      y: 0.03908855245109435
      z: 0.0
    orientation:
      x: 0.0
      y: 0.0
      z: 0.11346324620961641
      w: 0.9935421942522502
navigation_time:
  sec: 1
  nanosec: 128000000
estimated_time_remaining:
  sec: 30
  nanosec: 654959108
number_of_recoveries: 0
distance_remaining: 17.245710372924805

Feedback:
    current_pose:
  header:
    stamp:
      sec: 18
      nanosec: 440000000
    frame_id: map
  pose:
    position:
      x: -12.539066433972142
      y: 0.03908855245109435
      z: 0.0
    orientation:
      x: 0.0
      y: 0.0
      z: 0.11346324620961641
      w: 0.9935421942522502
navigation_time:
  sec: 1
  nanosec: 128000000
estimated_time_remaining:
  sec: 30
  nanosec: 654959108
number_of_recoveries: 0
distance_remaining: 17.245710372924805

Feedback:
    current_pose:
  header:
    stamp:
      sec: 18
      nanosec: 440000000
    frame_id: map
  pose:
    position:
      x: -12.539066433972142
      y: 0.03908855245109435
      z: 0.0
    orientation:
      x: 0.0
      y: 0.0
      z: 0.11346324620961641
      w: 0.9935421942522502
navigation_time:
  sec: 1
  nanosec: 128000000
estimated_time_remaining:
  sec: 30
  nanosec: 654959108
number_of_recoveries: 0
distance_remaining: 17.245710372924805

Feedback:
    current_pose:
  header:
    stamp:
      sec: 18
      nanosec: 440000000
    frame_id: map
  pose:
    position:
      x: -12.539066433972142
      y: 0.03908855245109435
      z: 0.0
    orientation:
      x: 0.0
      y: 0.0
      z: 0.11346324620961641
      w: 0.9935421942522502
navigation_time:
  sec: 1
  nanosec: 128000000
estimated_time_remaining:
  sec: 30
  nanosec: 654959108
number_of_recoveries: 0
distance_remaining: 17.245710372924805

Feedback:
    current_pose:
  header:
    stamp:
      sec: 18
      nanosec: 440000000
    frame_id: map
  pose:
    position:
      x: -12.539066433972142
      y: 0.03908855245109435
      z: 0.0
    orientation:
      x: 0.0
      y: 0.0
      z: 0.11346324620961641
      w: 0.9935421942522502
navigation_time:
  sec: 1
  nanosec: 128000000
estimated_time_remaining:
  sec: 30
  nanosec: 654959108
number_of_recoveries: 0
distance_remaining: 17.245710372924805

Feedback:
    current_pose:
  header:
    stamp:
      sec: 18
      nanosec: 440000000
    frame_id: map
  pose:
    position:
      x: -12.539066433972142
      y: 0.03908855245109435
      z: 0.0
    orientation:
      x: 0.0
      y: 0.0
      z: 0.11346324620961641
      w: 0.9935421942522502
navigation_time:
  sec: 1
  nanosec: 136000000
estimated_time_remaining:
  sec: 30
  nanosec: 654959108
number_of_recoveries: 0
distance_remaining: 17.245710372924805

Feedback:
    current_pose:
  header:
    stamp:
      sec: 18
      nanosec: 460000000
    frame_id: map
  pose:
    position:
      x: -12.527389056742859
      y: 0.04184511720550392
      z: 0.0
    orientation:
      x: 0.0
      y: 0.0
      z: 0.11784742359537892
      w: 0.9930317138701721
navigation_time:
  sec: 1
  nanosec: 156000000
estimated_time_remaining:
  sec: 30
  nanosec: 448878544
number_of_recoveries: 0
distance_remaining: 17.22071075439453

Feedback:
    current_pose:
  header:
    stamp:
      sec: 18
      nanosec: 460000000
    frame_id: map
  pose:
    position:
      x: -12.527389056742859
      y: 0.04184511720550392
      z: 0.0
    orientation:
      x: 0.0
      y: 0.0
      z: 0.11784742359537892
      w: 0.9930317138701721
navigation_time:
  sec: 1
  nanosec: 156000000
estimated_time_remaining:
  sec: 30
  nanosec: 448878544
number_of_recoveries: 0
distance_remaining: 17.22071075439453

Feedback:
    current_pose:
  header:
    stamp:
      sec: 18
      nanosec: 460000000
    frame_id: map
  pose:
    position:
      x: -12.527389056742859
      y: 0.04184511720550392
      z: 0.0
    orientation:
      x: 0.0
      y: 0.0
      z: 0.11784742359537892
      w: 0.9930317138701721
navigation_time:
  sec: 1
  nanosec: 156000000
estimated_time_remaining:
  sec: 30
  nanosec: 448878544
number_of_recoveries: 0
distance_remaining: 17.22071075439453

Feedback:
    current_pose:
  header:
    stamp:
      sec: 18
      nanosec: 460000000
    frame_id: map
  pose:
    position:
      x: -12.527389056742859
      y: 0.04184511720550392
      z: 0.0
    orientation:
      x: 0.0
      y: 0.0
      z: 0.11784742359537892
      w: 0.9930317138701721
navigation_time:
  sec: 1
  nanosec: 156000000
estimated_time_remaining:
  sec: 30
  nanosec: 448878544
number_of_recoveries: 0
distance_remaining: 17.22071075439453

Feedback:
    current_pose:
  header:
    stamp:
      sec: 18
      nanosec: 460000000
    frame_id: map
  pose:
    position:
      x: -12.527389056742859
      y: 0.04184511720550392
      z: 0.0
    orientation:
      x: 0.0
      y: 0.0
      z: 0.11784742359537892
      w: 0.9930317138701721
navigation_time:
  sec: 1
  nanosec: 160000000
estimated_time_remaining:
  sec: 30
  nanosec: 448878544
number_of_recoveries: 0
distance_remaining: 17.22071075439453

Feedback:
    current_pose:
  header:
    stamp:
      sec: 18
      nanosec: 500000000
    frame_id: map
  pose:
    position:
      x: -12.504088735450738
      y: 0.047673507336655395
      z: 0.0
    orientation:
      x: 0.0
      y: 0.0
      z: 0.1266484925464876
      w: 0.9919476595746886
navigation_time:
  sec: 1
  nanosec: 192000000
estimated_time_remaining:
  sec: 30
  nanosec: 58050964
number_of_recoveries: 0
distance_remaining: 17.195711135864258

Feedback:
    current_pose:
  header:
    stamp:
      sec: 18
      nanosec: 500000000
    frame_id: map
  pose:
    position:
      x: -12.504088735450738
      y: 0.047673507336655395
      z: 0.0
    orientation:
      x: 0.0
      y: 0.0
      z: 0.1266484925464876
      w: 0.9919476595746886
navigation_time:
  sec: 1
  nanosec: 192000000
estimated_time_remaining:
  sec: 30
  nanosec: 58050964
number_of_recoveries: 0
distance_remaining: 17.195711135864258

Feedback:
    current_pose:
  header:
    stamp:
      sec: 18
      nanosec: 500000000
    frame_id: map
  pose:
    position:
      x: -12.504088735450738
      y: 0.047673507336655395
      z: 0.0
    orientation:
      x: 0.0
      y: 0.0
      z: 0.1266484925464876
      w: 0.9919476595746886
navigation_time:
  sec: 1
  nanosec: 192000000
estimated_time_remaining:
  sec: 30
  nanosec: 58050964
number_of_recoveries: 0
distance_remaining: 17.195711135864258

Feedback:
    current_pose:
  header:
    stamp:
      sec: 18
      nanosec: 500000000
    frame_id: map
  pose:
    position:
      x: -12.504088735450738
      y: 0.047673507336655395
      z: 0.0
    orientation:
      x: 0.0
      y: 0.0
      z: 0.1266484925464876
      w: 0.9919476595746886
navigation_time:
  sec: 1
  nanosec: 192000000
estimated_time_remaining:
  sec: 30
  nanosec: 58050964
number_of_recoveries: 0
distance_remaining: 17.195711135864258

Feedback:
    current_pose:
  header:
    stamp:
      sec: 18
      nanosec: 500000000
    frame_id: map
  pose:
    position:
      x: -12.504088735450738
      y: 0.047673507336655395
      z: 0.0
    orientation:
      x: 0.0
      y: 0.0
      z: 0.1266484925464876
      w: 0.9919476595746886
navigation_time:
  sec: 1
  nanosec: 192000000
estimated_time_remaining:
  sec: 30
  nanosec: 58050964
number_of_recoveries: 0
distance_remaining: 17.195711135864258

Feedback:
    current_pose:
  header:
    stamp:
      sec: 18
      nanosec: 520000000
    frame_id: map
  pose:
    position:
      x: -12.492371480561713
      y: 0.05077067888509811
      z: 0.0
    orientation:
      x: 0.0
      y: 0.0
      z: 0.13103893138802106
      w: 0.9913772230895187
navigation_time:
  sec: 1
  nanosec: 224000000
estimated_time_remaining:
  sec: 29
  nanosec: 876227388
number_of_recoveries: 0
distance_remaining: 17.195711135864258

Feedback:
    current_pose:
  header:
    stamp:
      sec: 18
      nanosec: 520000000
    frame_id: map
  pose:
    position:
      x: -12.492371480561713
      y: 0.05077067888509811
      z: 0.0
    orientation:
      x: 0.0
      y: 0.0
      z: 0.13103893138802106
      w: 0.9913772230895187
navigation_time:
  sec: 1
  nanosec: 224000000
estimated_time_remaining:
  sec: 29
  nanosec: 876227388
number_of_recoveries: 0
distance_remaining: 17.195711135864258

Feedback:
    current_pose:
  header:
    stamp:
      sec: 18
      nanosec: 520000000
    frame_id: map
  pose:
    position:
      x: -12.492371480561713
      y: 0.05077067888509811
      z: 0.0
    orientation:
      x: 0.0
      y: 0.0
      z: 0.13103893138802106
      w: 0.9913772230895187
navigation_time:
  sec: 1
  nanosec: 224000000
estimated_time_remaining:
  sec: 29
  nanosec: 876227388
number_of_recoveries: 0
distance_remaining: 17.195711135864258

Feedback:
    current_pose:
  header:
    stamp:
      sec: 18
      nanosec: 520000000
    frame_id: map
  pose:
    position:
      x: -12.492371480561713
      y: 0.05077067888509811
      z: 0.0
    orientation:
      x: 0.0
      y: 0.0
      z: 0.13103893138802106
      w: 0.9913772230895187
navigation_time:
  sec: 1
  nanosec: 224000000
estimated_time_remaining:
  sec: 29
  nanosec: 876227388
number_of_recoveries: 0
distance_remaining: 17.195711135864258

Feedback:
    current_pose:
  header:
    stamp:
      sec: 18
      nanosec: 520000000
    frame_id: map
  pose:
    position:
      x: -12.492371480561713
      y: 0.05077067888509811
      z: 0.0
    orientation:
      x: 0.0
      y: 0.0
      z: 0.13103893138802106
      w: 0.9913772230895187
navigation_time:
  sec: 1
  nanosec: 224000000
estimated_time_remaining:
  sec: 29
  nanosec: 876227388
number_of_recoveries: 0
distance_remaining: 17.195711135864258

Feedback:
    current_pose:
  header:
    stamp:
      sec: 18
      nanosec: 520000000
    frame_id: map
  pose:
    position:
      x: -12.492371480561713
      y: 0.05077067888509811
      z: 0.0
    orientation:
      x: 0.0
      y: 0.0
      z: 0.13103893138802106
      w: 0.9913772230895187
navigation_time:
  sec: 1
  nanosec: 224000000
estimated_time_remaining:
  sec: 29
  nanosec: 876227388
number_of_recoveries: 0
distance_remaining: 17.195711135864258

Feedback:
    current_pose:
  header:
    stamp:
      sec: 18
      nanosec: 560000000
    frame_id: map
  pose:
    position:
      x: -12.468835308464135
      y: 0.05732647810208873
      z: 0.0
    orientation:
      x: 0.0
      y: 0.0
      z: 0.1397270325930134
      w: 0.9901900607271067
navigation_time:
  sec: 1
  nanosec: 260000000
estimated_time_remaining:
  sec: 29
  nanosec: 472631761
number_of_recoveries: 0
distance_remaining: 17.170711517333984

Feedback:
    current_pose:
  header:
    stamp:
      sec: 18
      nanosec: 560000000
    frame_id: map
  pose:
    position:
      x: -12.468835308464135
      y: 0.05732647810208873
      z: 0.0
    orientation:
      x: 0.0
      y: 0.0
      z: 0.1397270325930134
      w: 0.9901900607271067
navigation_time:
  sec: 1
  nanosec: 260000000
estimated_time_remaining:
  sec: 29
  nanosec: 472631761
number_of_recoveries: 0
distance_remaining: 17.170711517333984

Feedback:
    current_pose:
  header:
    stamp:
      sec: 18
      nanosec: 560000000
    frame_id: map
  pose:
    position:
      x: -12.468835308464135
      y: 0.05732647810208873
      z: 0.0
    orientation:
      x: 0.0
      y: 0.0
      z: 0.1397270325930134
      w: 0.9901900607271067
navigation_time:
  sec: 1
  nanosec: 260000000
estimated_time_remaining:
  sec: 29
  nanosec: 472631761
number_of_recoveries: 0
distance_remaining: 17.170711517333984

Feedback:
    current_pose:
  header:
    stamp:
      sec: 18
      nanosec: 560000000
    frame_id: map
  pose:
    position:
      x: -12.468835308464135
      y: 0.05732647810208873
      z: 0.0
    orientation:
      x: 0.0
      y: 0.0
      z: 0.1397270325930134
      w: 0.9901900607271067
navigation_time:
  sec: 1
  nanosec: 260000000
estimated_time_remaining:
  sec: 29
  nanosec: 472631761
number_of_recoveries: 0
distance_remaining: 17.170711517333984

Feedback:
    current_pose:
  header:
    stamp:
      sec: 18
      nanosec: 560000000
    frame_id: map
  pose:
    position:
      x: -12.468835308464135
      y: 0.05732647810208873
      z: 0.0
    orientation:
      x: 0.0
      y: 0.0
      z: 0.1397270325930134
      w: 0.9901900607271067
navigation_time:
  sec: 1
  nanosec: 260000000
estimated_time_remaining:
  sec: 29
  nanosec: 472631761
number_of_recoveries: 0
distance_remaining: 17.170711517333984

Feedback:
    current_pose:
  header:
    stamp:
      sec: 18
      nanosec: 580000000
    frame_id: map
  pose:
    position:
      x: -12.457018687021048
      y: 0.06078453088408723
      z: 0.0
    orientation:
      x: 0.0
      y: 0.0
      z: 0.14397140700289887
      w: 0.9895818480376474
navigation_time:
  sec: 1
  nanosec: 272000000
estimated_time_remaining:
  sec: 29
  nanosec: 255503494
number_of_recoveries: 0
distance_remaining: 17.145709991455078

Feedback:
    current_pose:
  header:
    stamp:
      sec: 18
      nanosec: 600000000
    frame_id: map
  pose:
    position:
      x: -12.445197274574808
      y: 0.06435329510507572
      z: 0.0
    orientation:
      x: 0.0
      y: 0.0
      z: 0.14816863589281287
      w: 0.9889621101628024
navigation_time:
  sec: 1
  nanosec: 284000000
estimated_time_remaining:
  sec: 29
  nanosec: 88939713
number_of_recoveries: 0
distance_remaining: 17.145709991455078

Feedback:
    current_pose:
  header:
    stamp:
      sec: 18
      nanosec: 600000000
    frame_id: map
  pose:
    position:
      x: -12.445197274574808
      y: 0.06435329510507572
      z: 0.0
    orientation:
      x: 0.0
      y: 0.0
      z: 0.14816863589281287
      w: 0.9889621101628024
navigation_time:
  sec: 1
  nanosec: 284000000
estimated_time_remaining:
  sec: 29
  nanosec: 88939713
number_of_recoveries: 0
distance_remaining: 17.145709991455078

Feedback:
    current_pose:
  header:
    stamp:
      sec: 18
      nanosec: 600000000
    frame_id: map
  pose:
    position:
      x: -12.445197274574808
      y: 0.06435329510507572
      z: 0.0
    orientation:
      x: 0.0
      y: 0.0
      z: 0.14816863589281287
      w: 0.9889621101628024
navigation_time:
  sec: 1
  nanosec: 284000000
estimated_time_remaining:
  sec: 29
  nanosec: 88939713
number_of_recoveries: 0
distance_remaining: 17.145709991455078

Feedback:
    current_pose:
  header:
    stamp:
      sec: 18
      nanosec: 600000000
    frame_id: map
  pose:
    position:
      x: -12.445197274574808
      y: 0.06435329510507572
      z: 0.0
    orientation:
      x: 0.0
      y: 0.0
      z: 0.14816863589281287
      w: 0.9889621101628024
navigation_time:
  sec: 1
  nanosec: 284000000
estimated_time_remaining:
  sec: 29
  nanosec: 88939713
number_of_recoveries: 0
distance_remaining: 17.145709991455078

Feedback:
    current_pose:
  header:
    stamp:
      sec: 18
      nanosec: 600000000
    frame_id: map
  pose:
    position:
      x: -12.445197274574808
      y: 0.06435329510507572
      z: 0.0
    orientation:
      x: 0.0
      y: 0.0
      z: 0.14816863589281287
      w: 0.9889621101628024
navigation_time:
  sec: 1
  nanosec: 296000000
estimated_time_remaining:
  sec: 29
  nanosec: 88939713
number_of_recoveries: 0
distance_remaining: 17.145709991455078

Feedback:
    current_pose:
  header:
    stamp:
      sec: 18
      nanosec: 620000000
    frame_id: map
  pose:
    position:
      x: -12.433339015780833
      y: 0.06808469147256041
      z: 0.0
    orientation:
      x: 0.0
      y: 0.0
      z: 0.15225703985456754
      w: 0.9883409299501487
navigation_time:
  sec: 1
  nanosec: 308000000
estimated_time_remaining:
  sec: 28
  nanosec: 868082408
number_of_recoveries: 0
distance_remaining: 17.120710372924805

Feedback:
    current_pose:
  header:
    stamp:
      sec: 18
      nanosec: 620000000
    frame_id: map
  pose:
    position:
      x: -12.433339015780833
      y: 0.06808469147256041
      z: 0.0
    orientation:
      x: 0.0
      y: 0.0
      z: 0.15225703985456754
      w: 0.9883409299501487
navigation_time:
  sec: 1
  nanosec: 312000000
estimated_time_remaining:
  sec: 28
  nanosec: 868082408
number_of_recoveries: 0
distance_remaining: 17.120710372924805

Feedback:
    current_pose:
  header:
    stamp:
      sec: 18
      nanosec: 620000000
    frame_id: map
  pose:
    position:
      x: -12.433339015780833
      y: 0.06808469147256041
      z: 0.0
    orientation:
      x: 0.0
      y: 0.0
      z: 0.15225703985456754
      w: 0.9883409299501487
navigation_time:
  sec: 1
  nanosec: 316000000
estimated_time_remaining:
  sec: 28
  nanosec: 868082408
number_of_recoveries: 0
distance_remaining: 17.120710372924805

Feedback:
    current_pose:
  header:
    stamp:
      sec: 18
      nanosec: 620000000
    frame_id: map
  pose:
    position:
      x: -12.433339015780833
      y: 0.06808469147256041
      z: 0.0
    orientation:
      x: 0.0
      y: 0.0
      z: 0.15225703985456754
      w: 0.9883409299501487
navigation_time:
  sec: 1
  nanosec: 316000000
estimated_time_remaining:
  sec: 28
  nanosec: 868082408
number_of_recoveries: 0
distance_remaining: 17.120710372924805

Feedback:
    current_pose:
  header:
    stamp:
      sec: 18
      nanosec: 620000000
    frame_id: map
  pose:
    position:
      x: -12.433339015780833
      y: 0.06808469147256041
      z: 0.0
    orientation:
      x: 0.0
      y: 0.0
      z: 0.15225703985456754
      w: 0.9883409299501487
navigation_time:
  sec: 1
  nanosec: 316000000
estimated_time_remaining:
  sec: 28
  nanosec: 868082408
number_of_recoveries: 0
distance_remaining: 17.120710372924805

Feedback:
    current_pose:
  header:
    stamp:
      sec: 18
      nanosec: 620000000
    frame_id: map
  pose:
    position:
      x: -12.433339015780833
      y: 0.06808469147256041
      z: 0.0
    orientation:
      x: 0.0
      y: 0.0
      z: 0.15225703985456754
      w: 0.9883409299501487
navigation_time:
  sec: 1
  nanosec: 316000000
estimated_time_remaining:
  sec: 28
  nanosec: 868082408
number_of_recoveries: 0
distance_remaining: 17.120710372924805

Feedback:
    current_pose:
  header:
    stamp:
      sec: 18
      nanosec: 620000000
    frame_id: map
  pose:
    position:
      x: -12.433339015780833
      y: 0.06808469147256041
      z: 0.0
    orientation:
      x: 0.0
      y: 0.0
      z: 0.15225703985456754
      w: 0.9883409299501487
navigation_time:
  sec: 1
  nanosec: 316000000
estimated_time_remaining:
  sec: 28
  nanosec: 868082408
number_of_recoveries: 0
distance_remaining: 17.120710372924805

Feedback:
    current_pose:
  header:
    stamp:
      sec: 18
      nanosec: 660000000
    frame_id: map
  pose:
    position:
      x: -12.409161653764887
      y: 0.07601044212634786
      z: 0.0
    orientation:
      x: 0.0
      y: 0.0
      z: 0.15985960701075963
      w: 0.9871397601385355
navigation_time:
  sec: 1
  nanosec: 348000000
estimated_time_remaining:
  sec: 28
  nanosec: 372629080
number_of_recoveries: 0
distance_remaining: 17.09571075439453

Feedback:
    current_pose:
  header:
    stamp:
      sec: 18
      nanosec: 660000000
    frame_id: map
  pose:
    position:
      x: -12.409161653764887
      y: 0.07601044212634786
      z: 0.0
    orientation:
      x: 0.0
      y: 0.0
      z: 0.15985960701075963
      w: 0.9871397601385355
navigation_time:
  sec: 1
  nanosec: 356000000
estimated_time_remaining:
  sec: 28
  nanosec: 372629080
number_of_recoveries: 0
distance_remaining: 17.09571075439453

Feedback:
    current_pose:
  header:
    stamp:
      sec: 18
      nanosec: 660000000
    frame_id: map
  pose:
    position:
      x: -12.409161653764887
      y: 0.07601044212634786
      z: 0.0
    orientation:
      x: 0.0
      y: 0.0
      z: 0.15985960701075963
      w: 0.9871397601385355
navigation_time:
  sec: 1
  nanosec: 356000000
estimated_time_remaining:
  sec: 28
  nanosec: 372629080
number_of_recoveries: 0
distance_remaining: 17.09571075439453

Feedback:
    current_pose:
  header:
    stamp:
      sec: 18
      nanosec: 660000000
    frame_id: map
  pose:
    position:
      x: -12.409161653764887
      y: 0.07601044212634786
      z: 0.0
    orientation:
      x: 0.0
      y: 0.0
      z: 0.15985960701075963
      w: 0.9871397601385355
navigation_time:
  sec: 1
  nanosec: 356000000
estimated_time_remaining:
  sec: 28
  nanosec: 372629080
number_of_recoveries: 0
distance_remaining: 17.09571075439453

Feedback:
    current_pose:
  header:
    stamp:
      sec: 18
      nanosec: 660000000
    frame_id: map
  pose:
    position:
      x: -12.409161653764887
      y: 0.07601044212634786
      z: 0.0
    orientation:
      x: 0.0
      y: 0.0
      z: 0.15985960701075963
      w: 0.9871397601385355
navigation_time:
  sec: 1
  nanosec: 356000000
estimated_time_remaining:
  sec: 28
  nanosec: 372629080
number_of_recoveries: 0
distance_remaining: 17.09571075439453

Feedback:
    current_pose:
  header:
    stamp:
      sec: 18
      nanosec: 660000000
    frame_id: map
  pose:
    position:
      x: -12.409161653764887
      y: 0.07601044212634786
      z: 0.0
    orientation:
      x: 0.0
      y: 0.0
      z: 0.15985960701075963
      w: 0.9871397601385355
navigation_time:
  sec: 1
  nanosec: 356000000
estimated_time_remaining:
  sec: 28
  nanosec: 372629080
number_of_recoveries: 0
distance_remaining: 17.09571075439453

Feedback:
    current_pose:
  header:
    stamp:
      sec: 18
      nanosec: 680000000
    frame_id: map
  pose:
    position:
      x: -12.397061534009952
      y: 0.08013209414142608
      z: 0.0
    orientation:
      x: 0.0
      y: 0.0
      z: 0.16361159633571995
      w: 0.9865248327054303
navigation_time:
  sec: 1
  nanosec: 380000000
estimated_time_remaining:
  sec: 28
  nanosec: 145613410
number_of_recoveries: 0
distance_remaining: 17.09571075439453

Result:
    error_code: 0
error_msg: ''

Goal finished with status: ABORTED
