stdin is not a terminal device. Keyboard handling disabled.[INFO] [1790559556.235894891] [rosbag2_recorder]: Press SPACE for pausing/resuming
[INFO] [1790559556.235908617] [rosbag2_recorder]: Event publisher thread: Started
[INFO] [1790559556.239706028] [rosbag2_recorder]: Starting recording to '/home/haduckien/nav_ws/src/custom_corridor/worlds/school_arena/demo_1/dataset_v1.0/episodes/ep_000005/raw_bag'
[INFO] [1790559556.241447475] [rosbag2_storage]: Opened database '/home/haduckien/nav_ws/src/custom_corridor/worlds/school_arena/demo_1/dataset_v1.0/episodes/ep_000005/raw_bag/raw_bag_0.db3' for READ_WRITE.
[INFO] [1790559556.243979944] [rosbag2_recorder]: Listening for topics...
[INFO] [1790559556.244296614] [rosbag2_recorder]: Recording...
[INFO] [1790559556.244921444] [rosbag2_recorder]: Topics discovery started.
[INFO] [1790559556.341823117] [rosbag2_recorder]: Subscribed to topic '/tf'
[INFO] [1790559556.343141378] [rosbag2_recorder]: Subscribed to topic '/tf_static'
[INFO] [1790559556.439622342] [rosbag2_recorder]: Subscribed to topic '/cmd_vel'
[INFO] [1790559558.336895712] [rosbag2_recorder]: Subscribed to topic '/odom'
[INFO] [1790559558.340265309] [rosbag2_recorder]: Subscribed to topic '/scan'
[INFO] [1790559558.344189043] [rosbag2_recorder]: Subscribed to topic '/robot/camera/image_raw'
[INFO] [1790559558.344541096] [rosbag2_recorder]: All requested topics are subscribed. Stopping discovery...
[INFO] [1790559558.344574791] [rosbag2_recorder]: Topics discovery stopped.
[INFO] [1790559659.285673032] [rosbag2_recorder]: Pausing recording.
[INFO] [1790559659.286143413] [rosbag2_cpp]: Writing remaining messages from cache to the bag. It may take a while
[INFO] [1790559659.288076570] [rosbag2_compression]: Compressing file: /home/haduckien/nav_ws/src/custom_corridor/worlds/school_arena/demo_1/dataset_v1.0/episodes/ep_000005/raw_bag/raw_bag_0.db3
[INFO] [1790559660.004654524] [rosbag2_recorder]: Recording stopped
[INFO] [1790559660.007444459] [rosbag2_recorder]: Event publisher thread: Exited
