Waiting for an action server to become available...
Sending goal:
     pose:
  header:
    stamp:
      sec: 0
      nanosec: 0
    frame_id: map
  pose:
    position:
      x: 10.0
      y: 0.0
      z: 0.0
    orientation:
      x: 0.0
      y: 0.0
      z: 0.0
      w: 1.0
behavior_tree: ''

Goal accepted with ID: cd7092ab36e9408c8c753ed00ce9737e

Feedback:
    current_pose:
  header:
    stamp:
      sec: 110
      nanosec: 260000000
    frame_id: map
  pose:
    position:
      x: -13.056258888387118
      y: 0.035993399662437225
      z: 0.0
    orientation:
      x: 0.0
      y: 0.0
      z: 0.0010165670317230447
      w: 0.9999994832956015
navigation_time:
  sec: 0
  nanosec: 4000000
estimated_time_remaining:
  sec: 0
  nanosec: 0
number_of_recoveries: 0
distance_remaining: 0.0

Feedback:
    current_pose:
  header:
    stamp:
      sec: 110
      nanosec: 260000000
    frame_id: map
  pose:
    position:
      x: -13.056258888387118
      y: 0.035993399662437225
      z: 0.0
    orientation:
      x: 0.0
      y: 0.0
      z: 0.0010165670317230447
      w: 0.9999994832956015
navigation_time:
  sec: 0
  nanosec: 4000000
estimated_time_remaining:
  sec: 0
  nanosec: 0
number_of_recoveries: 0
distance_remaining: 0.0

Result:
    error_code: 204
error_msg: ''

Goal finished with status: ABORTED
