[WARN] [ros2bag]: Positional "topics" argument deprecated. Please use optional "--topics" argument instead.
stdin is not a terminal device. Keyboard handling disabled.[INFO] [1790842784.981858353] [rosbag2_recorder]: Press SPACE for pausing/resuming
[INFO] [1790842784.982409320] [rosbag2_recorder]: Event publisher thread: Started
[INFO] [1790842785.002146206] [rosbag2_recorder]: Starting recording to '/home/thaonhi/nav_ws/experiments/trajectory_risk_v0/data_long_traverse/episode_20261001_151939/rosbag'
[INFO] [1790842785.011571774] [rosbag2_recorder]: Listening for topics...
[INFO] [1790842785.011738580] [rosbag2_recorder]: Recording...
[INFO] [1790842785.011752617] [rosbag2_recorder]: Topics discovery started.
[INFO] [1790842785.728311980] [rosbag2_recorder]: Subscribed to topic '/tf'
[ERROR] [1790842785.740126581] [ROSBAG2_TRANSPORT]: Topic '/particle_cloud' has more than one type associated. Only topics with one type are supported
[ERROR] [1790842785.743776864] [ROSBAG2_TRANSPORT]: Topic '/particle_cloud' has more than one type associated. Only topics with one type are supported
[ERROR] [1790842785.748085954] [ROSBAG2_TRANSPORT]: Topic '/particle_cloud' has more than one type associated. Only topics with one type are supported
[ERROR] [1790842785.749803311] [ROSBAG2_TRANSPORT]: Topic '/particle_cloud' has more than one type associated. Only topics with one type are supported
[ERROR] [1790842785.750735384] [ROSBAG2_TRANSPORT]: Topic '/particle_cloud' has more than one type associated. Only topics with one type are supported
[ERROR] [1790842785.843918479] [ROSBAG2_TRANSPORT]: Topic '/particle_cloud' has more than one type associated. Only topics with one type are supported
[ERROR] [1790842785.845285472] [ROSBAG2_TRANSPORT]: Topic '/particle_cloud' has more than one type associated. Only topics with one type are supported
[ERROR] [1790842785.848130712] [ROSBAG2_TRANSPORT]: Topic '/particle_cloud' has more than one type associated. Only topics with one type are supported
[ERROR] [1790842785.850158419] [ROSBAG2_TRANSPORT]: Topic '/particle_cloud' has more than one type associated. Only topics with one type are supported
[ERROR] [1790842785.859550661] [ROSBAG2_TRANSPORT]: Topic '/particle_cloud' has more than one type associated. Only topics with one type are supported
[ERROR] [1790842785.867747265] [ROSBAG2_TRANSPORT]: Topic '/particle_cloud' has more than one type associated. Only topics with one type are supported
[ERROR] [1790842785.871596702] [ROSBAG2_TRANSPORT]: Topic '/particle_cloud' has more than one type associated. Only topics with one type are supported
[ERROR] [1790842785.874977312] [ROSBAG2_TRANSPORT]: Topic '/particle_cloud' has more than one type associated. Only topics with one type are supported
[ERROR] [1790842786.206014795] [ROSBAG2_TRANSPORT]: Topic '/particle_cloud' has more than one type associated. Only topics with one type are supported
[ERROR] [1790842786.207312563] [ROSBAG2_TRANSPORT]: Topic '/particle_cloud' has more than one type associated. Only topics with one type are supported
[ERROR] [1790842786.210804785] [ROSBAG2_TRANSPORT]: Topic '/particle_cloud' has more than one type associated. Only topics with one type are supported
[ERROR] [1790842786.211940329] [ROSBAG2_TRANSPORT]: Topic '/particle_cloud' has more than one type associated. Only topics with one type are supported
[ERROR] [1790842786.213159150] [ROSBAG2_TRANSPORT]: Topic '/particle_cloud' has more than one type associated. Only topics with one type are supported
[ERROR] [1790842786.214191577] [ROSBAG2_TRANSPORT]: Topic '/particle_cloud' has more than one type associated. Only topics with one type are supported
[ERROR] [1790842786.215128987] [ROSBAG2_TRANSPORT]: Topic '/particle_cloud' has more than one type associated. Only topics with one type are supported
[ERROR] [1790842786.216773244] [ROSBAG2_TRANSPORT]: Topic '/particle_cloud' has more than one type associated. Only topics with one type are supported
[ERROR] [1790842786.219189544] [ROSBAG2_TRANSPORT]: Topic '/particle_cloud' has more than one type associated. Only topics with one type are supported
[ERROR] [1790842786.221185081] [ROSBAG2_TRANSPORT]: Topic '/particle_cloud' has more than one type associated. Only topics with one type are supported
[ERROR] [1790842786.222399602] [ROSBAG2_TRANSPORT]: Topic '/particle_cloud' has more than one type associated. Only topics with one type are supported
[ERROR] [1790842786.265841796] [ROSBAG2_TRANSPORT]: Topic '/particle_cloud' has more than one type associated. Only topics with one type are supported
[ERROR] [1790842786.308593880] [ROSBAG2_TRANSPORT]: Topic '/particle_cloud' has more than one type associated. Only topics with one type are supported
[ERROR] [1790842786.311739031] [ROSBAG2_TRANSPORT]: Topic '/particle_cloud' has more than one type associated. Only topics with one type are supported
[ERROR] [1790842786.312838798] [ROSBAG2_TRANSPORT]: Topic '/particle_cloud' has more than one type associated. Only topics with one type are supported
[ERROR] [1790842786.448944514] [ROSBAG2_TRANSPORT]: Topic '/particle_cloud' has more than one type associated. Only topics with one type are supported
[ERROR] [1790842786.450432534] [ROSBAG2_TRANSPORT]: Topic '/particle_cloud' has more than one type associated. Only topics with one type are supported
[ERROR] [1790842786.452432615] [ROSBAG2_TRANSPORT]: Topic '/particle_cloud' has more than one type associated. Only topics with one type are supported
[ERROR] [1790842786.453545414] [ROSBAG2_TRANSPORT]: Topic '/particle_cloud' has more than one type associated. Only topics with one type are supported
[ERROR] [1790842786.455217938] [ROSBAG2_TRANSPORT]: Topic '/particle_cloud' has more than one type associated. Only topics with one type are supported
[ERROR] [1790842786.456412670] [ROSBAG2_TRANSPORT]: Topic '/particle_cloud' has more than one type associated. Only topics with one type are supported
[ERROR] [1790842786.457552356] [ROSBAG2_TRANSPORT]: Topic '/particle_cloud' has more than one type associated. Only topics with one type are supported
[ERROR] [1790842786.458575913] [ROSBAG2_TRANSPORT]: Topic '/particle_cloud' has more than one type associated. Only topics with one type are supported
[ERROR] [1790842786.459588267] [ROSBAG2_TRANSPORT]: Topic '/particle_cloud' has more than one type associated. Only topics with one type are supported
[ERROR] [1790842786.460693866] [ROSBAG2_TRANSPORT]: Topic '/particle_cloud' has more than one type associated. Only topics with one type are supported
[ERROR] [1790842786.462017164] [ROSBAG2_TRANSPORT]: Topic '/particle_cloud' has more than one type associated. Only topics with one type are supported
[ERROR] [1790842786.463946814] [ROSBAG2_TRANSPORT]: Topic '/particle_cloud' has more than one type associated. Only topics with one type are supported
[ERROR] [1790842786.465518982] [ROSBAG2_TRANSPORT]: Topic '/particle_cloud' has more than one type associated. Only topics with one type are supported
[ERROR] [1790842786.467272424] [ROSBAG2_TRANSPORT]: Topic '/particle_cloud' has more than one type associated. Only topics with one type are supported
[ERROR] [1790842786.469461010] [ROSBAG2_TRANSPORT]: Topic '/particle_cloud' has more than one type associated. Only topics with one type are supported
[ERROR] [1790842786.470841525] [ROSBAG2_TRANSPORT]: Topic '/particle_cloud' has more than one type associated. Only topics with one type are supported
[ERROR] [1790842786.472663501] [ROSBAG2_TRANSPORT]: Topic '/particle_cloud' has more than one type associated. Only topics with one type are supported
[ERROR] [1790842786.474058072] [ROSBAG2_TRANSPORT]: Topic '/particle_cloud' has more than one type associated. Only topics with one type are supported
[ERROR] [1790842786.475047012] [ROSBAG2_TRANSPORT]: Topic '/particle_cloud' has more than one type associated. Only topics with one type are supported
[ERROR] [1790842786.531348143] [ROSBAG2_TRANSPORT]: Topic '/particle_cloud' has more than one type associated. Only topics with one type are supported
[ERROR] [1790842786.654868448] [ROSBAG2_TRANSPORT]: Topic '/particle_cloud' has more than one type associated. Only topics with one type are supported
[ERROR] [1790842786.656360262] [ROSBAG2_TRANSPORT]: Topic '/particle_cloud' has more than one type associated. Only topics with one type are supported
[ERROR] [1790842786.657875569] [ROSBAG2_TRANSPORT]: Topic '/particle_cloud' has more than one type associated. Only topics with one type are supported
[ERROR] [1790842786.659945981] [ROSBAG2_TRANSPORT]: Topic '/particle_cloud' has more than one type associated. Only topics with one type are supported
[ERROR] [1790842786.661266026] [ROSBAG2_TRANSPORT]: Topic '/particle_cloud' has more than one type associated. Only topics with one type are supported
[ERROR] [1790842786.663043476] [ROSBAG2_TRANSPORT]: Topic '/particle_cloud' has more than one type associated. Only topics with one type are supported
[ERROR] [1790842786.664952149] [ROSBAG2_TRANSPORT]: Topic '/particle_cloud' has more than one type associated. Only topics with one type are supported
[ERROR] [1790842786.666446830] [ROSBAG2_TRANSPORT]: Topic '/particle_cloud' has more than one type associated. Only topics with one type are supported
[ERROR] [1790842786.668326112] [ROSBAG2_TRANSPORT]: Topic '/particle_cloud' has more than one type associated. Only topics with one type are supported
[ERROR] [1790842786.669627877] [ROSBAG2_TRANSPORT]: Topic '/particle_cloud' has more than one type associated. Only topics with one type are supported
[ERROR] [1790842786.671085189] [ROSBAG2_TRANSPORT]: Topic '/particle_cloud' has more than one type associated. Only topics with one type are supported
[ERROR] [1790842786.672739044] [ROSBAG2_TRANSPORT]: Topic '/particle_cloud' has more than one type associated. Only topics with one type are supported
[ERROR] [1790842786.673911603] [ROSBAG2_TRANSPORT]: Topic '/particle_cloud' has more than one type associated. Only topics with one type are supported
[ERROR] [1790842786.745054795] [ROSBAG2_TRANSPORT]: Topic '/particle_cloud' has more than one type associated. Only topics with one type are supported
[ERROR] [1790842786.838047208] [ROSBAG2_TRANSPORT]: Topic '/particle_cloud' has more than one type associated. Only topics with one type are supported
[ERROR] [1790842786.840689164] [ROSBAG2_TRANSPORT]: Topic '/particle_cloud' has more than one type associated. Only topics with one type are supported
[ERROR] [1790842786.846260154] [ROSBAG2_TRANSPORT]: Topic '/particle_cloud' has more than one type associated. Only topics with one type are supported
[ERROR] [1790842786.850781135] [ROSBAG2_TRANSPORT]: Topic '/particle_cloud' has more than one type associated. Only topics with one type are supported
[ERROR] [1790842786.858447782] [ROSBAG2_TRANSPORT]: Topic '/particle_cloud' has more than one type associated. Only topics with one type are supported
[ERROR] [1790842786.860780195] [ROSBAG2_TRANSPORT]: Topic '/particle_cloud' has more than one type associated. Only topics with one type are supported
[ERROR] [1790842786.863015374] [ROSBAG2_TRANSPORT]: Topic '/particle_cloud' has more than one type associated. Only topics with one type are supported
[ERROR] [1790842786.865023359] [ROSBAG2_TRANSPORT]: Topic '/particle_cloud' has more than one type associated. Only topics with one type are supported
[ERROR] [1790842786.869184271] [ROSBAG2_TRANSPORT]: Topic '/particle_cloud' has more than one type associated. Only topics with one type are supported
[ERROR] [1790842786.870241418] [ROSBAG2_TRANSPORT]: Topic '/particle_cloud' has more than one type associated. Only topics with one type are supported
[ERROR] [1790842786.877239704] [ROSBAG2_TRANSPORT]: Topic '/particle_cloud' has more than one type associated. Only topics with one type are supported
[ERROR] [1790842786.880474186] [ROSBAG2_TRANSPORT]: Topic '/particle_cloud' has more than one type associated. Only topics with one type are supported
[ERROR] [1790842786.884419126] [ROSBAG2_TRANSPORT]: Topic '/particle_cloud' has more than one type associated. Only topics with one type are supported
[ERROR] [1790842786.886216016] [ROSBAG2_TRANSPORT]: Topic '/particle_cloud' has more than one type associated. Only topics with one type are supported
[ERROR] [1790842786.887304305] [ROSBAG2_TRANSPORT]: Topic '/particle_cloud' has more than one type associated. Only topics with one type are supported
[ERROR] [1790842786.888448675] [ROSBAG2_TRANSPORT]: Topic '/particle_cloud' has more than one type associated. Only topics with one type are supported
[ERROR] [1790842786.898577441] [ROSBAG2_TRANSPORT]: Topic '/particle_cloud' has more than one type associated. Only topics with one type are supported
[ERROR] [1790842786.905011110] [ROSBAG2_TRANSPORT]: Topic '/particle_cloud' has more than one type associated. Only topics with one type are supported
[ERROR] [1790842786.907840127] [ROSBAG2_TRANSPORT]: Topic '/particle_cloud' has more than one type associated. Only topics with one type are supported
[ERROR] [1790842786.911995912] [ROSBAG2_TRANSPORT]: Topic '/particle_cloud' has more than one type associated. Only topics with one type are supported
[ERROR] [1790842786.915748011] [ROSBAG2_TRANSPORT]: Topic '/particle_cloud' has more than one type associated. Only topics with one type are supported
[ERROR] [1790842786.921278842] [ROSBAG2_TRANSPORT]: Topic '/particle_cloud' has more than one type associated. Only topics with one type are supported
[ERROR] [1790842786.926141380] [ROSBAG2_TRANSPORT]: Topic '/particle_cloud' has more than one type associated. Only topics with one type are supported
[ERROR] [1790842786.932115667] [ROSBAG2_TRANSPORT]: Topic '/particle_cloud' has more than one type associated. Only topics with one type are supported
[ERROR] [1790842786.937355520] [ROSBAG2_TRANSPORT]: Topic '/particle_cloud' has more than one type associated. Only topics with one type are supported
[ERROR] [1790842786.939028050] [ROSBAG2_TRANSPORT]: Topic '/particle_cloud' has more than one type associated. Only topics with one type are supported
[ERROR] [1790842786.944145037] [ROSBAG2_TRANSPORT]: Topic '/particle_cloud' has more than one type associated. Only topics with one type are supported
[ERROR] [1790842786.951080091] [ROSBAG2_TRANSPORT]: Topic '/particle_cloud' has more than one type associated. Only topics with one type are supported
[ERROR] [1790842786.965539149] [ROSBAG2_TRANSPORT]: Topic '/particle_cloud' has more than one type associated. Only topics with one type are supported
[ERROR] [1790842786.975182777] [ROSBAG2_TRANSPORT]: Topic '/particle_cloud' has more than one type associated. Only topics with one type are supported
[INFO] [1790842787.009118958] [rosbag2_recorder]: Subscribed to topic '/tf_static'
[ERROR] [1790842787.010211961] [ROSBAG2_TRANSPORT]: Topic '/particle_cloud' has more than one type associated. Only topics with one type are supported
[ERROR] [1790842787.014500866] [ROSBAG2_TRANSPORT]: Topic '/particle_cloud' has more than one type associated. Only topics with one type are supported
[ERROR] [1790842787.025446429] [ROSBAG2_TRANSPORT]: Topic '/particle_cloud' has more than one type associated. Only topics with one type are supported
[ERROR] [1790842787.035187155] [ROSBAG2_TRANSPORT]: Topic '/particle_cloud' has more than one type associated. Only topics with one type are supported
[ERROR] [1790842787.040202921] [ROSBAG2_TRANSPORT]: Topic '/particle_cloud' has more than one type associated. Only topics with one type are supported
[ERROR] [1790842787.042247266] [ROSBAG2_TRANSPORT]: Topic '/particle_cloud' has more than one type associated. Only topics with one type are supported
[ERROR] [1790842787.047953352] [ROSBAG2_TRANSPORT]: Topic '/particle_cloud' has more than one type associated. Only topics with one type are supported
[ERROR] [1790842787.055268685] [ROSBAG2_TRANSPORT]: Topic '/particle_cloud' has more than one type associated. Only topics with one type are supported
[ERROR] [1790842787.062135296] [ROSBAG2_TRANSPORT]: Topic '/particle_cloud' has more than one type associated. Only topics with one type are supported
[ERROR] [1790842787.068752567] [ROSBAG2_TRANSPORT]: Topic '/particle_cloud' has more than one type associated. Only topics with one type are supported
[ERROR] [1790842787.072797538] [ROSBAG2_TRANSPORT]: Topic '/particle_cloud' has more than one type associated. Only topics with one type are supported
[ERROR] [1790842787.077043756] [ROSBAG2_TRANSPORT]: Topic '/particle_cloud' has more than one type associated. Only topics with one type are supported
[ERROR] [1790842787.078804267] [ROSBAG2_TRANSPORT]: Topic '/particle_cloud' has more than one type associated. Only topics with one type are supported
[ERROR] [1790842787.101376743] [ROSBAG2_TRANSPORT]: Topic '/particle_cloud' has more than one type associated. Only topics with one type are supported
[ERROR] [1790842787.102450668] [ROSBAG2_TRANSPORT]: Topic '/particle_cloud' has more than one type associated. Only topics with one type are supported
[ERROR] [1790842787.103155375] [ROSBAG2_TRANSPORT]: Topic '/particle_cloud' has more than one type associated. Only topics with one type are supported
[ERROR] [1790842787.111763458] [ROSBAG2_TRANSPORT]: Topic '/particle_cloud' has more than one type associated. Only topics with one type are supported
[ERROR] [1790842787.121245104] [ROSBAG2_TRANSPORT]: Topic '/particle_cloud' has more than one type associated. Only topics with one type are supported
[ERROR] [1790842787.122941596] [ROSBAG2_TRANSPORT]: Topic '/particle_cloud' has more than one type associated. Only topics with one type are supported
[ERROR] [1790842787.125798749] [ROSBAG2_TRANSPORT]: Topic '/particle_cloud' has more than one type associated. Only topics with one type are supported
[ERROR] [1790842787.127132040] [ROSBAG2_TRANSPORT]: Topic '/particle_cloud' has more than one type associated. Only topics with one type are supported
[ERROR] [1790842787.128136420] [ROSBAG2_TRANSPORT]: Topic '/particle_cloud' has more than one type associated. Only topics with one type are supported
[INFO] [1790842787.132212790] [rosbag2_recorder]: Subscribed to topic '/cmd_vel'
[ERROR] [1790842787.133777732] [ROSBAG2_TRANSPORT]: Topic '/particle_cloud' has more than one type associated. Only topics with one type are supported
[ERROR] [1790842787.143419500] [ROSBAG2_TRANSPORT]: Topic '/particle_cloud' has more than one type associated. Only topics with one type are supported
[ERROR] [1790842787.145566842] [ROSBAG2_TRANSPORT]: Topic '/particle_cloud' has more than one type associated. Only topics with one type are supported
[ERROR] [1790842787.146556649] [ROSBAG2_TRANSPORT]: Topic '/particle_cloud' has more than one type associated. Only topics with one type are supported
[ERROR] [1790842787.147547931] [ROSBAG2_TRANSPORT]: Topic '/particle_cloud' has more than one type associated. Only topics with one type are supported
[ERROR] [1790842787.148342964] [ROSBAG2_TRANSPORT]: Topic '/particle_cloud' has more than one type associated. Only topics with one type are supported
[ERROR] [1790842787.151931483] [ROSBAG2_TRANSPORT]: Topic '/particle_cloud' has more than one type associated. Only topics with one type are supported
[ERROR] [1790842787.160524418] [ROSBAG2_TRANSPORT]: Topic '/particle_cloud' has more than one type associated. Only topics with one type are supported
[ERROR] [1790842787.169271870] [ROSBAG2_TRANSPORT]: Topic '/particle_cloud' has more than one type associated. Only topics with one type are supported
[INFO] [1790842787.183591994] [rosbag2_recorder]: Subscribed to topic '/clock'
[INFO] [1790842787.199601428] [rosbag2_recorder]: Subscribed to topic '/odom'
[ERROR] [1790842787.200636076] [ROSBAG2_TRANSPORT]: Topic '/particle_cloud' has more than one type associated. Only topics with one type are supported
[INFO] [1790842787.206742843] [rosbag2_recorder]: Subscribed to topic '/scan'
[INFO] [1790842787.206865311] [rosbag2_recorder]: All requested topics are subscribed. Stopping discovery...
[INFO] [1790842787.206877471] [rosbag2_recorder]: Topics discovery stopped.
