stdin is not a terminal device. Keyboard handling disabled.[INFO] [1790560581.206964261] [rosbag2_recorder]: Press SPACE for pausing/resuming
[INFO] [1790560581.206979855] [rosbag2_recorder]: Event publisher thread: Started
[INFO] [1790560581.216272816] [rosbag2_recorder]: Starting recording to '/home/haduckien/nav_ws/src/custom_corridor/worlds/school_arena/demo_1/dataset_v1.0/episodes/ep_000011/raw_bag'
[INFO] [1790560581.218603375] [rosbag2_storage]: Opened database '/home/haduckien/nav_ws/src/custom_corridor/worlds/school_arena/demo_1/dataset_v1.0/episodes/ep_000011/raw_bag/raw_bag_0.db3' for READ_WRITE.
[INFO] [1790560581.225423374] [rosbag2_recorder]: Subscribed to topic '/tf'
[INFO] [1790560581.225719447] [rosbag2_recorder]: Listening for topics...
[INFO] [1790560581.225744423] [rosbag2_recorder]: Recording...
[INFO] [1790560581.225783048] [rosbag2_recorder]: Topics discovery started.
[INFO] [1790560581.545176678] [rosbag2_recorder]: Subscribed to topic '/cmd_vel'
[INFO] [1790560581.548974414] [rosbag2_recorder]: Subscribed to topic '/odom'
[INFO] [1790560581.552083187] [rosbag2_recorder]: Subscribed to topic '/robot/camera/image_raw'
[INFO] [1790560581.554147598] [rosbag2_recorder]: Subscribed to topic '/scan'
[INFO] [1790560581.556388283] [rosbag2_recorder]: Subscribed to topic '/tf_static'
[INFO] [1790560581.556495986] [rosbag2_recorder]: All requested topics are subscribed. Stopping discovery...
[INFO] [1790560581.556505146] [rosbag2_recorder]: Topics discovery stopped.
[INFO] [1790560630.548696300] [rosbag2_recorder]: Pausing recording.
[INFO] [1790560630.549191801] [rosbag2_cpp]: Writing remaining messages from cache to the bag. It may take a while
[INFO] [1790560630.550428919] [rosbag2_compression]: Compressing file: /home/haduckien/nav_ws/src/custom_corridor/worlds/school_arena/demo_1/dataset_v1.0/episodes/ep_000011/raw_bag/raw_bag_0.db3
[INFO] [1790560630.973942687] [rosbag2_recorder]: Recording stopped
[INFO] [1790560630.977016927] [rosbag2_recorder]: Event publisher thread: Exited
