Waiting for an action server to become available...
Sending goal:
     pose:
  header:
    stamp:
      sec: 0
      nanosec: 0
    frame_id: map
  pose:
    position:
      x: 4.5
      y: 0.0
      z: 0.0
    orientation:
      x: 0.0
      y: 0.0
      z: 0.0
      w: 1.0
behavior_tree: ''

Goal accepted with ID: cb041d79e0c049aeab369d419547435d

Feedback:
    current_pose:
  header:
    stamp:
      sec: 346
      nanosec: 700000000
    frame_id: map
  pose:
    position:
      x: 4.670742420550489
      y: -0.05677521166186272
      z: 0.0
    orientation:
      x: 0.0
      y: 0.0
      z: 0.1487201620635341
      w: 0.9888793219578393
navigation_time:
  sec: 0
  nanosec: 0
estimated_time_remaining:
  sec: 0
  nanosec: 0
number_of_recoveries: 0
distance_remaining: 0.0

Feedback:
    current_pose:
  header:
    stamp:
      sec: 346
      nanosec: 700000000
    frame_id: map
  pose:
    position:
      x: 4.670742420550489
      y: -0.05677521166186272
      z: 0.0
    orientation:
      x: 0.0
      y: 0.0
      z: 0.1487201620635341
      w: 0.9888793219578393
navigation_time:
  sec: 0
  nanosec: 8000000
estimated_time_remaining:
  sec: 0
  nanosec: 0
number_of_recoveries: 0
distance_remaining: 0.0

Feedback:
    current_pose:
  header:
    stamp:
      sec: 346
      nanosec: 720000000
    frame_id: map
  pose:
    position:
      x: 4.670742420550489
      y: -0.05677521166186272
      z: 0.0
    orientation:
      x: 0.0
      y: 0.0
      z: 0.1487201620635341
      w: 0.9888793219578393
navigation_time:
  sec: 0
  nanosec: 20000000
estimated_time_remaining:
  sec: 0
  nanosec: 0
number_of_recoveries: 0
distance_remaining: 0.17071083188056946

Feedback:
    current_pose:
  header:
    stamp:
      sec: 346
      nanosec: 720000000
    frame_id: map
  pose:
    position:
      x: 4.670742420550489
      y: -0.05677521166186272
      z: 0.0
    orientation:
      x: 0.0
      y: 0.0
      z: 0.1487201620635341
      w: 0.9888793219578393
navigation_time:
  sec: 0
  nanosec: 28000000
estimated_time_remaining:
  sec: 0
  nanosec: 0
number_of_recoveries: 0
distance_remaining: 0.17071083188056946

Feedback:
    current_pose:
  header:
    stamp:
      sec: 346
      nanosec: 740000000
    frame_id: map
  pose:
    position:
      x: 4.670676942581048
      y: -0.05679534421855559
      z: 0.0
    orientation:
      x: 0.0
      y: 0.0
      z: 0.14847159280827485
      w: 0.9889166729957453
navigation_time:
  sec: 0
  nanosec: 40000000
estimated_time_remaining:
  sec: 0
  nanosec: 0
number_of_recoveries: 0
distance_remaining: 0.17071083188056946

Feedback:
    current_pose:
  header:
    stamp:
      sec: 346
      nanosec: 740000000
    frame_id: map
  pose:
    position:
      x: 4.670676942581048
      y: -0.05679534421855559
      z: 0.0
    orientation:
      x: 0.0
      y: 0.0
      z: 0.14847159280827485
      w: 0.9889166729957453
navigation_time:
  sec: 0
  nanosec: 48000000
estimated_time_remaining:
  sec: 0
  nanosec: 0
number_of_recoveries: 0
distance_remaining: 0.17071083188056946

Feedback:
    current_pose:
  header:
    stamp:
      sec: 346
      nanosec: 760000000
    frame_id: map
  pose:
    position:
      x: 4.670513203449658
      y: -0.056845531576101394
      z: 0.0
    orientation:
      x: 0.0
      y: 0.0
      z: 0.14785012866719385
      w: 0.9890097772282608
navigation_time:
  sec: 0
  nanosec: 60000000
estimated_time_remaining:
  sec: 0
  nanosec: 0
number_of_recoveries: 0
distance_remaining: 0.17071083188056946

Feedback:
    current_pose:
  header:
    stamp:
      sec: 346
      nanosec: 760000000
    frame_id: map
  pose:
    position:
      x: 4.670513203449658
      y: -0.056845531576101394
      z: 0.0
    orientation:
      x: 0.0
      y: 0.0
      z: 0.14785012866719385
      w: 0.9890097772282608
navigation_time:
  sec: 0
  nanosec: 68000000
estimated_time_remaining:
  sec: 0
  nanosec: 0
number_of_recoveries: 0
distance_remaining: 0.17071083188056946

Feedback:
    current_pose:
  header:
    stamp:
      sec: 346
      nanosec: 780000000
    frame_id: map
  pose:
    position:
      x: 4.670349401372166
      y: -0.056895513106847595
      z: 0.0
    orientation:
      x: 0.0
      y: 0.0
      z: 0.14722860614214456
      w: 0.9891024909145874
navigation_time:
  sec: 0
  nanosec: 80000000
estimated_time_remaining:
  sec: 0
  nanosec: 0
number_of_recoveries: 0
distance_remaining: 0.17071083188056946

Feedback:
    current_pose:
  header:
    stamp:
      sec: 346
      nanosec: 780000000
    frame_id: map
  pose:
    position:
      x: 4.670349401372166
      y: -0.056895513106847595
      z: 0.0
    orientation:
      x: 0.0
      y: 0.0
      z: 0.14722860614214456
      w: 0.9891024909145874
navigation_time:
  sec: 0
  nanosec: 88000000
estimated_time_remaining:
  sec: 0
  nanosec: 0
number_of_recoveries: 0
distance_remaining: 0.17071083188056946

Feedback:
    current_pose:
  header:
    stamp:
      sec: 346
      nanosec: 800000000
    frame_id: map
  pose:
    position:
      x: 4.670117864823086
      y: -0.056965781808401283
      z: 0.0
    orientation:
      x: 0.0
      y: 0.0
      z: 0.1463649907320273
      w: 0.9892306553519323
navigation_time:
  sec: 0
  nanosec: 100000000
estimated_time_remaining:
  sec: 0
  nanosec: 0
number_of_recoveries: 0
distance_remaining: 0.17071083188056946

Feedback:
    current_pose:
  header:
    stamp:
      sec: 346
      nanosec: 800000000
    frame_id: map
  pose:
    position:
      x: 4.670117864823086
      y: -0.056965781808401283
      z: 0.0
    orientation:
      x: 0.0
      y: 0.0
      z: 0.1463649907320273
      w: 0.9892306553519323
navigation_time:
  sec: 0
  nanosec: 108000000
estimated_time_remaining:
  sec: 0
  nanosec: 0
number_of_recoveries: 0
distance_remaining: 0.17071083188056946

Feedback:
    current_pose:
  header:
    stamp:
      sec: 346
      nanosec: 820000000
    frame_id: map
  pose:
    position:
      x: 4.669841062568734
      y: -0.057049212566377516
      z: 0.0
    orientation:
      x: 0.0
      y: 0.0
      z: 0.14533988163023376
      w: 0.9893817861713999
navigation_time:
  sec: 0
  nanosec: 120000000
estimated_time_remaining:
  sec: 0
  nanosec: 0
number_of_recoveries: 0
distance_remaining: 0.17071083188056946

Feedback:
    current_pose:
  header:
    stamp:
      sec: 346
      nanosec: 820000000
    frame_id: map
  pose:
    position:
      x: 4.669841062568734
      y: -0.057049212566377516
      z: 0.0
    orientation:
      x: 0.0
      y: 0.0
      z: 0.14533988163023376
      w: 0.9893817861713999
navigation_time:
  sec: 0
  nanosec: 128000000
estimated_time_remaining:
  sec: 0
  nanosec: 0
number_of_recoveries: 0
distance_remaining: 0.17071083188056946

Feedback:
    current_pose:
  header:
    stamp:
      sec: 346
      nanosec: 840000000
    frame_id: map
  pose:
    position:
      x: 4.669473026917843
      y: -0.057159217547777086
      z: 0.0
    orientation:
      x: 0.0
      y: 0.0
      z: 0.14417411574821754
      w: 0.9895523353255348
navigation_time:
  sec: 0
  nanosec: 140000000
estimated_time_remaining:
  sec: 0
  nanosec: 0
number_of_recoveries: 0
distance_remaining: 0.17071083188056946

Feedback:
    current_pose:
  header:
    stamp:
      sec: 346
      nanosec: 840000000
    frame_id: map
  pose:
    position:
      x: 4.669473026917843
      y: -0.057159217547777086
      z: 0.0
    orientation:
      x: 0.0
      y: 0.0
      z: 0.14417411574821754
      w: 0.9895523353255348
navigation_time:
  sec: 0
  nanosec: 148000000
estimated_time_remaining:
  sec: 0
  nanosec: 0
number_of_recoveries: 0
distance_remaining: 0.17071083188056946

Feedback:
    current_pose:
  header:
    stamp:
      sec: 346
      nanosec: 860000000
    frame_id: map
  pose:
    position:
      x: 4.668968055999015
      y: -0.05730878914388149
      z: 0.0
    orientation:
      x: 0.0
      y: 0.0
      z: 0.1427973572804234
      w: 0.9897519460722102
navigation_time:
  sec: 0
  nanosec: 156000000
estimated_time_remaining:
  sec: 0
  nanosec: 0
number_of_recoveries: 0
distance_remaining: 0.17071083188056946

Feedback:
    current_pose:
  header:
    stamp:
      sec: 346
      nanosec: 860000000
    frame_id: map
  pose:
    position:
      x: 4.668968055999015
      y: -0.05730878914388149
      z: 0.0
    orientation:
      x: 0.0
      y: 0.0
      z: 0.1427973572804234
      w: 0.9897519460722102
navigation_time:
  sec: 0
  nanosec: 168000000
estimated_time_remaining:
  sec: 0
  nanosec: 0
number_of_recoveries: 0
distance_remaining: 0.17071083188056946

Feedback:
    current_pose:
  header:
    stamp:
      sec: 346
      nanosec: 880000000
    frame_id: map
  pose:
    position:
      x: 4.6684626708810075
      y: -0.05745695517853244
      z: 0.0
    orientation:
      x: 0.0
      y: 0.0
      z: 0.14142032239441407
      w: 0.9899496413524578
navigation_time:
  sec: 0
  nanosec: 180000000
estimated_time_remaining:
  sec: 0
  nanosec: 0
number_of_recoveries: 0
distance_remaining: 0.17071083188056946

Feedback:
    current_pose:
  header:
    stamp:
      sec: 346
      nanosec: 880000000
    frame_id: map
  pose:
    position:
      x: 4.6684626708810075
      y: -0.05745695517853244
      z: 0.0
    orientation:
      x: 0.0
      y: 0.0
      z: 0.14142032239441407
      w: 0.9899496413524578
navigation_time:
  sec: 0
  nanosec: 188000000
estimated_time_remaining:
  sec: 0
  nanosec: 0
number_of_recoveries: 0
distance_remaining: 0.17071083188056946

Feedback:
    current_pose:
  header:
    stamp:
      sec: 346
      nanosec: 900000000
    frame_id: map
  pose:
    position:
      x: 4.667838291778469
      y: -0.05763797410412086
      z: 0.0
    orientation:
      x: 0.0
      y: 0.0
      z: 0.13984688540821727
      w: 0.9901731407393463
navigation_time:
  sec: 0
  nanosec: 200000000
estimated_time_remaining:
  sec: 0
  nanosec: 0
number_of_recoveries: 0
distance_remaining: 0.17071083188056946

Feedback:
    current_pose:
  header:
    stamp:
      sec: 346
      nanosec: 900000000
    frame_id: map
  pose:
    position:
      x: 4.667838291778469
      y: -0.05763797410412086
      z: 0.0
    orientation:
      x: 0.0
      y: 0.0
      z: 0.13984688540821727
      w: 0.9901731407393463
navigation_time:
  sec: 0
  nanosec: 208000000
estimated_time_remaining:
  sec: 0
  nanosec: 0
number_of_recoveries: 0
distance_remaining: 0.17071083188056946

Feedback:
    current_pose:
  header:
    stamp:
      sec: 346
      nanosec: 920000000
    frame_id: map
  pose:
    position:
      x: 4.667183670020501
      y: -0.05782548702979984
      z: 0.0
    orientation:
      x: 0.0
      y: 0.0
      z: 0.138224051269273
      w: 0.9904009852835917
navigation_time:
  sec: 0
  nanosec: 220000000
estimated_time_remaining:
  sec: 16
  nanosec: 209503908
number_of_recoveries: 0
distance_remaining: 0.17071083188056946

Feedback:
    current_pose:
  header:
    stamp:
      sec: 346
      nanosec: 920000000
    frame_id: map
  pose:
    position:
      x: 4.667183670020501
      y: -0.05782548702979984
      z: 0.0
    orientation:
      x: 0.0
      y: 0.0
      z: 0.138224051269273
      w: 0.9904009852835917
navigation_time:
  sec: 0
  nanosec: 228000000
estimated_time_remaining:
  sec: 16
  nanosec: 209503908
number_of_recoveries: 0
distance_remaining: 0.17071083188056946

Feedback:
    current_pose:
  header:
    stamp:
      sec: 346
      nanosec: 940000000
    frame_id: map
  pose:
    position:
      x: 4.666511528905816
      y: -0.05801560421310059
      z: 0.0
    orientation:
      x: 0.0
      y: 0.0
      z: 0.13654708804092228
      w: 0.990633581475787
navigation_time:
  sec: 0
  nanosec: 240000000
estimated_time_remaining:
  sec: 13
  nanosec: 455640969
number_of_recoveries: 0
distance_remaining: 0.17071083188056946

Feedback:
    current_pose:
  header:
    stamp:
      sec: 346
      nanosec: 940000000
    frame_id: map
  pose:
    position:
      x: 4.666511528905816
      y: -0.05801560421310059
      z: 0.0
    orientation:
      x: 0.0
      y: 0.0
      z: 0.13654708804092228
      w: 0.990633581475787
navigation_time:
  sec: 0
  nanosec: 248000000
estimated_time_remaining:
  sec: 13
  nanosec: 455640969
number_of_recoveries: 0
distance_remaining: 0.17071083188056946

Feedback:
    current_pose:
  header:
    stamp:
      sec: 346
      nanosec: 960000000
    frame_id: map
  pose:
    position:
      x: 4.66577103687825
      y: -0.05822216858702722
      z: 0.0
    orientation:
      x: 0.0
      y: 0.0
      z: 0.13465464810853564
      w: 0.9908925904167244
navigation_time:
  sec: 0
  nanosec: 260000000
estimated_time_remaining:
  sec: 11
  nanosec: 396257127
number_of_recoveries: 0
distance_remaining: 0.17071083188056946

Feedback:
    current_pose:
  header:
    stamp:
      sec: 346
      nanosec: 960000000
    frame_id: map
  pose:
    position:
      x: 4.66577103687825
      y: -0.05822216858702722
      z: 0.0
    orientation:
      x: 0.0
      y: 0.0
      z: 0.13465464810853564
      w: 0.9908925904167244
navigation_time:
  sec: 0
  nanosec: 268000000
estimated_time_remaining:
  sec: 11
  nanosec: 396257127
number_of_recoveries: 0
distance_remaining: 0.17071083188056946

Feedback:
    current_pose:
  header:
    stamp:
      sec: 346
      nanosec: 980000000
    frame_id: map
  pose:
    position:
      x: 4.665029761145673
      y: -0.058425902658633344
      z: 0.0
    orientation:
      x: 0.0
      y: 0.0
      z: 0.13276171682914625
      w: 0.9911479841802524
navigation_time:
  sec: 0
  nanosec: 280000000
estimated_time_remaining:
  sec: 9
  nanosec: 821161150
number_of_recoveries: 0
distance_remaining: 0.17071083188056946

Feedback:
    current_pose:
  header:
    stamp:
      sec: 346
      nanosec: 980000000
    frame_id: map
  pose:
    position:
      x: 4.665029761145673
      y: -0.058425902658633344
      z: 0.0
    orientation:
      x: 0.0
      y: 0.0
      z: 0.13276171682914625
      w: 0.9911479841802524
navigation_time:
  sec: 0
  nanosec: 288000000
estimated_time_remaining:
  sec: 9
  nanosec: 821161150
number_of_recoveries: 0
distance_remaining: 0.17071083188056946

Feedback:
    current_pose:
  header:
    stamp:
      sec: 347
      nanosec: 0
    frame_id: map
  pose:
    position:
      x: 4.664185473274457
      y: -0.058654355055560714
      z: 0.0
    orientation:
      x: 0.0
      y: 0.0
      z: 0.1307534130296578
      w: 0.9914149206972304
navigation_time:
  sec: 0
  nanosec: 300000000
estimated_time_remaining:
  sec: 8
  nanosec: 557030487
number_of_recoveries: 0
distance_remaining: 0.17071083188056946

Feedback:
    current_pose:
  header:
    stamp:
      sec: 347
      nanosec: 0
    frame_id: map
  pose:
    position:
      x: 4.664185473274457
      y: -0.058654355055560714
      z: 0.0
    orientation:
      x: 0.0
      y: 0.0
      z: 0.1307534130296578
      w: 0.9914149206972304
navigation_time:
  sec: 0
  nanosec: 308000000
estimated_time_remaining:
  sec: 8
  nanosec: 557030487
number_of_recoveries: 0
distance_remaining: 0.17071083188056946

Feedback:
    current_pose:
  header:
    stamp:
      sec: 347
      nanosec: 20000000
    frame_id: map
  pose:
    position:
      x: 4.663314685458774
      y: -0.058886192494724154
      z: 0.0
    orientation:
      x: 0.0
      y: 0.0
      z: 0.1287158425645697
      w: 0.9916815173597282
navigation_time:
  sec: 0
  nanosec: 316000000
estimated_time_remaining:
  sec: 7
  nanosec: 512219641
number_of_recoveries: 0
distance_remaining: 0.17071083188056946

Feedback:
    current_pose:
  header:
    stamp:
      sec: 347
      nanosec: 20000000
    frame_id: map
  pose:
    position:
      x: 4.663314685458774
      y: -0.058886192494724154
      z: 0.0
    orientation:
      x: 0.0
      y: 0.0
      z: 0.1287158425645697
      w: 0.9916815173597282
navigation_time:
  sec: 0
  nanosec: 328000000
estimated_time_remaining:
  sec: 7
  nanosec: 512219641
number_of_recoveries: 0
distance_remaining: 0.17071083188056946

Feedback:
    current_pose:
  header:
    stamp:
      sec: 347
      nanosec: 40000000
    frame_id: map
  pose:
    position:
      x: 4.662427562353382
      y: -0.05911844729746529
      z: 0.0
    orientation:
      x: 0.0
      y: 0.0
      z: 0.12665549023612477
      w: 0.9919467661084674
navigation_time:
  sec: 0
  nanosec: 340000000
estimated_time_remaining:
  sec: 6
  nanosec: 677450443
number_of_recoveries: 0
distance_remaining: 0.17071083188056946

Feedback:
    current_pose:
  header:
    stamp:
      sec: 347
      nanosec: 40000000
    frame_id: map
  pose:
    position:
      x: 4.662427562353382
      y: -0.05911844729746529
      z: 0.0
    orientation:
      x: 0.0
      y: 0.0
      z: 0.12665549023612477
      w: 0.9919467661084674
navigation_time:
  sec: 0
  nanosec: 348000000
estimated_time_remaining:
  sec: 6
  nanosec: 677450443
number_of_recoveries: 0
distance_remaining: 0.17071083188056946

Feedback:
    current_pose:
  header:
    stamp:
      sec: 347
      nanosec: 60000000
    frame_id: map
  pose:
    position:
      x: 4.661477867396538
      y: -0.05936279244320186
      z: 0.0
    orientation:
      x: 0.0
      y: 0.0
      z: 0.12450561395674685
      w: 0.9922189033138069
navigation_time:
  sec: 0
  nanosec: 360000000
estimated_time_remaining:
  sec: 6
  nanosec: 6015044
number_of_recoveries: 0
distance_remaining: 0.17071083188056946

Feedback:
    current_pose:
  header:
    stamp:
      sec: 347
      nanosec: 60000000
    frame_id: map
  pose:
    position:
      x: 4.661477867396538
      y: -0.05936279244320186
      z: 0.0
    orientation:
      x: 0.0
      y: 0.0
      z: 0.12450561395674685
      w: 0.9922189033138069
navigation_time:
  sec: 0
  nanosec: 368000000
estimated_time_remaining:
  sec: 6
  nanosec: 6015044
number_of_recoveries: 0
distance_remaining: 0.17071083188056946

Feedback:
    current_pose:
  header:
    stamp:
      sec: 347
      nanosec: 80000000
    frame_id: map
  pose:
    position:
      x: 4.660527122354953
      y: -0.05960301926781342
      z: 0.0
    orientation:
      x: 0.0
      y: 0.0
      z: 0.12235515297393636
      w: 0.9924863810353898
navigation_time:
  sec: 0
  nanosec: 380000000
estimated_time_remaining:
  sec: 5
  nanosec: 486776244
number_of_recoveries: 0
distance_remaining: 0.17071083188056946

Result:
    error_code: 0
error_msg: ''

Goal finished with status: SUCCEEDED
