[WARN] [ros2bag]: Positional "topics" argument deprecated. Please use optional "--topics" argument instead.
stdin is not a terminal device. Keyboard handling disabled.[INFO] [1791013422.876467567] [rosbag2_recorder]: Press SPACE for pausing/resuming
[INFO] [1791013422.876533943] [rosbag2_recorder]: Event publisher thread: Started
[INFO] [1791013422.886250978] [rosbag2_recorder]: Starting recording to '/home/thaonhi/nav_ws/experiments/trajectory_risk_v0/data_v2/ep02_static_people_20261003_144339/rosbag'
[INFO] [1791013422.888635293] [rosbag2_recorder]: Listening for topics...
[INFO] [1791013422.888677631] [rosbag2_recorder]: Recording...
[INFO] [1791013422.888699562] [rosbag2_recorder]: Topics discovery started.
[INFO] [1791013422.966083547] [rosbag2_recorder]: Subscribed to topic '/tf_static'
[INFO] [1791013422.968383218] [rosbag2_recorder]: Subscribed to topic '/cmd_vel'
[INFO] [1791013423.423760239] [rosbag2_recorder]: Subscribed to topic '/tf'
[ERROR] [1791013423.424858637] [ROSBAG2_TRANSPORT]: Topic '/particle_cloud' has more than one type associated. Only topics with one type are supported
[ERROR] [1791013423.425882168] [ROSBAG2_TRANSPORT]: Topic '/particle_cloud' has more than one type associated. Only topics with one type are supported
[ERROR] [1791013423.426741445] [ROSBAG2_TRANSPORT]: Topic '/particle_cloud' has more than one type associated. Only topics with one type are supported
[ERROR] [1791013423.429207964] [ROSBAG2_TRANSPORT]: Topic '/particle_cloud' has more than one type associated. Only topics with one type are supported
[ERROR] [1791013423.430222259] [ROSBAG2_TRANSPORT]: Topic '/particle_cloud' has more than one type associated. Only topics with one type are supported
[ERROR] [1791013423.431779530] [ROSBAG2_TRANSPORT]: Topic '/particle_cloud' has more than one type associated. Only topics with one type are supported
[ERROR] [1791013423.435116569] [ROSBAG2_TRANSPORT]: Topic '/particle_cloud' has more than one type associated. Only topics with one type are supported
[ERROR] [1791013423.436178315] [ROSBAG2_TRANSPORT]: Topic '/particle_cloud' has more than one type associated. Only topics with one type are supported
[ERROR] [1791013423.438694181] [ROSBAG2_TRANSPORT]: Topic '/particle_cloud' has more than one type associated. Only topics with one type are supported
[ERROR] [1791013423.439803919] [ROSBAG2_TRANSPORT]: Topic '/particle_cloud' has more than one type associated. Only topics with one type are supported
[ERROR] [1791013423.440609482] [ROSBAG2_TRANSPORT]: Topic '/particle_cloud' has more than one type associated. Only topics with one type are supported
[ERROR] [1791013423.441393798] [ROSBAG2_TRANSPORT]: Topic '/particle_cloud' has more than one type associated. Only topics with one type are supported
[ERROR] [1791013423.442515799] [ROSBAG2_TRANSPORT]: Topic '/particle_cloud' has more than one type associated. Only topics with one type are supported
[ERROR] [1791013423.443238832] [ROSBAG2_TRANSPORT]: Topic '/particle_cloud' has more than one type associated. Only topics with one type are supported
[ERROR] [1791013423.444520852] [ROSBAG2_TRANSPORT]: Topic '/particle_cloud' has more than one type associated. Only topics with one type are supported
[ERROR] [1791013423.445124292] [ROSBAG2_TRANSPORT]: Topic '/particle_cloud' has more than one type associated. Only topics with one type are supported
[ERROR] [1791013423.445594598] [ROSBAG2_TRANSPORT]: Topic '/particle_cloud' has more than one type associated. Only topics with one type are supported
[ERROR] [1791013423.446091220] [ROSBAG2_TRANSPORT]: Topic '/particle_cloud' has more than one type associated. Only topics with one type are supported
[ERROR] [1791013423.446538552] [ROSBAG2_TRANSPORT]: Topic '/particle_cloud' has more than one type associated. Only topics with one type are supported
[ERROR] [1791013423.447028342] [ROSBAG2_TRANSPORT]: Topic '/particle_cloud' has more than one type associated. Only topics with one type are supported
[ERROR] [1791013423.448306173] [ROSBAG2_TRANSPORT]: Topic '/particle_cloud' has more than one type associated. Only topics with one type are supported
[ERROR] [1791013423.449424890] [ROSBAG2_TRANSPORT]: Topic '/particle_cloud' has more than one type associated. Only topics with one type are supported
[ERROR] [1791013423.449866228] [ROSBAG2_TRANSPORT]: Topic '/particle_cloud' has more than one type associated. Only topics with one type are supported
[ERROR] [1791013423.450233946] [ROSBAG2_TRANSPORT]: Topic '/particle_cloud' has more than one type associated. Only topics with one type are supported
[ERROR] [1791013423.450596781] [ROSBAG2_TRANSPORT]: Topic '/particle_cloud' has more than one type associated. Only topics with one type are supported
[ERROR] [1791013423.450957372] [ROSBAG2_TRANSPORT]: Topic '/particle_cloud' has more than one type associated. Only topics with one type are supported
[ERROR] [1791013423.451440171] [ROSBAG2_TRANSPORT]: Topic '/particle_cloud' has more than one type associated. Only topics with one type are supported
[ERROR] [1791013423.451938499] [ROSBAG2_TRANSPORT]: Topic '/particle_cloud' has more than one type associated. Only topics with one type are supported
[ERROR] [1791013423.452590866] [ROSBAG2_TRANSPORT]: Topic '/particle_cloud' has more than one type associated. Only topics with one type are supported
[ERROR] [1791013423.453010952] [ROSBAG2_TRANSPORT]: Topic '/particle_cloud' has more than one type associated. Only topics with one type are supported
[ERROR] [1791013423.453412954] [ROSBAG2_TRANSPORT]: Topic '/particle_cloud' has more than one type associated. Only topics with one type are supported
[ERROR] [1791013423.453810808] [ROSBAG2_TRANSPORT]: Topic '/particle_cloud' has more than one type associated. Only topics with one type are supported
[ERROR] [1791013423.454172344] [ROSBAG2_TRANSPORT]: Topic '/particle_cloud' has more than one type associated. Only topics with one type are supported
[ERROR] [1791013423.454534512] [ROSBAG2_TRANSPORT]: Topic '/particle_cloud' has more than one type associated. Only topics with one type are supported
[ERROR] [1791013423.455021532] [ROSBAG2_TRANSPORT]: Topic '/particle_cloud' has more than one type associated. Only topics with one type are supported
[ERROR] [1791013423.455465572] [ROSBAG2_TRANSPORT]: Topic '/particle_cloud' has more than one type associated. Only topics with one type are supported
[ERROR] [1791013423.455921033] [ROSBAG2_TRANSPORT]: Topic '/particle_cloud' has more than one type associated. Only topics with one type are supported
[ERROR] [1791013423.456347778] [ROSBAG2_TRANSPORT]: Topic '/particle_cloud' has more than one type associated. Only topics with one type are supported
[ERROR] [1791013423.456834965] [ROSBAG2_TRANSPORT]: Topic '/particle_cloud' has more than one type associated. Only topics with one type are supported
[ERROR] [1791013423.457480408] [ROSBAG2_TRANSPORT]: Topic '/particle_cloud' has more than one type associated. Only topics with one type are supported
[ERROR] [1791013423.458062757] [ROSBAG2_TRANSPORT]: Topic '/particle_cloud' has more than one type associated. Only topics with one type are supported
[ERROR] [1791013423.458978308] [ROSBAG2_TRANSPORT]: Topic '/particle_cloud' has more than one type associated. Only topics with one type are supported
[ERROR] [1791013423.459536417] [ROSBAG2_TRANSPORT]: Topic '/particle_cloud' has more than one type associated. Only topics with one type are supported
[ERROR] [1791013423.460165179] [ROSBAG2_TRANSPORT]: Topic '/particle_cloud' has more than one type associated. Only topics with one type are supported
[ERROR] [1791013423.460713311] [ROSBAG2_TRANSPORT]: Topic '/particle_cloud' has more than one type associated. Only topics with one type are supported
[ERROR] [1791013423.461246770] [ROSBAG2_TRANSPORT]: Topic '/particle_cloud' has more than one type associated. Only topics with one type are supported
[ERROR] [1791013423.462452800] [ROSBAG2_TRANSPORT]: Topic '/particle_cloud' has more than one type associated. Only topics with one type are supported
[ERROR] [1791013423.464051548] [ROSBAG2_TRANSPORT]: Topic '/particle_cloud' has more than one type associated. Only topics with one type are supported
[ERROR] [1791013423.465756126] [ROSBAG2_TRANSPORT]: Topic '/particle_cloud' has more than one type associated. Only topics with one type are supported
[ERROR] [1791013423.466970940] [ROSBAG2_TRANSPORT]: Topic '/particle_cloud' has more than one type associated. Only topics with one type are supported
[ERROR] [1791013423.467903750] [ROSBAG2_TRANSPORT]: Topic '/particle_cloud' has more than one type associated. Only topics with one type are supported
[ERROR] [1791013423.468854962] [ROSBAG2_TRANSPORT]: Topic '/particle_cloud' has more than one type associated. Only topics with one type are supported
[ERROR] [1791013423.470464142] [ROSBAG2_TRANSPORT]: Topic '/particle_cloud' has more than one type associated. Only topics with one type are supported
[ERROR] [1791013423.476810267] [ROSBAG2_TRANSPORT]: Topic '/particle_cloud' has more than one type associated. Only topics with one type are supported
[ERROR] [1791013423.487991666] [ROSBAG2_TRANSPORT]: Topic '/particle_cloud' has more than one type associated. Only topics with one type are supported
[ERROR] [1791013423.490484444] [ROSBAG2_TRANSPORT]: Topic '/particle_cloud' has more than one type associated. Only topics with one type are supported
[ERROR] [1791013423.496742379] [ROSBAG2_TRANSPORT]: Topic '/particle_cloud' has more than one type associated. Only topics with one type are supported
[ERROR] [1791013423.525865464] [ROSBAG2_TRANSPORT]: Topic '/particle_cloud' has more than one type associated. Only topics with one type are supported
[ERROR] [1791013423.529045065] [ROSBAG2_TRANSPORT]: Topic '/particle_cloud' has more than one type associated. Only topics with one type are supported
[ERROR] [1791013423.766637201] [ROSBAG2_TRANSPORT]: Topic '/particle_cloud' has more than one type associated. Only topics with one type are supported
[ERROR] [1791013423.767385834] [ROSBAG2_TRANSPORT]: Topic '/particle_cloud' has more than one type associated. Only topics with one type are supported
[ERROR] [1791013424.334504878] [ROSBAG2_TRANSPORT]: Topic '/particle_cloud' has more than one type associated. Only topics with one type are supported
[ERROR] [1791013424.502186825] [ROSBAG2_TRANSPORT]: Topic '/particle_cloud' has more than one type associated. Only topics with one type are supported
[ERROR] [1791013424.517135390] [ROSBAG2_TRANSPORT]: Topic '/particle_cloud' has more than one type associated. Only topics with one type are supported
[ERROR] [1791013424.518192504] [ROSBAG2_TRANSPORT]: Topic '/particle_cloud' has more than one type associated. Only topics with one type are supported
[ERROR] [1791013424.519320654] [ROSBAG2_TRANSPORT]: Topic '/particle_cloud' has more than one type associated. Only topics with one type are supported
[ERROR] [1791013424.520182363] [ROSBAG2_TRANSPORT]: Topic '/particle_cloud' has more than one type associated. Only topics with one type are supported
[ERROR] [1791013424.520995030] [ROSBAG2_TRANSPORT]: Topic '/particle_cloud' has more than one type associated. Only topics with one type are supported
[ERROR] [1791013424.521832370] [ROSBAG2_TRANSPORT]: Topic '/particle_cloud' has more than one type associated. Only topics with one type are supported
[ERROR] [1791013424.522553247] [ROSBAG2_TRANSPORT]: Topic '/particle_cloud' has more than one type associated. Only topics with one type are supported
[ERROR] [1791013424.599953626] [ROSBAG2_TRANSPORT]: Topic '/particle_cloud' has more than one type associated. Only topics with one type are supported
[ERROR] [1791013424.682748501] [ROSBAG2_TRANSPORT]: Topic '/particle_cloud' has more than one type associated. Only topics with one type are supported
[ERROR] [1791013424.683718442] [ROSBAG2_TRANSPORT]: Topic '/particle_cloud' has more than one type associated. Only topics with one type are supported
[ERROR] [1791013424.684631435] [ROSBAG2_TRANSPORT]: Topic '/particle_cloud' has more than one type associated. Only topics with one type are supported
[ERROR] [1791013424.685507424] [ROSBAG2_TRANSPORT]: Topic '/particle_cloud' has more than one type associated. Only topics with one type are supported
[ERROR] [1791013424.686314915] [ROSBAG2_TRANSPORT]: Topic '/particle_cloud' has more than one type associated. Only topics with one type are supported
[ERROR] [1791013424.687532453] [ROSBAG2_TRANSPORT]: Topic '/particle_cloud' has more than one type associated. Only topics with one type are supported
[ERROR] [1791013424.688403335] [ROSBAG2_TRANSPORT]: Topic '/particle_cloud' has more than one type associated. Only topics with one type are supported
[ERROR] [1791013424.689517555] [ROSBAG2_TRANSPORT]: Topic '/particle_cloud' has more than one type associated. Only topics with one type are supported
[ERROR] [1791013424.690323330] [ROSBAG2_TRANSPORT]: Topic '/particle_cloud' has more than one type associated. Only topics with one type are supported
[ERROR] [1791013424.691061994] [ROSBAG2_TRANSPORT]: Topic '/particle_cloud' has more than one type associated. Only topics with one type are supported
[ERROR] [1791013424.692123481] [ROSBAG2_TRANSPORT]: Topic '/particle_cloud' has more than one type associated. Only topics with one type are supported
[ERROR] [1791013424.763537713] [ROSBAG2_TRANSPORT]: Topic '/particle_cloud' has more than one type associated. Only topics with one type are supported
[ERROR] [1791013425.067206571] [ROSBAG2_TRANSPORT]: Topic '/particle_cloud' has more than one type associated. Only topics with one type are supported
[ERROR] [1791013425.115752999] [ROSBAG2_TRANSPORT]: Topic '/particle_cloud' has more than one type associated. Only topics with one type are supported
[ERROR] [1791013425.194350155] [ROSBAG2_TRANSPORT]: Topic '/particle_cloud' has more than one type associated. Only topics with one type are supported
[ERROR] [1791013425.297952573] [ROSBAG2_TRANSPORT]: Topic '/particle_cloud' has more than one type associated. Only topics with one type are supported
[ERROR] [1791013425.301704138] [ROSBAG2_TRANSPORT]: Topic '/particle_cloud' has more than one type associated. Only topics with one type are supported
[ERROR] [1791013425.303414038] [ROSBAG2_TRANSPORT]: Topic '/particle_cloud' has more than one type associated. Only topics with one type are supported
[ERROR] [1791013425.304547082] [ROSBAG2_TRANSPORT]: Topic '/particle_cloud' has more than one type associated. Only topics with one type are supported
[ERROR] [1791013425.305884050] [ROSBAG2_TRANSPORT]: Topic '/particle_cloud' has more than one type associated. Only topics with one type are supported
[ERROR] [1791013425.311665404] [ROSBAG2_TRANSPORT]: Topic '/particle_cloud' has more than one type associated. Only topics with one type are supported
[ERROR] [1791013425.312734227] [ROSBAG2_TRANSPORT]: Topic '/particle_cloud' has more than one type associated. Only topics with one type are supported
[ERROR] [1791013425.323590434] [ROSBAG2_TRANSPORT]: Topic '/particle_cloud' has more than one type associated. Only topics with one type are supported
[ERROR] [1791013425.375437905] [ROSBAG2_TRANSPORT]: Topic '/particle_cloud' has more than one type associated. Only topics with one type are supported
[ERROR] [1791013425.376899235] [ROSBAG2_TRANSPORT]: Topic '/particle_cloud' has more than one type associated. Only topics with one type are supported
[ERROR] [1791013425.378761699] [ROSBAG2_TRANSPORT]: Topic '/particle_cloud' has more than one type associated. Only topics with one type are supported
[ERROR] [1791013425.380441485] [ROSBAG2_TRANSPORT]: Topic '/particle_cloud' has more than one type associated. Only topics with one type are supported
[ERROR] [1791013425.381863467] [ROSBAG2_TRANSPORT]: Topic '/particle_cloud' has more than one type associated. Only topics with one type are supported
[ERROR] [1791013425.384319255] [ROSBAG2_TRANSPORT]: Topic '/particle_cloud' has more than one type associated. Only topics with one type are supported
[ERROR] [1791013425.390858248] [ROSBAG2_TRANSPORT]: Topic '/particle_cloud' has more than one type associated. Only topics with one type are supported
[ERROR] [1791013425.438039652] [ROSBAG2_TRANSPORT]: Topic '/particle_cloud' has more than one type associated. Only topics with one type are supported
[ERROR] [1791013425.456798839] [ROSBAG2_TRANSPORT]: Topic '/particle_cloud' has more than one type associated. Only topics with one type are supported
[ERROR] [1791013425.506295616] [ROSBAG2_TRANSPORT]: Topic '/particle_cloud' has more than one type associated. Only topics with one type are supported
[ERROR] [1791013425.507711448] [ROSBAG2_TRANSPORT]: Topic '/particle_cloud' has more than one type associated. Only topics with one type are supported
[ERROR] [1791013425.508884891] [ROSBAG2_TRANSPORT]: Topic '/particle_cloud' has more than one type associated. Only topics with one type are supported
[ERROR] [1791013425.510281804] [ROSBAG2_TRANSPORT]: Topic '/particle_cloud' has more than one type associated. Only topics with one type are supported
[ERROR] [1791013425.511956985] [ROSBAG2_TRANSPORT]: Topic '/particle_cloud' has more than one type associated. Only topics with one type are supported
[ERROR] [1791013425.513068181] [ROSBAG2_TRANSPORT]: Topic '/particle_cloud' has more than one type associated. Only topics with one type are supported
[ERROR] [1791013425.514040448] [ROSBAG2_TRANSPORT]: Topic '/particle_cloud' has more than one type associated. Only topics with one type are supported
[ERROR] [1791013425.514910862] [ROSBAG2_TRANSPORT]: Topic '/particle_cloud' has more than one type associated. Only topics with one type are supported
[ERROR] [1791013425.515779316] [ROSBAG2_TRANSPORT]: Topic '/particle_cloud' has more than one type associated. Only topics with one type are supported
[ERROR] [1791013425.516576749] [ROSBAG2_TRANSPORT]: Topic '/particle_cloud' has more than one type associated. Only topics with one type are supported
[ERROR] [1791013425.540485132] [ROSBAG2_TRANSPORT]: Topic '/particle_cloud' has more than one type associated. Only topics with one type are supported
[ERROR] [1791013425.542371588] [ROSBAG2_TRANSPORT]: Topic '/particle_cloud' has more than one type associated. Only topics with one type are supported
[ERROR] [1791013425.586703129] [ROSBAG2_TRANSPORT]: Topic '/particle_cloud' has more than one type associated. Only topics with one type are supported
[ERROR] [1791013425.619258941] [ROSBAG2_TRANSPORT]: Topic '/particle_cloud' has more than one type associated. Only topics with one type are supported
[ERROR] [1791013425.622450422] [ROSBAG2_TRANSPORT]: Topic '/particle_cloud' has more than one type associated. Only topics with one type are supported
[ERROR] [1791013425.624280107] [ROSBAG2_TRANSPORT]: Topic '/particle_cloud' has more than one type associated. Only topics with one type are supported
[ERROR] [1791013425.626965025] [ROSBAG2_TRANSPORT]: Topic '/particle_cloud' has more than one type associated. Only topics with one type are supported
[ERROR] [1791013425.628129215] [ROSBAG2_TRANSPORT]: Topic '/particle_cloud' has more than one type associated. Only topics with one type are supported
[ERROR] [1791013425.630240374] [ROSBAG2_TRANSPORT]: Topic '/particle_cloud' has more than one type associated. Only topics with one type are supported
[ERROR] [1791013425.631187046] [ROSBAG2_TRANSPORT]: Topic '/particle_cloud' has more than one type associated. Only topics with one type are supported
[ERROR] [1791013425.692590515] [ROSBAG2_TRANSPORT]: Topic '/particle_cloud' has more than one type associated. Only topics with one type are supported
[ERROR] [1791013425.693833674] [ROSBAG2_TRANSPORT]: Topic '/particle_cloud' has more than one type associated. Only topics with one type are supported
[ERROR] [1791013425.695351445] [ROSBAG2_TRANSPORT]: Topic '/particle_cloud' has more than one type associated. Only topics with one type are supported
[ERROR] [1791013425.698433030] [ROSBAG2_TRANSPORT]: Topic '/particle_cloud' has more than one type associated. Only topics with one type are supported
[ERROR] [1791013425.700551891] [ROSBAG2_TRANSPORT]: Topic '/particle_cloud' has more than one type associated. Only topics with one type are supported
[ERROR] [1791013425.701840434] [ROSBAG2_TRANSPORT]: Topic '/particle_cloud' has more than one type associated. Only topics with one type are supported
[ERROR] [1791013425.704106164] [ROSBAG2_TRANSPORT]: Topic '/particle_cloud' has more than one type associated. Only topics with one type are supported
[ERROR] [1791013425.706171277] [ROSBAG2_TRANSPORT]: Topic '/particle_cloud' has more than one type associated. Only topics with one type are supported
[ERROR] [1791013425.707949276] [ROSBAG2_TRANSPORT]: Topic '/particle_cloud' has more than one type associated. Only topics with one type are supported
[ERROR] [1791013425.720672850] [ROSBAG2_TRANSPORT]: Topic '/particle_cloud' has more than one type associated. Only topics with one type are supported
[ERROR] [1791013425.724322488] [ROSBAG2_TRANSPORT]: Topic '/particle_cloud' has more than one type associated. Only topics with one type are supported
[ERROR] [1791013425.726875861] [ROSBAG2_TRANSPORT]: Topic '/particle_cloud' has more than one type associated. Only topics with one type are supported
[ERROR] [1791013425.730095411] [ROSBAG2_TRANSPORT]: Topic '/particle_cloud' has more than one type associated. Only topics with one type are supported
[INFO] [1791013425.733124999] [rosbag2_recorder]: Subscribed to topic '/clock'
[INFO] [1791013425.736834569] [rosbag2_recorder]: Subscribed to topic '/odom'
[INFO] [1791013425.742118357] [rosbag2_recorder]: Subscribed to topic '/scan'
[INFO] [1791013425.742243461] [rosbag2_recorder]: All requested topics are subscribed. Stopping discovery...
[INFO] [1791013425.742256656] [rosbag2_recorder]: Topics discovery stopped.
