stdin is not a terminal device. Keyboard handling disabled.[INFO] [1790559746.737440276] [rosbag2_recorder]: Press SPACE for pausing/resuming
[INFO] [1790559746.737514613] [rosbag2_recorder]: Event publisher thread: Started
[INFO] [1790559746.746258093] [rosbag2_recorder]: Starting recording to '/home/haduckien/nav_ws/src/custom_corridor/worlds/school_arena/demo_1/dataset_v1.0/episodes/ep_000006/raw_bag'
[INFO] [1790559746.748100550] [rosbag2_storage]: Opened database '/home/haduckien/nav_ws/src/custom_corridor/worlds/school_arena/demo_1/dataset_v1.0/episodes/ep_000006/raw_bag/raw_bag_0.db3' for READ_WRITE.
[INFO] [1790559746.750470666] [rosbag2_recorder]: Listening for topics...
[INFO] [1790559746.750579346] [rosbag2_recorder]: Recording...
[INFO] [1790559746.750520197] [rosbag2_recorder]: Topics discovery started.
[INFO] [1790559746.809548490] [rosbag2_recorder]: Subscribed to topic '/tf'
[INFO] [1790559746.843928967] [rosbag2_recorder]: Subscribed to topic '/odom'
[INFO] [1790559746.847880620] [rosbag2_recorder]: Subscribed to topic '/robot/camera/image_raw'
[INFO] [1790559746.851542839] [rosbag2_recorder]: Subscribed to topic '/scan'
[INFO] [1790559747.019507078] [rosbag2_recorder]: Subscribed to topic '/cmd_vel'
[INFO] [1790559749.141191148] [rosbag2_recorder]: Subscribed to topic '/tf_static'
[INFO] [1790559749.141312438] [rosbag2_recorder]: All requested topics are subscribed. Stopping discovery...
[INFO] [1790559749.141322660] [rosbag2_recorder]: Topics discovery stopped.
[INFO] [1790559762.882809405] [rosbag2_recorder]: Pausing recording.
[INFO] [1790559762.883136518] [rosbag2_cpp]: Writing remaining messages from cache to the bag. It may take a while
[INFO] [1790559762.884916564] [rosbag2_compression]: Compressing file: /home/haduckien/nav_ws/src/custom_corridor/worlds/school_arena/demo_1/dataset_v1.0/episodes/ep_000006/raw_bag/raw_bag_0.db3
[INFO] [1790559763.007271359] [rosbag2_recorder]: Recording stopped
[INFO] [1790559763.010148119] [rosbag2_recorder]: Event publisher thread: Exited
