Waiting for an action server to become available...
Sending goal:
     pose:
  header:
    stamp:
      sec: 0
      nanosec: 0
    frame_id: map
  pose:
    position:
      x: 4.5
      y: 0.0
      z: 0.0
    orientation:
      x: 0.0
      y: 0.0
      z: 0.0
      w: 1.0
behavior_tree: ''

Goal accepted with ID: aa088d0cfdff47fcbfa305c5720da5e6

Feedback:
    current_pose:
  header:
    stamp:
      sec: 305
      nanosec: 560000000
    frame_id: map
  pose:
    position:
      x: 4.406486837749359
      y: 0.17445455459228887
      z: 0.0
    orientation:
      x: 0.0
      y: 0.0
      z: -0.019564654660276005
      w: 0.9998085938258503
navigation_time:
  sec: 0
  nanosec: 12000000
estimated_time_remaining:
  sec: 0
  nanosec: 0
number_of_recoveries: 0
distance_remaining: 0.0

Feedback:
    current_pose:
  header:
    stamp:
      sec: 305
      nanosec: 600000000
    frame_id: map
  pose:
    position:
      x: 4.406486837749359
      y: 0.17445455459228887
      z: 0.0
    orientation:
      x: 0.0
      y: 0.0
      z: -0.019564654660276005
      w: 0.9998085938258503
navigation_time:
  sec: 0
  nanosec: 32000000
estimated_time_remaining:
  sec: 0
  nanosec: 0
number_of_recoveries: 0
distance_remaining: 0.0

Feedback:
    current_pose:
  header:
    stamp:
      sec: 305
      nanosec: 600000000
    frame_id: map
  pose:
    position:
      x: 4.406486837749359
      y: 0.17445455459228887
      z: 0.0
    orientation:
      x: 0.0
      y: 0.0
      z: -0.019564654660276005
      w: 0.9998085938258503
navigation_time:
  sec: 0
  nanosec: 32000000
estimated_time_remaining:
  sec: 0
  nanosec: 0
number_of_recoveries: 0
distance_remaining: 0.18595106899738312

Result:
    error_code: 0
error_msg: ''

Goal finished with status: SUCCEEDED
