[INFO] [1790406534.873234318] [hunav_agent_manager]: Initializing hunav_agent_manager node...
[INFO] [1790406534.875667098] [hunav_agent_manager]: Waiting for hunav_loader get_parameters service...
[INFO] [1790406534.876520875] [hunav_agent_manager]: Loaded global goal 1 → (-10.000, -7.850)
[INFO] [1790406534.876542421] [hunav_agent_manager]: Loaded global goal 2 → (-5.000, -8.150)
[INFO] [1790406534.876548396] [hunav_agent_manager]: Loaded global goal 3 → (-2.000, -8.180)
[INFO] [1790406534.876552770] [hunav_agent_manager]: Loaded global goal 4 → (0.000, -7.850)
[INFO] [1790406534.876557321] [hunav_agent_manager]: Loaded global goal 5 → (-3.730, -7.100)
[INFO] [1790406534.876563216] [hunav_agent_manager]: Loaded global goal 6 → (-3.730, -7.400)
[INFO] [1790406534.876567387] [hunav_agent_manager]: Loaded global goal 7 → (-3.730, -8.150)
[INFO] [1790406534.876574185] [hunav_agent_manager]: Loaded global goal 8 → (-5.000, -8.150)
[INFO] [1790406534.876578503] [hunav_agent_manager]: Loaded global goal 9 → (-2.000, -8.180)
[INFO] [1790406534.876582787] [hunav_agent_manager]: Loaded global goal 10 → (0.000, -7.850)
[INFO] [1790406534.876591330] [hunav_agent_manager]: Loaded global goal 11 → (2.600, -8.150)
[INFO] [1790406534.876596263] [hunav_agent_manager]: Loaded global goal 12 → (5.000, -8.150)
[INFO] [1790406534.876602210] [hunav_agent_manager]: Loaded global goal 13 → (10.000, -8.150)
[INFO] [1790406534.876608053] [hunav_agent_manager]: Loaded global goal 14 → (15.000, -8.150)
[INFO] [1790406534.876612527] [hunav_agent_manager]: Loaded global goal 15 → (15.000, -4.000)
[INFO] [1790406534.876616821] [hunav_agent_manager]: Loaded global goal 16 → (7.000, -4.000)
[INFO] [1790406534.876620970] [hunav_agent_manager]: Loaded global goal 17 → (7.000, -2.000)
[INFO] [1790406534.876625057] [hunav_agent_manager]: Loaded global goal 18 → (7.000, 0.000)
[INFO] [1790406534.876629200] [hunav_agent_manager]: Loaded global goal 19 → (15.000, 0.000)
[INFO] [1790406534.876633308] [hunav_agent_manager]: Loaded global goal 20 → (15.000, 2.550)
[INFO] [1790406534.876637509] [hunav_agent_manager]: Loaded global goal 21 → (15.000, 3.500)
[INFO] [1790406534.876642055] [hunav_agent_manager]: Loaded global goal 22 → (15.000, 8.000)
[INFO] [1790406534.876646255] [hunav_agent_manager]: Loaded global goal 23 → (15.000, 6.010)
[INFO] [1790406534.876650590] [hunav_agent_manager]: Loaded global goal 24 → (14.400, 6.010)
[INFO] [1790406534.876655554] [hunav_agent_manager]: Loaded global goal 25 → (14.100, 6.010)
[INFO] [1790406534.876667027] [hunav_agent_manager]: Loaded global goal 26 → (12.400, 6.950)
[INFO] [1790406534.876671142] [hunav_agent_manager]: Successfully retrieved parameters from hunav_loader
[INFO] [1790406534.876678605] [hunav_agent_manager]: Parameters from loader: map=school_arena, simulator=Gazebo Fortress, yaml_base_name=scenario_head_on_low_101, publish_people=true
[INFO] [1790406534.876851081] [hunav_agent_manager]: Found ROS2 package 'hunav_gazebo_fortress_wrapper', behavior trees will be loaded from: /home/hunav_gz_fortress_ws/src/hunav_gazebo_fortress_wrapper/behavior_trees
[INFO] [1790406534.877246186] [hunav_agent_manager]: BT nodes registered
sequence size exceeds remaining buffer
sequence size exceeds remaining buffer
sequence size exceeds remaining buffer
sequence size exceeds remaining buffer
sequence size exceeds remaining buffer
sequence size exceeds remaining buffer
sequence size exceeds remaining buffer
sequence size exceeds remaining buffer
sequence size exceeds remaining buffer
sequence size exceeds remaining buffer
sequence size exceeds remaining buffer
sequence size exceeds remaining buffer
sequence size exceeds remaining buffer
sequence size exceeds remaining buffer
sequence size exceeds remaining buffer
sequence size exceeds remaining buffer
sequence size exceeds remaining buffer
sequence size exceeds remaining buffer
sequence size exceeds remaining buffer
sequence size exceeds remaining buffer
sequence size exceeds remaining buffer
sequence size exceeds remaining buffer
sequence size exceeds remaining buffer
sequence size exceeds remaining buffer
sequence size exceeds remaining buffer
sequence size exceeds remaining buffer
sequence size exceeds remaining buffer
sequence size exceeds remaining buffer
sequence size exceeds remaining buffer
sequence size exceeds remaining buffer
sequence size exceeds remaining buffer
sequence size exceeds remaining buffer
sequence size exceeds remaining buffer
sequence size exceeds remaining buffer
sequence size exceeds remaining buffer
sequence size exceeds remaining buffer
sequence size exceeds remaining buffer
sequence size exceeds remaining buffer
sequence size exceeds remaining buffer
sequence size exceeds remaining buffer
sequence size exceeds remaining buffer
sequence size exceeds remaining buffer
sequence size exceeds remaining buffer
sequence size exceeds remaining buffer
sequence size exceeds remaining buffer
sequence size exceeds remaining buffer
sequence size exceeds remaining buffer
sequence size exceeds remaining buffer
sequence size exceeds remaining buffer
sequence size exceeds remaining buffer
sequence size exceeds remaining buffer
sequence size exceeds remaining buffer
sequence size exceeds remaining buffer
sequence size exceeds remaining buffer
sequence size exceeds remaining buffer
sequence size exceeds remaining buffer
sequence size exceeds remaining buffer
sequence size exceeds remaining buffer
sequence size exceeds remaining buffer
sequence size exceeds remaining buffer
sequence size exceeds remaining buffer
sequence size exceeds remaining buffer
sequence size exceeds remaining buffer
sequence size exceeds remaining buffer
sequence size exceeds remaining buffer
sequence size exceeds remaining buffer
sequence size exceeds remaining buffer
sequence size exceeds remaining buffer
sequence size exceeds remaining buffer
sequence size exceeds remaining buffer
sequence size exceeds remaining buffer
sequence size exceeds remaining buffer
sequence size exceeds remaining buffer
sequence size exceeds remaining buffer
sequence size exceeds remaining buffer
sequence size exceeds remaining buffer
sequence size exceeds remaining buffer
sequence size exceeds remaining buffer
sequence size exceeds remaining buffer
sequence size exceeds remaining buffer
sequence size exceeds remaining buffer
sequence size exceeds remaining buffer
sequence size exceeds remaining buffer
sequence size exceeds remaining buffer
sequence size exceeds remaining buffer
sequence size exceeds remaining buffer
sequence size exceeds remaining buffer
sequence size exceeds remaining buffer
sequence size exceeds remaining buffer
sequence size exceeds remaining buffer
sequence size exceeds remaining buffer
sequence size exceeds remaining buffer
sequence size exceeds remaining buffer
sequence size exceeds remaining buffer
sequence size exceeds remaining buffer
sequence size exceeds remaining buffer
sequence size exceeds remaining buffer
sequence size exceeds remaining buffer
sequence size exceeds remaining buffer
sequence size exceeds remaining buffer
sequence size exceeds remaining buffer
sequence size exceeds remaining buffer
sequence size exceeds remaining buffer
sequence size exceeds remaining buffer
sequence size exceeds remaining buffer
sequence size exceeds remaining buffer
sequence size exceeds remaining buffer
sequence size exceeds remaining buffer
sequence size exceeds remaining buffer
sequence size exceeds remaining buffer
sequence size exceeds remaining buffer
sequence size exceeds remaining buffer
sequence size exceeds remaining buffer
sequence size exceeds remaining buffer
sequence size exceeds remaining buffer
sequence size exceeds remaining buffer
sequence size exceeds remaining buffer
sequence size exceeds remaining buffer
sequence size exceeds remaining buffer
sequence size exceeds remaining buffer
sequence size exceeds remaining buffer
sequence size exceeds remaining buffer
sequence size exceeds remaining buffer
sequence size exceeds remaining buffer
sequence size exceeds remaining buffer
sequence size exceeds remaining buffer
sequence size exceeds remaining buffer
sequence size exceeds remaining buffer
sequence size exceeds remaining buffer
sequence size exceeds remaining buffer
sequence size exceeds remaining buffer
sequence size exceeds remaining buffer
sequence size exceeds remaining buffer
sequence size exceeds remaining buffer
sequence size exceeds remaining buffer
sequence size exceeds remaining buffer
sequence size exceeds remaining buffer
sequence size exceeds remaining buffer
sequence size exceeds remaining buffer
sequence size exceeds remaining buffer
sequence size exceeds remaining buffer
sequence size exceeds remaining buffer
sequence size exceeds remaining buffer
sequence size exceeds remaining buffer
sequence size exceeds remaining buffer
sequence size exceeds remaining buffer
sequence size exceeds remaining buffer
sequence size exceeds remaining buffer
sequence size exceeds remaining buffer
sequence size exceeds remaining buffer
sequence size exceeds remaining buffer
sequence size exceeds remaining buffer
sequence size exceeds remaining buffer
sequence size exceeds remaining buffer
sequence size exceeds remaining buffer
sequence size exceeds remaining buffer
sequence size exceeds remaining buffer
sequence size exceeds remaining buffer
sequence size exceeds remaining buffer
sequence size exceeds remaining buffer
sequence size exceeds remaining buffer
sequence size exceeds remaining buffer
sequence size exceeds remaining buffer
[INFO] [1790406537.984532203] [hunav_agent_manager]: First service call received!
[INFO] [1790406537.984603476] [hunav_agent_manager]: robot pose x:15.15, y:12.00, th:-1.57
[INFO] [1790406537.984622803] [hunav_agent_manager]: Agents received: 2
[INFO] [1790406537.984633882] [hunav_agent_manager]: Initializing Behavior Trees of 2 agents...
[INFO] [1790406537.984647066] [hunav_agent_manager]: Initializing Behavior tree of Agent event_agent_1, id: 1
[INFO] [1790406537.984943824] [hunav_agent_manager]: Loading BT file: /home/hunav_gz_fortress_ws/src/hunav_gazebo_fortress_wrapper/behavior_trees/scenario_head_on_low_101__agent_1_bt.xml
[INFO] [1790406537.991430576] [hunav_agent_manager]: Behavior Tree for agent event_agent_1 [id:1] loaded!
[INFO] [1790406537.991587239] [hunav_agent_manager]: Initializing Behavior tree of Agent background_agent_1, id: 2
[INFO] [1790406537.991709361] [hunav_agent_manager]: Loading BT file: /home/hunav_gz_fortress_ws/src/hunav_gazebo_fortress_wrapper/behavior_trees/scenario_head_on_low_101__agent_2_bt.xml
	robot -1, x:15.15, y:12.00
SFM Robot initialized
Initializing SFM Agents...
	agent event_agent_1, x:-14.00, y:-8.20, th:0.07
	agent background_agent_1, x:-2.75, y:-5.40, th:-2.09
SFM Agents initialized
----------------
SchoolPedestrianFallback
   YieldToCloseRobot
      IsRobotClose
      AvoidRobot
   NormalSocialForceNavigation
      SetBlackboard
      SetBlackboard
      RegularNavTree
         RegularNavFallback
            RegularNavigation
               Inverter
                  IsGoalReached
               RegularNav
            UpdateGoal
----------------
[INFO] [1790406537.992209272] [hunav_agent_manager]: Behavior Tree for agent background_agent_1 [id:2] loaded!
[INFO] [1790406537.992287510] [hunav_agent_manager]: Behavior trees succesfully initiated!
----------------
SchoolPedestrianFallback
   YieldToCloseRobot
      IsRobotClose
      AvoidRobot
   NormalSocialForceNavigation
      SetBlackboard
      SetBlackboard
      RegularNavTree
         RegularNavFallback
            RegularNavigation
               Inverter
                  IsGoalReached
               RegularNav
            UpdateGoal
----------------
sequence size exceeds remaining buffer
sequence size exceeds remaining buffer
[INFO] [1790406539.020726052] [rclcpp]: signal_handler(SIGINT/SIGTERM)
sequence size exceeds remaining buffer
sequence size exceeds remaining buffer
sequence size exceeds remaining buffer
sequence size exceeds remaining buffer
sequence size exceeds remaining buffer
sequence size exceeds remaining buffer
cannot publish data, at ./src/rmw_publish.cpp:62 during '__function__'
[ERROR] [1790406539.154871565] [agent_say_node.rclcpp]: Error in destruction of rcl subscription handle: Failed to delete datareader, at ./src/subscription.cpp:52, at ./src/rcl/subscription.c:184
Failed to delete datawriter, at ./src/publisher.cpp:48 during '__function__'
[ERROR] [1790406539.154900193] [agent_say_node.rclcpp]: Error in destruction of rcl publisher handle: cannot publish data, at ./src/rmw_publish.cpp:62, at ./src/rcl/publisher.c:187
cannot publish data, at ./src/rmw_publish.cpp:62 during '__function__'
[ERROR] [1790406539.154922291] [agent_say_node.rclcpp]: Error in destruction of rcl subscription handle: Failed to delete datareader, at ./src/subscription.cpp:52, at ./src/rcl/subscription.c:184
cannot publish data, at ./src/rmw_publish.cpp:62 during '__function__'
Fail in delete datareader, at ./src/rmw_service.cpp:104 during '__function__'
[ros2run]: Segmentation fault
[INFO] [1790406715.736838411] [hunav_agent_manager]: Initializing hunav_agent_manager node...
[INFO] [1790406715.738181211] [hunav_agent_manager]: Waiting for hunav_loader get_parameters service...
[INFO] [1790406715.738906471] [hunav_agent_manager]: Loaded global goal 1 → (-10.000, -7.850)
[INFO] [1790406715.738937043] [hunav_agent_manager]: Loaded global goal 2 → (-5.000, -8.150)
[INFO] [1790406715.738941516] [hunav_agent_manager]: Loaded global goal 3 → (-2.000, -8.180)
[INFO] [1790406715.738944637] [hunav_agent_manager]: Loaded global goal 4 → (0.000, -7.850)
[INFO] [1790406715.738948209] [hunav_agent_manager]: Loaded global goal 5 → (-3.730, -7.100)
[INFO] [1790406715.738951315] [hunav_agent_manager]: Loaded global goal 6 → (-3.730, -7.400)
[INFO] [1790406715.738955446] [hunav_agent_manager]: Loaded global goal 7 → (-3.730, -8.150)
[INFO] [1790406715.738958472] [hunav_agent_manager]: Loaded global goal 8 → (-5.000, -8.150)
[INFO] [1790406715.738961819] [hunav_agent_manager]: Loaded global goal 9 → (-2.000, -8.180)
[INFO] [1790406715.738964847] [hunav_agent_manager]: Loaded global goal 10 → (0.000, -7.850)
[INFO] [1790406715.738968049] [hunav_agent_manager]: Loaded global goal 11 → (2.600, -8.150)
[INFO] [1790406715.738972045] [hunav_agent_manager]: Loaded global goal 12 → (5.000, -8.150)
[INFO] [1790406715.738975003] [hunav_agent_manager]: Loaded global goal 13 → (10.000, -8.150)
[INFO] [1790406715.738978496] [hunav_agent_manager]: Loaded global goal 14 → (15.000, -8.150)
[INFO] [1790406715.738981756] [hunav_agent_manager]: Loaded global goal 15 → (15.000, -4.000)
[INFO] [1790406715.738984998] [hunav_agent_manager]: Loaded global goal 16 → (7.000, -4.000)
[INFO] [1790406715.738988326] [hunav_agent_manager]: Loaded global goal 17 → (7.000, -2.000)
[INFO] [1790406715.738992744] [hunav_agent_manager]: Loaded global goal 18 → (7.000, 0.000)
[INFO] [1790406715.738996260] [hunav_agent_manager]: Loaded global goal 19 → (15.000, 0.000)
[INFO] [1790406715.738999414] [hunav_agent_manager]: Loaded global goal 20 → (15.000, 2.550)
[INFO] [1790406715.739002827] [hunav_agent_manager]: Loaded global goal 21 → (15.000, 3.500)
[INFO] [1790406715.739006124] [hunav_agent_manager]: Loaded global goal 22 → (15.000, 8.000)
[INFO] [1790406715.739009433] [hunav_agent_manager]: Loaded global goal 23 → (15.000, 6.010)
[INFO] [1790406715.739014178] [hunav_agent_manager]: Loaded global goal 24 → (14.400, 6.010)
[INFO] [1790406715.739080113] [hunav_agent_manager]: Loaded global goal 25 → (14.100, 6.010)
[INFO] [1790406715.739083900] [hunav_agent_manager]: Loaded global goal 26 → (12.400, 6.950)
[INFO] [1790406715.739087718] [hunav_agent_manager]: Successfully retrieved parameters from hunav_loader
[INFO] [1790406715.739095225] [hunav_agent_manager]: Parameters from loader: map=school_arena, simulator=Gazebo Fortress, yaml_base_name=scenario_head_on_low_101, publish_people=true
[INFO] [1790406715.739291023] [hunav_agent_manager]: Found ROS2 package 'hunav_gazebo_fortress_wrapper', behavior trees will be loaded from: /home/hunav_gz_fortress_ws/src/hunav_gazebo_fortress_wrapper/behavior_trees
[INFO] [1790406715.739712445] [hunav_agent_manager]: BT nodes registered
sequence size exceeds remaining buffer
sequence size exceeds remaining buffer
sequence size exceeds remaining buffer
sequence size exceeds remaining buffer
sequence size exceeds remaining buffer
sequence size exceeds remaining buffer
sequence size exceeds remaining buffer
sequence size exceeds remaining buffer
sequence size exceeds remaining buffer
sequence size exceeds remaining buffer
sequence size exceeds remaining buffer
sequence size exceeds remaining buffer
sequence size exceeds remaining buffer
sequence size exceeds remaining buffer
sequence size exceeds remaining buffer
sequence size exceeds remaining buffer
sequence size exceeds remaining buffer
sequence size exceeds remaining buffer
sequence size exceeds remaining buffer
sequence size exceeds remaining buffer
sequence size exceeds remaining buffer
sequence size exceeds remaining buffer
sequence size exceeds remaining buffer
sequence size exceeds remaining buffer
sequence size exceeds remaining buffer
sequence size exceeds remaining buffer
sequence size exceeds remaining buffer
sequence size exceeds remaining buffer
sequence size exceeds remaining buffer
sequence size exceeds remaining buffer
sequence size exceeds remaining buffer
sequence size exceeds remaining buffer
sequence size exceeds remaining buffer
sequence size exceeds remaining buffer
sequence size exceeds remaining buffer
sequence size exceeds remaining buffer
sequence size exceeds remaining buffer
sequence size exceeds remaining buffer
sequence size exceeds remaining buffer
sequence size exceeds remaining buffer
sequence size exceeds remaining buffer
sequence size exceeds remaining buffer
sequence size exceeds remaining buffer
sequence size exceeds remaining buffer
sequence size exceeds remaining buffer
sequence size exceeds remaining buffer
sequence size exceeds remaining buffer
sequence size exceeds remaining buffer
sequence size exceeds remaining buffer
sequence size exceeds remaining buffer
sequence size exceeds remaining buffer
sequence size exceeds remaining buffer
sequence size exceeds remaining buffer
sequence size exceeds remaining buffer
sequence size exceeds remaining buffer
sequence size exceeds remaining buffer
sequence size exceeds remaining buffer
sequence size exceeds remaining buffer
sequence size exceeds remaining buffer
sequence size exceeds remaining buffer
sequence size exceeds remaining buffer
sequence size exceeds remaining buffer
sequence size exceeds remaining buffer
sequence size exceeds remaining buffer
sequence size exceeds remaining buffer
sequence size exceeds remaining buffer
sequence size exceeds remaining buffer
sequence size exceeds remaining buffer
sequence size exceeds remaining buffer
sequence size exceeds remaining buffer
sequence size exceeds remaining buffer
sequence size exceeds remaining buffer
sequence size exceeds remaining buffer
sequence size exceeds remaining buffer
sequence size exceeds remaining buffer
sequence size exceeds remaining buffer
sequence size exceeds remaining buffer
sequence size exceeds remaining buffer
sequence size exceeds remaining buffer
sequence size exceeds remaining buffer
sequence size exceeds remaining buffer
sequence size exceeds remaining buffer
sequence size exceeds remaining buffer
sequence size exceeds remaining buffer
sequence size exceeds remaining buffer
sequence size exceeds remaining buffer
sequence size exceeds remaining buffer
sequence size exceeds remaining buffer
sequence size exceeds remaining buffer
sequence size exceeds remaining buffer
sequence size exceeds remaining buffer
sequence size exceeds remaining buffer
sequence size exceeds remaining buffer
[INFO] [1790406718.966985456] [hunav_agent_manager]: First service call received!
[INFO] [1790406718.967051148] [hunav_agent_manager]: robot pose x:15.15, y:12.00, th:-1.57
[INFO] [1790406718.967070489] [hunav_agent_manager]: Agents received: 2
[INFO] [1790406718.967082444] [hunav_agent_manager]: Initializing Behavior Trees of 2 agents...
[INFO] [1790406718.967096120] [hunav_agent_manager]: Initializing Behavior tree of Agent event_agent_1, id: 1
[INFO] [1790406718.967193397] [hunav_agent_manager]: Loading BT file: /home/hunav_gz_fortress_ws/src/hunav_gazebo_fortress_wrapper/behavior_trees/scenario_head_on_low_101__agent_1_bt.xml
[INFO] [1790406718.969737083] [hunav_agent_manager]: Behavior Tree for agent event_agent_1 [id:1] loaded!
	robot -1, x:15.15, y:12.00
SFM Robot initialized
Initializing SFM Agents...
	agent event_agent_1, x:-14.00, y:-8.20, th:0.07
	agent background_agent_1, x:-2.75, y:-5.40, th:-2.09
SFM Agents initialized
----------------
SchoolPedestrianFallback
   YieldToCloseRobot
      IsRobotClose
      AvoidRobot
   NormalSocialForceNavigation
      SetBlackboard
      SetBlackboard
      RegularNavTree
         RegularNavFallback
            RegularNavigation
               Inverter
                  IsGoalReached
               RegularNav
            UpdateGoal
----------------
[INFO] [1790406718.969872782] [hunav_agent_manager]: Initializing Behavior tree of Agent background_agent_1, id: 2
[INFO] [1790406718.969958848] [hunav_agent_manager]: Loading BT file: /home/hunav_gz_fortress_ws/src/hunav_gazebo_fortress_wrapper/behavior_trees/scenario_head_on_low_101__agent_2_bt.xml
[INFO] [1790406718.970346539] [hunav_agent_manager]: Behavior Tree for agent background_agent_1 [id:2] loaded!
----------------
SchoolPedestrianFallback
   YieldToCloseRobot
      IsRobotClose
      AvoidRobot
   NormalSocialForceNavigation
      SetBlackboard
      SetBlackboard
      RegularNavTree
         RegularNavFallback
            RegularNavigation
               Inverter
                  IsGoalReached
               RegularNav
            UpdateGoal
----------------
[INFO] [1790406718.970396223] [hunav_agent_manager]: Behavior trees succesfully initiated!
sequence size exceeds remaining buffer
sequence size exceeds remaining buffer
sequence size exceeds remaining buffer
sequence size exceeds remaining buffer
sequence size exceeds remaining buffer
sequence size exceeds remaining buffer
sequence size exceeds remaining buffer
sequence size exceeds remaining buffer
sequence size exceeds remaining buffer
sequence size exceeds remaining buffer
sequence size exceeds remaining buffer
sequence size exceeds remaining buffer
sequence size exceeds remaining buffer
sequence size exceeds remaining buffer
sequence size exceeds remaining buffer
sequence size exceeds remaining buffer
sequence size exceeds remaining buffer
sequence size exceeds remaining buffer
sequence size exceeds remaining buffer
sequence size exceeds remaining buffer
sequence size exceeds remaining buffer
sequence size exceeds remaining buffer
sequence size exceeds remaining buffer
sequence size exceeds remaining buffer
sequence size exceeds remaining buffer
sequence size exceeds remaining buffer
sequence size exceeds remaining buffer
sequence size exceeds remaining buffer
sequence size exceeds remaining buffer
sequence size exceeds remaining buffer
sequence size exceeds remaining buffer
sequence size exceeds remaining buffer
sequence size exceeds remaining buffer
sequence size exceeds remaining buffer
sequence size exceeds remaining buffer
sequence size exceeds remaining buffer
sequence size exceeds remaining buffer
sequence size exceeds remaining buffer
sequence size exceeds remaining buffer
sequence size exceeds remaining buffer
sequence size exceeds remaining buffer
sequence size exceeds remaining buffer
sequence size exceeds remaining buffer
sequence size exceeds remaining buffer
sequence size exceeds remaining buffer
sequence size exceeds remaining buffer
sequence size exceeds remaining buffer
sequence size exceeds remaining buffer
sequence size exceeds remaining buffer
sequence size exceeds remaining buffer
sequence size exceeds remaining buffer
sequence size exceeds remaining buffer
sequence size exceeds remaining buffer
sequence size exceeds remaining buffer
sequence size exceeds remaining buffer
sequence size exceeds remaining buffer
sequence size exceeds remaining buffer
sequence size exceeds remaining buffer
sequence size exceeds remaining buffer
sequence size exceeds remaining buffer
sequence size exceeds remaining buffer
sequence size exceeds remaining buffer
sequence size exceeds remaining buffer
sequence size exceeds remaining buffer
sequence size exceeds remaining buffer
sequence size exceeds remaining buffer
sequence size exceeds remaining buffer
sequence size exceeds remaining buffer
[INFO] [1790406720.041312475] [rclcpp]: signal_handler(SIGINT/SIGTERM)
sequence size exceeds remaining buffer
sequence size exceeds remaining buffer
sequence size exceeds remaining buffer
sequence size exceeds remaining buffer
sequence size exceeds remaining buffer
sequence size exceeds remaining buffer
sequence size exceeds remaining buffer
sequence size exceeds remaining buffer
sequence size exceeds remaining buffer
sequence size exceeds remaining buffer
sequence size exceeds remaining buffer
sequence size exceeds remaining buffer
sequence size exceeds remaining buffer
sequence size exceeds remaining buffer
sequence size exceeds remaining buffer
cannot publish data, at ./src/rmw_publish.cpp:62 during '__function__'
[ERROR] [1790406720.186473066] [agent_say_node.rclcpp]: Error in destruction of rcl subscription handle: Failed to delete datareader, at ./src/subscription.cpp:52, at ./src/rcl/subscription.c:184
Failed to delete datawriter, at ./src/publisher.cpp:48 during '__function__'
[ERROR] [1790406720.186506203] [agent_say_node.rclcpp]: Error in destruction of rcl publisher handle: cannot publish data, at ./src/rmw_publish.cpp:62, at ./src/rcl/publisher.c:187
cannot publish data, at ./src/rmw_publish.cpp:62 during '__function__'
[ERROR] [1790406720.186523422] [agent_say_node.rclcpp]: Error in destruction of rcl subscription handle: Failed to delete datareader, at ./src/subscription.cpp:52, at ./src/rcl/subscription.c:184
cannot publish data, at ./src/rmw_publish.cpp:62 during '__function__'
Fail in delete datareader, at ./src/rmw_service.cpp:104 during '__function__'
[ros2run]: Segmentation fault
[INFO] [1790407732.736845025] [hunav_agent_manager]: Initializing hunav_agent_manager node...
[INFO] [1790407732.737956367] [hunav_agent_manager]: Waiting for hunav_loader get_parameters service...
[INFO] [1790407732.757457531] [hunav_agent_manager]: Loaded global goal 1 → (-10.000, -7.850)
[INFO] [1790407732.757500334] [hunav_agent_manager]: Loaded global goal 2 → (-5.000, -8.150)
[INFO] [1790407732.757512591] [hunav_agent_manager]: Loaded global goal 3 → (-2.000, -8.180)
[INFO] [1790407732.757522724] [hunav_agent_manager]: Loaded global goal 4 → (0.000, -7.850)
[INFO] [1790407732.757532494] [hunav_agent_manager]: Loaded global goal 5 → (-3.730, -7.100)
[INFO] [1790407732.757541678] [hunav_agent_manager]: Loaded global goal 6 → (-3.730, -7.400)
[INFO] [1790407732.757550767] [hunav_agent_manager]: Loaded global goal 7 → (-3.730, -8.150)
[INFO] [1790407732.757559992] [hunav_agent_manager]: Loaded global goal 8 → (-5.000, -8.150)
[INFO] [1790407732.757569009] [hunav_agent_manager]: Loaded global goal 9 → (-2.000, -8.180)
[INFO] [1790407732.757578216] [hunav_agent_manager]: Loaded global goal 10 → (0.000, -7.850)
[INFO] [1790407732.757587344] [hunav_agent_manager]: Loaded global goal 11 → (2.600, -8.150)
[INFO] [1790407732.757596610] [hunav_agent_manager]: Loaded global goal 12 → (5.000, -8.150)
[INFO] [1790407732.757605850] [hunav_agent_manager]: Loaded global goal 13 → (10.000, -8.150)
[INFO] [1790407732.757615573] [hunav_agent_manager]: Loaded global goal 14 → (15.000, -8.150)
[INFO] [1790407732.757625332] [hunav_agent_manager]: Loaded global goal 15 → (15.000, -4.000)
[INFO] [1790407732.757634892] [hunav_agent_manager]: Loaded global goal 16 → (7.000, -4.000)
[INFO] [1790407732.757647966] [hunav_agent_manager]: Loaded global goal 17 → (7.000, -2.000)
[INFO] [1790407732.757657499] [hunav_agent_manager]: Loaded global goal 18 → (7.000, 0.000)
[INFO] [1790407732.757666988] [hunav_agent_manager]: Loaded global goal 19 → (15.000, 0.000)
[INFO] [1790407732.757676449] [hunav_agent_manager]: Loaded global goal 20 → (15.000, 2.550)
[INFO] [1790407732.757685974] [hunav_agent_manager]: Loaded global goal 21 → (15.000, 3.500)
[INFO] [1790407732.757695714] [hunav_agent_manager]: Loaded global goal 22 → (15.000, 8.000)
[INFO] [1790407732.757705098] [hunav_agent_manager]: Loaded global goal 23 → (15.000, 6.010)
[INFO] [1790407732.757714374] [hunav_agent_manager]: Loaded global goal 24 → (14.400, 6.010)
[INFO] [1790407732.757723914] [hunav_agent_manager]: Loaded global goal 25 → (14.100, 6.010)
[INFO] [1790407732.757733504] [hunav_agent_manager]: Loaded global goal 26 → (12.400, 6.950)
[INFO] [1790407732.757748855] [hunav_agent_manager]: Successfully retrieved parameters from hunav_loader
[INFO] [1790407732.757761060] [hunav_agent_manager]: Parameters from loader: map=school_arena, simulator=Gazebo Fortress, yaml_base_name=scenario_head_on_low_101, publish_people=true
[INFO] [1790407732.757950356] [hunav_agent_manager]: Found ROS2 package 'hunav_gazebo_fortress_wrapper', behavior trees will be loaded from: /home/hunav_gz_fortress_ws/src/hunav_gazebo_fortress_wrapper/behavior_trees
[INFO] [1790407732.758502952] [hunav_agent_manager]: BT nodes registered
sequence size exceeds remaining buffer
sequence size exceeds remaining buffer
sequence size exceeds remaining buffer
sequence size exceeds remaining buffer
sequence size exceeds remaining buffer
sequence size exceeds remaining buffer
sequence size exceeds remaining buffer
sequence size exceeds remaining buffer
sequence size exceeds remaining buffer
sequence size exceeds remaining buffer
sequence size exceeds remaining buffer
sequence size exceeds remaining buffer
sequence size exceeds remaining buffer
sequence size exceeds remaining buffer
sequence size exceeds remaining buffer
sequence size exceeds remaining buffer
sequence size exceeds remaining buffer
sequence size exceeds remaining buffer
sequence size exceeds remaining buffer
sequence size exceeds remaining buffer
sequence size exceeds remaining buffer
sequence size exceeds remaining buffer
sequence size exceeds remaining buffer
sequence size exceeds remaining buffer
sequence size exceeds remaining buffer
sequence size exceeds remaining buffer
sequence size exceeds remaining buffer
sequence size exceeds remaining buffer
sequence size exceeds remaining buffer
sequence size exceeds remaining buffer
sequence size exceeds remaining buffer
sequence size exceeds remaining buffer
sequence size exceeds remaining buffer
sequence size exceeds remaining buffer
sequence size exceeds remaining buffer
sequence size exceeds remaining buffer
sequence size exceeds remaining buffer
sequence size exceeds remaining buffer
sequence size exceeds remaining buffer
sequence size exceeds remaining buffer
sequence size exceeds remaining buffer
sequence size exceeds remaining buffer
sequence size exceeds remaining buffer
sequence size exceeds remaining buffer
sequence size exceeds remaining buffer
sequence size exceeds remaining buffer
sequence size exceeds remaining buffer
sequence size exceeds remaining buffer
sequence size exceeds remaining buffer
sequence size exceeds remaining buffer
sequence size exceeds remaining buffer
sequence size exceeds remaining buffer
sequence size exceeds remaining buffer
sequence size exceeds remaining buffer
sequence size exceeds remaining buffer
sequence size exceeds remaining buffer
sequence size exceeds remaining buffer
sequence size exceeds remaining buffer
sequence size exceeds remaining buffer
sequence size exceeds remaining buffer
sequence size exceeds remaining buffer
sequence size exceeds remaining buffer
sequence size exceeds remaining buffer
sequence size exceeds remaining buffer
sequence size exceeds remaining buffer
sequence size exceeds remaining buffer
sequence size exceeds remaining buffer
sequence size exceeds remaining buffer
sequence size exceeds remaining buffer
sequence size exceeds remaining buffer
sequence size exceeds remaining buffer
sequence size exceeds remaining buffer
sequence size exceeds remaining buffer
sequence size exceeds remaining buffer
sequence size exceeds remaining buffer
sequence size exceeds remaining buffer
sequence size exceeds remaining buffer
sequence size exceeds remaining buffer
sequence size exceeds remaining buffer
sequence size exceeds remaining buffer
sequence size exceeds remaining buffer
sequence size exceeds remaining buffer
sequence size exceeds remaining buffer
sequence size exceeds remaining buffer
sequence size exceeds remaining buffer
sequence size exceeds remaining buffer
sequence size exceeds remaining buffer
sequence size exceeds remaining buffer
sequence size exceeds remaining buffer
sequence size exceeds remaining buffer
sequence size exceeds remaining buffer
sequence size exceeds remaining buffer
sequence size exceeds remaining buffer
sequence size exceeds remaining buffer
sequence size exceeds remaining buffer
sequence size exceeds remaining buffer
sequence size exceeds remaining buffer
sequence size exceeds remaining buffer
sequence size exceeds remaining buffer
sequence size exceeds remaining buffer
sequence size exceeds remaining buffer
sequence size exceeds remaining buffer
sequence size exceeds remaining buffer
sequence size exceeds remaining buffer
sequence size exceeds remaining buffer
sequence size exceeds remaining buffer
sequence size exceeds remaining buffer
sequence size exceeds remaining buffer
sequence size exceeds remaining buffer
sequence size exceeds remaining buffer
sequence size exceeds remaining buffer
sequence size exceeds remaining buffer
sequence size exceeds remaining buffer
sequence size exceeds remaining buffer
sequence size exceeds remaining buffer
sequence size exceeds remaining buffer
sequence size exceeds remaining buffer
sequence size exceeds remaining buffer
sequence size exceeds remaining buffer
sequence size exceeds remaining buffer
sequence size exceeds remaining buffer
sequence size exceeds remaining buffer
sequence size exceeds remaining buffer
sequence size exceeds remaining buffer
sequence size exceeds remaining buffer
sequence size exceeds remaining buffer
sequence size exceeds remaining buffer
sequence size exceeds remaining buffer
sequence size exceeds remaining buffer
sequence size exceeds remaining buffer
sequence size exceeds remaining buffer
sequence size exceeds remaining buffer
sequence size exceeds remaining buffer
sequence size exceeds remaining buffer
sequence size exceeds remaining buffer
sequence size exceeds remaining buffer
sequence size exceeds remaining buffer
sequence size exceeds remaining buffer
sequence size exceeds remaining buffer
sequence size exceeds remaining buffer
sequence size exceeds remaining buffer
sequence size exceeds remaining buffer
sequence size exceeds remaining buffer
sequence size exceeds remaining buffer
sequence size exceeds remaining buffer
sequence size exceeds remaining buffer
sequence size exceeds remaining buffer
sequence size exceeds remaining buffer
sequence size exceeds remaining buffer
sequence size exceeds remaining buffer
[INFO] [1790407734.388354669] [hunav_agent_manager]: First service call received!
[INFO] [1790407734.388412725] [hunav_agent_manager]: robot pose x:15.15, y:12.00, th:-1.57
[INFO] [1790407734.388431012] [hunav_agent_manager]: Agents received: 2
[INFO] [1790407734.388441132] [hunav_agent_manager]: Initializing Behavior Trees of 2 agents...
[INFO] [1790407734.388453259] [hunav_agent_manager]: Initializing Behavior tree of Agent event_agent_1, id: 1
[INFO] [1790407734.388518466] [hunav_agent_manager]: Loading BT file: /home/hunav_gz_fortress_ws/src/hunav_gazebo_fortress_wrapper/behavior_trees/scenario_head_on_low_101__agent_1_bt.xml
[INFO] [1790407734.391663055] [hunav_agent_manager]: Behavior Tree for agent event_agent_1 [id:1] loaded!
	robot -1, x:15.15, y:12.00
SFM Robot initialized
Initializing SFM Agents...
	agent event_agent_1, x:-14.00, y:-8.20, th:0.07
	agent background_agent_1, x:-2.75, y:-5.40, th:-2.09
SFM Agents initialized
----------------
SchoolPedestrianFallback
   YieldToCloseRobot
      IsRobotClose
      AvoidRobot
   NormalSocialForceNavigation
      SetBlackboard
      SetBlackboard
      RegularNavTree
         RegularNavFallback
            RegularNavigation
               Inverter
                  IsGoalReached
               RegularNav
            UpdateGoal
----------------
[INFO] [1790407734.391816057] [hunav_agent_manager]: Initializing Behavior tree of Agent background_agent_1, id: 2
[INFO] [1790407734.391921769] [hunav_agent_manager]: Loading BT file: /home/hunav_gz_fortress_ws/src/hunav_gazebo_fortress_wrapper/behavior_trees/scenario_head_on_low_101__agent_2_bt.xml
[INFO] [1790407734.392358758] [hunav_agent_manager]: Behavior Tree for agent background_agent_1 [id:2] loaded!
[INFO] [1790407734.392423534] [hunav_agent_manager]: Behavior trees succesfully initiated!
----------------
SchoolPedestrianFallback
   YieldToCloseRobot
      IsRobotClose
      AvoidRobot
   NormalSocialForceNavigation
      SetBlackboard
      SetBlackboard
      RegularNavTree
         RegularNavFallback
            RegularNavigation
               Inverter
                  IsGoalReached
               RegularNav
            UpdateGoal
----------------
[INFO] [1790407735.422078114] [rclcpp]: signal_handler(SIGINT/SIGTERM)
cannot publish data, at ./src/rmw_publish.cpp:62 during '__function__'
[ERROR] [1790407735.550266799] [agent_say_node.rclcpp]: Error in destruction of rcl subscription handle: Failed to delete datareader, at ./src/subscription.cpp:52, at ./src/rcl/subscription.c:184
Failed to delete datawriter, at ./src/publisher.cpp:48 during '__function__'
[ERROR] [1790407735.550287602] [agent_say_node.rclcpp]: Error in destruction of rcl publisher handle: cannot publish data, at ./src/rmw_publish.cpp:62, at ./src/rcl/publisher.c:187
cannot publish data, at ./src/rmw_publish.cpp:62 during '__function__'
[ERROR] [1790407735.550299510] [agent_say_node.rclcpp]: Error in destruction of rcl subscription handle: Failed to delete datareader, at ./src/subscription.cpp:52, at ./src/rcl/subscription.c:184
cannot publish data, at ./src/rmw_publish.cpp:62 during '__function__'
Fail in delete datareader, at ./src/rmw_service.cpp:104 during '__function__'
[ros2run]: Segmentation fault
