[INFO] [1790406536.274495830] [school_hunav_gz8_bridge]: Gazebo pose topic: /world/school_arena/dynamic_pose/info
[INFO] [1790406536.275621395] [school_hunav_gz8_bridge]: Target pose topic: /school_hunav/target_poses
[INFO] [1790406536.276342536] [school_hunav_gz8_bridge]: HuNav service: /compute_agents
[INFO] [1790406536.276820571] [school_hunav_gz8_bridge]: Configured humans: event_agent_1, background_agent_1
[INFO] [1790406536.277263636] [school_hunav_gz8_bridge]: Loaded 122 static collision AABBs from SDF
[WARN] [1790406536.378809711] [school_hunav_gz8_bridge]: Waiting live Gazebo poses. robot=robot: True; missing humans=['event_agent_1', 'background_agent_1']
sequence size exceeds remaining buffer
sequence size exceeds remaining buffer
sequence size exceeds remaining buffer
[WARN] [1790406537.886043998] [school_hunav_gz8_bridge]: Gazebo TF messages have empty child_frame_id; using validated human pose slots: event_agent_1=8, background_agent_1=9; robot pose is detected live with spawn-pose fallback
sequence size exceeds remaining buffer
sequence size exceeds remaining buffer
sequence size exceeds remaining buffer
sequence size exceeds remaining buffer
[INFO] [1790406717.062163175] [school_hunav_gz8_bridge]: Gazebo pose topic: /world/school_arena/dynamic_pose/info
[INFO] [1790406717.062730872] [school_hunav_gz8_bridge]: Target pose topic: /school_hunav/target_poses
[INFO] [1790406717.063179799] [school_hunav_gz8_bridge]: HuNav service: /compute_agents
[INFO] [1790406717.063597012] [school_hunav_gz8_bridge]: Configured humans: event_agent_1, background_agent_1
[INFO] [1790406717.063999523] [school_hunav_gz8_bridge]: Loaded 122 static collision AABBs from SDF
sequence size exceeds remaining buffer
[WARN] [1790406717.165663209] [school_hunav_gz8_bridge]: Waiting live Gazebo poses. robot=robot: True; missing humans=['event_agent_1', 'background_agent_1']
sequence size exceeds remaining buffer
sequence size exceeds remaining buffer
sequence size exceeds remaining buffer
sequence size exceeds remaining buffer
sequence size exceeds remaining buffer
sequence size exceeds remaining buffer
sequence size exceeds remaining buffer
sequence size exceeds remaining buffer
sequence size exceeds remaining buffer
sequence size exceeds remaining buffer
sequence size exceeds remaining buffer
sequence size exceeds remaining buffer
sequence size exceeds remaining buffer
sequence size exceeds remaining buffer
sequence size exceeds remaining buffer
sequence size exceeds remaining buffer
sequence size exceeds remaining buffer
sequence size exceeds remaining buffer
sequence size exceeds remaining buffer
sequence size exceeds remaining buffer
sequence size exceeds remaining buffer
sequence size exceeds remaining buffer
sequence size exceeds remaining buffer
sequence size exceeds remaining buffer
sequence size exceeds remaining buffer
sequence size exceeds remaining buffer
sequence size exceeds remaining buffer
sequence size exceeds remaining buffer
sequence size exceeds remaining buffer
sequence size exceeds remaining buffer
sequence size exceeds remaining buffer
sequence size exceeds remaining buffer
[WARN] [1790406718.952884917] [school_hunav_gz8_bridge]: Gazebo TF messages have empty child_frame_id; using validated human pose slots: event_agent_1=8, background_agent_1=9; robot pose is detected live with spawn-pose fallback
sequence size exceeds remaining buffer
sequence size exceeds remaining buffer
sequence size exceeds remaining buffer
[INFO] [1790407734.084630339] [school_hunav_gz8_bridge]: Gazebo pose topic: /world/school_arena/dynamic_pose/info
[INFO] [1790407734.084943661] [school_hunav_gz8_bridge]: Target pose topic: /school_hunav/target_poses
[INFO] [1790407734.085195528] [school_hunav_gz8_bridge]: HuNav service: /compute_agents
[INFO] [1790407734.085394228] [school_hunav_gz8_bridge]: Configured humans: event_agent_1, background_agent_1
[INFO] [1790407734.085581126] [school_hunav_gz8_bridge]: Loaded 122 static collision AABBs from SDF
sequence size exceeds remaining buffer
sequence size exceeds remaining buffer
sequence size exceeds remaining buffer
sequence size exceeds remaining buffer
sequence size exceeds remaining buffer
sequence size exceeds remaining buffer
sequence size exceeds remaining buffer
sequence size exceeds remaining buffer
sequence size exceeds remaining buffer
sequence size exceeds remaining buffer
sequence size exceeds remaining buffer
sequence size exceeds remaining buffer
sequence size exceeds remaining buffer
sequence size exceeds remaining buffer
sequence size exceeds remaining buffer
sequence size exceeds remaining buffer
sequence size exceeds remaining buffer
sequence size exceeds remaining buffer
sequence size exceeds remaining buffer
sequence size exceeds remaining buffer
sequence size exceeds remaining buffer
sequence size exceeds remaining buffer
sequence size exceeds remaining buffer
sequence size exceeds remaining buffer
sequence size exceeds remaining buffer
sequence size exceeds remaining buffer
sequence size exceeds remaining buffer
sequence size exceeds remaining buffer
[WARN] [1790407734.186282218] [school_hunav_gz8_bridge]: Waiting live Gazebo poses. robot=robot: True; missing humans=['event_agent_1', 'background_agent_1']
sequence size exceeds remaining buffer
sequence size exceeds remaining buffer
sequence size exceeds remaining buffer
sequence size exceeds remaining buffer
sequence size exceeds remaining buffer
sequence size exceeds remaining buffer
[WARN] [1790407734.320571399] [school_hunav_gz8_bridge]: Gazebo TF messages have empty child_frame_id; using validated human pose slots: event_agent_1=8, background_agent_1=9; robot pose is detected live with spawn-pose fallback
sequence size exceeds remaining buffer
sequence size exceeds remaining buffer
sequence size exceeds remaining buffer
sequence size exceeds remaining buffer
