[INFO] [1790406533.789003658] [hunav_loader]: yaml_base_name: scenario_head_on_low_101
[INFO] [1790406533.789109413] [hunav_loader]: simulator: Gazebo Fortress
[INFO] [1790406533.789120386] [hunav_loader]: map: school_arena
[INFO] [1790406533.789129093] [hunav_loader]: publish_people: true
[INFO] [1790406533.789141540] [hunav_loader]: Number of agents: 2
[INFO] [1790406533.789145265] [hunav_loader]: Global goals:
[INFO] [1790406533.789164846] [hunav_loader]:   goal 1: (-10.000, -7.850)
[INFO] [1790406533.789183255] [hunav_loader]:   goal 2: (-5.000, -8.150)
[INFO] [1790406533.789199332] [hunav_loader]:   goal 3: (-2.000, -8.180)
[INFO] [1790406533.789216244] [hunav_loader]:   goal 4: (0.000, -7.850)
[INFO] [1790406533.789228653] [hunav_loader]:   goal 5: (-3.730, -7.100)
[INFO] [1790406533.789240270] [hunav_loader]:   goal 6: (-3.730, -7.400)
[INFO] [1790406533.789250718] [hunav_loader]:   goal 7: (-3.730, -8.150)
[INFO] [1790406533.789264556] [hunav_loader]:   goal 8: (-5.000, -8.150)
[INFO] [1790406533.789275819] [hunav_loader]:   goal 9: (-2.000, -8.180)
[INFO] [1790406533.789295947] [hunav_loader]:   goal 10: (0.000, -7.850)
[INFO] [1790406533.789310872] [hunav_loader]:   goal 11: (2.600, -8.150)
[INFO] [1790406533.789324597] [hunav_loader]:   goal 12: (5.000, -8.150)
[INFO] [1790406533.789340283] [hunav_loader]:   goal 13: (10.000, -8.150)
[INFO] [1790406533.789352760] [hunav_loader]:   goal 14: (15.000, -8.150)
[INFO] [1790406533.789369535] [hunav_loader]:   goal 15: (15.000, -4.000)
[INFO] [1790406533.789392853] [hunav_loader]:   goal 16: (7.000, -4.000)
[INFO] [1790406533.789403876] [hunav_loader]:   goal 17: (7.000, -2.000)
[INFO] [1790406533.789421409] [hunav_loader]:   goal 18: (7.000, 0.000)
[INFO] [1790406533.789432629] [hunav_loader]:   goal 19: (15.000, 0.000)
[INFO] [1790406533.789447830] [hunav_loader]:   goal 20: (15.000, 2.550)
[INFO] [1790406533.789473899] [hunav_loader]:   goal 21: (15.000, 3.500)
[INFO] [1790406533.789486655] [hunav_loader]:   goal 22: (15.000, 8.000)
[INFO] [1790406533.789504121] [hunav_loader]:   goal 23: (15.000, 6.010)
[INFO] [1790406533.789524021] [hunav_loader]:   goal 24: (14.400, 6.010)
[INFO] [1790406533.789536603] [hunav_loader]:   goal 25: (14.100, 6.010)
[INFO] [1790406533.789547857] [hunav_loader]:   goal 26: (12.400, 6.950)
[INFO] [1790406533.789561297] [hunav_loader]: Agent name: event_agent_1
[INFO] [1790406533.789569795] [hunav_loader]: 	id: 1
[INFO] [1790406533.789577684] [hunav_loader]: 	skin: 0
[INFO] [1790406533.789586326] [hunav_loader]: 	group_id: -1
[INFO] [1790406533.789593401] [hunav_loader]: 	max_vel: 0.78
[INFO] [1790406533.789604592] [hunav_loader]: 	radius: 0.22
[INFO] [1790406533.789613036] [hunav_loader]: 	beh type: Curious
[INFO] [1790406533.789621615] [hunav_loader]: 	beh configuration: 0
[INFO] [1790406533.789676043] [hunav_loader]: 	beh duration: 40.00
[INFO] [1790406533.789680346] [hunav_loader]: 	beh vel: 1.00
[INFO] [1790406533.789683357] [hunav_loader]: 	beh just_once: 1
[INFO] [1790406533.789686366] [hunav_loader]: 	beh dist: 0.00
[INFO] [1790406533.789690799] [hunav_loader]: 	beh goalForceFactor: 2.00
[INFO] [1790406533.789694126] [hunav_loader]: 	beh obstacleForceFactor: 10.00
[INFO] [1790406533.789697339] [hunav_loader]: 	beh socialForceFactor: 5.00
[INFO] [1790406533.789700134] [hunav_loader]: 	beh otherForceFactor: 20.00
[INFO] [1790406533.789708143] [hunav_loader]: 	posex: -14.00
[INFO] [1790406533.789716904] [hunav_loader]: 	posey: -8.20
[INFO] [1790406533.789724345] [hunav_loader]: 	posez: 0.00
[INFO] [1790406533.789731026] [hunav_loader]: 	poseh: 0.07
[INFO] [1790406533.789742044] [hunav_loader]: 	goal_radius: 0.25
[INFO] [1790406533.789749466] [hunav_loader]: 	cyclic_goals: 0
[INFO] [1790406533.789758582] [hunav_loader]: 	goals: [
[INFO] [1790406533.789762135] [hunav_loader]: 	  1,
[INFO] [1790406533.789765190] [hunav_loader]: 	  2,
[INFO] [1790406533.789768158] [hunav_loader]: 	  3,
[INFO] [1790406533.789770747] [hunav_loader]: 	  4
[INFO] [1790406533.789773503] [hunav_loader]: 	]
[INFO] [1790406533.789778158] [hunav_loader]: 	  goal_1: (-10.000, -7.850)
[INFO] [1790406533.789803390] [hunav_loader]: 	  goal_2: (-5.000, -8.150)
[INFO] [1790406533.789809974] [hunav_loader]: 	  goal_3: (-2.000, -8.180)
[INFO] [1790406533.789815051] [hunav_loader]: 	  goal_4: (0.000, -7.850)
[INFO] [1790406533.789819711] [hunav_loader]: Agent name: background_agent_1
[INFO] [1790406533.789829127] [hunav_loader]: 	id: 2
[INFO] [1790406533.789839145] [hunav_loader]: 	skin: 1
[INFO] [1790406533.789848693] [hunav_loader]: 	group_id: -1
[INFO] [1790406533.789859606] [hunav_loader]: 	max_vel: 0.84
[INFO] [1790406533.789885170] [hunav_loader]: 	radius: 0.22
[INFO] [1790406533.789894141] [hunav_loader]: 	beh type: Regular
[INFO] [1790406533.789901104] [hunav_loader]: 	beh configuration: 0
[INFO] [1790406533.789952931] [hunav_loader]: 	beh duration: 40.00
[INFO] [1790406533.789956814] [hunav_loader]: 	beh vel: 1.00
[INFO] [1790406533.789959778] [hunav_loader]: 	beh just_once: 1
[INFO] [1790406533.789963246] [hunav_loader]: 	beh dist: 0.00
[INFO] [1790406533.789966004] [hunav_loader]: 	beh goalForceFactor: 2.00
[INFO] [1790406533.789968874] [hunav_loader]: 	beh obstacleForceFactor: 10.00
[INFO] [1790406533.789973400] [hunav_loader]: 	beh socialForceFactor: 5.00
[INFO] [1790406533.789976662] [hunav_loader]: 	beh otherForceFactor: 20.00
[INFO] [1790406533.789983865] [hunav_loader]: 	posex: -2.75
[INFO] [1790406533.789993052] [hunav_loader]: 	posey: -5.40
[INFO] [1790406533.790002374] [hunav_loader]: 	posez: 0.00
[INFO] [1790406533.790010173] [hunav_loader]: 	poseh: -2.09
[INFO] [1790406533.790018740] [hunav_loader]: 	goal_radius: 0.25
[INFO] [1790406533.790026383] [hunav_loader]: 	cyclic_goals: 0
[INFO] [1790406533.790037357] [hunav_loader]: 	goals: [
[INFO] [1790406533.790041784] [hunav_loader]: 	  5,
[INFO] [1790406533.790044968] [hunav_loader]: 	  6,
[INFO] [1790406533.790047674] [hunav_loader]: 	  7,
[INFO] [1790406533.790050262] [hunav_loader]: 	  8,
[INFO] [1790406533.790052791] [hunav_loader]: 	  9,
[INFO] [1790406533.790055267] [hunav_loader]: 	  10,
[INFO] [1790406533.790057860] [hunav_loader]: 	  11,
[INFO] [1790406533.790060295] [hunav_loader]: 	  12,
[INFO] [1790406533.790062791] [hunav_loader]: 	  13,
[INFO] [1790406533.790065209] [hunav_loader]: 	  14,
[INFO] [1790406533.790071014] [hunav_loader]: 	  15,
[INFO] [1790406533.790075786] [hunav_loader]: 	  16,
[INFO] [1790406533.790078267] [hunav_loader]: 	  17,
[INFO] [1790406533.790080793] [hunav_loader]: 	  18,
[INFO] [1790406533.790086037] [hunav_loader]: 	  19,
[INFO] [1790406533.790093554] [hunav_loader]: 	  20,
[INFO] [1790406533.790097968] [hunav_loader]: 	  21,
[INFO] [1790406533.790101393] [hunav_loader]: 	  22,
[INFO] [1790406533.790106514] [hunav_loader]: 	  23,
[INFO] [1790406533.790109413] [hunav_loader]: 	  24,
[INFO] [1790406533.790111835] [hunav_loader]: 	  25,
[INFO] [1790406533.790115302] [hunav_loader]: 	  26
[INFO] [1790406533.790119155] [hunav_loader]: 	]
[INFO] [1790406533.790123606] [hunav_loader]: 	  goal_5: (-3.730, -7.100)
[INFO] [1790406533.790130293] [hunav_loader]: 	  goal_6: (-3.730, -7.400)
[INFO] [1790406533.790134361] [hunav_loader]: 	  goal_7: (-3.730, -8.150)
[INFO] [1790406533.790140608] [hunav_loader]: 	  goal_8: (-5.000, -8.150)
[INFO] [1790406533.790144541] [hunav_loader]: 	  goal_9: (-2.000, -8.180)
[INFO] [1790406533.790155735] [hunav_loader]: 	  goal_10: (0.000, -7.850)
[INFO] [1790406533.790160058] [hunav_loader]: 	  goal_11: (2.600, -8.150)
[INFO] [1790406533.790163913] [hunav_loader]: 	  goal_12: (5.000, -8.150)
[INFO] [1790406533.790168322] [hunav_loader]: 	  goal_13: (10.000, -8.150)
[INFO] [1790406533.790173103] [hunav_loader]: 	  goal_14: (15.000, -8.150)
[INFO] [1790406533.790177361] [hunav_loader]: 	  goal_15: (15.000, -4.000)
[INFO] [1790406533.790183724] [hunav_loader]: 	  goal_16: (7.000, -4.000)
[INFO] [1790406533.790187659] [hunav_loader]: 	  goal_17: (7.000, -2.000)
[INFO] [1790406533.790196186] [hunav_loader]: 	  goal_18: (7.000, 0.000)
[INFO] [1790406533.790200510] [hunav_loader]: 	  goal_19: (15.000, 0.000)
[INFO] [1790406533.790204965] [hunav_loader]: 	  goal_20: (15.000, 2.550)
[INFO] [1790406533.790220054] [hunav_loader]: 	  goal_21: (15.000, 3.500)
[INFO] [1790406533.790225559] [hunav_loader]: 	  goal_22: (15.000, 8.000)
[INFO] [1790406533.790230785] [hunav_loader]: 	  goal_23: (15.000, 6.010)
[INFO] [1790406533.790237984] [hunav_loader]: 	  goal_24: (14.400, 6.010)
[INFO] [1790406533.790242339] [hunav_loader]: 	  goal_25: (14.100, 6.010)
[INFO] [1790406533.790246982] [hunav_loader]: 	  goal_26: (12.400, 6.950)
[INFO] [1790406533.792885480] [hunav_loader]: GetParameters service created
sequence size exceeds remaining buffer
sequence size exceeds remaining buffer
sequence size exceeds remaining buffer
sequence size exceeds remaining buffer
sequence size exceeds remaining buffer
sequence size exceeds remaining buffer
sequence size exceeds remaining buffer
sequence size exceeds remaining buffer
sequence size exceeds remaining buffer
sequence size exceeds remaining buffer
sequence size exceeds remaining buffer
sequence size exceeds remaining buffer
sequence size exceeds remaining buffer
sequence size exceeds remaining buffer
sequence size exceeds remaining buffer
[INFO] [1790406534.876192156] [hunav_loader]: Sent parameters: map=school_arena, simulator=Gazebo Fortress, yaml_base_name=scenario_head_on_low_101, 26 goals
sequence size exceeds remaining buffer
sequence size exceeds remaining buffer
sequence size exceeds remaining buffer
sequence size exceeds remaining buffer
sequence size exceeds remaining buffer
sequence size exceeds remaining buffer
sequence size exceeds remaining buffer
sequence size exceeds remaining buffer
sequence size exceeds remaining buffer
sequence size exceeds remaining buffer
sequence size exceeds remaining buffer
sequence size exceeds remaining buffer
sequence size exceeds remaining buffer
sequence size exceeds remaining buffer
sequence size exceeds remaining buffer
sequence size exceeds remaining buffer
sequence size exceeds remaining buffer
sequence size exceeds remaining buffer
sequence size exceeds remaining buffer
sequence size exceeds remaining buffer
sequence size exceeds remaining buffer
sequence size exceeds remaining buffer
sequence size exceeds remaining buffer
sequence size exceeds remaining buffer
sequence size exceeds remaining buffer
sequence size exceeds remaining buffer
sequence size exceeds remaining buffer
sequence size exceeds remaining buffer
sequence size exceeds remaining buffer
sequence size exceeds remaining buffer
sequence size exceeds remaining buffer
sequence size exceeds remaining buffer
sequence size exceeds remaining buffer
sequence size exceeds remaining buffer
sequence size exceeds remaining buffer
sequence size exceeds remaining buffer
sequence size exceeds remaining buffer
sequence size exceeds remaining buffer
sequence size exceeds remaining buffer
sequence size exceeds remaining buffer
sequence size exceeds remaining buffer
sequence size exceeds remaining buffer
sequence size exceeds remaining buffer
sequence size exceeds remaining buffer
sequence size exceeds remaining buffer
sequence size exceeds remaining buffer
sequence size exceeds remaining buffer
sequence size exceeds remaining buffer
sequence size exceeds remaining buffer
sequence size exceeds remaining buffer
sequence size exceeds remaining buffer
sequence size exceeds remaining buffer
sequence size exceeds remaining buffer
sequence size exceeds remaining buffer
sequence size exceeds remaining buffer
sequence size exceeds remaining buffer
sequence size exceeds remaining buffer
sequence size exceeds remaining buffer
sequence size exceeds remaining buffer
sequence size exceeds remaining buffer
sequence size exceeds remaining buffer
sequence size exceeds remaining buffer
sequence size exceeds remaining buffer
sequence size exceeds remaining buffer
sequence size exceeds remaining buffer
sequence size exceeds remaining buffer
sequence size exceeds remaining buffer
sequence size exceeds remaining buffer
sequence size exceeds remaining buffer
sequence size exceeds remaining buffer
sequence size exceeds remaining buffer
sequence size exceeds remaining buffer
sequence size exceeds remaining buffer
sequence size exceeds remaining buffer
sequence size exceeds remaining buffer
sequence size exceeds remaining buffer
sequence size exceeds remaining buffer
sequence size exceeds remaining buffer
sequence size exceeds remaining buffer
sequence size exceeds remaining buffer
sequence size exceeds remaining buffer
sequence size exceeds remaining buffer
sequence size exceeds remaining buffer
sequence size exceeds remaining buffer
sequence size exceeds remaining buffer
sequence size exceeds remaining buffer
sequence size exceeds remaining buffer
sequence size exceeds remaining buffer
sequence size exceeds remaining buffer
sequence size exceeds remaining buffer
sequence size exceeds remaining buffer
sequence size exceeds remaining buffer
sequence size exceeds remaining buffer
sequence size exceeds remaining buffer
sequence size exceeds remaining buffer
sequence size exceeds remaining buffer
sequence size exceeds remaining buffer
sequence size exceeds remaining buffer
sequence size exceeds remaining buffer
sequence size exceeds remaining buffer
sequence size exceeds remaining buffer
sequence size exceeds remaining buffer
sequence size exceeds remaining buffer
sequence size exceeds remaining buffer
sequence size exceeds remaining buffer
sequence size exceeds remaining buffer
sequence size exceeds remaining buffer
sequence size exceeds remaining buffer
sequence size exceeds remaining buffer
sequence size exceeds remaining buffer
sequence size exceeds remaining buffer
sequence size exceeds remaining buffer
sequence size exceeds remaining buffer
sequence size exceeds remaining buffer
sequence size exceeds remaining buffer
sequence size exceeds remaining buffer
sequence size exceeds remaining buffer
sequence size exceeds remaining buffer
sequence size exceeds remaining buffer
sequence size exceeds remaining buffer
sequence size exceeds remaining buffer
sequence size exceeds remaining buffer
sequence size exceeds remaining buffer
sequence size exceeds remaining buffer
sequence size exceeds remaining buffer
sequence size exceeds remaining buffer
sequence size exceeds remaining buffer
sequence size exceeds remaining buffer
sequence size exceeds remaining buffer
sequence size exceeds remaining buffer
sequence size exceeds remaining buffer
sequence size exceeds remaining buffer
sequence size exceeds remaining buffer
sequence size exceeds remaining buffer
sequence size exceeds remaining buffer
sequence size exceeds remaining buffer
sequence size exceeds remaining buffer
sequence size exceeds remaining buffer
sequence size exceeds remaining buffer
sequence size exceeds remaining buffer
sequence size exceeds remaining buffer
sequence size exceeds remaining buffer
sequence size exceeds remaining buffer
sequence size exceeds remaining buffer
sequence size exceeds remaining buffer
sequence size exceeds remaining buffer
sequence size exceeds remaining buffer
sequence size exceeds remaining buffer
sequence size exceeds remaining buffer
sequence size exceeds remaining buffer
sequence size exceeds remaining buffer
sequence size exceeds remaining buffer
sequence size exceeds remaining buffer
sequence size exceeds remaining buffer
sequence size exceeds remaining buffer
sequence size exceeds remaining buffer
sequence size exceeds remaining buffer
sequence size exceeds remaining buffer
sequence size exceeds remaining buffer
sequence size exceeds remaining buffer
sequence size exceeds remaining buffer
sequence size exceeds remaining buffer
sequence size exceeds remaining buffer
sequence size exceeds remaining buffer
sequence size exceeds remaining buffer
sequence size exceeds remaining buffer
sequence size exceeds remaining buffer
sequence size exceeds remaining buffer
sequence size exceeds remaining buffer
sequence size exceeds remaining buffer
sequence size exceeds remaining buffer
sequence size exceeds remaining buffer
sequence size exceeds remaining buffer
sequence size exceeds remaining buffer
sequence size exceeds remaining buffer
sequence size exceeds remaining buffer
sequence size exceeds remaining buffer
sequence size exceeds remaining buffer
sequence size exceeds remaining buffer
sequence size exceeds remaining buffer
sequence size exceeds remaining buffer
sequence size exceeds remaining buffer
sequence size exceeds remaining buffer
sequence size exceeds remaining buffer
sequence size exceeds remaining buffer
sequence size exceeds remaining buffer
sequence size exceeds remaining buffer
sequence size exceeds remaining buffer
sequence size exceeds remaining buffer
sequence size exceeds remaining buffer
sequence size exceeds remaining buffer
sequence size exceeds remaining buffer
sequence size exceeds remaining buffer
sequence size exceeds remaining buffer
sequence size exceeds remaining buffer
sequence size exceeds remaining buffer
sequence size exceeds remaining buffer
sequence size exceeds remaining buffer
sequence size exceeds remaining buffer
sequence size exceeds remaining buffer
sequence size exceeds remaining buffer
sequence size exceeds remaining buffer
sequence size exceeds remaining buffer
sequence size exceeds remaining buffer
sequence size exceeds remaining buffer
[INFO] [1790406539.625032922] [rclcpp]: signal_handler(SIGINT/SIGTERM)
[INFO] [1790406714.843965801] [hunav_loader]: yaml_base_name: scenario_head_on_low_101
[INFO] [1790406714.844236329] [hunav_loader]: simulator: Gazebo Fortress
[INFO] [1790406714.844507482] [hunav_loader]: map: school_arena
[INFO] [1790406714.844542007] [hunav_loader]: publish_people: true
[INFO] [1790406714.844570061] [hunav_loader]: Number of agents: 2
[INFO] [1790406714.844587213] [hunav_loader]: Global goals:
[INFO] [1790406714.844626328] [hunav_loader]:   goal 1: (-10.000, -7.850)
[INFO] [1790406714.844671116] [hunav_loader]:   goal 2: (-5.000, -8.150)
[INFO] [1790406714.844721205] [hunav_loader]:   goal 3: (-2.000, -8.180)
[INFO] [1790406714.844757986] [hunav_loader]:   goal 4: (0.000, -7.850)
[INFO] [1790406714.844801218] [hunav_loader]:   goal 5: (-3.730, -7.100)
[INFO] [1790406714.844844826] [hunav_loader]:   goal 6: (-3.730, -7.400)
[INFO] [1790406714.844883185] [hunav_loader]:   goal 7: (-3.730, -8.150)
[INFO] [1790406714.844922883] [hunav_loader]:   goal 8: (-5.000, -8.150)
[INFO] [1790406714.844958146] [hunav_loader]:   goal 9: (-2.000, -8.180)
[INFO] [1790406714.844994375] [hunav_loader]:   goal 10: (0.000, -7.850)
[INFO] [1790406714.845034694] [hunav_loader]:   goal 11: (2.600, -8.150)
[INFO] [1790406714.845071057] [hunav_loader]:   goal 12: (5.000, -8.150)
[INFO] [1790406714.845106120] [hunav_loader]:   goal 13: (10.000, -8.150)
[INFO] [1790406714.845157274] [hunav_loader]:   goal 14: (15.000, -8.150)
[INFO] [1790406714.845198143] [hunav_loader]:   goal 15: (15.000, -4.000)
[INFO] [1790406714.845239141] [hunav_loader]:   goal 16: (7.000, -4.000)
[INFO] [1790406714.845277788] [hunav_loader]:   goal 17: (7.000, -2.000)
[INFO] [1790406714.845311812] [hunav_loader]:   goal 18: (7.000, 0.000)
[INFO] [1790406714.845347880] [hunav_loader]:   goal 19: (15.000, 0.000)
[INFO] [1790406714.845387979] [hunav_loader]:   goal 20: (15.000, 2.550)
[INFO] [1790406714.845424212] [hunav_loader]:   goal 21: (15.000, 3.500)
[INFO] [1790406714.845477690] [hunav_loader]:   goal 22: (15.000, 8.000)
[INFO] [1790406714.845517086] [hunav_loader]:   goal 23: (15.000, 6.010)
[INFO] [1790406714.845555762] [hunav_loader]:   goal 24: (14.400, 6.010)
[INFO] [1790406714.845600758] [hunav_loader]:   goal 25: (14.100, 6.010)
[INFO] [1790406714.845647640] [hunav_loader]:   goal 26: (12.400, 6.950)
[INFO] [1790406714.845704089] [hunav_loader]: Agent name: event_agent_1
[INFO] [1790406714.845732324] [hunav_loader]: 	id: 1
[INFO] [1790406714.845759505] [hunav_loader]: 	skin: 0
[INFO] [1790406714.845785324] [hunav_loader]: 	group_id: -1
[INFO] [1790406714.845848941] [hunav_loader]: 	max_vel: 0.78
[INFO] [1790406714.845887649] [hunav_loader]: 	radius: 0.22
[INFO] [1790406714.845918125] [hunav_loader]: 	beh type: Curious
[INFO] [1790406714.845943834] [hunav_loader]: 	beh configuration: 0
[INFO] [1790406714.846083935] [hunav_loader]: 	beh duration: 40.00
[INFO] [1790406714.846097760] [hunav_loader]: 	beh vel: 1.00
[INFO] [1790406714.846106967] [hunav_loader]: 	beh just_once: 1
[INFO] [1790406714.846116928] [hunav_loader]: 	beh dist: 0.00
[INFO] [1790406714.846127517] [hunav_loader]: 	beh goalForceFactor: 2.00
[INFO] [1790406714.846137631] [hunav_loader]: 	beh obstacleForceFactor: 10.00
[INFO] [1790406714.846158659] [hunav_loader]: 	beh socialForceFactor: 5.00
[INFO] [1790406714.846168422] [hunav_loader]: 	beh otherForceFactor: 20.00
[INFO] [1790406714.846196697] [hunav_loader]: 	posex: -14.00
[INFO] [1790406714.846230073] [hunav_loader]: 	posey: -8.20
[INFO] [1790406714.846258610] [hunav_loader]: 	posez: 0.00
[INFO] [1790406714.846287448] [hunav_loader]: 	poseh: 0.07
[INFO] [1790406714.846321236] [hunav_loader]: 	goal_radius: 0.25
[INFO] [1790406714.846353600] [hunav_loader]: 	cyclic_goals: 0
[INFO] [1790406714.846389722] [hunav_loader]: 	goals: [
[INFO] [1790406714.846402350] [hunav_loader]: 	  1,
[INFO] [1790406714.846414579] [hunav_loader]: 	  2,
[INFO] [1790406714.846424255] [hunav_loader]: 	  3,
[INFO] [1790406714.846432922] [hunav_loader]: 	  4
[INFO] [1790406714.846444022] [hunav_loader]: 	]
[INFO] [1790406714.846459782] [hunav_loader]: 	  goal_1: (-10.000, -7.850)
[INFO] [1790406714.846506013] [hunav_loader]: 	  goal_2: (-5.000, -8.150)
[INFO] [1790406714.846526309] [hunav_loader]: 	  goal_3: (-2.000, -8.180)
[INFO] [1790406714.846542991] [hunav_loader]: 	  goal_4: (0.000, -7.850)
[INFO] [1790406714.846556718] [hunav_loader]: Agent name: background_agent_1
[INFO] [1790406714.846605693] [hunav_loader]: 	id: 2
[INFO] [1790406714.846638190] [hunav_loader]: 	skin: 1
[INFO] [1790406714.846667198] [hunav_loader]: 	group_id: -1
[INFO] [1790406714.846695558] [hunav_loader]: 	max_vel: 0.84
[INFO] [1790406714.846724397] [hunav_loader]: 	radius: 0.22
[INFO] [1790406714.846760687] [hunav_loader]: 	beh type: Regular
[INFO] [1790406714.846789961] [hunav_loader]: 	beh configuration: 0
[INFO] [1790406714.846976899] [hunav_loader]: 	beh duration: 40.00
[INFO] [1790406714.846994449] [hunav_loader]: 	beh vel: 1.00
[INFO] [1790406714.847005030] [hunav_loader]: 	beh just_once: 1
[INFO] [1790406714.847014990] [hunav_loader]: 	beh dist: 0.00
[INFO] [1790406714.847026152] [hunav_loader]: 	beh goalForceFactor: 2.00
[INFO] [1790406714.847038191] [hunav_loader]: 	beh obstacleForceFactor: 10.00
[INFO] [1790406714.847048982] [hunav_loader]: 	beh socialForceFactor: 5.00
[INFO] [1790406714.847060246] [hunav_loader]: 	beh otherForceFactor: 20.00
[INFO] [1790406714.847094146] [hunav_loader]: 	posex: -2.75
[INFO] [1790406714.847124841] [hunav_loader]: 	posey: -5.40
[INFO] [1790406714.847170377] [hunav_loader]: 	posez: 0.00
[INFO] [1790406714.847209820] [hunav_loader]: 	poseh: -2.09
[INFO] [1790406714.847238818] [hunav_loader]: 	goal_radius: 0.25
[INFO] [1790406714.847275414] [hunav_loader]: 	cyclic_goals: 0
[INFO] [1790406714.847308335] [hunav_loader]: 	goals: [
[INFO] [1790406714.847322412] [hunav_loader]: 	  5,
[INFO] [1790406714.847333808] [hunav_loader]: 	  6,
[INFO] [1790406714.847344662] [hunav_loader]: 	  7,
[INFO] [1790406714.847354038] [hunav_loader]: 	  8,
[INFO] [1790406714.847371352] [hunav_loader]: 	  9,
[INFO] [1790406714.847382356] [hunav_loader]: 	  10,
[INFO] [1790406714.847393216] [hunav_loader]: 	  11,
[INFO] [1790406714.847404461] [hunav_loader]: 	  12,
[INFO] [1790406714.847414577] [hunav_loader]: 	  13,
[INFO] [1790406714.847425054] [hunav_loader]: 	  14,
[INFO] [1790406714.847434696] [hunav_loader]: 	  15,
[INFO] [1790406714.847444685] [hunav_loader]: 	  16,
[INFO] [1790406714.847454732] [hunav_loader]: 	  17,
[INFO] [1790406714.847466594] [hunav_loader]: 	  18,
[INFO] [1790406714.847478901] [hunav_loader]: 	  19,
[INFO] [1790406714.847507349] [hunav_loader]: 	  20,
[INFO] [1790406714.847518913] [hunav_loader]: 	  21,
[INFO] [1790406714.847530768] [hunav_loader]: 	  22,
[INFO] [1790406714.847540638] [hunav_loader]: 	  23,
[INFO] [1790406714.847551329] [hunav_loader]: 	  24,
[INFO] [1790406714.847560932] [hunav_loader]: 	  25,
[INFO] [1790406714.847570349] [hunav_loader]: 	  26
[INFO] [1790406714.847580639] [hunav_loader]: 	]
[INFO] [1790406714.847597487] [hunav_loader]: 	  goal_5: (-3.730, -7.100)
[INFO] [1790406714.847612884] [hunav_loader]: 	  goal_6: (-3.730, -7.400)
[INFO] [1790406714.847627586] [hunav_loader]: 	  goal_7: (-3.730, -8.150)
[INFO] [1790406714.847646224] [hunav_loader]: 	  goal_8: (-5.000, -8.150)
[INFO] [1790406714.847662128] [hunav_loader]: 	  goal_9: (-2.000, -8.180)
[INFO] [1790406714.847677042] [hunav_loader]: 	  goal_10: (0.000, -7.850)
[INFO] [1790406714.847691308] [hunav_loader]: 	  goal_11: (2.600, -8.150)
[INFO] [1790406714.847708376] [hunav_loader]: 	  goal_12: (5.000, -8.150)
[INFO] [1790406714.847722429] [hunav_loader]: 	  goal_13: (10.000, -8.150)
[INFO] [1790406714.847737269] [hunav_loader]: 	  goal_14: (15.000, -8.150)
[INFO] [1790406714.847751434] [hunav_loader]: 	  goal_15: (15.000, -4.000)
[INFO] [1790406714.847764861] [hunav_loader]: 	  goal_16: (7.000, -4.000)
[INFO] [1790406714.847779969] [hunav_loader]: 	  goal_17: (7.000, -2.000)
[INFO] [1790406714.847802337] [hunav_loader]: 	  goal_18: (7.000, 0.000)
[INFO] [1790406714.847817049] [hunav_loader]: 	  goal_19: (15.000, 0.000)
[INFO] [1790406714.847832214] [hunav_loader]: 	  goal_20: (15.000, 2.550)
[INFO] [1790406714.847870886] [hunav_loader]: 	  goal_21: (15.000, 3.500)
[INFO] [1790406714.847888492] [hunav_loader]: 	  goal_22: (15.000, 8.000)
[INFO] [1790406714.847904479] [hunav_loader]: 	  goal_23: (15.000, 6.010)
[INFO] [1790406714.847927117] [hunav_loader]: 	  goal_24: (14.400, 6.010)
[INFO] [1790406714.847942590] [hunav_loader]: 	  goal_25: (14.100, 6.010)
[INFO] [1790406714.847958944] [hunav_loader]: 	  goal_26: (12.400, 6.950)
[INFO] [1790406714.849204480] [hunav_loader]: GetParameters service created
sequence size exceeds remaining buffer
sequence size exceeds remaining buffer
sequence size exceeds remaining buffer
sequence size exceeds remaining buffer
sequence size exceeds remaining buffer
sequence size exceeds remaining buffer
sequence size exceeds remaining buffer
sequence size exceeds remaining buffer
sequence size exceeds remaining buffer
sequence size exceeds remaining buffer
sequence size exceeds remaining buffer
sequence size exceeds remaining buffer
sequence size exceeds remaining buffer
sequence size exceeds remaining buffer
sequence size exceeds remaining buffer
sequence size exceeds remaining buffer
sequence size exceeds remaining buffer
sequence size exceeds remaining buffer
[INFO] [1790406715.738508472] [hunav_loader]: Sent parameters: map=school_arena, simulator=Gazebo Fortress, yaml_base_name=scenario_head_on_low_101, 26 goals
sequence size exceeds remaining buffer
sequence size exceeds remaining buffer
sequence size exceeds remaining buffer
sequence size exceeds remaining buffer
sequence size exceeds remaining buffer
sequence size exceeds remaining buffer
sequence size exceeds remaining buffer
sequence size exceeds remaining buffer
sequence size exceeds remaining buffer
sequence size exceeds remaining buffer
sequence size exceeds remaining buffer
sequence size exceeds remaining buffer
sequence size exceeds remaining buffer
sequence size exceeds remaining buffer
sequence size exceeds remaining buffer
sequence size exceeds remaining buffer
sequence size exceeds remaining buffer
sequence size exceeds remaining buffer
sequence size exceeds remaining buffer
sequence size exceeds remaining buffer
sequence size exceeds remaining buffer
sequence size exceeds remaining buffer
sequence size exceeds remaining buffer
sequence size exceeds remaining buffer
sequence size exceeds remaining buffer
sequence size exceeds remaining buffer
sequence size exceeds remaining buffer
sequence size exceeds remaining buffer
sequence size exceeds remaining buffer
sequence size exceeds remaining buffer
sequence size exceeds remaining buffer
sequence size exceeds remaining buffer
sequence size exceeds remaining buffer
sequence size exceeds remaining buffer
sequence size exceeds remaining buffer
sequence size exceeds remaining buffer
sequence size exceeds remaining buffer
sequence size exceeds remaining buffer
sequence size exceeds remaining buffer
sequence size exceeds remaining buffer
sequence size exceeds remaining buffer
sequence size exceeds remaining buffer
sequence size exceeds remaining buffer
sequence size exceeds remaining buffer
sequence size exceeds remaining buffer
sequence size exceeds remaining buffer
sequence size exceeds remaining buffer
sequence size exceeds remaining buffer
sequence size exceeds remaining buffer
sequence size exceeds remaining buffer
sequence size exceeds remaining buffer
sequence size exceeds remaining buffer
sequence size exceeds remaining buffer
sequence size exceeds remaining buffer
sequence size exceeds remaining buffer
sequence size exceeds remaining buffer
sequence size exceeds remaining buffer
sequence size exceeds remaining buffer
sequence size exceeds remaining buffer
sequence size exceeds remaining buffer
sequence size exceeds remaining buffer
sequence size exceeds remaining buffer
sequence size exceeds remaining buffer
sequence size exceeds remaining buffer
sequence size exceeds remaining buffer
sequence size exceeds remaining buffer
sequence size exceeds remaining buffer
sequence size exceeds remaining buffer
sequence size exceeds remaining buffer
sequence size exceeds remaining buffer
sequence size exceeds remaining buffer
sequence size exceeds remaining buffer
sequence size exceeds remaining buffer
sequence size exceeds remaining buffer
sequence size exceeds remaining buffer
sequence size exceeds remaining buffer
sequence size exceeds remaining buffer
sequence size exceeds remaining buffer
sequence size exceeds remaining buffer
sequence size exceeds remaining buffer
sequence size exceeds remaining buffer
sequence size exceeds remaining buffer
sequence size exceeds remaining buffer
sequence size exceeds remaining buffer
sequence size exceeds remaining buffer
sequence size exceeds remaining buffer
sequence size exceeds remaining buffer
sequence size exceeds remaining buffer
sequence size exceeds remaining buffer
sequence size exceeds remaining buffer
sequence size exceeds remaining buffer
sequence size exceeds remaining buffer
sequence size exceeds remaining buffer
sequence size exceeds remaining buffer
sequence size exceeds remaining buffer
sequence size exceeds remaining buffer
sequence size exceeds remaining buffer
sequence size exceeds remaining buffer
sequence size exceeds remaining buffer
sequence size exceeds remaining buffer
sequence size exceeds remaining buffer
sequence size exceeds remaining buffer
sequence size exceeds remaining buffer
sequence size exceeds remaining buffer
sequence size exceeds remaining buffer
sequence size exceeds remaining buffer
sequence size exceeds remaining buffer
sequence size exceeds remaining buffer
sequence size exceeds remaining buffer
sequence size exceeds remaining buffer
sequence size exceeds remaining buffer
sequence size exceeds remaining buffer
sequence size exceeds remaining buffer
sequence size exceeds remaining buffer
sequence size exceeds remaining buffer
sequence size exceeds remaining buffer
sequence size exceeds remaining buffer
sequence size exceeds remaining buffer
sequence size exceeds remaining buffer
sequence size exceeds remaining buffer
sequence size exceeds remaining buffer
sequence size exceeds remaining buffer
sequence size exceeds remaining buffer
sequence size exceeds remaining buffer
sequence size exceeds remaining buffer
sequence size exceeds remaining buffer
sequence size exceeds remaining buffer
sequence size exceeds remaining buffer
sequence size exceeds remaining buffer
sequence size exceeds remaining buffer
sequence size exceeds remaining buffer
sequence size exceeds remaining buffer
sequence size exceeds remaining buffer
sequence size exceeds remaining buffer
sequence size exceeds remaining buffer
sequence size exceeds remaining buffer
sequence size exceeds remaining buffer
sequence size exceeds remaining buffer
sequence size exceeds remaining buffer
sequence size exceeds remaining buffer
sequence size exceeds remaining buffer
sequence size exceeds remaining buffer
sequence size exceeds remaining buffer
sequence size exceeds remaining buffer
sequence size exceeds remaining buffer
sequence size exceeds remaining buffer
sequence size exceeds remaining buffer
sequence size exceeds remaining buffer
sequence size exceeds remaining buffer
sequence size exceeds remaining buffer
sequence size exceeds remaining buffer
sequence size exceeds remaining buffer
sequence size exceeds remaining buffer
sequence size exceeds remaining buffer
sequence size exceeds remaining buffer
sequence size exceeds remaining buffer
sequence size exceeds remaining buffer
sequence size exceeds remaining buffer
sequence size exceeds remaining buffer
sequence size exceeds remaining buffer
sequence size exceeds remaining buffer
sequence size exceeds remaining buffer
sequence size exceeds remaining buffer
sequence size exceeds remaining buffer
sequence size exceeds remaining buffer
sequence size exceeds remaining buffer
sequence size exceeds remaining buffer
sequence size exceeds remaining buffer
sequence size exceeds remaining buffer
sequence size exceeds remaining buffer
sequence size exceeds remaining buffer
sequence size exceeds remaining buffer
sequence size exceeds remaining buffer
sequence size exceeds remaining buffer
sequence size exceeds remaining buffer
sequence size exceeds remaining buffer
sequence size exceeds remaining buffer
sequence size exceeds remaining buffer
sequence size exceeds remaining buffer
sequence size exceeds remaining buffer
sequence size exceeds remaining buffer
sequence size exceeds remaining buffer
sequence size exceeds remaining buffer
sequence size exceeds remaining buffer
sequence size exceeds remaining buffer
sequence size exceeds remaining buffer
sequence size exceeds remaining buffer
sequence size exceeds remaining buffer
sequence size exceeds remaining buffer
sequence size exceeds remaining buffer
sequence size exceeds remaining buffer
sequence size exceeds remaining buffer
sequence size exceeds remaining buffer
sequence size exceeds remaining buffer
sequence size exceeds remaining buffer
sequence size exceeds remaining buffer
sequence size exceeds remaining buffer
sequence size exceeds remaining buffer
sequence size exceeds remaining buffer
sequence size exceeds remaining buffer
sequence size exceeds remaining buffer
sequence size exceeds remaining buffer
sequence size exceeds remaining buffer
sequence size exceeds remaining buffer
sequence size exceeds remaining buffer
sequence size exceeds remaining buffer
sequence size exceeds remaining buffer
sequence size exceeds remaining buffer
sequence size exceeds remaining buffer
sequence size exceeds remaining buffer
sequence size exceeds remaining buffer
sequence size exceeds remaining buffer
sequence size exceeds remaining buffer
sequence size exceeds remaining buffer
sequence size exceeds remaining buffer
sequence size exceeds remaining buffer
sequence size exceeds remaining buffer
sequence size exceeds remaining buffer
sequence size exceeds remaining buffer
sequence size exceeds remaining buffer
sequence size exceeds remaining buffer
sequence size exceeds remaining buffer
sequence size exceeds remaining buffer
sequence size exceeds remaining buffer
sequence size exceeds remaining buffer
sequence size exceeds remaining buffer
sequence size exceeds remaining buffer
sequence size exceeds remaining buffer
sequence size exceeds remaining buffer
sequence size exceeds remaining buffer
sequence size exceeds remaining buffer
sequence size exceeds remaining buffer
sequence size exceeds remaining buffer
sequence size exceeds remaining buffer
sequence size exceeds remaining buffer
sequence size exceeds remaining buffer
sequence size exceeds remaining buffer
sequence size exceeds remaining buffer
sequence size exceeds remaining buffer
sequence size exceeds remaining buffer
sequence size exceeds remaining buffer
sequence size exceeds remaining buffer
sequence size exceeds remaining buffer
sequence size exceeds remaining buffer
sequence size exceeds remaining buffer
sequence size exceeds remaining buffer
sequence size exceeds remaining buffer
sequence size exceeds remaining buffer
sequence size exceeds remaining buffer
sequence size exceeds remaining buffer
sequence size exceeds remaining buffer
sequence size exceeds remaining buffer
sequence size exceeds remaining buffer
sequence size exceeds remaining buffer
sequence size exceeds remaining buffer
sequence size exceeds remaining buffer
sequence size exceeds remaining buffer
sequence size exceeds remaining buffer
sequence size exceeds remaining buffer
sequence size exceeds remaining buffer
sequence size exceeds remaining buffer
sequence size exceeds remaining buffer
sequence size exceeds remaining buffer
sequence size exceeds remaining buffer
sequence size exceeds remaining buffer
sequence size exceeds remaining buffer
sequence size exceeds remaining buffer
sequence size exceeds remaining buffer
sequence size exceeds remaining buffer
sequence size exceeds remaining buffer
sequence size exceeds remaining buffer
sequence size exceeds remaining buffer
sequence size exceeds remaining buffer
sequence size exceeds remaining buffer
sequence size exceeds remaining buffer
sequence size exceeds remaining buffer
sequence size exceeds remaining buffer
sequence size exceeds remaining buffer
sequence size exceeds remaining buffer
sequence size exceeds remaining buffer
sequence size exceeds remaining buffer
sequence size exceeds remaining buffer
sequence size exceeds remaining buffer
sequence size exceeds remaining buffer
sequence size exceeds remaining buffer
[INFO] [1790406720.694820389] [rclcpp]: signal_handler(SIGINT/SIGTERM)
[INFO] [1790407731.855681779] [hunav_loader]: yaml_base_name: scenario_head_on_low_101
[INFO] [1790407731.855776015] [hunav_loader]: simulator: Gazebo Fortress
[INFO] [1790407731.855788874] [hunav_loader]: map: school_arena
[INFO] [1790407731.855799702] [hunav_loader]: publish_people: true
[INFO] [1790407731.855812114] [hunav_loader]: Number of agents: 2
[INFO] [1790407731.855816537] [hunav_loader]: Global goals:
[INFO] [1790407731.855900307] [hunav_loader]:   goal 1: (-10.000, -7.850)
[INFO] [1790407731.855932763] [hunav_loader]:   goal 2: (-5.000, -8.150)
[INFO] [1790407731.855954852] [hunav_loader]:   goal 3: (-2.000, -8.180)
[INFO] [1790407731.855977260] [hunav_loader]:   goal 4: (0.000, -7.850)
[INFO] [1790407731.856000256] [hunav_loader]:   goal 5: (-3.730, -7.100)
[INFO] [1790407731.856021592] [hunav_loader]:   goal 6: (-3.730, -7.400)
[INFO] [1790407731.856046837] [hunav_loader]:   goal 7: (-3.730, -8.150)
[INFO] [1790407731.856068749] [hunav_loader]:   goal 8: (-5.000, -8.150)
[INFO] [1790407731.856090145] [hunav_loader]:   goal 9: (-2.000, -8.180)
[INFO] [1790407731.856113890] [hunav_loader]:   goal 10: (0.000, -7.850)
[INFO] [1790407731.856135883] [hunav_loader]:   goal 11: (2.600, -8.150)
[INFO] [1790407731.856160897] [hunav_loader]:   goal 12: (5.000, -8.150)
[INFO] [1790407731.856184503] [hunav_loader]:   goal 13: (10.000, -8.150)
[INFO] [1790407731.856242350] [hunav_loader]:   goal 14: (15.000, -8.150)
[INFO] [1790407731.856278821] [hunav_loader]:   goal 15: (15.000, -4.000)
[INFO] [1790407731.856301295] [hunav_loader]:   goal 16: (7.000, -4.000)
[INFO] [1790407731.856323471] [hunav_loader]:   goal 17: (7.000, -2.000)
[INFO] [1790407731.856349843] [hunav_loader]:   goal 18: (7.000, 0.000)
[INFO] [1790407731.856371737] [hunav_loader]:   goal 19: (15.000, 0.000)
[INFO] [1790407731.856462403] [hunav_loader]:   goal 20: (15.000, 2.550)
[INFO] [1790407731.856496502] [hunav_loader]:   goal 21: (15.000, 3.500)
[INFO] [1790407731.856525059] [hunav_loader]:   goal 22: (15.000, 8.000)
[INFO] [1790407731.856553922] [hunav_loader]:   goal 23: (15.000, 6.010)
[INFO] [1790407731.856579072] [hunav_loader]:   goal 24: (14.400, 6.010)
[INFO] [1790407731.856606338] [hunav_loader]:   goal 25: (14.100, 6.010)
[INFO] [1790407731.856630515] [hunav_loader]:   goal 26: (12.400, 6.950)
[INFO] [1790407731.856653666] [hunav_loader]: Agent name: event_agent_1
[INFO] [1790407731.856670967] [hunav_loader]: 	id: 1
[INFO] [1790407731.856687234] [hunav_loader]: 	skin: 0
[INFO] [1790407731.856703434] [hunav_loader]: 	group_id: -1
[INFO] [1790407731.856720859] [hunav_loader]: 	max_vel: 0.78
[INFO] [1790407731.856737860] [hunav_loader]: 	radius: 0.22
[INFO] [1790407731.856756604] [hunav_loader]: 	beh type: Curious
[INFO] [1790407731.856773926] [hunav_loader]: 	beh configuration: 0
[INFO] [1790407731.856851356] [hunav_loader]: 	beh duration: 40.00
[INFO] [1790407731.856901074] [hunav_loader]: 	beh vel: 1.00
[INFO] [1790407731.856913317] [hunav_loader]: 	beh just_once: 1
[INFO] [1790407731.856924183] [hunav_loader]: 	beh dist: 0.00
[INFO] [1790407731.856956089] [hunav_loader]: 	beh goalForceFactor: 2.00
[INFO] [1790407731.856967531] [hunav_loader]: 	beh obstacleForceFactor: 10.00
[INFO] [1790407731.856980181] [hunav_loader]: 	beh socialForceFactor: 5.00
[INFO] [1790407731.856991543] [hunav_loader]: 	beh otherForceFactor: 20.00
[INFO] [1790407731.857016677] [hunav_loader]: 	posex: -14.00
[INFO] [1790407731.857036452] [hunav_loader]: 	posey: -8.20
[INFO] [1790407731.857054628] [hunav_loader]: 	posez: 0.00
[INFO] [1790407731.857077132] [hunav_loader]: 	poseh: 0.07
[INFO] [1790407731.857096030] [hunav_loader]: 	goal_radius: 0.25
[INFO] [1790407731.857114759] [hunav_loader]: 	cyclic_goals: 0
[INFO] [1790407731.857136370] [hunav_loader]: 	goals: [
[INFO] [1790407731.857151567] [hunav_loader]: 	  1,
[INFO] [1790407731.857163778] [hunav_loader]: 	  2,
[INFO] [1790407731.857175363] [hunav_loader]: 	  3,
[INFO] [1790407731.857187331] [hunav_loader]: 	  4
[INFO] [1790407731.857200553] [hunav_loader]: 	]
[INFO] [1790407731.857217086] [hunav_loader]: 	  goal_1: (-10.000, -7.850)
[INFO] [1790407731.857250768] [hunav_loader]: 	  goal_2: (-5.000, -8.150)
[INFO] [1790407731.857268235] [hunav_loader]: 	  goal_3: (-2.000, -8.180)
[INFO] [1790407731.857282169] [hunav_loader]: 	  goal_4: (0.000, -7.850)
[INFO] [1790407731.857295540] [hunav_loader]: Agent name: background_agent_1
[INFO] [1790407731.857316891] [hunav_loader]: 	id: 2
[INFO] [1790407731.857336051] [hunav_loader]: 	skin: 1
[INFO] [1790407731.857357744] [hunav_loader]: 	group_id: -1
[INFO] [1790407731.857377945] [hunav_loader]: 	max_vel: 0.84
[INFO] [1790407731.857395796] [hunav_loader]: 	radius: 0.22
[INFO] [1790407731.857413533] [hunav_loader]: 	beh type: Regular
[INFO] [1790407731.857430183] [hunav_loader]: 	beh configuration: 0
[INFO] [1790407731.857513030] [hunav_loader]: 	beh duration: 40.00
[INFO] [1790407731.857524641] [hunav_loader]: 	beh vel: 1.00
[INFO] [1790407731.857535244] [hunav_loader]: 	beh just_once: 1
[INFO] [1790407731.857551655] [hunav_loader]: 	beh dist: 0.00
[INFO] [1790407731.857571411] [hunav_loader]: 	beh goalForceFactor: 2.00
[INFO] [1790407731.857582198] [hunav_loader]: 	beh obstacleForceFactor: 10.00
[INFO] [1790407731.857592973] [hunav_loader]: 	beh socialForceFactor: 5.00
[INFO] [1790407731.857603622] [hunav_loader]: 	beh otherForceFactor: 20.00
[INFO] [1790407731.857625149] [hunav_loader]: 	posex: -2.75
[INFO] [1790407731.857644762] [hunav_loader]: 	posey: -5.40
[INFO] [1790407731.857661461] [hunav_loader]: 	posez: 0.00
[INFO] [1790407731.857677836] [hunav_loader]: 	poseh: -2.09
[INFO] [1790407731.857695520] [hunav_loader]: 	goal_radius: 0.25
[INFO] [1790407731.857712230] [hunav_loader]: 	cyclic_goals: 0
[INFO] [1790407731.857731878] [hunav_loader]: 	goals: [
[INFO] [1790407731.857742063] [hunav_loader]: 	  5,
[INFO] [1790407731.857752276] [hunav_loader]: 	  6,
[INFO] [1790407731.857762357] [hunav_loader]: 	  7,
[INFO] [1790407731.857772529] [hunav_loader]: 	  8,
[INFO] [1790407731.857782613] [hunav_loader]: 	  9,
[INFO] [1790407731.857792672] [hunav_loader]: 	  10,
[INFO] [1790407731.857803544] [hunav_loader]: 	  11,
[INFO] [1790407731.857813727] [hunav_loader]: 	  12,
[INFO] [1790407731.857823782] [hunav_loader]: 	  13,
[INFO] [1790407731.857833826] [hunav_loader]: 	  14,
[INFO] [1790407731.857843766] [hunav_loader]: 	  15,
[INFO] [1790407731.857853734] [hunav_loader]: 	  16,
[INFO] [1790407731.857864274] [hunav_loader]: 	  17,
[INFO] [1790407731.857874272] [hunav_loader]: 	  18,
[INFO] [1790407731.857887630] [hunav_loader]: 	  19,
[INFO] [1790407731.857902192] [hunav_loader]: 	  20,
[INFO] [1790407731.857912249] [hunav_loader]: 	  21,
[INFO] [1790407731.857922268] [hunav_loader]: 	  22,
[INFO] [1790407731.857932197] [hunav_loader]: 	  23,
[INFO] [1790407731.857942443] [hunav_loader]: 	  24,
[INFO] [1790407731.857952462] [hunav_loader]: 	  25,
[INFO] [1790407731.857963212] [hunav_loader]: 	  26
[INFO] [1790407731.857973540] [hunav_loader]: 	]
[INFO] [1790407731.857985381] [hunav_loader]: 	  goal_5: (-3.730, -7.100)
[INFO] [1790407731.857997912] [hunav_loader]: 	  goal_6: (-3.730, -7.400)
[INFO] [1790407731.858009961] [hunav_loader]: 	  goal_7: (-3.730, -8.150)
[INFO] [1790407731.858024127] [hunav_loader]: 	  goal_8: (-5.000, -8.150)
[INFO] [1790407731.858037192] [hunav_loader]: 	  goal_9: (-2.000, -8.180)
[INFO] [1790407731.858049720] [hunav_loader]: 	  goal_10: (0.000, -7.850)
[INFO] [1790407731.858061742] [hunav_loader]: 	  goal_11: (2.600, -8.150)
[INFO] [1790407731.858073964] [hunav_loader]: 	  goal_12: (5.000, -8.150)
[INFO] [1790407731.858086061] [hunav_loader]: 	  goal_13: (10.000, -8.150)
[INFO] [1790407731.858098532] [hunav_loader]: 	  goal_14: (15.000, -8.150)
[INFO] [1790407731.858110860] [hunav_loader]: 	  goal_15: (15.000, -4.000)
[INFO] [1790407731.858122962] [hunav_loader]: 	  goal_16: (7.000, -4.000)
[INFO] [1790407731.858135173] [hunav_loader]: 	  goal_17: (7.000, -2.000)
[INFO] [1790407731.858153707] [hunav_loader]: 	  goal_18: (7.000, 0.000)
[INFO] [1790407731.858167033] [hunav_loader]: 	  goal_19: (15.000, 0.000)
[INFO] [1790407731.858179440] [hunav_loader]: 	  goal_20: (15.000, 2.550)
[INFO] [1790407731.858230149] [hunav_loader]: 	  goal_21: (15.000, 3.500)
[INFO] [1790407731.858249834] [hunav_loader]: 	  goal_22: (15.000, 8.000)
[INFO] [1790407731.858273953] [hunav_loader]: 	  goal_23: (15.000, 6.010)
[INFO] [1790407731.858287192] [hunav_loader]: 	  goal_24: (14.400, 6.010)
[INFO] [1790407731.858300089] [hunav_loader]: 	  goal_25: (14.100, 6.010)
[INFO] [1790407731.858312941] [hunav_loader]: 	  goal_26: (12.400, 6.950)
[INFO] [1790407731.858932912] [hunav_loader]: GetParameters service created
sequence size exceeds remaining buffer
sequence size exceeds remaining buffer
sequence size exceeds remaining buffer
sequence size exceeds remaining buffer
sequence size exceeds remaining buffer
sequence size exceeds remaining buffer
sequence size exceeds remaining buffer
sequence size exceeds remaining buffer
sequence size exceeds remaining buffer
sequence size exceeds remaining buffer
sequence size exceeds remaining buffer
sequence size exceeds remaining buffer
[INFO] [1790407732.756288494] [hunav_loader]: Sent parameters: map=school_arena, simulator=Gazebo Fortress, yaml_base_name=scenario_head_on_low_101, 26 goals
sequence size exceeds remaining buffer
sequence size exceeds remaining buffer
sequence size exceeds remaining buffer
sequence size exceeds remaining buffer
sequence size exceeds remaining buffer
sequence size exceeds remaining buffer
sequence size exceeds remaining buffer
sequence size exceeds remaining buffer
sequence size exceeds remaining buffer
sequence size exceeds remaining buffer
sequence size exceeds remaining buffer
sequence size exceeds remaining buffer
sequence size exceeds remaining buffer
sequence size exceeds remaining buffer
sequence size exceeds remaining buffer
sequence size exceeds remaining buffer
sequence size exceeds remaining buffer
sequence size exceeds remaining buffer
sequence size exceeds remaining buffer
sequence size exceeds remaining buffer
sequence size exceeds remaining buffer
sequence size exceeds remaining buffer
sequence size exceeds remaining buffer
sequence size exceeds remaining buffer
sequence size exceeds remaining buffer
sequence size exceeds remaining buffer
sequence size exceeds remaining buffer
sequence size exceeds remaining buffer
sequence size exceeds remaining buffer
sequence size exceeds remaining buffer
sequence size exceeds remaining buffer
sequence size exceeds remaining buffer
sequence size exceeds remaining buffer
sequence size exceeds remaining buffer
sequence size exceeds remaining buffer
sequence size exceeds remaining buffer
sequence size exceeds remaining buffer
sequence size exceeds remaining buffer
sequence size exceeds remaining buffer
sequence size exceeds remaining buffer
sequence size exceeds remaining buffer
sequence size exceeds remaining buffer
sequence size exceeds remaining buffer
sequence size exceeds remaining buffer
sequence size exceeds remaining buffer
sequence size exceeds remaining buffer
sequence size exceeds remaining buffer
sequence size exceeds remaining buffer
sequence size exceeds remaining buffer
sequence size exceeds remaining buffer
sequence size exceeds remaining buffer
sequence size exceeds remaining buffer
sequence size exceeds remaining buffer
sequence size exceeds remaining buffer
sequence size exceeds remaining buffer
sequence size exceeds remaining buffer
sequence size exceeds remaining buffer
sequence size exceeds remaining buffer
sequence size exceeds remaining buffer
sequence size exceeds remaining buffer
sequence size exceeds remaining buffer
sequence size exceeds remaining buffer
sequence size exceeds remaining buffer
sequence size exceeds remaining buffer
sequence size exceeds remaining buffer
sequence size exceeds remaining buffer
sequence size exceeds remaining buffer
sequence size exceeds remaining buffer
sequence size exceeds remaining buffer
sequence size exceeds remaining buffer
sequence size exceeds remaining buffer
sequence size exceeds remaining buffer
sequence size exceeds remaining buffer
sequence size exceeds remaining buffer
sequence size exceeds remaining buffer
sequence size exceeds remaining buffer
sequence size exceeds remaining buffer
sequence size exceeds remaining buffer
sequence size exceeds remaining buffer
sequence size exceeds remaining buffer
sequence size exceeds remaining buffer
sequence size exceeds remaining buffer
sequence size exceeds remaining buffer
sequence size exceeds remaining buffer
sequence size exceeds remaining buffer
sequence size exceeds remaining buffer
sequence size exceeds remaining buffer
sequence size exceeds remaining buffer
sequence size exceeds remaining buffer
sequence size exceeds remaining buffer
sequence size exceeds remaining buffer
sequence size exceeds remaining buffer
sequence size exceeds remaining buffer
sequence size exceeds remaining buffer
sequence size exceeds remaining buffer
sequence size exceeds remaining buffer
sequence size exceeds remaining buffer
sequence size exceeds remaining buffer
sequence size exceeds remaining buffer
sequence size exceeds remaining buffer
sequence size exceeds remaining buffer
sequence size exceeds remaining buffer
sequence size exceeds remaining buffer
sequence size exceeds remaining buffer
sequence size exceeds remaining buffer
sequence size exceeds remaining buffer
sequence size exceeds remaining buffer
sequence size exceeds remaining buffer
sequence size exceeds remaining buffer
sequence size exceeds remaining buffer
sequence size exceeds remaining buffer
sequence size exceeds remaining buffer
sequence size exceeds remaining buffer
sequence size exceeds remaining buffer
sequence size exceeds remaining buffer
sequence size exceeds remaining buffer
sequence size exceeds remaining buffer
sequence size exceeds remaining buffer
sequence size exceeds remaining buffer
sequence size exceeds remaining buffer
sequence size exceeds remaining buffer
sequence size exceeds remaining buffer
sequence size exceeds remaining buffer
sequence size exceeds remaining buffer
sequence size exceeds remaining buffer
sequence size exceeds remaining buffer
sequence size exceeds remaining buffer
sequence size exceeds remaining buffer
sequence size exceeds remaining buffer
sequence size exceeds remaining buffer
sequence size exceeds remaining buffer
sequence size exceeds remaining buffer
sequence size exceeds remaining buffer
sequence size exceeds remaining buffer
sequence size exceeds remaining buffer
sequence size exceeds remaining buffer
sequence size exceeds remaining buffer
sequence size exceeds remaining buffer
sequence size exceeds remaining buffer
sequence size exceeds remaining buffer
sequence size exceeds remaining buffer
sequence size exceeds remaining buffer
sequence size exceeds remaining buffer
sequence size exceeds remaining buffer
sequence size exceeds remaining buffer
sequence size exceeds remaining buffer
sequence size exceeds remaining buffer
sequence size exceeds remaining buffer
sequence size exceeds remaining buffer
sequence size exceeds remaining buffer
sequence size exceeds remaining buffer
sequence size exceeds remaining buffer
[INFO] [1790407736.003135161] [rclcpp]: signal_handler(SIGINT/SIGTERM)
