stdin is not a terminal device. Keyboard handling disabled.[INFO] [1790560040.583972693] [rosbag2_recorder]: Press SPACE for pausing/resuming
[INFO] [1790560040.584011531] [rosbag2_recorder]: Event publisher thread: Started
[INFO] [1790560040.594138137] [rosbag2_recorder]: Starting recording to '/home/haduckien/nav_ws/src/custom_corridor/worlds/school_arena/demo_1/dataset_v1.0/episodes/ep_000009/raw_bag'
[INFO] [1790560040.595511643] [rosbag2_storage]: Opened database '/home/haduckien/nav_ws/src/custom_corridor/worlds/school_arena/demo_1/dataset_v1.0/episodes/ep_000009/raw_bag/raw_bag_0.db3' for READ_WRITE.
[INFO] [1790560040.603898522] [rosbag2_recorder]: Subscribed to topic '/tf'
[INFO] [1790560040.604230140] [rosbag2_recorder]: Listening for topics...
[INFO] [1790560040.604273330] [rosbag2_recorder]: Recording...
[INFO] [1790560040.604376663] [rosbag2_recorder]: Topics discovery started.
[INFO] [1790560040.797473660] [rosbag2_recorder]: Subscribed to topic '/tf_static'
[INFO] [1790560040.803972735] [rosbag2_recorder]: Subscribed to topic '/cmd_vel'
[INFO] [1790560040.809221601] [rosbag2_recorder]: Subscribed to topic '/odom'
[INFO] [1790560040.813991919] [rosbag2_recorder]: Subscribed to topic '/robot/camera/image_raw'
[INFO] [1790560040.816762862] [rosbag2_recorder]: Subscribed to topic '/scan'
[INFO] [1790560040.816887497] [rosbag2_recorder]: All requested topics are subscribed. Stopping discovery...
[INFO] [1790560040.816914213] [rosbag2_recorder]: Topics discovery stopped.
[INFO] [1790560115.066883650] [rosbag2_recorder]: Pausing recording.
[INFO] [1790560115.067625126] [rosbag2_cpp]: Writing remaining messages from cache to the bag. It may take a while
[INFO] [1790560115.069297611] [rosbag2_compression]: Compressing file: /home/haduckien/nav_ws/src/custom_corridor/worlds/school_arena/demo_1/dataset_v1.0/episodes/ep_000009/raw_bag/raw_bag_0.db3
[INFO] [1790560115.539983918] [rosbag2_recorder]: Recording stopped
[INFO] [1790560115.542790439] [rosbag2_recorder]: Event publisher thread: Exited
