[WARN] [ros2bag]: Positional "topics" argument deprecated. Please use optional "--topics" argument instead.
stdin is not a terminal device. Keyboard handling disabled.[INFO] [1790840416.384673410] [rosbag2_recorder]: Press SPACE for pausing/resuming
[INFO] [1790840416.384695448] [rosbag2_recorder]: Event publisher thread: Started
[INFO] [1790840416.401317292] [rosbag2_recorder]: Starting recording to '/home/thaonhi/nav_ws/experiments/trajectory_risk_v0/data_long_traverse/episode_20261001_144013/rosbag'
[INFO] [1790840416.408220688] [rosbag2_recorder]: Listening for topics...
[INFO] [1790840416.408402919] [rosbag2_recorder]: Recording...
[INFO] [1790840416.408363167] [rosbag2_recorder]: Topics discovery started.
[INFO] [1790840416.495011162] [rosbag2_recorder]: Subscribed to topic '/tf'
[INFO] [1790840416.504892068] [rosbag2_recorder]: Subscribed to topic '/cmd_vel'
[INFO] [1790840416.507903452] [rosbag2_recorder]: Subscribed to topic '/tf_static'
[ERROR] [1790840416.509083828] [ROSBAG2_TRANSPORT]: Topic '/particle_cloud' has more than one type associated. Only topics with one type are supported
[ERROR] [1790840416.510400838] [ROSBAG2_TRANSPORT]: Topic '/particle_cloud' has more than one type associated. Only topics with one type are supported
[ERROR] [1790840416.511523316] [ROSBAG2_TRANSPORT]: Topic '/particle_cloud' has more than one type associated. Only topics with one type are supported
[ERROR] [1790840416.512561458] [ROSBAG2_TRANSPORT]: Topic '/particle_cloud' has more than one type associated. Only topics with one type are supported
[ERROR] [1790840416.513599655] [ROSBAG2_TRANSPORT]: Topic '/particle_cloud' has more than one type associated. Only topics with one type are supported
[ERROR] [1790840416.514601410] [ROSBAG2_TRANSPORT]: Topic '/particle_cloud' has more than one type associated. Only topics with one type are supported
[ERROR] [1790840416.515664695] [ROSBAG2_TRANSPORT]: Topic '/particle_cloud' has more than one type associated. Only topics with one type are supported
[ERROR] [1790840416.516780288] [ROSBAG2_TRANSPORT]: Topic '/particle_cloud' has more than one type associated. Only topics with one type are supported
[ERROR] [1790840416.517899667] [ROSBAG2_TRANSPORT]: Topic '/particle_cloud' has more than one type associated. Only topics with one type are supported
[ERROR] [1790840416.519051146] [ROSBAG2_TRANSPORT]: Topic '/particle_cloud' has more than one type associated. Only topics with one type are supported
[ERROR] [1790840416.520032677] [ROSBAG2_TRANSPORT]: Topic '/particle_cloud' has more than one type associated. Only topics with one type are supported
[ERROR] [1790840416.521005422] [ROSBAG2_TRANSPORT]: Topic '/particle_cloud' has more than one type associated. Only topics with one type are supported
[ERROR] [1790840416.521914638] [ROSBAG2_TRANSPORT]: Topic '/particle_cloud' has more than one type associated. Only topics with one type are supported
[ERROR] [1790840416.544024714] [ROSBAG2_TRANSPORT]: Topic '/particle_cloud' has more than one type associated. Only topics with one type are supported
[ERROR] [1790840416.548910159] [ROSBAG2_TRANSPORT]: Topic '/particle_cloud' has more than one type associated. Only topics with one type are supported
[ERROR] [1790840416.550053812] [ROSBAG2_TRANSPORT]: Topic '/particle_cloud' has more than one type associated. Only topics with one type are supported
[ERROR] [1790840416.578377988] [ROSBAG2_TRANSPORT]: Topic '/particle_cloud' has more than one type associated. Only topics with one type are supported
[ERROR] [1790840416.579759062] [ROSBAG2_TRANSPORT]: Topic '/particle_cloud' has more than one type associated. Only topics with one type are supported
[ERROR] [1790840416.580897054] [ROSBAG2_TRANSPORT]: Topic '/particle_cloud' has more than one type associated. Only topics with one type are supported
[ERROR] [1790840416.582133253] [ROSBAG2_TRANSPORT]: Topic '/particle_cloud' has more than one type associated. Only topics with one type are supported
[ERROR] [1790840416.583191488] [ROSBAG2_TRANSPORT]: Topic '/particle_cloud' has more than one type associated. Only topics with one type are supported
[ERROR] [1790840416.583985399] [ROSBAG2_TRANSPORT]: Topic '/particle_cloud' has more than one type associated. Only topics with one type are supported
[ERROR] [1790840416.586739885] [ROSBAG2_TRANSPORT]: Topic '/particle_cloud' has more than one type associated. Only topics with one type are supported
[ERROR] [1790840416.588042588] [ROSBAG2_TRANSPORT]: Topic '/particle_cloud' has more than one type associated. Only topics with one type are supported
[ERROR] [1790840416.589027606] [ROSBAG2_TRANSPORT]: Topic '/particle_cloud' has more than one type associated. Only topics with one type are supported
[ERROR] [1790840416.589993066] [ROSBAG2_TRANSPORT]: Topic '/particle_cloud' has more than one type associated. Only topics with one type are supported
[ERROR] [1790840416.590933364] [ROSBAG2_TRANSPORT]: Topic '/particle_cloud' has more than one type associated. Only topics with one type are supported
[ERROR] [1790840416.591929765] [ROSBAG2_TRANSPORT]: Topic '/particle_cloud' has more than one type associated. Only topics with one type are supported
[ERROR] [1790840416.592796656] [ROSBAG2_TRANSPORT]: Topic '/particle_cloud' has more than one type associated. Only topics with one type are supported
[ERROR] [1790840416.593660864] [ROSBAG2_TRANSPORT]: Topic '/particle_cloud' has more than one type associated. Only topics with one type are supported
[ERROR] [1790840416.594516743] [ROSBAG2_TRANSPORT]: Topic '/particle_cloud' has more than one type associated. Only topics with one type are supported
[ERROR] [1790840416.595388978] [ROSBAG2_TRANSPORT]: Topic '/particle_cloud' has more than one type associated. Only topics with one type are supported
[ERROR] [1790840416.596457208] [ROSBAG2_TRANSPORT]: Topic '/particle_cloud' has more than one type associated. Only topics with one type are supported
[ERROR] [1790840416.597707711] [ROSBAG2_TRANSPORT]: Topic '/particle_cloud' has more than one type associated. Only topics with one type are supported
[ERROR] [1790840416.598991603] [ROSBAG2_TRANSPORT]: Topic '/particle_cloud' has more than one type associated. Only topics with one type are supported
[ERROR] [1790840416.600597577] [ROSBAG2_TRANSPORT]: Topic '/particle_cloud' has more than one type associated. Only topics with one type are supported
[ERROR] [1790840416.601946610] [ROSBAG2_TRANSPORT]: Topic '/particle_cloud' has more than one type associated. Only topics with one type are supported
[ERROR] [1790840416.603220237] [ROSBAG2_TRANSPORT]: Topic '/particle_cloud' has more than one type associated. Only topics with one type are supported
[ERROR] [1790840416.604522426] [ROSBAG2_TRANSPORT]: Topic '/particle_cloud' has more than one type associated. Only topics with one type are supported
[ERROR] [1790840416.777417354] [ROSBAG2_TRANSPORT]: Topic '/particle_cloud' has more than one type associated. Only topics with one type are supported
[ERROR] [1790840416.778302342] [ROSBAG2_TRANSPORT]: Topic '/particle_cloud' has more than one type associated. Only topics with one type are supported
[ERROR] [1790840416.779154872] [ROSBAG2_TRANSPORT]: Topic '/particle_cloud' has more than one type associated. Only topics with one type are supported
[ERROR] [1790840416.780639371] [ROSBAG2_TRANSPORT]: Topic '/particle_cloud' has more than one type associated. Only topics with one type are supported
[ERROR] [1790840416.781658576] [ROSBAG2_TRANSPORT]: Topic '/particle_cloud' has more than one type associated. Only topics with one type are supported
[ERROR] [1790840416.861305031] [ROSBAG2_TRANSPORT]: Topic '/particle_cloud' has more than one type associated. Only topics with one type are supported
[ERROR] [1790840417.437995466] [ROSBAG2_TRANSPORT]: Topic '/particle_cloud' has more than one type associated. Only topics with one type are supported
[ERROR] [1790840417.447142124] [ROSBAG2_TRANSPORT]: Topic '/particle_cloud' has more than one type associated. Only topics with one type are supported
[ERROR] [1790840417.647026363] [ROSBAG2_TRANSPORT]: Topic '/particle_cloud' has more than one type associated. Only topics with one type are supported
[ERROR] [1790840417.919461782] [ROSBAG2_TRANSPORT]: Topic '/particle_cloud' has more than one type associated. Only topics with one type are supported
[ERROR] [1790840417.921604392] [ROSBAG2_TRANSPORT]: Topic '/particle_cloud' has more than one type associated. Only topics with one type are supported
[ERROR] [1790840417.923030616] [ROSBAG2_TRANSPORT]: Topic '/particle_cloud' has more than one type associated. Only topics with one type are supported
[ERROR] [1790840417.923979081] [ROSBAG2_TRANSPORT]: Topic '/particle_cloud' has more than one type associated. Only topics with one type are supported
[ERROR] [1790840417.924888370] [ROSBAG2_TRANSPORT]: Topic '/particle_cloud' has more than one type associated. Only topics with one type are supported
[ERROR] [1790840417.925881408] [ROSBAG2_TRANSPORT]: Topic '/particle_cloud' has more than one type associated. Only topics with one type are supported
[ERROR] [1790840417.927106851] [ROSBAG2_TRANSPORT]: Topic '/particle_cloud' has more than one type associated. Only topics with one type are supported
[ERROR] [1790840417.928145022] [ROSBAG2_TRANSPORT]: Topic '/particle_cloud' has more than one type associated. Only topics with one type are supported
[ERROR] [1790840417.929245003] [ROSBAG2_TRANSPORT]: Topic '/particle_cloud' has more than one type associated. Only topics with one type are supported
[ERROR] [1790840417.930691341] [ROSBAG2_TRANSPORT]: Topic '/particle_cloud' has more than one type associated. Only topics with one type are supported
[ERROR] [1790840417.931778805] [ROSBAG2_TRANSPORT]: Topic '/particle_cloud' has more than one type associated. Only topics with one type are supported
[ERROR] [1790840417.932738421] [ROSBAG2_TRANSPORT]: Topic '/particle_cloud' has more than one type associated. Only topics with one type are supported
[ERROR] [1790840417.933647393] [ROSBAG2_TRANSPORT]: Topic '/particle_cloud' has more than one type associated. Only topics with one type are supported
[ERROR] [1790840417.934404693] [ROSBAG2_TRANSPORT]: Topic '/particle_cloud' has more than one type associated. Only topics with one type are supported
[ERROR] [1790840418.001611467] [ROSBAG2_TRANSPORT]: Topic '/particle_cloud' has more than one type associated. Only topics with one type are supported
[ERROR] [1790840418.007495767] [ROSBAG2_TRANSPORT]: Topic '/particle_cloud' has more than one type associated. Only topics with one type are supported
[ERROR] [1790840418.216138700] [ROSBAG2_TRANSPORT]: Topic '/particle_cloud' has more than one type associated. Only topics with one type are supported
[ERROR] [1790840418.246343716] [ROSBAG2_TRANSPORT]: Topic '/particle_cloud' has more than one type associated. Only topics with one type are supported
[ERROR] [1790840418.365417094] [ROSBAG2_TRANSPORT]: Topic '/particle_cloud' has more than one type associated. Only topics with one type are supported
[ERROR] [1790840418.370705717] [ROSBAG2_TRANSPORT]: Topic '/particle_cloud' has more than one type associated. Only topics with one type are supported
[ERROR] [1790840418.372496246] [ROSBAG2_TRANSPORT]: Topic '/particle_cloud' has more than one type associated. Only topics with one type are supported
[ERROR] [1790840418.380009950] [ROSBAG2_TRANSPORT]: Topic '/particle_cloud' has more than one type associated. Only topics with one type are supported
[ERROR] [1790840418.381736312] [ROSBAG2_TRANSPORT]: Topic '/particle_cloud' has more than one type associated. Only topics with one type are supported
[ERROR] [1790840418.388145933] [ROSBAG2_TRANSPORT]: Topic '/particle_cloud' has more than one type associated. Only topics with one type are supported
[ERROR] [1790840418.389724014] [ROSBAG2_TRANSPORT]: Topic '/particle_cloud' has more than one type associated. Only topics with one type are supported
[ERROR] [1790840418.722266142] [ROSBAG2_TRANSPORT]: Topic '/particle_cloud' has more than one type associated. Only topics with one type are supported
[ERROR] [1790840418.723762044] [ROSBAG2_TRANSPORT]: Topic '/particle_cloud' has more than one type associated. Only topics with one type are supported
[ERROR] [1790840418.725195504] [ROSBAG2_TRANSPORT]: Topic '/particle_cloud' has more than one type associated. Only topics with one type are supported
[ERROR] [1790840418.726605234] [ROSBAG2_TRANSPORT]: Topic '/particle_cloud' has more than one type associated. Only topics with one type are supported
[ERROR] [1790840418.727834288] [ROSBAG2_TRANSPORT]: Topic '/particle_cloud' has more than one type associated. Only topics with one type are supported
[ERROR] [1790840418.731418973] [ROSBAG2_TRANSPORT]: Topic '/particle_cloud' has more than one type associated. Only topics with one type are supported
[ERROR] [1790840418.734188391] [ROSBAG2_TRANSPORT]: Topic '/particle_cloud' has more than one type associated. Only topics with one type are supported
[ERROR] [1790840418.839230593] [ROSBAG2_TRANSPORT]: Topic '/particle_cloud' has more than one type associated. Only topics with one type are supported
[ERROR] [1790840419.132574943] [ROSBAG2_TRANSPORT]: Topic '/particle_cloud' has more than one type associated. Only topics with one type are supported
[ERROR] [1790840419.134137215] [ROSBAG2_TRANSPORT]: Topic '/particle_cloud' has more than one type associated. Only topics with one type are supported
[ERROR] [1790840419.135721776] [ROSBAG2_TRANSPORT]: Topic '/particle_cloud' has more than one type associated. Only topics with one type are supported
[ERROR] [1790840419.137033455] [ROSBAG2_TRANSPORT]: Topic '/particle_cloud' has more than one type associated. Only topics with one type are supported
[ERROR] [1790840419.138440601] [ROSBAG2_TRANSPORT]: Topic '/particle_cloud' has more than one type associated. Only topics with one type are supported
[ERROR] [1790840419.140050498] [ROSBAG2_TRANSPORT]: Topic '/particle_cloud' has more than one type associated. Only topics with one type are supported
[ERROR] [1790840419.141808918] [ROSBAG2_TRANSPORT]: Topic '/particle_cloud' has more than one type associated. Only topics with one type are supported
[ERROR] [1790840419.143520363] [ROSBAG2_TRANSPORT]: Topic '/particle_cloud' has more than one type associated. Only topics with one type are supported
[ERROR] [1790840419.145281210] [ROSBAG2_TRANSPORT]: Topic '/particle_cloud' has more than one type associated. Only topics with one type are supported
[ERROR] [1790840419.147168528] [ROSBAG2_TRANSPORT]: Topic '/particle_cloud' has more than one type associated. Only topics with one type are supported
[ERROR] [1790840419.149036280] [ROSBAG2_TRANSPORT]: Topic '/particle_cloud' has more than one type associated. Only topics with one type are supported
[ERROR] [1790840419.154068937] [ROSBAG2_TRANSPORT]: Topic '/particle_cloud' has more than one type associated. Only topics with one type are supported
[ERROR] [1790840419.158255662] [ROSBAG2_TRANSPORT]: Topic '/particle_cloud' has more than one type associated. Only topics with one type are supported
[ERROR] [1790840419.160011698] [ROSBAG2_TRANSPORT]: Topic '/particle_cloud' has more than one type associated. Only topics with one type are supported
[ERROR] [1790840419.316394758] [ROSBAG2_TRANSPORT]: Topic '/particle_cloud' has more than one type associated. Only topics with one type are supported
[ERROR] [1790840419.318832246] [ROSBAG2_TRANSPORT]: Topic '/particle_cloud' has more than one type associated. Only topics with one type are supported
[ERROR] [1790840419.320211820] [ROSBAG2_TRANSPORT]: Topic '/particle_cloud' has more than one type associated. Only topics with one type are supported
[ERROR] [1790840419.321263492] [ROSBAG2_TRANSPORT]: Topic '/particle_cloud' has more than one type associated. Only topics with one type are supported
[ERROR] [1790840419.338989694] [ROSBAG2_TRANSPORT]: Topic '/particle_cloud' has more than one type associated. Only topics with one type are supported
[ERROR] [1790840419.340515727] [ROSBAG2_TRANSPORT]: Topic '/particle_cloud' has more than one type associated. Only topics with one type are supported
[ERROR] [1790840419.341891673] [ROSBAG2_TRANSPORT]: Topic '/particle_cloud' has more than one type associated. Only topics with one type are supported
[ERROR] [1790840419.343450425] [ROSBAG2_TRANSPORT]: Topic '/particle_cloud' has more than one type associated. Only topics with one type are supported
[ERROR] [1790840419.344879209] [ROSBAG2_TRANSPORT]: Topic '/particle_cloud' has more than one type associated. Only topics with one type are supported
[ERROR] [1790840419.346165964] [ROSBAG2_TRANSPORT]: Topic '/particle_cloud' has more than one type associated. Only topics with one type are supported
[ERROR] [1790840419.347454473] [ROSBAG2_TRANSPORT]: Topic '/particle_cloud' has more than one type associated. Only topics with one type are supported
[ERROR] [1790840419.367200682] [ROSBAG2_TRANSPORT]: Topic '/particle_cloud' has more than one type associated. Only topics with one type are supported
[ERROR] [1790840419.369418161] [ROSBAG2_TRANSPORT]: Topic '/particle_cloud' has more than one type associated. Only topics with one type are supported
[ERROR] [1790840419.396905294] [ROSBAG2_TRANSPORT]: Topic '/particle_cloud' has more than one type associated. Only topics with one type are supported
[ERROR] [1790840419.421522228] [ROSBAG2_TRANSPORT]: Topic '/particle_cloud' has more than one type associated. Only topics with one type are supported
[ERROR] [1790840419.451216484] [ROSBAG2_TRANSPORT]: Topic '/particle_cloud' has more than one type associated. Only topics with one type are supported
[ERROR] [1790840419.962146498] [ROSBAG2_TRANSPORT]: Topic '/particle_cloud' has more than one type associated. Only topics with one type are supported
[ERROR] [1790840419.964234951] [ROSBAG2_TRANSPORT]: Topic '/particle_cloud' has more than one type associated. Only topics with one type are supported
[ERROR] [1790840419.966219224] [ROSBAG2_TRANSPORT]: Topic '/particle_cloud' has more than one type associated. Only topics with one type are supported
[ERROR] [1790840419.968866993] [ROSBAG2_TRANSPORT]: Topic '/particle_cloud' has more than one type associated. Only topics with one type are supported
[ERROR] [1790840419.970798144] [ROSBAG2_TRANSPORT]: Topic '/particle_cloud' has more than one type associated. Only topics with one type are supported
[ERROR] [1790840420.045405005] [ROSBAG2_TRANSPORT]: Topic '/particle_cloud' has more than one type associated. Only topics with one type are supported
[ERROR] [1790840420.422275430] [ROSBAG2_TRANSPORT]: Topic '/particle_cloud' has more than one type associated. Only topics with one type are supported
[ERROR] [1790840420.424666832] [ROSBAG2_TRANSPORT]: Topic '/particle_cloud' has more than one type associated. Only topics with one type are supported
[ERROR] [1790840420.426831696] [ROSBAG2_TRANSPORT]: Topic '/particle_cloud' has more than one type associated. Only topics with one type are supported
[ERROR] [1790840420.428827843] [ROSBAG2_TRANSPORT]: Topic '/particle_cloud' has more than one type associated. Only topics with one type are supported
[ERROR] [1790840420.430856686] [ROSBAG2_TRANSPORT]: Topic '/particle_cloud' has more than one type associated. Only topics with one type are supported
[ERROR] [1790840420.432632034] [ROSBAG2_TRANSPORT]: Topic '/particle_cloud' has more than one type associated. Only topics with one type are supported
[ERROR] [1790840420.434455146] [ROSBAG2_TRANSPORT]: Topic '/particle_cloud' has more than one type associated. Only topics with one type are supported
[ERROR] [1790840420.436454774] [ROSBAG2_TRANSPORT]: Topic '/particle_cloud' has more than one type associated. Only topics with one type are supported
[ERROR] [1790840420.438607577] [ROSBAG2_TRANSPORT]: Topic '/particle_cloud' has more than one type associated. Only topics with one type are supported
[ERROR] [1790840420.440835248] [ROSBAG2_TRANSPORT]: Topic '/particle_cloud' has more than one type associated. Only topics with one type are supported
[ERROR] [1790840420.443349985] [ROSBAG2_TRANSPORT]: Topic '/particle_cloud' has more than one type associated. Only topics with one type are supported
[ERROR] [1790840420.446013509] [ROSBAG2_TRANSPORT]: Topic '/particle_cloud' has more than one type associated. Only topics with one type are supported
[ERROR] [1790840420.448887247] [ROSBAG2_TRANSPORT]: Topic '/particle_cloud' has more than one type associated. Only topics with one type are supported
[ERROR] [1790840420.451289823] [ROSBAG2_TRANSPORT]: Topic '/particle_cloud' has more than one type associated. Only topics with one type are supported
[ERROR] [1790840420.453590655] [ROSBAG2_TRANSPORT]: Topic '/particle_cloud' has more than one type associated. Only topics with one type are supported
[ERROR] [1790840420.456992506] [ROSBAG2_TRANSPORT]: Topic '/particle_cloud' has more than one type associated. Only topics with one type are supported
[ERROR] [1790840420.459169018] [ROSBAG2_TRANSPORT]: Topic '/particle_cloud' has more than one type associated. Only topics with one type are supported
[ERROR] [1790840420.461927213] [ROSBAG2_TRANSPORT]: Topic '/particle_cloud' has more than one type associated. Only topics with one type are supported
[ERROR] [1790840420.464099199] [ROSBAG2_TRANSPORT]: Topic '/particle_cloud' has more than one type associated. Only topics with one type are supported
[ERROR] [1790840420.467982063] [ROSBAG2_TRANSPORT]: Topic '/particle_cloud' has more than one type associated. Only topics with one type are supported
[ERROR] [1790840421.706066605] [ROSBAG2_TRANSPORT]: Topic '/particle_cloud' has more than one type associated. Only topics with one type are supported
[ERROR] [1790840421.709263357] [ROSBAG2_TRANSPORT]: Topic '/particle_cloud' has more than one type associated. Only topics with one type are supported
[ERROR] [1790840421.711461934] [ROSBAG2_TRANSPORT]: Topic '/particle_cloud' has more than one type associated. Only topics with one type are supported
[ERROR] [1790840421.713393842] [ROSBAG2_TRANSPORT]: Topic '/particle_cloud' has more than one type associated. Only topics with one type are supported
[ERROR] [1790840421.715805412] [ROSBAG2_TRANSPORT]: Topic '/particle_cloud' has more than one type associated. Only topics with one type are supported
[ERROR] [1790840421.718079520] [ROSBAG2_TRANSPORT]: Topic '/particle_cloud' has more than one type associated. Only topics with one type are supported
[ERROR] [1790840421.720102492] [ROSBAG2_TRANSPORT]: Topic '/particle_cloud' has more than one type associated. Only topics with one type are supported
[ERROR] [1790840421.721781950] [ROSBAG2_TRANSPORT]: Topic '/particle_cloud' has more than one type associated. Only topics with one type are supported
[ERROR] [1790840421.723653582] [ROSBAG2_TRANSPORT]: Topic '/particle_cloud' has more than one type associated. Only topics with one type are supported
[ERROR] [1790840421.725894351] [ROSBAG2_TRANSPORT]: Topic '/particle_cloud' has more than one type associated. Only topics with one type are supported
[ERROR] [1790840421.727919372] [ROSBAG2_TRANSPORT]: Topic '/particle_cloud' has more than one type associated. Only topics with one type are supported
[ERROR] [1790840421.729910089] [ROSBAG2_TRANSPORT]: Topic '/particle_cloud' has more than one type associated. Only topics with one type are supported
[ERROR] [1790840421.731911714] [ROSBAG2_TRANSPORT]: Topic '/particle_cloud' has more than one type associated. Only topics with one type are supported
[ERROR] [1790840421.733883137] [ROSBAG2_TRANSPORT]: Topic '/particle_cloud' has more than one type associated. Only topics with one type are supported
[ERROR] [1790840421.735462011] [ROSBAG2_TRANSPORT]: Topic '/particle_cloud' has more than one type associated. Only topics with one type are supported
[ERROR] [1790840421.737471950] [ROSBAG2_TRANSPORT]: Topic '/particle_cloud' has more than one type associated. Only topics with one type are supported
[ERROR] [1790840439.206653076] [ROSBAG2_TRANSPORT]: Topic '/particle_cloud' has more than one type associated. Only topics with one type are supported
[ERROR] [1790840439.210907873] [ROSBAG2_TRANSPORT]: Topic '/particle_cloud' has more than one type associated. Only topics with one type are supported
[ERROR] [1790840439.213011960] [ROSBAG2_TRANSPORT]: Topic '/particle_cloud' has more than one type associated. Only topics with one type are supported
[ERROR] [1790840439.215364816] [ROSBAG2_TRANSPORT]: Topic '/particle_cloud' has more than one type associated. Only topics with one type are supported
[ERROR] [1790840439.218561315] [ROSBAG2_TRANSPORT]: Topic '/particle_cloud' has more than one type associated. Only topics with one type are supported
[ERROR] [1790840439.223927482] [ROSBAG2_TRANSPORT]: Topic '/particle_cloud' has more than one type associated. Only topics with one type are supported
[ERROR] [1790840439.227932865] [ROSBAG2_TRANSPORT]: Topic '/particle_cloud' has more than one type associated. Only topics with one type are supported
[ERROR] [1790840439.231537542] [ROSBAG2_TRANSPORT]: Topic '/particle_cloud' has more than one type associated. Only topics with one type are supported
[ERROR] [1790840439.238380612] [ROSBAG2_TRANSPORT]: Topic '/particle_cloud' has more than one type associated. Only topics with one type are supported
[ERROR] [1790840439.242717367] [ROSBAG2_TRANSPORT]: Topic '/particle_cloud' has more than one type associated. Only topics with one type are supported
[ERROR] [1790840439.248328464] [ROSBAG2_TRANSPORT]: Topic '/particle_cloud' has more than one type associated. Only topics with one type are supported
[ERROR] [1790840439.252430387] [ROSBAG2_TRANSPORT]: Topic '/particle_cloud' has more than one type associated. Only topics with one type are supported
[ERROR] [1790840439.257023307] [ROSBAG2_TRANSPORT]: Topic '/particle_cloud' has more than one type associated. Only topics with one type are supported
[ERROR] [1790840439.259875148] [ROSBAG2_TRANSPORT]: Topic '/particle_cloud' has more than one type associated. Only topics with one type are supported
[ERROR] [1790840439.262125360] [ROSBAG2_TRANSPORT]: Topic '/particle_cloud' has more than one type associated. Only topics with one type are supported
[ERROR] [1790840439.265282438] [ROSBAG2_TRANSPORT]: Topic '/particle_cloud' has more than one type associated. Only topics with one type are supported
[ERROR] [1790840439.269337635] [ROSBAG2_TRANSPORT]: Topic '/particle_cloud' has more than one type associated. Only topics with one type are supported
[ERROR] [1790840439.275145087] [ROSBAG2_TRANSPORT]: Topic '/particle_cloud' has more than one type associated. Only topics with one type are supported
[ERROR] [1790840439.282230337] [ROSBAG2_TRANSPORT]: Topic '/particle_cloud' has more than one type associated. Only topics with one type are supported
[ERROR] [1790840439.289538580] [ROSBAG2_TRANSPORT]: Topic '/particle_cloud' has more than one type associated. Only topics with one type are supported
[ERROR] [1790840439.294555567] [ROSBAG2_TRANSPORT]: Topic '/particle_cloud' has more than one type associated. Only topics with one type are supported
[ERROR] [1790840439.296975010] [ROSBAG2_TRANSPORT]: Topic '/particle_cloud' has more than one type associated. Only topics with one type are supported
[ERROR] [1790840439.300935641] [ROSBAG2_TRANSPORT]: Topic '/particle_cloud' has more than one type associated. Only topics with one type are supported
[ERROR] [1790840439.304879580] [ROSBAG2_TRANSPORT]: Topic '/particle_cloud' has more than one type associated. Only topics with one type are supported
[ERROR] [1790840439.306879211] [ROSBAG2_TRANSPORT]: Topic '/particle_cloud' has more than one type associated. Only topics with one type are supported
[ERROR] [1790840439.309440298] [ROSBAG2_TRANSPORT]: Topic '/particle_cloud' has more than one type associated. Only topics with one type are supported
[ERROR] [1790840439.311709062] [ROSBAG2_TRANSPORT]: Topic '/particle_cloud' has more than one type associated. Only topics with one type are supported
[ERROR] [1790840439.313647485] [ROSBAG2_TRANSPORT]: Topic '/particle_cloud' has more than one type associated. Only topics with one type are supported
