[INFO] [launch]: All log files can be found below /home/haduckien/.ros/log/2026-09-28-08-58-02-935061-Raccoon2005-89317
[INFO] [launch]: Default logging verbosity is set to INFO
[INFO] [gz-1]: process started with pid [89604]
[INFO] [parameter_bridge-2]: process started with pid [89605]
[INFO] [robot_state_publisher-3]: process started with pid [89606]
[INFO] [python3-4]: process started with pid [89607]
[INFO] [python3-5]: process started with pid [89608]
[robot_state_publisher-3] [INFO] [1790560683.050803446] [robot_state_publisher]: Robot initialized
[python3-4] [INFO] [1790560683.409666115] [school_collision_safe_pose_applier]: Wall guard active: map=/home/haduckien/nav_ws/src/custom_corridor/worlds/school_arena/demo_1/map.yaml, radius=0.22 m, topic=/school_hunav/target_poses
[python3-5] [INFO] [1790560683.512207809] [school_pose_sync_monitor]: Gazebo/RViz sync monitor active: orange pose=/demo/gazebo_robot_pose
[gz-1] [1;33mWarning [Utils.cc:132][0m [/sdf/world[@name="school_arena"]/model[@name="robot"]/link[@name="base_scan"]/sensor[@name="hls_lfcd_lds"]/gz_frame_id:/home/haduckien/nav_ws/src/custom_corridor/worlds/school_arena/demo_1/dataset_v1.0/episodes/ep_000013/runtime_logs/ep_000013.contact.world:L3501]: XML Element[gz_frame_id], child of element[sensor], not defined in SDF. Copying[gz_frame_id] as children of [sensor].
[parameter_bridge-2] [INFO] [1790560684.060325207] [ros_gz_bridge]: Creating GZ->ROS Bridge: [/clock (gz.msgs.Clock) -> /clock (rosgraph_msgs/msg/Clock)] (Lazy 0)
[parameter_bridge-2] [INFO] [1790560684.061540902] [ros_gz_bridge]: Creating GZ->ROS Bridge: [/joint_states (gz.msgs.Model) -> /joint_states (sensor_msgs/msg/JointState)] (Lazy 0)
[parameter_bridge-2] [INFO] [1790560684.065054584] [ros_gz_bridge]: Creating GZ->ROS Bridge: [/odom (gz.msgs.Odometry) -> /odom (nav_msgs/msg/Odometry)] (Lazy 0)
[parameter_bridge-2] [INFO] [1790560684.067154555] [ros_gz_bridge]: Creating GZ->ROS Bridge: [/tf (gz.msgs.Pose_V) -> /tf (tf2_msgs/msg/TFMessage)] (Lazy 0)
[parameter_bridge-2] [INFO] [1790560684.068973530] [ros_gz_bridge]: Creating GZ->ROS Bridge: [/scan (gz.msgs.LaserScan) -> /scan (sensor_msgs/msg/LaserScan)] (Lazy 0)
[parameter_bridge-2] [INFO] [1790560684.069786806] [ros_gz_bridge]: Creating ROS->GZ Bridge: [/cmd_vel (geometry_msgs/msg/Twist) -> /cmd_vel (gz.msgs.Twist)] (Lazy 0)
[parameter_bridge-2] [INFO] [1790560684.070735485] [ros_gz_bridge]: Creating GZ->ROS Bridge: [/world/school_arena/dynamic_pose/info (gz.msgs.Pose_V) -> /world/school_arena/dynamic_pose/info (tf2_msgs/msg/TFMessage)] (Lazy 0)
[parameter_bridge-2] [INFO] [1790560684.071438156] [ros_gz_bridge]: Creating ROS->GZ service bridge [/world/school_arena/set_pose (ros_gz_interfaces/srv/SetEntityPose -> gz.msgs.Pose/gz.msgs.Boolean)]
[parameter_bridge-2] [INFO] [1790560684.072590924] [ros_gz_bridge]: Creating ROS->GZ service bridge [/world/school_arena/control (ros_gz_interfaces/srv/ControlWorld -> gz.msgs.WorldControl/gz.msgs.Boolean)]
[parameter_bridge-2] [INFO] [1790560684.073078697] [ros_gz_bridge]: Creating GZ->ROS Bridge: [/robot/camera/image_raw (gz.msgs.Image) -> /robot/camera/image_raw (sensor_msgs/msg/Image)] (Lazy 0)
[INFO] [python3-6]: process started with pid [90068]
[python3-6] [INFO] [1790560686.638892958] [school_wait_for_robot_tf]: Robot odom/TF and simulation clock ready
[INFO] [python3-6]: process has finished cleanly [pid 90068]
[INFO] [map_server-7]: process started with pid [90123]
[INFO] [amcl-8]: process started with pid [90124]
[INFO] [planner_server-9]: process started with pid [90125]
[INFO] [controller_server-10]: process started with pid [90126]
[INFO] [bt_navigator-11]: process started with pid [90127]
[INFO] [behavior_server-12]: process started with pid [90128]
[INFO] [waypoint_follower-13]: process started with pid [90129]
[INFO] [python3-14]: process started with pid [90130]
[INFO] [goal_pose_bridge.py-15]: process started with pid [90131]
[waypoint_follower-13] [INFO] [1790560686.876067333] [waypoint_follower]: 
[waypoint_follower-13] 	waypoint_follower lifecycle node launched. 
[waypoint_follower-13] 	Waiting on external lifecycle transitions to activate
[waypoint_follower-13] 	See https://design.ros2.org/articles/node_lifecycle.html for more information.
[waypoint_follower-13] [INFO] [1790560686.876849256] [waypoint_follower]: Creating
[amcl-8] [INFO] [1790560686.880840187] [amcl]: 
[amcl-8] 	amcl lifecycle node launched. 
[amcl-8] 	Waiting on external lifecycle transitions to activate
[amcl-8] 	See https://design.ros2.org/articles/node_lifecycle.html for more information.
[amcl-8] [INFO] [1790560686.881401711] [amcl]: Creating
[planner_server-9] [INFO] [1790560686.885672723] [planner_server]: 
[planner_server-9] 	planner_server lifecycle node launched. 
[planner_server-9] 	Waiting on external lifecycle transitions to activate
[planner_server-9] 	See https://design.ros2.org/articles/node_lifecycle.html for more information.
[behavior_server-12] [INFO] [1790560686.886393167] [behavior_server]: 
[behavior_server-12] 	behavior_server lifecycle node launched. 
[behavior_server-12] 	Waiting on external lifecycle transitions to activate
[behavior_server-12] 	See https://design.ros2.org/articles/node_lifecycle.html for more information.
[planner_server-9] [INFO] [1790560686.886974214] [planner_server]: Creating
[controller_server-10] [INFO] [1790560686.890647958] [controller_server]: 
[controller_server-10] 	controller_server lifecycle node launched. 
[controller_server-10] 	Waiting on external lifecycle transitions to activate
[controller_server-10] 	See https://design.ros2.org/articles/node_lifecycle.html for more information.
[controller_server-10] [INFO] [1790560686.896983807] [controller_server]: Creating controller server
[bt_navigator-11] [INFO] [1790560686.897553598] [bt_navigator]: 
[bt_navigator-11] 	bt_navigator lifecycle node launched. 
[bt_navigator-11] 	Waiting on external lifecycle transitions to activate
[bt_navigator-11] 	See https://design.ros2.org/articles/node_lifecycle.html for more information.
[bt_navigator-11] [INFO] [1790560686.898952249] [bt_navigator]: Creating
[map_server-7] [INFO] [1790560686.908792382] [map_server]: 
[map_server-7] 	map_server lifecycle node launched. 
[map_server-7] 	Waiting on external lifecycle transitions to activate
[map_server-7] 	See https://design.ros2.org/articles/node_lifecycle.html for more information.
[map_server-7] [INFO] [1790560686.911212083] [map_server]: Creating
[planner_server-9] [INFO] [1790560686.912503611] [global_costmap.global_costmap]: 
[planner_server-9] 	global_costmap lifecycle node launched. 
[planner_server-9] 	Waiting on external lifecycle transitions to activate
[planner_server-9] 	See https://design.ros2.org/articles/node_lifecycle.html for more information.
[planner_server-9] [INFO] [1790560686.913031667] [global_costmap.global_costmap]: Creating Costmap
[controller_server-10] [INFO] [1790560686.920636995] [local_costmap.local_costmap]: 
[controller_server-10] 	local_costmap lifecycle node launched. 
[controller_server-10] 	Waiting on external lifecycle transitions to activate
[controller_server-10] 	See https://design.ros2.org/articles/node_lifecycle.html for more information.
[controller_server-10] [INFO] [1790560686.921118771] [local_costmap.local_costmap]: Creating Costmap
[goal_pose_bridge.py-15] [INFO] [1790560687.636466014] [goal_pose_bridge]: GoalPoseBridge started: listening on /goal_pose -> forwarding to /navigate_to_pose
[INFO] [lifecycle_manager-16]: process started with pid [90317]
[lifecycle_manager-16] [INFO] [1790560688.845423828] [lifecycle_manager_localization]: Creating
[lifecycle_manager-16] [INFO] [1790560688.848009170] [lifecycle_manager_localization]: [34m[1mCreating and initializing lifecycle service clients[0m[0m
[lifecycle_manager-16] [INFO] [1790560690.566470475] [lifecycle_manager_localization]: [34m[1mStarting managed nodes bringup...[0m[0m
[lifecycle_manager-16] [INFO] [1790560690.566527060] [lifecycle_manager_localization]: [34m[1mConfiguring map_server[0m[0m
[map_server-7] [INFO] [1790560690.566821665] [map_server]: Configuring
[map_server-7] [INFO] [1790560690.566900735] [map_io]: Loading yaml file: /home/haduckien/nav_ws/src/custom_corridor/worlds/school_arena/demo_1/map.yaml
[map_server-7] [INFO] [1790560690.567087099] [map_io]: resolution: 0.05
[map_server-7] [INFO] [1790560690.567092646] [map_io]: origin[0]: -16
[map_server-7] [INFO] [1790560690.567095892] [map_io]: origin[1]: -14
[map_server-7] [INFO] [1790560690.567097805] [map_io]: origin[2]: 0
[map_server-7] [INFO] [1790560690.567099738] [map_io]: free_thresh: 0.25
[map_server-7] [INFO] [1790560690.567101519] [map_io]: occupied_thresh: 0.65
[map_server-7] [INFO] [1790560690.567104525] [map_io]: mode: trinary
[map_server-7] [INFO] [1790560690.567106999] [map_io]: negate: 0
[map_server-7] [INFO] [1790560690.567302017] [map_io]: Loading image_file: /home/haduckien/nav_ws/src/custom_corridor/worlds/school_arena/demo_1/map.pgm
[map_server-7] [INFO] [1790560690.572839973] [map_io]: Read map /home/haduckien/nav_ws/src/custom_corridor/worlds/school_arena/demo_1/map.pgm: 730 X 580 map @ 0.05 m/cell
[lifecycle_manager-16] [INFO] [1790560690.583821670] [lifecycle_manager_localization]: [34m[1mConfiguring amcl[0m[0m
[amcl-8] [INFO] [1790560690.584022125] [amcl]: Configuring
[amcl-8] [INFO] [1790560690.584090673] [amcl]: initTransforms
[amcl-8] [INFO] [1790560690.595350692] [amcl]: initPubSub
[amcl-8] [INFO] [1790560690.610367101] [amcl]: Subscribed to map topic.
[lifecycle_manager-16] [INFO] [1790560690.617632292] [lifecycle_manager_localization]: [34m[1mActivating map_server[0m[0m
[map_server-7] [INFO] [1790560690.617894639] [map_server]: Activating
[map_server-7] [INFO] [1790560690.618899394] [map_server]: Creating bond (map_server) to lifecycle manager.
[amcl-8] [INFO] [1790560690.629961555] [amcl]: Received a 730 X 580 map @ 0.050 m/pix
[lifecycle_manager-16] [INFO] [1790560690.726601964] [lifecycle_manager_localization]: Server map_server connected with bond.
[lifecycle_manager-16] [INFO] [1790560690.726700021] [lifecycle_manager_localization]: [34m[1mActivating amcl[0m[0m
[amcl-8] [INFO] [1790560690.726962184] [amcl]: Activating
[amcl-8] [INFO] [1790560690.727014324] [amcl]: Creating bond (amcl) to lifecycle manager.
[amcl-8] [INFO] [1790560690.732116552] [amcl]: initialPoseReceived
[amcl-8] [INFO] [1790560690.732295383] [amcl]: Setting pose (4.925000): 2.600 -8.150 0.000
[python3-14] [INFO] [1790560690.742778547] [school_episode_initial_pose]: Published /initialpose from episode: 2.600, -8.150, 0.000
[amcl-8] [INFO] [1790560690.823127521] [amcl]: createLaserObject
[lifecycle_manager-16] [INFO] [1790560690.834534584] [lifecycle_manager_localization]: Server amcl connected with bond.
[lifecycle_manager-16] [INFO] [1790560690.834582866] [lifecycle_manager_localization]: [34m[1mManaged nodes are active[0m[0m
[lifecycle_manager-16] [INFO] [1790560690.834629432] [lifecycle_manager_localization]: [34m[1mCreating bond timer...[0m[0m
[python3-5] [INFO] [1790560691.443902156] [school_pose_sync_monitor]: Gazebo↔RViz pose error=0.013 m (gz=2.60,-8.15; tf=2.60,-8.16)
[python3-14] [INFO] [1790560691.593639494] [school_episode_initial_pose]: AMCL map->odom is available at scan and current simulation timestamps
[INFO] [python3-14]: process has finished cleanly [pid 90130]
[INFO] [lifecycle_manager-17]: process started with pid [90374]
[lifecycle_manager-17] [INFO] [1790560691.880789957] [lifecycle_manager_navigation]: Creating
[lifecycle_manager-17] [INFO] [1790560691.885756602] [lifecycle_manager_navigation]: [34m[1mCreating and initializing lifecycle service clients[0m[0m
[lifecycle_manager-17] [INFO] [1790560693.640333636] [lifecycle_manager_navigation]: [34m[1mStarting managed nodes bringup...[0m[0m
[lifecycle_manager-17] [INFO] [1790560693.640384658] [lifecycle_manager_navigation]: [34m[1mConfiguring planner_server[0m[0m
[planner_server-9] [INFO] [1790560693.640626098] [planner_server]: Configuring
[planner_server-9] [INFO] [1790560693.640650682] [global_costmap.global_costmap]: Configuring
[planner_server-9] [INFO] [1790560693.648773991] [global_costmap.global_costmap]: Using plugin "static_layer"
[planner_server-9] [INFO] [1790560693.651854741] [global_costmap.global_costmap]: Subscribing to the map topic (/map) with transient local durability
[planner_server-9] [INFO] [1790560693.653757282] [global_costmap.global_costmap]: Initialized plugin "static_layer"
[planner_server-9] [INFO] [1790560693.653787628] [global_costmap.global_costmap]: Using plugin "obstacle_layer"
[planner_server-9] [INFO] [1790560693.654470474] [global_costmap.global_costmap]: Subscribed to Topics: scan
[planner_server-9] [INFO] [1790560693.659553714] [global_costmap.global_costmap]: Initialized plugin "obstacle_layer"
[planner_server-9] [INFO] [1790560693.659601807] [global_costmap.global_costmap]: Using plugin "inflation_layer"
[planner_server-9] [INFO] [1790560693.660682488] [global_costmap.global_costmap]: Initialized plugin "inflation_layer"
[planner_server-9] [INFO] [1790560693.699964180] [global_costmap.global_costmap]: StaticLayer: Resizing costmap to 730 X 580 at 0.050000 m/pix
[planner_server-9] [INFO] [1790560693.704775459] [planner_server]: Created global planner plugin GridBased of type nav2_smac_planner::SmacPlanner2D
[planner_server-9] [INFO] [1790560693.704811039] [planner_server]: Configuring GridBased of type SmacPlanner2D
[planner_server-9] [ERROR] [1790560693.706379094] [planner_server]: Inflation layer either not found or inflation is not set sufficiently for optimized non-circular collision checking capabilities. It is HIGHLY recommended to set the inflation radius to be at MINIMUM half of the robot's largest cross-section. See github.com/ros-planning/navigation2/tree/main/nav2_smac_planner#potential-fields for full instructions. This will substantially impact run-time performance.
[planner_server-9] [INFO] [1790560693.708816645] [planner_server]: Configured plugin GridBased of type SmacPlanner2D with tolerance 0.15, maximum iterations 1000000, max on approach iterations 1000, and not allowing unknown traversal.
[planner_server-9] [INFO] [1790560693.708873497] [planner_server]: Planner Server has GridBased  planners available.
[lifecycle_manager-17] [INFO] [1790560693.723128241] [lifecycle_manager_navigation]: [34m[1mConfiguring controller_server[0m[0m
[controller_server-10] [INFO] [1790560693.723340413] [controller_server]: Configuring controller interface
[controller_server-10] [INFO] [1790560693.723358643] [controller_server]: getting progress checker plugins..
[controller_server-10] [INFO] [1790560693.723528884] [controller_server]: getting goal checker plugins..
[controller_server-10] [INFO] [1790560693.723802584] [controller_server]: Controller frequency set to 10.0000Hz
[controller_server-10] [INFO] [1790560693.723841587] [local_costmap.local_costmap]: Configuring
[controller_server-10] [INFO] [1790560693.733165147] [local_costmap.local_costmap]: Using plugin "obstacle_layer"
[controller_server-10] [INFO] [1790560693.737626022] [local_costmap.local_costmap]: Subscribed to Topics: scan
[controller_server-10] [INFO] [1790560693.743700515] [local_costmap.local_costmap]: Initialized plugin "obstacle_layer"
[controller_server-10] [INFO] [1790560693.743759914] [local_costmap.local_costmap]: Using plugin "inflation_layer"
[controller_server-10] [INFO] [1790560693.744818584] [local_costmap.local_costmap]: Initialized plugin "inflation_layer"
[controller_server-10] [INFO] [1790560693.775946285] [controller_server]: Created progress_checker : progress_checker of type nav2_controller::SimpleProgressChecker
[controller_server-10] [INFO] [1790560693.776307036] [controller_server]: Controller Server has progress_checker  progress checkers available.
[controller_server-10] [INFO] [1790560693.776769232] [controller_server]: Created goal checker : goal_checker of type nav2_controller::SimpleGoalChecker
[controller_server-10] [INFO] [1790560693.777721703] [controller_server]: Controller Server has goal_checker  goal checkers available.
[controller_server-10] [INFO] [1790560693.779635671] [controller_server]: Created controller : FollowPath of type dwb_core::DWBLocalPlanner
[controller_server-10] [INFO] [1790560693.780767034] [controller_server]: Setting transform_tolerance to 0.100000
[controller_server-10] [INFO] [1790560693.796288883] [controller_server]: Using critic "RotateToGoal" (dwb_critics::RotateToGoalCritic)
[controller_server-10] [INFO] [1790560693.797428915] [controller_server]: Critic plugin initialized
[controller_server-10] [INFO] [1790560693.797759394] [controller_server]: Using critic "Oscillation" (dwb_critics::OscillationCritic)
[controller_server-10] [INFO] [1790560693.798538020] [controller_server]: Critic plugin initialized
[controller_server-10] [INFO] [1790560693.798738859] [controller_server]: Using critic "BaseObstacle" (dwb_critics::BaseObstacleCritic)
[controller_server-10] [INFO] [1790560693.799019750] [controller_server]: Critic plugin initialized
[controller_server-10] [INFO] [1790560693.799194306] [controller_server]: Using critic "GoalAlign" (dwb_critics::GoalAlignCritic)
[controller_server-10] [INFO] [1790560693.800191512] [controller_server]: Critic plugin initialized
[controller_server-10] [INFO] [1790560693.800419676] [controller_server]: Using critic "PathAlign" (dwb_critics::PathAlignCritic)
[controller_server-10] [INFO] [1790560693.800891205] [controller_server]: Critic plugin initialized
[controller_server-10] [INFO] [1790560693.801067156] [controller_server]: Using critic "PathDist" (dwb_critics::PathDistCritic)
[controller_server-10] [INFO] [1790560693.801858528] [controller_server]: Critic plugin initialized
[controller_server-10] [INFO] [1790560693.802158271] [controller_server]: Using critic "GoalDist" (dwb_critics::GoalDistCritic)
[controller_server-10] [INFO] [1790560693.802618248] [controller_server]: Critic plugin initialized
[controller_server-10] [INFO] [1790560693.802654892] [controller_server]: Controller Server has FollowPath  controllers available.
[lifecycle_manager-17] [INFO] [1790560693.814777082] [lifecycle_manager_navigation]: [34m[1mConfiguring bt_navigator[0m[0m
[bt_navigator-11] [INFO] [1790560693.815039315] [bt_navigator]: Configuring
[bt_navigator-11] [INFO] [1790560693.823489845] [bt_navigator]: Creating navigator id navigate_to_pose of type nav2_bt_navigator::NavigateToPoseNavigator
[bt_navigator-11] [WARN] [1790560693.829645411] [bt_navigator]: Error_code parameters were not set. Using default values of: follow_path_error_code compute_path_error_code
[bt_navigator-11] Make sure these match your BT and there are not other sources of error codes youreported to your application
[bt_navigator-11] [INFO] [1790560693.904837966] [bt_navigator]: Creating navigator id navigate_through_poses of type nav2_bt_navigator::NavigateThroughPosesNavigator
[lifecycle_manager-17] [INFO] [1790560693.941415640] [lifecycle_manager_navigation]: [34m[1mConfiguring behavior_server[0m[0m
[behavior_server-12] [INFO] [1790560693.941701843] [behavior_server]: Configuring
[behavior_server-12] [INFO] [1790560693.948021448] [behavior_server]: Creating behavior plugin spin of type nav2_behaviors::Spin
[behavior_server-12] [INFO] [1790560693.949033550] [behavior_server]: Creating behavior plugin backup of type nav2_behaviors::BackUp
[behavior_server-12] [INFO] [1790560693.950186856] [behavior_server]: Creating behavior plugin wait of type nav2_behaviors::Wait
[behavior_server-12] [INFO] [1790560693.961827385] [behavior_server]: Configuring spin
[behavior_server-12] [INFO] [1790560693.974099622] [behavior_server]: Configuring backup
[behavior_server-12] [INFO] [1790560693.984299352] [behavior_server]: Configuring wait
[lifecycle_manager-17] [INFO] [1790560693.995015502] [lifecycle_manager_navigation]: [34m[1mConfiguring waypoint_follower[0m[0m
[waypoint_follower-13] [INFO] [1790560693.995348877] [waypoint_follower]: Configuring
[waypoint_follower-13] [INFO] [1790560694.037052987] [waypoint_follower]: Created waypoint_task_executor : wait_at_waypoint of type nav2_waypoint_follower::WaitAtWaypoint
[waypoint_follower-13] [INFO] [1790560694.037526561] [waypoint_follower]: Waypoint pause duration is set to zero, disabling task executor plugin.
[lifecycle_manager-17] [INFO] [1790560694.038274002] [lifecycle_manager_navigation]: [34m[1mActivating planner_server[0m[0m
[planner_server-9] [INFO] [1790560694.038480205] [planner_server]: Activating
[planner_server-9] [INFO] [1790560694.038520039] [global_costmap.global_costmap]: Activating
[planner_server-9] [INFO] [1790560694.038532494] [global_costmap.global_costmap]: Checking transform
[planner_server-9] [INFO] [1790560694.038621958] [global_costmap.global_costmap]: Timed out waiting for transform from base_footprint to map to become available, tf error: Lookup would require extrapolation into the past.  Requested time 7.880000 but the earliest data is at time 8.100000, when looking up transform from frame [base_footprint] to frame [map]
[WARNING] [launch]: user interrupted with ctrl-c (SIGINT)
[INFO] [lifecycle_manager-17]: sending signal 'SIGINT' to process[lifecycle_manager-17]
[INFO] [lifecycle_manager-16]: sending signal 'SIGINT' to process[lifecycle_manager-16]
[INFO] [goal_pose_bridge.py-15]: sending signal 'SIGINT' to process[goal_pose_bridge.py-15]
[INFO] [waypoint_follower-13]: sending signal 'SIGINT' to process[waypoint_follower-13]
[INFO] [behavior_server-12]: sending signal 'SIGINT' to process[behavior_server-12]
[INFO] [bt_navigator-11]: sending signal 'SIGINT' to process[bt_navigator-11]
[INFO] [controller_server-10]: sending signal 'SIGINT' to process[controller_server-10]
[INFO] [planner_server-9]: sending signal 'SIGINT' to process[planner_server-9]
[INFO] [amcl-8]: sending signal 'SIGINT' to process[amcl-8]
[INFO] [map_server-7]: sending signal 'SIGINT' to process[map_server-7]
[INFO] [python3-5]: sending signal 'SIGINT' to process[python3-5]
[INFO] [python3-4]: sending signal 'SIGINT' to process[python3-4]
[INFO] [robot_state_publisher-3]: sending signal 'SIGINT' to process[robot_state_publisher-3]
[ERROR] [planner_server-9]: process has died [pid 90125, exit code -2, cmd '/opt/ros/jazzy/lib/nav2_planner/planner_server --ros-args -r __node:=planner_server --params-file /home/haduckien/nav_ws/src/custom_corridor/worlds/school_arena/demo_1/dataset_v1.0/episodes/ep_000013/nav2_school.yaml'].
[INFO] [parameter_bridge-2]: sending signal 'SIGINT' to process[parameter_bridge-2]
[INFO] [gz-1]: sending signal 'SIGINT' to process[gz-1]
[amcl-8] [INFO] [1790560694.112943705] [rclcpp]: signal_handler(SIGINT/SIGTERM)
[amcl-8] [INFO] [1790560694.113078259] [amcl]: Running Nav2 LifecycleNode rcl preshutdown (amcl)
[amcl-8] [INFO] [1790560694.113184786] [amcl]: Deactivating
[amcl-8] [INFO] [1790560694.113221602] [amcl]: Destroying bond (amcl) to lifecycle manager.
[planner_server-9] [INFO] [1790560694.112953463] [rclcpp]: signal_handler(SIGINT/SIGTERM)
[planner_server-9] [INFO] [1790560694.113078953] [planner_server]: Running Nav2 LifecycleNode rcl preshutdown (planner_server)
[planner_server-9] [INFO] [1790560694.113141696] [planner_server]: Destroying bond (planner_server) to lifecycle manager.
[planner_server-9] [INFO] [1790560694.114922068] [global_costmap.global_costmap]: start
[planner_server-9] [ERROR] [1790560694.115589382] [global_costmap.global_costmap]: Caught exception in callback for transition 13
[planner_server-9] [ERROR] [1790560694.115609294] [global_costmap.global_costmap]: Original error: could not create subscription: rcl node's context is invalid, at ./src/rcl/node.c:404
[planner_server-9] [ERROR] [1790560694.115675599] [global_costmap.global_costmap]: Failed to finish transition 3. Current state is now: errorprocessing (Could not publish transition: publisher's context is invalid, at ./src/rcl/publisher.c:423, at ./src/rcl_lifecycle.c:368)
[planner_server-9] [ERROR] [1790560694.115728863] [planner_server]: Failed to finish transition 3. Current state is now: inactive (Could not publish transition: publisher's context is invalid, at ./src/rcl/publisher.c:423, at ./src/rcl_lifecycle.c:368)
[parameter_bridge-2] [INFO] [1790560694.113000126] [rclcpp]: signal_handler(SIGINT/SIGTERM)
[waypoint_follower-13] [INFO] [1790560694.113007058] [rclcpp]: signal_handler(SIGINT/SIGTERM)
[waypoint_follower-13] [INFO] [1790560694.113129556] [waypoint_follower]: Running Nav2 LifecycleNode rcl preshutdown (waypoint_follower)
[waypoint_follower-13] [INFO] [1790560694.113215565] [waypoint_follower]: Cleaning up
[behavior_server-12] [INFO] [1790560694.113399035] [rclcpp]: signal_handler(SIGINT/SIGTERM)
[behavior_server-12] [INFO] [1790560694.113538153] [behavior_server]: Running Nav2 LifecycleNode rcl preshutdown (behavior_server)
[behavior_server-12] [INFO] [1790560694.113603468] [behavior_server]: Cleaning up
[behavior_server-12] [INFO] [1790560694.120893127] [behavior_server]: Destroying bond (behavior_server) to lifecycle manager.
[bt_navigator-11] [INFO] [1790560694.113390301] [rclcpp]: signal_handler(SIGINT/SIGTERM)
[bt_navigator-11] [INFO] [1790560694.113536392] [bt_navigator]: Running Nav2 LifecycleNode rcl preshutdown (bt_navigator)
[bt_navigator-11] [INFO] [1790560694.113603467] [bt_navigator]: Cleaning up
[robot_state_publisher-3] [INFO] [1790560694.113687999] [rclcpp]: signal_handler(SIGINT/SIGTERM)
[lifecycle_manager-16] [INFO] [1790560694.114978627] [rclcpp]: signal_handler(SIGINT/SIGTERM)
[lifecycle_manager-16] [INFO] [1790560694.115666034] [lifecycle_manager_localization]: Running Nav2 LifecycleManager rcl preshutdown (lifecycle_manager_localization)
[lifecycle_manager-16] [INFO] [1790560694.115788939] [lifecycle_manager_localization]: [34m[1mTerminating bond timer...[0m[0m
[lifecycle_manager-17] [INFO] [1790560694.115054310] [rclcpp]: signal_handler(SIGINT/SIGTERM)
[lifecycle_manager-17] [INFO] [1790560694.115585224] [lifecycle_manager_navigation]: Running Nav2 LifecycleManager rcl preshutdown (lifecycle_manager_navigation)
[controller_server-10] [INFO] [1790560694.116725372] [rclcpp]: signal_handler(SIGINT/SIGTERM)
[controller_server-10] [INFO] [1790560694.116897979] [controller_server]: Running Nav2 LifecycleNode rcl preshutdown (controller_server)
[controller_server-10] [INFO] [1790560694.117014315] [controller_server]: Cleaning up
[controller_server-10] [INFO] [1790560694.117305078] [local_costmap.local_costmap]: Cleaning up
[map_server-7] [INFO] [1790560694.116851013] [rclcpp]: signal_handler(SIGINT/SIGTERM)
[map_server-7] [INFO] [1790560694.117067238] [map_server]: Running Nav2 LifecycleNode rcl preshutdown (map_server)
[map_server-7] [INFO] [1790560694.117167173] [map_server]: Deactivating
[map_server-7] [INFO] [1790560694.117202086] [map_server]: Destroying bond (map_server) to lifecycle manager.
[amcl-8] [INFO] [1790560694.126592708] [amcl]: Cleaning up
[planner_server-9] [INFO] [1790560694.129004525] [planner_server]: Destroying plugin GridBased of type SmacPlanner2D
[map_server-7] [INFO] [1790560694.131489563] [map_server]: Cleaning up
[map_server-7] [INFO] [1790560694.131587056] [map_server]: Destroying bond (map_server) to lifecycle manager.
[goal_pose_bridge.py-15] Traceback (most recent call last):
[goal_pose_bridge.py-15]   File "/home/haduckien/nav_ws/install/custom_corridor/lib/custom_corridor/goal_pose_bridge.py", line 88, in <module>
[goal_pose_bridge.py-15]     main()
[goal_pose_bridge.py-15]   File "/home/haduckien/nav_ws/install/custom_corridor/lib/custom_corridor/goal_pose_bridge.py", line 82, in main
[goal_pose_bridge.py-15]     node.destroy_node()
[goal_pose_bridge.py-15]   File "/opt/ros/jazzy/lib/python3.12/site-packages/rclpy/node.py", line 1962, in destroy_node
[goal_pose_bridge.py-15]     self.destroy_service(self._services[0])
[goal_pose_bridge.py-15]   File "/opt/ros/jazzy/lib/python3.12/site-packages/rclpy/node.py", line 1886, in destroy_service
[goal_pose_bridge.py-15]     service.destroy()
[goal_pose_bridge.py-15]   File "/opt/ros/jazzy/lib/python3.12/site-packages/rclpy/service.py", line 123, in destroy
[goal_pose_bridge.py-15]     self.__service.destroy_when_not_in_use()
[goal_pose_bridge.py-15] KeyboardInterrupt
[amcl-8] [INFO] [1790560694.138384691] [amcl]: Destroying bond (amcl) to lifecycle manager.
[behavior_server-12] [INFO] [1790560694.139606657] [rclcpp]: signal_handler(SIGINT/SIGTERM)
[waypoint_follower-13] [INFO] [1790560694.149009595] [waypoint_follower]: Destroying bond (waypoint_follower) to lifecycle manager.
[waypoint_follower-13] [INFO] [1790560694.150994073] [rclcpp]: signal_handler(SIGINT/SIGTERM)
[amcl-8] [INFO] [1790560694.150137033] [rclcpp]: signal_handler(SIGINT/SIGTERM)
[map_server-7] [INFO] [1790560694.154143251] [rclcpp]: signal_handler(SIGINT/SIGTERM)
[python3-5] Traceback (most recent call last):
[python3-5]   File "/home/haduckien/nav_ws/src/custom_corridor/worlds/school_arena/demo_1/pose_sync_monitor.py", line 161, in <module>
[python3-5]     main()
[python3-5]   File "/home/haduckien/nav_ws/src/custom_corridor/worlds/school_arena/demo_1/pose_sync_monitor.py", line 155, in main
[python3-5]     node.destroy_node()
[python3-5]   File "/opt/ros/jazzy/lib/python3.12/site-packages/rclpy/node.py", line 1962, in destroy_node
[amcl-8] [INFO] [1790560694.160126036] [amcl]: Destroying
[python3-5]     self.destroy_service(self._services[0])
[python3-5]   File "/opt/ros/jazzy/lib/python3.12/site-packages/rclpy/node.py", line 1886, in destroy_service
[python3-5]     service.destroy()
[python3-5]   File "/opt/ros/jazzy/lib/python3.12/site-packages/rclpy/service.py", line 123, in destroy
[python3-5]     self.__service.destroy_when_not_in_use()
[python3-5] KeyboardInterrupt
[robot_state_publisher-3] [INFO] [1790560694.163622459] [rclcpp]: signal_handler(SIGINT/SIGTERM)
[map_server-7] [INFO] [1790560694.168291952] [map_server]: Destroying
[parameter_bridge-2] [INFO] [1790560694.168492610] [rclcpp]: signal_handler(SIGINT/SIGTERM)
[python3-4] Traceback (most recent call last):
[python3-4]   File "/home/haduckien/nav_ws/src/custom_corridor/worlds/school_arena/demo_1/collision_safe_pose_applier.py", line 196, in <module>
[python3-4]     main()
[python3-4]   File "/home/haduckien/nav_ws/src/custom_corridor/worlds/school_arena/demo_1/collision_safe_pose_applier.py", line 190, in main
[python3-4]     node.destroy_node()
[python3-4]   File "/opt/ros/jazzy/lib/python3.12/site-packages/rclpy/node.py", line 1968, in destroy_node
[python3-4]     self.__node.destroy_when_not_in_use()
[python3-4] KeyboardInterrupt
[lifecycle_manager-16] [INFO] [1790560694.180327908] [rclcpp]: signal_handler(SIGINT/SIGTERM)
[behavior_server-12] [INFO] [1790560694.183767880] [behavior_server]: Destroying
[lifecycle_manager-16] [INFO] [1790560694.188086879] [lifecycle_manager_localization]: Destroying lifecycle_manager_localization
[waypoint_follower-13] [INFO] [1790560694.188656074] [waypoint_follower]: Destroying
[bt_navigator-11] [INFO] [1790560694.210621662] [bt_navigator]: Completed Cleaning up
[bt_navigator-11] [INFO] [1790560694.210731138] [bt_navigator]: Destroying bond (bt_navigator) to lifecycle manager.
[controller_server-10] [INFO] [1790560694.210229012] [controller_server]: Destroying bond (controller_server) to lifecycle manager.
[bt_navigator-11] [INFO] [1790560694.213930192] [rclcpp]: signal_handler(SIGINT/SIGTERM)
[controller_server-10] [INFO] [1790560694.219964778] [rclcpp]: signal_handler(SIGINT/SIGTERM)
[controller_server-10] [INFO] [1790560694.230599765] [local_costmap.local_costmap]: Destroying
[bt_navigator-11] [INFO] [1790560694.231141934] [bt_navigator]: Destroying
[controller_server-10] [INFO] [1790560694.244548419] [controller_server]: Destroying
[INFO] [parameter_bridge-2]: process has finished cleanly [pid 89605]
[ERROR] [python3-4]: process has died [pid 89607, exit code -2, cmd 'python3 /home/haduckien/nav_ws/src/custom_corridor/worlds/school_arena/demo_1/collision_safe_pose_applier.py --ros-args -p use_sim_time:=true -p world_name:=school_arena -p target_topic:=/school_hunav/target_poses -p map_yaml:=/home/haduckien/nav_ws/src/custom_corridor/worlds/school_arena/demo_1/map.yaml -p agent_radius:=0.22 -p apply_hz:=20.0 -p ground_z:=0.0'].
[ERROR] [python3-5]: process has died [pid 89608, exit code -2, cmd 'python3 /home/haduckien/nav_ws/src/custom_corridor/worlds/school_arena/demo_1/pose_sync_monitor.py --ros-args -p use_sim_time:=true -p robot_name:=robot -p world_frame:=map -p initial_x:=2.6 -p initial_y:=-8.15'].
[INFO] [robot_state_publisher-3]: process has finished cleanly [pid 89606]
[ERROR] [goal_pose_bridge.py-15]: process has died [pid 90131, exit code -2, cmd '/home/haduckien/nav_ws/install/custom_corridor/lib/custom_corridor/goal_pose_bridge.py --ros-args -r __node:=goal_pose_bridge --params-file /tmp/launch_params_myjyn3l8'].
[INFO] [amcl-8]: process has finished cleanly [pid 90124]
[INFO] [behavior_server-12]: process has finished cleanly [pid 90128]
[INFO] [map_server-7]: process has finished cleanly [pid 90123]
[INFO] [lifecycle_manager-16]: process has finished cleanly [pid 90317]
[INFO] [waypoint_follower-13]: process has finished cleanly [pid 90129]
[INFO] [bt_navigator-11]: process has finished cleanly [pid 90127]
[INFO] [controller_server-10]: process has finished cleanly [pid 90126]
[INFO] [gz-1]: process has finished cleanly [pid 89604]
[WARNING] [launch]: user interrupted with ctrl-c (SIGINT) again, ignoring...
[lifecycle_manager-17] [ERROR] [1790560696.117567724] [lifecycle_manager_navigation]: Failed to change state for node: planner_server. Exception: planner_server/get_state service client: async_send_request failed.
[lifecycle_manager-17] [ERROR] [1790560696.117650069] [lifecycle_manager_navigation]: Failed to bring up all requested nodes. Aborting bringup.
[lifecycle_manager-17] [INFO] [1790560696.120518049] [rclcpp]: signal_handler(SIGINT/SIGTERM)
[lifecycle_manager-17] [INFO] [1790560696.120550831] [lifecycle_manager_navigation]: Destroying lifecycle_manager_navigation
[INFO] [lifecycle_manager-17]: process has finished cleanly [pid 90374]
