stdin is not a terminal device. Keyboard handling disabled.[INFO] [1790558458.921607817] [rosbag2_recorder]: Press SPACE for pausing/resuming
[INFO] [1790558458.921612048] [rosbag2_recorder]: Event publisher thread: Started
[INFO] [1790558458.933064907] [rosbag2_recorder]: Starting recording to '/home/haduckien/nav_ws/src/custom_corridor/worlds/school_arena/demo_1/dataset_v1.0/episodes/ep_000001/raw_bag'
[INFO] [1790558458.936589416] [rosbag2_storage]: Opened database '/home/haduckien/nav_ws/src/custom_corridor/worlds/school_arena/demo_1/dataset_v1.0/episodes/ep_000001/raw_bag/raw_bag_0.db3' for READ_WRITE.
[INFO] [1790558458.948102964] [rosbag2_recorder]: Subscribed to topic '/tf'
[INFO] [1790558458.948400914] [rosbag2_recorder]: Listening for topics...
[INFO] [1790558458.948438753] [rosbag2_recorder]: Recording...
[INFO] [1790558458.948464488] [rosbag2_recorder]: Topics discovery started.
[INFO] [1790558459.036090431] [rosbag2_recorder]: Subscribed to topic '/odom'
[INFO] [1790558459.042941730] [rosbag2_recorder]: Subscribed to topic '/robot/camera/image_raw'
[INFO] [1790558459.046044652] [rosbag2_recorder]: Subscribed to topic '/scan'
[INFO] [1790558459.130730524] [rosbag2_recorder]: Subscribed to topic '/cmd_vel'
[INFO] [1790558460.016711845] [rosbag2_recorder]: Subscribed to topic '/tf_static'
[INFO] [1790558460.016772290] [rosbag2_recorder]: All requested topics are subscribed. Stopping discovery...
[INFO] [1790558460.016788605] [rosbag2_recorder]: Topics discovery stopped.
[INFO] [1790558505.033118558] [rosbag2_recorder]: Pausing recording.
[INFO] [1790558505.033516907] [rosbag2_cpp]: Writing remaining messages from cache to the bag. It may take a while
[INFO] [1790558505.035088982] [rosbag2_compression]: Compressing file: /home/haduckien/nav_ws/src/custom_corridor/worlds/school_arena/demo_1/dataset_v1.0/episodes/ep_000001/raw_bag/raw_bag_0.db3
[INFO] [1790558505.357493686] [rosbag2_recorder]: Recording stopped
[INFO] [1790558505.359722155] [rosbag2_recorder]: Event publisher thread: Exited
