Waiting for an action server to become available...
Sending goal:
     pose:
  header:
    stamp:
      sec: 0
      nanosec: 0
    frame_id: map
  pose:
    position:
      x: 10.0
      y: 0.0
      z: 0.0
    orientation:
      x: 0.0
      y: 0.0
      z: 0.0
      w: 1.0
behavior_tree: ''

Goal accepted with ID: 682977a0e19746b48d0a0265c3a86f16

Feedback:
    current_pose:
  header:
    stamp:
      sec: 34
      nanosec: 220000000
    frame_id: map
  pose:
    position:
      x: -12.987395903775916
      y: 0.002274898557966963
      z: 0.0
    orientation:
      x: 0.0
      y: 0.0
      z: 0.0005316439900914159
      w: 0.999999858677324
navigation_time:
  sec: 0
  nanosec: 0
estimated_time_remaining:
  sec: 0
  nanosec: 0
number_of_recoveries: 0
distance_remaining: 0.0

Result:
    error_code: 203
error_msg: ''

Goal finished with status: ABORTED
