stdin is not a terminal device. Keyboard handling disabled.[INFO] [1790560526.117860866] [rosbag2_recorder]: Event publisher thread: Started
[INFO] [1790560526.117933527] [rosbag2_recorder]: Press SPACE for pausing/resuming
[INFO] [1790560526.130954912] [rosbag2_recorder]: Starting recording to '/home/haduckien/nav_ws/src/custom_corridor/worlds/school_arena/demo_1/dataset_v1.0/episodes/ep_000010/raw_bag'
[INFO] [1790560526.132797316] [rosbag2_storage]: Opened database '/home/haduckien/nav_ws/src/custom_corridor/worlds/school_arena/demo_1/dataset_v1.0/episodes/ep_000010/raw_bag/raw_bag_0.db3' for READ_WRITE.
[INFO] [1790560526.139282341] [rosbag2_recorder]: Subscribed to topic '/tf'
[INFO] [1790560526.139637498] [rosbag2_recorder]: Listening for topics...
[INFO] [1790560526.139676462] [rosbag2_recorder]: Recording...
[INFO] [1790560526.139707525] [rosbag2_recorder]: Topics discovery started.
[INFO] [1790560526.322466740] [rosbag2_recorder]: Subscribed to topic '/cmd_vel'
[INFO] [1790560527.208123756] [rosbag2_recorder]: Subscribed to topic '/odom'
[INFO] [1790560527.211004987] [rosbag2_recorder]: Subscribed to topic '/robot/camera/image_raw'
[INFO] [1790560527.212794688] [rosbag2_recorder]: Subscribed to topic '/scan'
[INFO] [1790560527.216203865] [rosbag2_recorder]: Subscribed to topic '/tf_static'
[INFO] [1790560527.216328549] [rosbag2_recorder]: All requested topics are subscribed. Stopping discovery...
[INFO] [1790560527.216338084] [rosbag2_recorder]: Topics discovery stopped.
[INFO] [1790560561.699955410] [rosbag2_recorder]: Pausing recording.
[INFO] [1790560561.700585126] [rosbag2_cpp]: Writing remaining messages from cache to the bag. It may take a while
[INFO] [1790560561.703443335] [rosbag2_compression]: Compressing file: /home/haduckien/nav_ws/src/custom_corridor/worlds/school_arena/demo_1/dataset_v1.0/episodes/ep_000010/raw_bag/raw_bag_0.db3
[INFO] [1790560562.062692582] [rosbag2_recorder]: Recording stopped
[INFO] [1790560562.068420049] [rosbag2_recorder]: Event publisher thread: Exited
