stdin is not a terminal device. Keyboard handling disabled.[INFO] [1790559782.001863383] [rosbag2_recorder]: Press SPACE for pausing/resuming
[INFO] [1790559782.001893638] [rosbag2_recorder]: Event publisher thread: Started
[INFO] [1790559782.007866941] [rosbag2_recorder]: Starting recording to '/home/haduckien/nav_ws/src/custom_corridor/worlds/school_arena/demo_1/dataset_v1.0/episodes/ep_000007/raw_bag'
[INFO] [1790559782.010838610] [rosbag2_storage]: Opened database '/home/haduckien/nav_ws/src/custom_corridor/worlds/school_arena/demo_1/dataset_v1.0/episodes/ep_000007/raw_bag/raw_bag_0.db3' for READ_WRITE.
[INFO] [1790559782.012305040] [rosbag2_recorder]: Listening for topics...
[INFO] [1790559782.012393763] [rosbag2_recorder]: Recording...
[INFO] [1790559782.012358796] [rosbag2_recorder]: Topics discovery started.
[INFO] [1790559782.104582554] [rosbag2_recorder]: Subscribed to topic '/odom'
[INFO] [1790559782.111007249] [rosbag2_recorder]: Subscribed to topic '/robot/camera/image_raw'
[INFO] [1790559782.112414077] [rosbag2_recorder]: Subscribed to topic '/scan'
[INFO] [1790559782.115926142] [rosbag2_recorder]: Subscribed to topic '/tf'
[INFO] [1790559784.211808169] [rosbag2_recorder]: Subscribed to topic '/tf_static'
[INFO] [1790559785.209622905] [rosbag2_recorder]: Subscribed to topic '/cmd_vel'
[INFO] [1790559785.209684764] [rosbag2_recorder]: All requested topics are subscribed. Stopping discovery...
[INFO] [1790559785.209699220] [rosbag2_recorder]: Topics discovery stopped.
[INFO] [1790559899.681098049] [rosbag2_recorder]: Pausing recording.
[INFO] [1790559899.681593764] [rosbag2_cpp]: Writing remaining messages from cache to the bag. It may take a while
[INFO] [1790559899.682831955] [rosbag2_compression]: Compressing file: /home/haduckien/nav_ws/src/custom_corridor/worlds/school_arena/demo_1/dataset_v1.0/episodes/ep_000007/raw_bag/raw_bag_0.db3
[INFO] [1790559900.474213892] [rosbag2_recorder]: Recording stopped
[INFO] [1790559900.477172277] [rosbag2_recorder]: Event publisher thread: Exited
