Waiting for an action server to become available...
Sending goal:
     pose:
  header:
    stamp:
      sec: 0
      nanosec: 0
    frame_id: map
  pose:
    position:
      x: 4.5
      y: 0.0
      z: 0.0
    orientation:
      x: 0.0
      y: 0.0
      z: 0.0
      w: 1.0
behavior_tree: ''

Goal accepted with ID: 6b2404fedb83425584d4b83d5f454f2e

Feedback:
    current_pose:
  header:
    stamp:
      sec: 222
      nanosec: 160000000
    frame_id: map
  pose:
    position:
      x: 4.362516344910338
      y: 0.17770132650801534
      z: 0.0
    orientation:
      x: 0.0
      y: 0.0
      z: -0.029515462196498508
      w: 0.9995643238388048
navigation_time:
  sec: 0
  nanosec: 0
estimated_time_remaining:
  sec: 0
  nanosec: 0
number_of_recoveries: 0
distance_remaining: 0.0

Feedback:
    current_pose:
  header:
    stamp:
      sec: 222
      nanosec: 160000000
    frame_id: map
  pose:
    position:
      x: 4.362516344910338
      y: 0.17770132650801534
      z: 0.0
    orientation:
      x: 0.0
      y: 0.0
      z: -0.029515462196498508
      w: 0.9995643238388048
navigation_time:
  sec: 0
  nanosec: 0
estimated_time_remaining:
  sec: 0
  nanosec: 0
number_of_recoveries: 0
distance_remaining: 0.0

Feedback:
    current_pose:
  header:
    stamp:
      sec: 222
      nanosec: 160000000
    frame_id: map
  pose:
    position:
      x: 4.362516344910338
      y: 0.17770132650801534
      z: 0.0
    orientation:
      x: 0.0
      y: 0.0
      z: -0.029515462196498508
      w: 0.9995643238388048
navigation_time:
  sec: 0
  nanosec: 0
estimated_time_remaining:
  sec: 0
  nanosec: 0
number_of_recoveries: 0
distance_remaining: 0.2207106500864029

Feedback:
    current_pose:
  header:
    stamp:
      sec: 222
      nanosec: 200000000
    frame_id: map
  pose:
    position:
      x: 4.362516344910338
      y: 0.17770132650801534
      z: 0.0
    orientation:
      x: 0.0
      y: 0.0
      z: -0.029515462196498508
      w: 0.9995643238388048
navigation_time:
  sec: 0
  nanosec: 24000000
estimated_time_remaining:
  sec: 0
  nanosec: 0
number_of_recoveries: 0
distance_remaining: 0.2207106500864029

Feedback:
    current_pose:
  header:
    stamp:
      sec: 222
      nanosec: 200000000
    frame_id: map
  pose:
    position:
      x: 4.362516344910338
      y: 0.17770132650801534
      z: 0.0
    orientation:
      x: 0.0
      y: 0.0
      z: -0.029515462196498508
      w: 0.9995643238388048
navigation_time:
  sec: 0
  nanosec: 24000000
estimated_time_remaining:
  sec: 0
  nanosec: 0
number_of_recoveries: 0
distance_remaining: 0.2207106500864029

Feedback:
    current_pose:
  header:
    stamp:
      sec: 222
      nanosec: 200000000
    frame_id: map
  pose:
    position:
      x: 4.362516344910338
      y: 0.17770132650801534
      z: 0.0
    orientation:
      x: 0.0
      y: 0.0
      z: -0.029515462196498508
      w: 0.9995643238388048
navigation_time:
  sec: 0
  nanosec: 24000000
estimated_time_remaining:
  sec: 0
  nanosec: 0
number_of_recoveries: 0
distance_remaining: 0.2207106500864029

Feedback:
    current_pose:
  header:
    stamp:
      sec: 222
      nanosec: 200000000
    frame_id: map
  pose:
    position:
      x: 4.362516344910338
      y: 0.17770132650801534
      z: 0.0
    orientation:
      x: 0.0
      y: 0.0
      z: -0.029515462196498508
      w: 0.9995643238388048
navigation_time:
  sec: 0
  nanosec: 24000000
estimated_time_remaining:
  sec: 0
  nanosec: 0
number_of_recoveries: 0
distance_remaining: 0.2207106500864029

Feedback:
    current_pose:
  header:
    stamp:
      sec: 222
      nanosec: 200000000
    frame_id: map
  pose:
    position:
      x: 4.362516344910338
      y: 0.17770132650801534
      z: 0.0
    orientation:
      x: 0.0
      y: 0.0
      z: -0.029515462196498508
      w: 0.9995643238388048
navigation_time:
  sec: 0
  nanosec: 24000000
estimated_time_remaining:
  sec: 0
  nanosec: 0
number_of_recoveries: 0
distance_remaining: 0.2207106500864029

Feedback:
    current_pose:
  header:
    stamp:
      sec: 222
      nanosec: 200000000
    frame_id: map
  pose:
    position:
      x: 4.362516344910338
      y: 0.17770132650801534
      z: 0.0
    orientation:
      x: 0.0
      y: 0.0
      z: -0.029515462196498508
      w: 0.9995643238388048
navigation_time:
  sec: 0
  nanosec: 24000000
estimated_time_remaining:
  sec: 0
  nanosec: 0
number_of_recoveries: 0
distance_remaining: 0.2207106500864029

Feedback:
    current_pose:
  header:
    stamp:
      sec: 222
      nanosec: 220000000
    frame_id: map
  pose:
    position:
      x: 4.363020208939902
      y: 0.17767159813353844
      z: 0.0
    orientation:
      x: 0.0
      y: 0.0
      z: -0.02941744632879732
      w: 0.9995672132735709
navigation_time:
  sec: 0
  nanosec: 48000000
estimated_time_remaining:
  sec: 0
  nanosec: 0
number_of_recoveries: 0
distance_remaining: 0.2207106500864029

Feedback:
    current_pose:
  header:
    stamp:
      sec: 222
      nanosec: 220000000
    frame_id: map
  pose:
    position:
      x: 4.363020208939902
      y: 0.17767159813353844
      z: 0.0
    orientation:
      x: 0.0
      y: 0.0
      z: -0.02941744632879732
      w: 0.9995672132735709
navigation_time:
  sec: 0
  nanosec: 64000000
estimated_time_remaining:
  sec: 0
  nanosec: 0
number_of_recoveries: 0
distance_remaining: 0.2207106500864029

Feedback:
    current_pose:
  header:
    stamp:
      sec: 222
      nanosec: 240000000
    frame_id: map
  pose:
    position:
      x: 4.363889909033338
      y: 0.1776204786763576
      z: 0.0
    orientation:
      x: 0.0
      y: 0.0
      z: -0.029293577858531882
      w: 0.9995708510637183
navigation_time:
  sec: 0
  nanosec: 68000000
estimated_time_remaining:
  sec: 0
  nanosec: 0
number_of_recoveries: 0
distance_remaining: 0.2207106500864029

Feedback:
    current_pose:
  header:
    stamp:
      sec: 222
      nanosec: 240000000
    frame_id: map
  pose:
    position:
      x: 4.363889909033338
      y: 0.1776204786763576
      z: 0.0
    orientation:
      x: 0.0
      y: 0.0
      z: -0.029293577858531882
      w: 0.9995708510637183
navigation_time:
  sec: 0
  nanosec: 68000000
estimated_time_remaining:
  sec: 0
  nanosec: 0
number_of_recoveries: 0
distance_remaining: 0.2207106500864029

Feedback:
    current_pose:
  header:
    stamp:
      sec: 222
      nanosec: 240000000
    frame_id: map
  pose:
    position:
      x: 4.363889909033338
      y: 0.1776204786763576
      z: 0.0
    orientation:
      x: 0.0
      y: 0.0
      z: -0.029293577858531882
      w: 0.9995708510637183
navigation_time:
  sec: 0
  nanosec: 68000000
estimated_time_remaining:
  sec: 0
  nanosec: 0
number_of_recoveries: 0
distance_remaining: 0.2207106500864029

Feedback:
    current_pose:
  header:
    stamp:
      sec: 222
      nanosec: 240000000
    frame_id: map
  pose:
    position:
      x: 4.363889909033338
      y: 0.1776204786763576
      z: 0.0
    orientation:
      x: 0.0
      y: 0.0
      z: -0.029293577858531882
      w: 0.9995708510637183
navigation_time:
  sec: 0
  nanosec: 68000000
estimated_time_remaining:
  sec: 0
  nanosec: 0
number_of_recoveries: 0
distance_remaining: 0.2207106500864029

Feedback:
    current_pose:
  header:
    stamp:
      sec: 222
      nanosec: 240000000
    frame_id: map
  pose:
    position:
      x: 4.363889909033338
      y: 0.1776204786763576
      z: 0.0
    orientation:
      x: 0.0
      y: 0.0
      z: -0.029293577858531882
      w: 0.9995708510637183
navigation_time:
  sec: 0
  nanosec: 68000000
estimated_time_remaining:
  sec: 0
  nanosec: 0
number_of_recoveries: 0
distance_remaining: 0.2207106500864029

Feedback:
    current_pose:
  header:
    stamp:
      sec: 222
      nanosec: 260000000
    frame_id: map
  pose:
    position:
      x: 4.364948166426871
      y: 0.1775585426491767
      z: 0.0
    orientation:
      x: 0.0
      y: 0.0
      z: -0.029155609658894896
      w: 0.9995748848512641
navigation_time:
  sec: 0
  nanosec: 100000000
estimated_time_remaining:
  sec: 0
  nanosec: 0
number_of_recoveries: 0
distance_remaining: 0.2207106500864029

Feedback:
    current_pose:
  header:
    stamp:
      sec: 222
      nanosec: 260000000
    frame_id: map
  pose:
    position:
      x: 4.364948166426871
      y: 0.1775585426491767
      z: 0.0
    orientation:
      x: 0.0
      y: 0.0
      z: -0.029155609658894896
      w: 0.9995748848512641
navigation_time:
  sec: 0
  nanosec: 100000000
estimated_time_remaining:
  sec: 0
  nanosec: 0
number_of_recoveries: 0
distance_remaining: 0.2207106500864029

Feedback:
    current_pose:
  header:
    stamp:
      sec: 222
      nanosec: 260000000
    frame_id: map
  pose:
    position:
      x: 4.364948166426871
      y: 0.1775585426491767
      z: 0.0
    orientation:
      x: 0.0
      y: 0.0
      z: -0.029155609658894896
      w: 0.9995748848512641
navigation_time:
  sec: 0
  nanosec: 100000000
estimated_time_remaining:
  sec: 0
  nanosec: 0
number_of_recoveries: 0
distance_remaining: 0.2207106500864029

Feedback:
    current_pose:
  header:
    stamp:
      sec: 222
      nanosec: 260000000
    frame_id: map
  pose:
    position:
      x: 4.364948166426871
      y: 0.1775585426491767
      z: 0.0
    orientation:
      x: 0.0
      y: 0.0
      z: -0.029155609658894896
      w: 0.9995748848512641
navigation_time:
  sec: 0
  nanosec: 104000000
estimated_time_remaining:
  sec: 0
  nanosec: 0
number_of_recoveries: 0
distance_remaining: 0.2207106500864029

Feedback:
    current_pose:
  header:
    stamp:
      sec: 222
      nanosec: 300000000
    frame_id: map
  pose:
    position:
      x: 4.367842169099811
      y: 0.17739070573496873
      z: 0.0
    orientation:
      x: 0.0
      y: 0.0
      z: -0.028760365539850632
      w: 0.9995863351276938
navigation_time:
  sec: 0
  nanosec: 132000000
estimated_time_remaining:
  sec: 15
  nanosec: 364509444
number_of_recoveries: 0
distance_remaining: 0.2207106500864029

Feedback:
    current_pose:
  header:
    stamp:
      sec: 222
      nanosec: 300000000
    frame_id: map
  pose:
    position:
      x: 4.367842169099811
      y: 0.17739070573496873
      z: 0.0
    orientation:
      x: 0.0
      y: 0.0
      z: -0.028760365539850632
      w: 0.9995863351276938
navigation_time:
  sec: 0
  nanosec: 132000000
estimated_time_remaining:
  sec: 15
  nanosec: 364509444
number_of_recoveries: 0
distance_remaining: 0.2207106500864029

Feedback:
    current_pose:
  header:
    stamp:
      sec: 222
      nanosec: 300000000
    frame_id: map
  pose:
    position:
      x: 4.367842169099811
      y: 0.17739070573496873
      z: 0.0
    orientation:
      x: 0.0
      y: 0.0
      z: -0.028760365539850632
      w: 0.9995863351276938
navigation_time:
  sec: 0
  nanosec: 132000000
estimated_time_remaining:
  sec: 15
  nanosec: 364509444
number_of_recoveries: 0
distance_remaining: 0.2207106500864029

Feedback:
    current_pose:
  header:
    stamp:
      sec: 222
      nanosec: 300000000
    frame_id: map
  pose:
    position:
      x: 4.367842169099811
      y: 0.17739070573496873
      z: 0.0
    orientation:
      x: 0.0
      y: 0.0
      z: -0.028760365539850632
      w: 0.9995863351276938
navigation_time:
  sec: 0
  nanosec: 132000000
estimated_time_remaining:
  sec: 15
  nanosec: 364509444
number_of_recoveries: 0
distance_remaining: 0.2207106500864029

Feedback:
    current_pose:
  header:
    stamp:
      sec: 222
      nanosec: 300000000
    frame_id: map
  pose:
    position:
      x: 4.367842169099811
      y: 0.17739070573496873
      z: 0.0
    orientation:
      x: 0.0
      y: 0.0
      z: -0.028760365539850632
      w: 0.9995863351276938
navigation_time:
  sec: 0
  nanosec: 132000000
estimated_time_remaining:
  sec: 15
  nanosec: 364509444
number_of_recoveries: 0
distance_remaining: 0.2207106500864029

Feedback:
    current_pose:
  header:
    stamp:
      sec: 222
      nanosec: 320000000
    frame_id: map
  pose:
    position:
      x: 4.369529486202824
      y: 0.17729396852205215
      z: 0.0
    orientation:
      x: 0.0
      y: 0.0
      z: -0.028501085402632444
      w: 0.9995937615505971
navigation_time:
  sec: 0
  nanosec: 148000000
estimated_time_remaining:
  sec: 11
  nanosec: 428532917
number_of_recoveries: 0
distance_remaining: 0.2207106500864029

Feedback:
    current_pose:
  header:
    stamp:
      sec: 222
      nanosec: 340000000
    frame_id: map
  pose:
    position:
      x: 4.371511219216799
      y: 0.1771813734362927
      z: 0.0
    orientation:
      x: 0.0
      y: 0.0
      z: -0.028257054073309043
      w: 0.9996006897232005
navigation_time:
  sec: 0
  nanosec: 164000000
estimated_time_remaining:
  sec: 8
  nanosec: 809235651
number_of_recoveries: 0
distance_remaining: 0.2207106500864029

Feedback:
    current_pose:
  header:
    stamp:
      sec: 222
      nanosec: 340000000
    frame_id: map
  pose:
    position:
      x: 4.371511219216799
      y: 0.1771813734362927
      z: 0.0
    orientation:
      x: 0.0
      y: 0.0
      z: -0.028257054073309043
      w: 0.9996006897232005
navigation_time:
  sec: 0
  nanosec: 172000000
estimated_time_remaining:
  sec: 8
  nanosec: 809235651
number_of_recoveries: 0
distance_remaining: 0.2207106500864029

Feedback:
    current_pose:
  header:
    stamp:
      sec: 222
      nanosec: 340000000
    frame_id: map
  pose:
    position:
      x: 4.371511219216799
      y: 0.1771813734362927
      z: 0.0
    orientation:
      x: 0.0
      y: 0.0
      z: -0.028257054073309043
      w: 0.9996006897232005
navigation_time:
  sec: 0
  nanosec: 180000000
estimated_time_remaining:
  sec: 8
  nanosec: 809235651
number_of_recoveries: 0
distance_remaining: 0.2207106500864029

Feedback:
    current_pose:
  header:
    stamp:
      sec: 222
      nanosec: 340000000
    frame_id: map
  pose:
    position:
      x: 4.371511219216799
      y: 0.1771813734362927
      z: 0.0
    orientation:
      x: 0.0
      y: 0.0
      z: -0.028257054073309043
      w: 0.9996006897232005
navigation_time:
  sec: 0
  nanosec: 180000000
estimated_time_remaining:
  sec: 8
  nanosec: 809235651
number_of_recoveries: 0
distance_remaining: 0.2207106500864029

Feedback:
    current_pose:
  header:
    stamp:
      sec: 222
      nanosec: 480000000
    frame_id: map
  pose:
    position:
      x: 4.388243759618215
      y: 0.17627406889314834
      z: 0.0
    orientation:
      x: 0.0
      y: 0.0
      z: -0.0257176566911894
      w: 0.9996692463681746
navigation_time:
  sec: 0
  nanosec: 312000000
estimated_time_remaining:
  sec: 2
  nanosec: 558483261
number_of_recoveries: 0
distance_remaining: 0.19571033120155334

Feedback:
    current_pose:
  header:
    stamp:
      sec: 222
      nanosec: 500000000
    frame_id: map
  pose:
    position:
      x: 4.391029881673061
      y: 0.17613192224574842
      z: 0.0
    orientation:
      x: 0.0
      y: 0.0
      z: -0.025252157638745658
      w: 0.9996811134229696
navigation_time:
  sec: 0
  nanosec: 336000000
estimated_time_remaining:
  sec: 2
  nanosec: 305703841
number_of_recoveries: 0
distance_remaining: 0.19571033120155334

Feedback:
    current_pose:
  header:
    stamp:
      sec: 222
      nanosec: 500000000
    frame_id: map
  pose:
    position:
      x: 4.391029881673061
      y: 0.17613192224574842
      z: 0.0
    orientation:
      x: 0.0
      y: 0.0
      z: -0.025252157638745658
      w: 0.9996811134229696
navigation_time:
  sec: 0
  nanosec: 336000000
estimated_time_remaining:
  sec: 2
  nanosec: 305703841
number_of_recoveries: 0
distance_remaining: 0.19571033120155334

Feedback:
    current_pose:
  header:
    stamp:
      sec: 222
      nanosec: 500000000
    frame_id: map
  pose:
    position:
      x: 4.391029881673061
      y: 0.17613192224574842
      z: 0.0
    orientation:
      x: 0.0
      y: 0.0
      z: -0.025252157638745658
      w: 0.9996811134229696
navigation_time:
  sec: 0
  nanosec: 336000000
estimated_time_remaining:
  sec: 2
  nanosec: 305703841
number_of_recoveries: 0
distance_remaining: 0.19571033120155334

Feedback:
    current_pose:
  header:
    stamp:
      sec: 222
      nanosec: 500000000
    frame_id: map
  pose:
    position:
      x: 4.391029881673061
      y: 0.17613192224574842
      z: 0.0
    orientation:
      x: 0.0
      y: 0.0
      z: -0.025252157638745658
      w: 0.9996811134229696
navigation_time:
  sec: 0
  nanosec: 336000000
estimated_time_remaining:
  sec: 2
  nanosec: 305703841
number_of_recoveries: 0
distance_remaining: 0.19571033120155334

Feedback:
    current_pose:
  header:
    stamp:
      sec: 222
      nanosec: 540000000
    frame_id: map
  pose:
    position:
      x: 4.396769789837627
      y: 0.17584718594217358
      z: 0.0
    orientation:
      x: 0.0
      y: 0.0
      z: -0.02434112762432337
      w: 0.9997037108593608
navigation_time:
  sec: 0
  nanosec: 368000000
estimated_time_remaining:
  sec: 1
  nanosec: 922689398
number_of_recoveries: 0
distance_remaining: 0.19571033120155334

Feedback:
    current_pose:
  header:
    stamp:
      sec: 222
      nanosec: 540000000
    frame_id: map
  pose:
    position:
      x: 4.396769789837627
      y: 0.17584718594217358
      z: 0.0
    orientation:
      x: 0.0
      y: 0.0
      z: -0.02434112762432337
      w: 0.9997037108593608
navigation_time:
  sec: 0
  nanosec: 368000000
estimated_time_remaining:
  sec: 1
  nanosec: 922689398
number_of_recoveries: 0
distance_remaining: 0.19571033120155334

Feedback:
    current_pose:
  header:
    stamp:
      sec: 222
      nanosec: 540000000
    frame_id: map
  pose:
    position:
      x: 4.396769789837627
      y: 0.17584718594217358
      z: 0.0
    orientation:
      x: 0.0
      y: 0.0
      z: -0.02434112762432337
      w: 0.9997037108593608
navigation_time:
  sec: 0
  nanosec: 368000000
estimated_time_remaining:
  sec: 1
  nanosec: 922689398
number_of_recoveries: 0
distance_remaining: 0.19571033120155334

Feedback:
    current_pose:
  header:
    stamp:
      sec: 222
      nanosec: 540000000
    frame_id: map
  pose:
    position:
      x: 4.396769789837627
      y: 0.17584718594217358
      z: 0.0
    orientation:
      x: 0.0
      y: 0.0
      z: -0.02434112762432337
      w: 0.9997037108593608
navigation_time:
  sec: 0
  nanosec: 368000000
estimated_time_remaining:
  sec: 1
  nanosec: 922689398
number_of_recoveries: 0
distance_remaining: 0.19571033120155334

Feedback:
    current_pose:
  header:
    stamp:
      sec: 222
      nanosec: 540000000
    frame_id: map
  pose:
    position:
      x: 4.396769789837627
      y: 0.17584718594217358
      z: 0.0
    orientation:
      x: 0.0
      y: 0.0
      z: -0.02434112762432337
      w: 0.9997037108593608
navigation_time:
  sec: 0
  nanosec: 368000000
estimated_time_remaining:
  sec: 1
  nanosec: 922689398
number_of_recoveries: 0
distance_remaining: 0.19571033120155334

Feedback:
    current_pose:
  header:
    stamp:
      sec: 222
      nanosec: 540000000
    frame_id: map
  pose:
    position:
      x: 4.396769789837627
      y: 0.17584718594217358
      z: 0.0
    orientation:
      x: 0.0
      y: 0.0
      z: -0.02434112762432337
      w: 0.9997037108593608
navigation_time:
  sec: 0
  nanosec: 384000000
estimated_time_remaining:
  sec: 1
  nanosec: 797075873
number_of_recoveries: 0
distance_remaining: 0.19571033120155334

Feedback:
    current_pose:
  header:
    stamp:
      sec: 222
      nanosec: 580000000
    frame_id: map
  pose:
    position:
      x: 4.402562974289117
      y: 0.17557018243217593
      z: 0.0
    orientation:
      x: 0.0
      y: 0.0
      z: -0.023391036313037065
      w: 0.9997263922795085
navigation_time:
  sec: 0
  nanosec: 408000000
estimated_time_remaining:
  sec: 1
  nanosec: 702577146
number_of_recoveries: 0
distance_remaining: 0.19571033120155334

Feedback:
    current_pose:
  header:
    stamp:
      sec: 222
      nanosec: 580000000
    frame_id: map
  pose:
    position:
      x: 4.402562974289117
      y: 0.17557018243217593
      z: 0.0
    orientation:
      x: 0.0
      y: 0.0
      z: -0.023391036313037065
      w: 0.9997263922795085
navigation_time:
  sec: 0
  nanosec: 408000000
estimated_time_remaining:
  sec: 1
  nanosec: 702577146
number_of_recoveries: 0
distance_remaining: 0.19571033120155334

Feedback:
    current_pose:
  header:
    stamp:
      sec: 222
      nanosec: 580000000
    frame_id: map
  pose:
    position:
      x: 4.402562974289117
      y: 0.17557018243217593
      z: 0.0
    orientation:
      x: 0.0
      y: 0.0
      z: -0.023391036313037065
      w: 0.9997263922795085
navigation_time:
  sec: 0
  nanosec: 408000000
estimated_time_remaining:
  sec: 1
  nanosec: 702577146
number_of_recoveries: 0
distance_remaining: 0.19571033120155334

Feedback:
    current_pose:
  header:
    stamp:
      sec: 222
      nanosec: 580000000
    frame_id: map
  pose:
    position:
      x: 4.402562974289117
      y: 0.17557018243217593
      z: 0.0
    orientation:
      x: 0.0
      y: 0.0
      z: -0.023391036313037065
      w: 0.9997263922795085
navigation_time:
  sec: 0
  nanosec: 408000000
estimated_time_remaining:
  sec: 1
  nanosec: 702577146
number_of_recoveries: 0
distance_remaining: 0.19571033120155334

Feedback:
    current_pose:
  header:
    stamp:
      sec: 222
      nanosec: 580000000
    frame_id: map
  pose:
    position:
      x: 4.402562974289117
      y: 0.17557018243217593
      z: 0.0
    orientation:
      x: 0.0
      y: 0.0
      z: -0.023391036313037065
      w: 0.9997263922795085
navigation_time:
  sec: 0
  nanosec: 412000000
estimated_time_remaining:
  sec: 1
  nanosec: 702577146
number_of_recoveries: 0
distance_remaining: 0.19571033120155334

Feedback:
    current_pose:
  header:
    stamp:
      sec: 222
      nanosec: 600000000
    frame_id: map
  pose:
    position:
      x: 4.405530330572779
      y: 0.17543290884029933
      z: 0.0
    orientation:
      x: 0.0
      y: 0.0
      z: -0.022823835134950635
      w: 0.9997395023453524
navigation_time:
  sec: 0
  nanosec: 424000000
estimated_time_remaining:
  sec: 1
  nanosec: 629160606
number_of_recoveries: 0
distance_remaining: 0.19571033120155334

Feedback:
    current_pose:
  header:
    stamp:
      sec: 222
      nanosec: 600000000
    frame_id: map
  pose:
    position:
      x: 4.405530330572779
      y: 0.17543290884029933
      z: 0.0
    orientation:
      x: 0.0
      y: 0.0
      z: -0.022823835134950635
      w: 0.9997395023453524
navigation_time:
  sec: 0
  nanosec: 424000000
estimated_time_remaining:
  sec: 1
  nanosec: 629160606
number_of_recoveries: 0
distance_remaining: 0.19571033120155334

Feedback:
    current_pose:
  header:
    stamp:
      sec: 222
      nanosec: 600000000
    frame_id: map
  pose:
    position:
      x: 4.405530330572779
      y: 0.17543290884029933
      z: 0.0
    orientation:
      x: 0.0
      y: 0.0
      z: -0.022823835134950635
      w: 0.9997395023453524
navigation_time:
  sec: 0
  nanosec: 424000000
estimated_time_remaining:
  sec: 1
  nanosec: 629160606
number_of_recoveries: 0
distance_remaining: 0.19571033120155334

Feedback:
    current_pose:
  header:
    stamp:
      sec: 222
      nanosec: 600000000
    frame_id: map
  pose:
    position:
      x: 4.405530330572779
      y: 0.17543290884029933
      z: 0.0
    orientation:
      x: 0.0
      y: 0.0
      z: -0.022823835134950635
      w: 0.9997395023453524
navigation_time:
  sec: 0
  nanosec: 424000000
estimated_time_remaining:
  sec: 1
  nanosec: 629160606
number_of_recoveries: 0
distance_remaining: 0.19571033120155334

Feedback:
    current_pose:
  header:
    stamp:
      sec: 222
      nanosec: 600000000
    frame_id: map
  pose:
    position:
      x: 4.405530330572779
      y: 0.17543290884029933
      z: 0.0
    orientation:
      x: 0.0
      y: 0.0
      z: -0.022823835134950635
      w: 0.9997395023453524
navigation_time:
  sec: 0
  nanosec: 424000000
estimated_time_remaining:
  sec: 1
  nanosec: 629160606
number_of_recoveries: 0
distance_remaining: 0.19571033120155334

Feedback:
    current_pose:
  header:
    stamp:
      sec: 222
      nanosec: 620000000
    frame_id: map
  pose:
    position:
      x: 4.408387850659379
      y: 0.17530394450543885
      z: 0.0
    orientation:
      x: 0.0
      y: 0.0
      z: -0.02227507754185026
      w: 0.9997518796784053
navigation_time:
  sec: 0
  nanosec: 456000000
estimated_time_remaining:
  sec: 1
  nanosec: 569311573
number_of_recoveries: 0
distance_remaining: 0.19571033120155334

Result:
    error_code: 0
error_msg: ''

Goal finished with status: SUCCEEDED
