[INFO] [launch]: All log files can be found below /home/haduckien/.ros/log/2026-09-28-08-32-52-471448-Raccoon2005-36013
[INFO] [launch]: Default logging verbosity is set to INFO
[INFO] [gz-1]: process started with pid [36311]
[INFO] [parameter_bridge-2]: process started with pid [36312]
[INFO] [robot_state_publisher-3]: process started with pid [36313]
[INFO] [python3-4]: process started with pid [36314]
[INFO] [python3-5]: process started with pid [36315]
[robot_state_publisher-3] [INFO] [1790559172.599424225] [robot_state_publisher]: Robot initialized
[python3-4] [INFO] [1790559173.249173709] [school_collision_safe_pose_applier]: Wall guard active: map=/home/haduckien/nav_ws/src/custom_corridor/worlds/school_arena/demo_1/map.yaml, radius=0.22 m, topic=/school_hunav/target_poses
[python3-5] [INFO] [1790559173.352118203] [school_pose_sync_monitor]: Gazebo/RViz sync monitor active: orange pose=/demo/gazebo_robot_pose
[gz-1] [1;33mWarning [Utils.cc:132][0m [/sdf/world[@name="school_arena"]/model[@name="robot"]/link[@name="base_scan"]/sensor[@name="hls_lfcd_lds"]/gz_frame_id:/home/haduckien/nav_ws/src/custom_corridor/worlds/school_arena/demo_1/dataset_v1.0/episodes/ep_000004/runtime_logs/ep_000004.contact.world:L3501]: XML Element[gz_frame_id], child of element[sensor], not defined in SDF. Copying[gz_frame_id] as children of [sensor].
[parameter_bridge-2] [INFO] [1790559173.651791156] [ros_gz_bridge]: Creating GZ->ROS Bridge: [/clock (gz.msgs.Clock) -> /clock (rosgraph_msgs/msg/Clock)] (Lazy 0)
[parameter_bridge-2] [INFO] [1790559173.652904578] [ros_gz_bridge]: Creating GZ->ROS Bridge: [/joint_states (gz.msgs.Model) -> /joint_states (sensor_msgs/msg/JointState)] (Lazy 0)
[parameter_bridge-2] [INFO] [1790559173.655112271] [ros_gz_bridge]: Creating GZ->ROS Bridge: [/odom (gz.msgs.Odometry) -> /odom (nav_msgs/msg/Odometry)] (Lazy 0)
[parameter_bridge-2] [INFO] [1790559173.656970783] [ros_gz_bridge]: Creating GZ->ROS Bridge: [/tf (gz.msgs.Pose_V) -> /tf (tf2_msgs/msg/TFMessage)] (Lazy 0)
[parameter_bridge-2] [INFO] [1790559173.658519174] [ros_gz_bridge]: Creating GZ->ROS Bridge: [/scan (gz.msgs.LaserScan) -> /scan (sensor_msgs/msg/LaserScan)] (Lazy 0)
[parameter_bridge-2] [INFO] [1790559173.659587581] [ros_gz_bridge]: Creating ROS->GZ Bridge: [/cmd_vel (geometry_msgs/msg/Twist) -> /cmd_vel (gz.msgs.Twist)] (Lazy 0)
[parameter_bridge-2] [INFO] [1790559173.660709287] [ros_gz_bridge]: Creating GZ->ROS Bridge: [/world/school_arena/dynamic_pose/info (gz.msgs.Pose_V) -> /world/school_arena/dynamic_pose/info (tf2_msgs/msg/TFMessage)] (Lazy 0)
[parameter_bridge-2] [INFO] [1790559173.661256642] [ros_gz_bridge]: Creating ROS->GZ service bridge [/world/school_arena/set_pose (ros_gz_interfaces/srv/SetEntityPose -> gz.msgs.Pose/gz.msgs.Boolean)]
[parameter_bridge-2] [INFO] [1790559173.662117787] [ros_gz_bridge]: Creating ROS->GZ service bridge [/world/school_arena/control (ros_gz_interfaces/srv/ControlWorld -> gz.msgs.WorldControl/gz.msgs.Boolean)]
[parameter_bridge-2] [INFO] [1790559173.662466755] [ros_gz_bridge]: Creating GZ->ROS Bridge: [/robot/camera/image_raw (gz.msgs.Image) -> /robot/camera/image_raw (sensor_msgs/msg/Image)] (Lazy 0)
[INFO] [python3-6]: process started with pid [36756]
[python3-6] [INFO] [1790559176.320274144] [school_wait_for_robot_tf]: Robot odom/TF and simulation clock ready
[INFO] [python3-6]: process has finished cleanly [pid 36756]
[INFO] [map_server-7]: process started with pid [36769]
[INFO] [amcl-8]: process started with pid [36770]
[INFO] [planner_server-9]: process started with pid [36771]
[INFO] [controller_server-10]: process started with pid [36772]
[INFO] [bt_navigator-11]: process started with pid [36773]
[INFO] [behavior_server-12]: process started with pid [36774]
[INFO] [waypoint_follower-13]: process started with pid [36775]
[INFO] [python3-14]: process started with pid [36776]
[INFO] [goal_pose_bridge.py-15]: process started with pid [36777]
[waypoint_follower-13] [INFO] [1790559176.563197035] [waypoint_follower]: 
[waypoint_follower-13] 	waypoint_follower lifecycle node launched. 
[waypoint_follower-13] 	Waiting on external lifecycle transitions to activate
[waypoint_follower-13] 	See https://design.ros2.org/articles/node_lifecycle.html for more information.
[waypoint_follower-13] [INFO] [1790559176.564751115] [waypoint_follower]: Creating
[amcl-8] [INFO] [1790559176.582296137] [amcl]: 
[amcl-8] 	amcl lifecycle node launched. 
[amcl-8] 	Waiting on external lifecycle transitions to activate
[amcl-8] 	See https://design.ros2.org/articles/node_lifecycle.html for more information.
[amcl-8] [INFO] [1790559176.582735102] [amcl]: Creating
[bt_navigator-11] [INFO] [1790559176.592249278] [bt_navigator]: 
[bt_navigator-11] 	bt_navigator lifecycle node launched. 
[bt_navigator-11] 	Waiting on external lifecycle transitions to activate
[bt_navigator-11] 	See https://design.ros2.org/articles/node_lifecycle.html for more information.
[controller_server-10] [INFO] [1790559176.592843285] [controller_server]: 
[controller_server-10] 	controller_server lifecycle node launched. 
[controller_server-10] 	Waiting on external lifecycle transitions to activate
[controller_server-10] 	See https://design.ros2.org/articles/node_lifecycle.html for more information.
[behavior_server-12] [INFO] [1790559176.594801126] [behavior_server]: 
[behavior_server-12] 	behavior_server lifecycle node launched. 
[behavior_server-12] 	Waiting on external lifecycle transitions to activate
[behavior_server-12] 	See https://design.ros2.org/articles/node_lifecycle.html for more information.
[bt_navigator-11] [INFO] [1790559176.595562708] [bt_navigator]: Creating
[controller_server-10] [INFO] [1790559176.597555142] [controller_server]: Creating controller server
[planner_server-9] [INFO] [1790559176.605823697] [planner_server]: 
[planner_server-9] 	planner_server lifecycle node launched. 
[planner_server-9] 	Waiting on external lifecycle transitions to activate
[planner_server-9] 	See https://design.ros2.org/articles/node_lifecycle.html for more information.
[planner_server-9] [INFO] [1790559176.607783977] [planner_server]: Creating
[map_server-7] [INFO] [1790559176.618459046] [map_server]: 
[map_server-7] 	map_server lifecycle node launched. 
[map_server-7] 	Waiting on external lifecycle transitions to activate
[map_server-7] 	See https://design.ros2.org/articles/node_lifecycle.html for more information.
[map_server-7] [INFO] [1790559176.618648022] [map_server]: Creating
[controller_server-10] [INFO] [1790559176.633865622] [local_costmap.local_costmap]: 
[controller_server-10] 	local_costmap lifecycle node launched. 
[controller_server-10] 	Waiting on external lifecycle transitions to activate
[controller_server-10] 	See https://design.ros2.org/articles/node_lifecycle.html for more information.
[controller_server-10] [INFO] [1790559176.634314397] [local_costmap.local_costmap]: Creating Costmap
[planner_server-9] [INFO] [1790559176.651818891] [global_costmap.global_costmap]: 
[planner_server-9] 	global_costmap lifecycle node launched. 
[planner_server-9] 	Waiting on external lifecycle transitions to activate
[planner_server-9] 	See https://design.ros2.org/articles/node_lifecycle.html for more information.
[planner_server-9] [INFO] [1790559176.652498390] [global_costmap.global_costmap]: Creating Costmap
[goal_pose_bridge.py-15] [INFO] [1790559177.331212661] [goal_pose_bridge]: GoalPoseBridge started: listening on /goal_pose -> forwarding to /navigate_to_pose
[INFO] [lifecycle_manager-16]: process started with pid [37010]
[lifecycle_manager-16] [INFO] [1790559178.539401533] [lifecycle_manager_localization]: Creating
[lifecycle_manager-16] [INFO] [1790559178.542709157] [lifecycle_manager_localization]: [34m[1mCreating and initializing lifecycle service clients[0m[0m
[lifecycle_manager-16] [INFO] [1790559180.242085320] [lifecycle_manager_localization]: [34m[1mStarting managed nodes bringup...[0m[0m
[lifecycle_manager-16] [INFO] [1790559180.242220838] [lifecycle_manager_localization]: [34m[1mConfiguring map_server[0m[0m
[map_server-7] [INFO] [1790559180.242928913] [map_server]: Configuring
[map_server-7] [INFO] [1790559180.243024707] [map_io]: Loading yaml file: /home/haduckien/nav_ws/src/custom_corridor/worlds/school_arena/demo_1/map.yaml
[map_server-7] [INFO] [1790559180.243461338] [map_io]: resolution: 0.05
[map_server-7] [INFO] [1790559180.243488010] [map_io]: origin[0]: -16
[map_server-7] [INFO] [1790559180.243496926] [map_io]: origin[1]: -14
[map_server-7] [INFO] [1790559180.243502711] [map_io]: origin[2]: 0
[map_server-7] [INFO] [1790559180.243510226] [map_io]: free_thresh: 0.25
[map_server-7] [INFO] [1790559180.243515839] [map_io]: occupied_thresh: 0.65
[map_server-7] [INFO] [1790559180.243526241] [map_io]: mode: trinary
[map_server-7] [INFO] [1790559180.243533308] [map_io]: negate: 0
[map_server-7] [INFO] [1790559180.243806891] [map_io]: Loading image_file: /home/haduckien/nav_ws/src/custom_corridor/worlds/school_arena/demo_1/map.pgm
[map_server-7] [INFO] [1790559180.255584153] [map_io]: Read map /home/haduckien/nav_ws/src/custom_corridor/worlds/school_arena/demo_1/map.pgm: 730 X 580 map @ 0.05 m/cell
[lifecycle_manager-16] [INFO] [1790559180.271727723] [lifecycle_manager_localization]: [34m[1mConfiguring amcl[0m[0m
[amcl-8] [INFO] [1790559180.272449147] [amcl]: Configuring
[amcl-8] [INFO] [1790559180.272623241] [amcl]: initTransforms
[amcl-8] [INFO] [1790559180.291904358] [amcl]: initPubSub
[amcl-8] [INFO] [1790559180.309660328] [amcl]: Subscribed to map topic.
[lifecycle_manager-16] [INFO] [1790559180.318095716] [lifecycle_manager_localization]: [34m[1mActivating map_server[0m[0m
[map_server-7] [INFO] [1790559180.318276592] [map_server]: Activating
[map_server-7] [INFO] [1790559180.319108192] [map_server]: Creating bond (map_server) to lifecycle manager.
[amcl-8] [INFO] [1790559180.330434613] [amcl]: Received a 730 X 580 map @ 0.050 m/pix
[lifecycle_manager-16] [INFO] [1790559180.427914647] [lifecycle_manager_localization]: Server map_server connected with bond.
[lifecycle_manager-16] [INFO] [1790559180.428094361] [lifecycle_manager_localization]: [34m[1mActivating amcl[0m[0m
[amcl-8] [INFO] [1790559180.428853037] [amcl]: Activating
[amcl-8] [INFO] [1790559180.428917206] [amcl]: Creating bond (amcl) to lifecycle manager.
[amcl-8] [INFO] [1790559180.433719930] [amcl]: initialPoseReceived
[amcl-8] [INFO] [1790559180.433928998] [amcl]: Setting pose (4.707000): 15.000 8.000 1.571
[python3-14] [INFO] [1790559180.446571948] [school_episode_initial_pose]: Published /initialpose from episode: 15.000, 8.000, 1.571
[lifecycle_manager-16] [INFO] [1790559180.536079650] [lifecycle_manager_localization]: Server amcl connected with bond.
[lifecycle_manager-16] [INFO] [1790559180.536136123] [lifecycle_manager_localization]: [34m[1mManaged nodes are active[0m[0m
[lifecycle_manager-16] [INFO] [1790559180.536155972] [lifecycle_manager_localization]: [34m[1mCreating bond timer...[0m[0m
[amcl-8] [INFO] [1790559180.600546252] [amcl]: createLaserObject
[amcl-8] [INFO] [1790559181.003121730] [amcl]: Message Filter dropping message: frame 'base_scan' at time 4.600 for reason 'the timestamp on the message is earlier than all the data in the transform cache'
[python3-5] [INFO] [1790559181.231483161] [school_pose_sync_monitor]: Gazebo↔RViz pose error=0.015 m (gz=15.00,8.00; tf=14.99,8.01)
[python3-14] [INFO] [1790559181.374523041] [school_episode_initial_pose]: AMCL map->odom is available at scan and current simulation timestamps
[INFO] [python3-14]: process has finished cleanly [pid 36776]
[INFO] [lifecycle_manager-17]: process started with pid [37080]
[lifecycle_manager-17] [INFO] [1790559181.643519485] [lifecycle_manager_navigation]: Creating
[lifecycle_manager-17] [INFO] [1790559181.646942388] [lifecycle_manager_navigation]: [34m[1mCreating and initializing lifecycle service clients[0m[0m
[lifecycle_manager-17] [INFO] [1790559183.333650046] [lifecycle_manager_navigation]: [34m[1mStarting managed nodes bringup...[0m[0m
[lifecycle_manager-17] [INFO] [1790559183.333704840] [lifecycle_manager_navigation]: [34m[1mConfiguring planner_server[0m[0m
[planner_server-9] [INFO] [1790559183.334067076] [planner_server]: Configuring
[planner_server-9] [INFO] [1790559183.334129150] [global_costmap.global_costmap]: Configuring
[planner_server-9] [INFO] [1790559183.349359931] [global_costmap.global_costmap]: Using plugin "static_layer"
[planner_server-9] [INFO] [1790559183.352904565] [global_costmap.global_costmap]: Subscribing to the map topic (/map) with transient local durability
[planner_server-9] [INFO] [1790559183.354707999] [global_costmap.global_costmap]: Initialized plugin "static_layer"
[planner_server-9] [INFO] [1790559183.354781604] [global_costmap.global_costmap]: Using plugin "obstacle_layer"
[planner_server-9] [INFO] [1790559183.355751031] [global_costmap.global_costmap]: Subscribed to Topics: scan
[planner_server-9] [INFO] [1790559183.362649230] [global_costmap.global_costmap]: Initialized plugin "obstacle_layer"
[planner_server-9] [INFO] [1790559183.362690054] [global_costmap.global_costmap]: Using plugin "inflation_layer"
[planner_server-9] [INFO] [1790559183.363638281] [global_costmap.global_costmap]: Initialized plugin "inflation_layer"
[planner_server-9] [INFO] [1790559183.406076462] [global_costmap.global_costmap]: StaticLayer: Resizing costmap to 730 X 580 at 0.050000 m/pix
[planner_server-9] [INFO] [1790559183.414953482] [planner_server]: Created global planner plugin GridBased of type nav2_smac_planner::SmacPlanner2D
[planner_server-9] [INFO] [1790559183.415073425] [planner_server]: Configuring GridBased of type SmacPlanner2D
[planner_server-9] [ERROR] [1790559183.417059047] [planner_server]: Inflation layer either not found or inflation is not set sufficiently for optimized non-circular collision checking capabilities. It is HIGHLY recommended to set the inflation radius to be at MINIMUM half of the robot's largest cross-section. See github.com/ros-planning/navigation2/tree/main/nav2_smac_planner#potential-fields for full instructions. This will substantially impact run-time performance.
[planner_server-9] [INFO] [1790559183.419635427] [planner_server]: Configured plugin GridBased of type SmacPlanner2D with tolerance 0.15, maximum iterations 1000000, max on approach iterations 1000, and not allowing unknown traversal.
[planner_server-9] [INFO] [1790559183.419717114] [planner_server]: Planner Server has GridBased  planners available.
[lifecycle_manager-17] [INFO] [1790559183.446769108] [lifecycle_manager_navigation]: [34m[1mConfiguring controller_server[0m[0m
[controller_server-10] [INFO] [1790559183.447113888] [controller_server]: Configuring controller interface
[controller_server-10] [INFO] [1790559183.447149588] [controller_server]: getting progress checker plugins..
[controller_server-10] [INFO] [1790559183.447660058] [controller_server]: getting goal checker plugins..
[controller_server-10] [INFO] [1790559183.448302168] [controller_server]: Controller frequency set to 10.0000Hz
[controller_server-10] [INFO] [1790559183.448397674] [local_costmap.local_costmap]: Configuring
[controller_server-10] [INFO] [1790559183.464201835] [local_costmap.local_costmap]: Using plugin "obstacle_layer"
[controller_server-10] [INFO] [1790559183.470107518] [local_costmap.local_costmap]: Subscribed to Topics: scan
[controller_server-10] [INFO] [1790559183.481427523] [local_costmap.local_costmap]: Initialized plugin "obstacle_layer"
[controller_server-10] [INFO] [1790559183.481537291] [local_costmap.local_costmap]: Using plugin "inflation_layer"
[controller_server-10] [INFO] [1790559183.483699516] [local_costmap.local_costmap]: Initialized plugin "inflation_layer"
[controller_server-10] [INFO] [1790559183.575613002] [controller_server]: Created progress_checker : progress_checker of type nav2_controller::SimpleProgressChecker
[controller_server-10] [INFO] [1790559183.578350443] [controller_server]: Controller Server has progress_checker  progress checkers available.
[controller_server-10] [INFO] [1790559183.579088499] [controller_server]: Created goal checker : goal_checker of type nav2_controller::SimpleGoalChecker
[controller_server-10] [INFO] [1790559183.579867141] [controller_server]: Controller Server has goal_checker  goal checkers available.
[controller_server-10] [INFO] [1790559183.585564677] [controller_server]: Created controller : FollowPath of type dwb_core::DWBLocalPlanner
[controller_server-10] [INFO] [1790559183.587757349] [controller_server]: Setting transform_tolerance to 0.100000
[controller_server-10] [INFO] [1790559183.618082328] [controller_server]: Using critic "RotateToGoal" (dwb_critics::RotateToGoalCritic)
[controller_server-10] [INFO] [1790559183.621042344] [controller_server]: Critic plugin initialized
[controller_server-10] [INFO] [1790559183.621816270] [controller_server]: Using critic "Oscillation" (dwb_critics::OscillationCritic)
[controller_server-10] [INFO] [1790559183.624308482] [controller_server]: Critic plugin initialized
[controller_server-10] [INFO] [1790559183.624674901] [controller_server]: Using critic "BaseObstacle" (dwb_critics::BaseObstacleCritic)
[controller_server-10] [INFO] [1790559183.625661973] [controller_server]: Critic plugin initialized
[controller_server-10] [INFO] [1790559183.626173626] [controller_server]: Using critic "GoalAlign" (dwb_critics::GoalAlignCritic)
[controller_server-10] [INFO] [1790559183.626987931] [controller_server]: Critic plugin initialized
[controller_server-10] [INFO] [1790559183.627285687] [controller_server]: Using critic "PathAlign" (dwb_critics::PathAlignCritic)
[controller_server-10] [INFO] [1790559183.627806336] [controller_server]: Critic plugin initialized
[controller_server-10] [INFO] [1790559183.627974799] [controller_server]: Using critic "PathDist" (dwb_critics::PathDistCritic)
[controller_server-10] [INFO] [1790559183.628326508] [controller_server]: Critic plugin initialized
[controller_server-10] [INFO] [1790559183.629081369] [controller_server]: Using critic "GoalDist" (dwb_critics::GoalDistCritic)
[controller_server-10] [INFO] [1790559183.630154832] [controller_server]: Critic plugin initialized
[controller_server-10] [INFO] [1790559183.630563443] [controller_server]: Controller Server has FollowPath  controllers available.
[lifecycle_manager-17] [INFO] [1790559183.655963720] [lifecycle_manager_navigation]: [34m[1mConfiguring bt_navigator[0m[0m
[bt_navigator-11] [INFO] [1790559183.656667156] [bt_navigator]: Configuring
[bt_navigator-11] [INFO] [1790559183.677988797] [bt_navigator]: Creating navigator id navigate_to_pose of type nav2_bt_navigator::NavigateToPoseNavigator
[bt_navigator-11] [WARN] [1790559183.686387798] [bt_navigator]: Error_code parameters were not set. Using default values of: follow_path_error_code compute_path_error_code
[bt_navigator-11] Make sure these match your BT and there are not other sources of error codes youreported to your application
[bt_navigator-11] [INFO] [1790559183.813010940] [bt_navigator]: Creating navigator id navigate_through_poses of type nav2_bt_navigator::NavigateThroughPosesNavigator
[lifecycle_manager-17] [INFO] [1790559183.853326108] [lifecycle_manager_navigation]: [34m[1mConfiguring behavior_server[0m[0m
[behavior_server-12] [INFO] [1790559183.853543529] [behavior_server]: Configuring
[behavior_server-12] [INFO] [1790559183.860005832] [behavior_server]: Creating behavior plugin spin of type nav2_behaviors::Spin
[behavior_server-12] [INFO] [1790559183.862135018] [behavior_server]: Creating behavior plugin backup of type nav2_behaviors::BackUp
[behavior_server-12] [INFO] [1790559183.863084766] [behavior_server]: Creating behavior plugin wait of type nav2_behaviors::Wait
[behavior_server-12] [INFO] [1790559183.874554959] [behavior_server]: Configuring spin
[behavior_server-12] [INFO] [1790559183.888406798] [behavior_server]: Configuring backup
[behavior_server-12] [INFO] [1790559183.897684988] [behavior_server]: Configuring wait
[lifecycle_manager-17] [INFO] [1790559183.904916201] [lifecycle_manager_navigation]: [34m[1mConfiguring waypoint_follower[0m[0m
[waypoint_follower-13] [INFO] [1790559183.905404018] [waypoint_follower]: Configuring
[waypoint_follower-13] [INFO] [1790559183.958858199] [waypoint_follower]: Created waypoint_task_executor : wait_at_waypoint of type nav2_waypoint_follower::WaitAtWaypoint
[waypoint_follower-13] [INFO] [1790559183.959874363] [waypoint_follower]: Waypoint pause duration is set to zero, disabling task executor plugin.
[lifecycle_manager-17] [INFO] [1790559183.962160820] [lifecycle_manager_navigation]: [34m[1mActivating planner_server[0m[0m
[planner_server-9] [INFO] [1790559183.963478876] [planner_server]: Activating
[planner_server-9] [INFO] [1790559183.963574574] [global_costmap.global_costmap]: Activating
[planner_server-9] [INFO] [1790559183.963587340] [global_costmap.global_costmap]: Checking transform
[planner_server-9] [INFO] [1790559183.963760031] [global_costmap.global_costmap]: Timed out waiting for transform from base_footprint to map to become available, tf error: Lookup would require extrapolation into the past.  Requested time 7.440000 but the earliest data is at time 7.700000, when looking up transform from frame [base_footprint] to frame [map]
[planner_server-9] [INFO] [1790559184.463959677] [global_costmap.global_costmap]: start
[planner_server-9] [INFO] [1790559185.016740352] [planner_server]: Activating plugin GridBased of type SmacPlanner2D
[planner_server-9] [INFO] [1790559185.018674428] [planner_server]: Creating bond (planner_server) to lifecycle manager.
[lifecycle_manager-17] [INFO] [1790559185.129728459] [lifecycle_manager_navigation]: Server planner_server connected with bond.
[lifecycle_manager-17] [INFO] [1790559185.129782735] [lifecycle_manager_navigation]: [34m[1mActivating controller_server[0m[0m
[controller_server-10] [INFO] [1790559185.130112846] [controller_server]: Activating
[controller_server-10] [INFO] [1790559185.130173651] [local_costmap.local_costmap]: Activating
[controller_server-10] [INFO] [1790559185.130191902] [local_costmap.local_costmap]: Checking transform
[controller_server-10] [INFO] [1790559185.130416123] [local_costmap.local_costmap]: start
[controller_server-10] [INFO] [1790559185.331894800] [controller_server]: Creating bond (controller_server) to lifecycle manager.
[lifecycle_manager-17] [INFO] [1790559185.442249733] [lifecycle_manager_navigation]: Server controller_server connected with bond.
[lifecycle_manager-17] [INFO] [1790559185.442304748] [lifecycle_manager_navigation]: [34m[1mActivating bt_navigator[0m[0m
[bt_navigator-11] [INFO] [1790559185.443312724] [bt_navigator]: Activating
[bt_navigator-11] [INFO] [1790559185.580402722] [bt_navigator]: Creating bond (bt_navigator) to lifecycle manager.
[lifecycle_manager-17] [INFO] [1790559185.688290073] [lifecycle_manager_navigation]: Server bt_navigator connected with bond.
[lifecycle_manager-17] [INFO] [1790559185.688422665] [lifecycle_manager_navigation]: [34m[1mActivating behavior_server[0m[0m
[behavior_server-12] [INFO] [1790559185.689869908] [behavior_server]: Activating
[behavior_server-12] [INFO] [1790559185.689939783] [behavior_server]: Activating spin
[behavior_server-12] [INFO] [1790559185.689964599] [behavior_server]: Activating backup
[behavior_server-12] [INFO] [1790559185.689997676] [behavior_server]: Activating wait
[behavior_server-12] [INFO] [1790559185.690028092] [behavior_server]: Creating bond (behavior_server) to lifecycle manager.
[bt_navigator-11] [INFO] [1790559185.699273640] [bt_navigator]: Begin navigating from current location (14.99, 8.01) to (15.00, 13.50)
[controller_server-10] [INFO] [1790559185.721585783] [controller_server]: Received a goal, begin computing control effort.
[controller_server-10] [WARN] [1790559185.721679229] [controller_server]: No goal checker was specified in parameter 'current_goal_checker'. Server will use only plugin loaded goal_checker . This warning will appear once.
[controller_server-10] [WARN] [1790559185.721711054] [controller_server]: No progress checker was specified in parameter 'current_progress_checker'. Server will use only plugin loaded progress_checker . This warning will appear once.
[parameter_bridge-2] [INFO] [1790559185.726332109] [ros_gz_bridge]: Passing message from ROS geometry_msgs/msg/Twist to Gazebo gz.msgs.Twist (showing msg only once per type)
[lifecycle_manager-17] [INFO] [1790559185.803091193] [lifecycle_manager_navigation]: Server behavior_server connected with bond.
[lifecycle_manager-17] [INFO] [1790559185.803175655] [lifecycle_manager_navigation]: [34m[1mActivating waypoint_follower[0m[0m
[waypoint_follower-13] [INFO] [1790559185.803799828] [waypoint_follower]: Activating
[waypoint_follower-13] [INFO] [1790559185.803873997] [waypoint_follower]: Creating bond (waypoint_follower) to lifecycle manager.
[lifecycle_manager-17] [INFO] [1790559185.918135916] [lifecycle_manager_navigation]: Server waypoint_follower connected with bond.
[lifecycle_manager-17] [INFO] [1790559185.918176514] [lifecycle_manager_navigation]: [34m[1mManaged nodes are active[0m[0m
[lifecycle_manager-17] [INFO] [1790559185.918182454] [lifecycle_manager_navigation]: [34m[1mCreating bond timer...[0m[0m
[python3-5] [INFO] [1790559186.245842042] [school_pose_sync_monitor]: Gazebo↔RViz pose error=0.022 m (gz=15.00,8.04; tf=14.99,8.06)
[controller_server-10] [INFO] [1790559186.822199966] [controller_server]: Passing new path to controller.
[controller_server-10] [INFO] [1790559187.822204198] [controller_server]: Passing new path to controller.
[controller_server-10] [INFO] [1790559188.822311994] [controller_server]: Passing new path to controller.
[controller_server-10] [INFO] [1790559189.822167041] [controller_server]: Passing new path to controller.
[controller_server-10] [INFO] [1790559190.922208539] [controller_server]: Passing new path to controller.
[python3-5] [INFO] [1790559191.251575218] [school_pose_sync_monitor]: Gazebo↔RViz pose error=0.016 m (gz=15.00,8.83; tf=14.99,8.84)
[controller_server-10] [INFO] [1790559191.922254347] [controller_server]: Passing new path to controller.
[controller_server-10] [INFO] [1790559192.922194618] [controller_server]: Passing new path to controller.
[controller_server-10] [INFO] [1790559193.922153712] [controller_server]: Passing new path to controller.
[controller_server-10] [INFO] [1790559195.022157042] [controller_server]: Passing new path to controller.
[controller_server-10] [INFO] [1790559196.022189122] [controller_server]: Passing new path to controller.
[python3-5] [INFO] [1790559196.252122676] [school_pose_sync_monitor]: Gazebo↔RViz pose error=0.031 m (gz=15.00,9.65; tf=14.99,9.68)
[controller_server-10] [INFO] [1790559197.022161549] [controller_server]: Passing new path to controller.
[controller_server-10] [INFO] [1790559198.022191934] [controller_server]: Passing new path to controller.
[controller_server-10] [INFO] [1790559199.122175249] [controller_server]: Passing new path to controller.
[controller_server-10] [INFO] [1790559200.122226695] [controller_server]: Passing new path to controller.
[controller_server-10] [INFO] [1790559201.122149229] [controller_server]: Passing new path to controller.
[python3-5] [INFO] [1790559201.252740719] [school_pose_sync_monitor]: Gazebo↔RViz pose error=0.007 m (gz=14.95,10.58; tf=14.94,10.58)
[controller_server-10] [INFO] [1790559202.222152255] [controller_server]: Passing new path to controller.
[controller_server-10] [INFO] [1790559203.222143342] [controller_server]: Passing new path to controller.
[controller_server-10] [INFO] [1790559204.222166666] [controller_server]: Passing new path to controller.
[controller_server-10] [INFO] [1790559205.222146155] [controller_server]: Passing new path to controller.
[python3-5] [INFO] [1790559206.253490503] [school_pose_sync_monitor]: Gazebo↔RViz pose error=0.039 m (gz=14.88,11.40; tf=14.87,11.36)
[controller_server-10] [INFO] [1790559206.322189480] [controller_server]: Passing new path to controller.
[controller_server-10] [INFO] [1790559207.322174450] [controller_server]: Passing new path to controller.
[controller_server-10] [INFO] [1790559208.322154081] [controller_server]: Passing new path to controller.
[controller_server-10] [INFO] [1790559209.322142251] [controller_server]: Passing new path to controller.
[controller_server-10] [INFO] [1790559210.422432529] [controller_server]: Passing new path to controller.
[python3-5] [INFO] [1790559211.266492698] [school_pose_sync_monitor]: Gazebo↔RViz pose error=0.024 m (gz=14.85,11.56; tf=14.85,11.53)
[controller_server-10] [INFO] [1790559211.422161833] [controller_server]: Passing new path to controller.
[bt_navigator-11] [ERROR] [1790559211.650711910] [bt_navigator_navigate_to_pose_rclcpp_node]: Failed to get result for follow_path in node halt!
[bt_navigator-11] [INFO] [1790559211.650894864] [bt_navigator]: [navigate_to_pose] [ActionServer] Client requested to cancel the goal. Cancelling.
[bt_navigator-11] [INFO] [1790559211.651164705] [bt_navigator]: Goal canceled
[controller_server-10] [INFO] [1790559211.722155941] [controller_server]: Cancellation was successful. Stopping the robot.
[controller_server-10] [INFO] [1790559211.722209075] [controller_server]: [follow_path] [ActionServer] Client requested to cancel the goal. Cancelling.
[WARNING] [launch]: user interrupted with ctrl-c (SIGINT)
[controller_server-10] [INFO] [1790559213.640696368] [rclcpp]: signal_handler(SIGINT/SIGTERM)
[controller_server-10] [INFO] [1790559213.640807668] [controller_server]: Running Nav2 LifecycleNode rcl preshutdown (controller_server)
[controller_server-10] [INFO] [1790559213.640875120] [controller_server]: Deactivating
[planner_server-9] [INFO] [1790559213.640693645] [rclcpp]: signal_handler(SIGINT/SIGTERM)
[planner_server-9] [INFO] [1790559213.640794936] [planner_server]: Running Nav2 LifecycleNode rcl preshutdown (planner_server)
[planner_server-9] [INFO] [1790559213.640872761] [planner_server]: Deactivating
[planner_server-9] [INFO] [1790559213.640925227] [global_costmap.global_costmap]: Deactivating
[map_server-7] [INFO] [1790559213.640705374] [rclcpp]: signal_handler(SIGINT/SIGTERM)
[map_server-7] [INFO] [1790559213.640854652] [map_server]: Running Nav2 LifecycleNode rcl preshutdown (map_server)
[map_server-7] [INFO] [1790559213.640964041] [map_server]: Deactivating
[amcl-8] [INFO] [1790559213.640696863] [rclcpp]: signal_handler(SIGINT/SIGTERM)
[amcl-8] [INFO] [1790559213.640839691] [amcl]: Running Nav2 LifecycleNode rcl preshutdown (amcl)
[amcl-8] [INFO] [1790559213.640918204] [amcl]: Deactivating
[amcl-8] [INFO] [1790559213.640955134] [amcl]: Destroying bond (amcl) to lifecycle manager.
[lifecycle_manager-17] [INFO] [1790559213.640706484] [rclcpp]: signal_handler(SIGINT/SIGTERM)
[lifecycle_manager-17] [INFO] [1790559213.640840665] [lifecycle_manager_navigation]: Running Nav2 LifecycleManager rcl preshutdown (lifecycle_manager_navigation)
[lifecycle_manager-17] [INFO] [1790559213.640891632] [lifecycle_manager_navigation]: [34m[1mTerminating bond timer...[0m[0m
[behavior_server-12] [INFO] [1790559213.640718637] [rclcpp]: signal_handler(SIGINT/SIGTERM)
[behavior_server-12] [INFO] [1790559213.640842219] [behavior_server]: Running Nav2 LifecycleNode rcl preshutdown (behavior_server)
[behavior_server-12] [INFO] [1790559213.640933551] [behavior_server]: Deactivating
[behavior_server-12] [INFO] [1790559213.640981322] [behavior_server]: Destroying bond (behavior_server) to lifecycle manager.
[INFO] [lifecycle_manager-17]: sending signal 'SIGINT' to process[lifecycle_manager-17]
[INFO] [lifecycle_manager-16]: sending signal 'SIGINT' to process[lifecycle_manager-16]
[INFO] [goal_pose_bridge.py-15]: sending signal 'SIGINT' to process[goal_pose_bridge.py-15]
[INFO] [waypoint_follower-13]: sending signal 'SIGINT' to process[waypoint_follower-13]
[INFO] [behavior_server-12]: sending signal 'SIGINT' to process[behavior_server-12]
[INFO] [bt_navigator-11]: sending signal 'SIGINT' to process[bt_navigator-11]
[INFO] [controller_server-10]: sending signal 'SIGINT' to process[controller_server-10]
[INFO] [planner_server-9]: sending signal 'SIGINT' to process[planner_server-9]
[INFO] [amcl-8]: sending signal 'SIGINT' to process[amcl-8]
[INFO] [map_server-7]: sending signal 'SIGINT' to process[map_server-7]
[ERROR] [goal_pose_bridge.py-15]: process has died [pid 36777, exit code -2, cmd '/home/haduckien/nav_ws/install/custom_corridor/lib/custom_corridor/goal_pose_bridge.py --ros-args -r __node:=goal_pose_bridge --params-file /tmp/launch_params_hlnw4q6r'].
[INFO] [python3-5]: sending signal 'SIGINT' to process[python3-5]
[ERROR] [amcl-8]: process has died [pid 36770, exit code -2, cmd '/opt/ros/jazzy/lib/nav2_amcl/amcl --ros-args -r __node:=amcl --params-file /home/haduckien/nav_ws/src/custom_corridor/worlds/school_arena/demo_1/dataset_v1.0/episodes/ep_000004/nav2_school.yaml --params-file /tmp/launch_params_mb37n7s0'].
[INFO] [python3-4]: sending signal 'SIGINT' to process[python3-4]
[ERROR] [map_server-7]: process has died [pid 36769, exit code -2, cmd '/opt/ros/jazzy/lib/nav2_map_server/map_server --ros-args -r __node:=map_server --params-file /home/haduckien/nav_ws/src/custom_corridor/worlds/school_arena/demo_1/dataset_v1.0/episodes/ep_000004/nav2_school.yaml --params-file /tmp/launch_params_i8s6slde'].
[INFO] [robot_state_publisher-3]: sending signal 'SIGINT' to process[robot_state_publisher-3]
[INFO] [parameter_bridge-2]: sending signal 'SIGINT' to process[parameter_bridge-2]
[INFO] [gz-1]: sending signal 'SIGINT' to process[gz-1]
[parameter_bridge-2] [INFO] [1790559213.640749230] [rclcpp]: signal_handler(SIGINT/SIGTERM)
[ERROR] [robot_state_publisher-3]: process has died [pid 36313, exit code -2, cmd '/opt/ros/jazzy/lib/robot_state_publisher/robot_state_publisher --ros-args --params-file /tmp/launch_params_r8lem6bh'].
[ERROR] [python3-5]: process has died [pid 36315, exit code -2, cmd 'python3 /home/haduckien/nav_ws/src/custom_corridor/worlds/school_arena/demo_1/pose_sync_monitor.py --ros-args -p use_sim_time:=true -p robot_name:=robot -p world_frame:=map -p initial_x:=15.0 -p initial_y:=8.0'].
[bt_navigator-11] [INFO] [1790559213.640748929] [rclcpp]: signal_handler(SIGINT/SIGTERM)
[bt_navigator-11] [INFO] [1790559213.640826312] [bt_navigator]: Running Nav2 LifecycleNode rcl preshutdown (bt_navigator)
[bt_navigator-11] [INFO] [1790559213.640920517] [bt_navigator]: Deactivating
[bt_navigator-11] [INFO] [1790559213.640974056] [bt_navigator]: Destroying bond (bt_navigator) to lifecycle manager.
[ERROR] [python3-4]: process has died [pid 36314, exit code -2, cmd 'python3 /home/haduckien/nav_ws/src/custom_corridor/worlds/school_arena/demo_1/collision_safe_pose_applier.py --ros-args -p use_sim_time:=true -p world_name:=school_arena -p target_topic:=/school_hunav/target_poses -p map_yaml:=/home/haduckien/nav_ws/src/custom_corridor/worlds/school_arena/demo_1/map.yaml -p agent_radius:=0.22 -p apply_hz:=20.0 -p ground_z:=0.0'].
[controller_server-10] [INFO] [1790559213.640955421] [local_costmap.local_costmap]: Deactivating
[map_server-7] [INFO] [1790559213.640996036] [map_server]: Destroying bond (map_server) to lifecycle manager.
[robot_state_publisher-3] [INFO] [1790559213.640927367] [rclcpp]: signal_handler(SIGINT/SIGTERM)
[waypoint_follower-13] [INFO] [1790559213.641049710] [rclcpp]: signal_handler(SIGINT/SIGTERM)
[waypoint_follower-13] [INFO] [1790559213.641227040] [waypoint_follower]: Running Nav2 LifecycleNode rcl preshutdown (waypoint_follower)
[waypoint_follower-13] [INFO] [1790559213.641341521] [waypoint_follower]: Deactivating
[waypoint_follower-13] [INFO] [1790559213.641388210] [waypoint_follower]: Destroying bond (waypoint_follower) to lifecycle manager.
[lifecycle_manager-16] [INFO] [1790559213.641805415] [rclcpp]: signal_handler(SIGINT/SIGTERM)
[lifecycle_manager-16] [INFO] [1790559213.641914519] [lifecycle_manager_localization]: Running Nav2 LifecycleManager rcl preshutdown (lifecycle_manager_localization)
[lifecycle_manager-16] [INFO] [1790559213.641947976] [lifecycle_manager_localization]: [34m[1mTerminating bond timer...[0m[0m
[amcl-8] [INFO] [1790559213.651612178] [amcl]: Cleaning up
[waypoint_follower-13] [INFO] [1790559213.651869254] [waypoint_follower]: Cleaning up
[bt_navigator-11] [INFO] [1790559213.651875990] [bt_navigator]: Cleaning up
[behavior_server-12] [INFO] [1790559213.652364135] [behavior_server]: Cleaning up
[map_server-7] [INFO] [1790559213.652365915] [map_server]: Cleaning up
[map_server-7] [INFO] [1790559213.652442094] [map_server]: Destroying bond (map_server) to lifecycle manager.
[behavior_server-12] [INFO] [1790559213.657021431] [behavior_server]: Destroying bond (behavior_server) to lifecycle manager.
[amcl-8] [INFO] [1790559213.658720358] [amcl]: Destroying bond (amcl) to lifecycle manager.
[map_server-7] [INFO] [1790559213.662787235] [map_server]: Destroying
[behavior_server-12] [INFO] [1790559213.669846663] [rclcpp]: signal_handler(SIGINT/SIGTERM)
[waypoint_follower-13] [INFO] [1790559213.670032588] [waypoint_follower]: Destroying bond (waypoint_follower) to lifecycle manager.
[waypoint_follower-13] [INFO] [1790559213.672082807] [rclcpp]: signal_handler(SIGINT/SIGTERM)
[lifecycle_manager-16] [INFO] [1790559213.673163708] [rclcpp]: signal_handler(SIGINT/SIGTERM)
[amcl-8] [INFO] [1790559213.675598216] [amcl]: Destroying
[lifecycle_manager-16] [INFO] [1790559213.676544101] [lifecycle_manager_localization]: Destroying lifecycle_manager_localization
[waypoint_follower-13] [INFO] [1790559213.685563111] [waypoint_follower]: Destroying
[behavior_server-12] [INFO] [1790559213.686176582] [behavior_server]: Destroying
[parameter_bridge-2] [INFO] [1790559213.700000050] [rclcpp]: signal_handler(SIGINT/SIGTERM)
[bt_navigator-11] [INFO] [1790559213.729645505] [bt_navigator]: Completed Cleaning up
[bt_navigator-11] [INFO] [1790559213.729711033] [bt_navigator]: Destroying bond (bt_navigator) to lifecycle manager.
[bt_navigator-11] [INFO] [1790559213.730024028] [rclcpp]: signal_handler(SIGINT/SIGTERM)
[controller_server-10] [INFO] [1790559213.730699659] [controller_server]: Destroying bond (controller_server) to lifecycle manager.
[lifecycle_manager-17] [INFO] [1790559213.732155037] [rclcpp]: signal_handler(SIGINT/SIGTERM)
[lifecycle_manager-17] [INFO] [1790559213.733969715] [lifecycle_manager_navigation]: Destroying lifecycle_manager_navigation
[bt_navigator-11] [INFO] [1790559213.734732597] [bt_navigator]: Destroying
[controller_server-10] [INFO] [1790559213.741019413] [controller_server]: Cleaning up
[controller_server-10] [INFO] [1790559213.741660636] [local_costmap.local_costmap]: Cleaning up
[controller_server-10] [INFO] [1790559213.753616194] [controller_server]: Destroying bond (controller_server) to lifecycle manager.
[controller_server-10] [INFO] [1790559213.754799398] [rclcpp]: signal_handler(SIGINT/SIGTERM)
[controller_server-10] [INFO] [1790559213.758407533] [local_costmap.local_costmap]: Destroying
[controller_server-10] [INFO] [1790559213.765663667] [controller_server]: Destroying
[INFO] [parameter_bridge-2]: process has finished cleanly [pid 36312]
[INFO] [lifecycle_manager-16]: process has finished cleanly [pid 37010]
[INFO] [waypoint_follower-13]: process has finished cleanly [pid 36775]
[INFO] [behavior_server-12]: process has finished cleanly [pid 36774]
[INFO] [lifecycle_manager-17]: process has finished cleanly [pid 37080]
[INFO] [bt_navigator-11]: process has finished cleanly [pid 36773]
[INFO] [controller_server-10]: process has finished cleanly [pid 36772]
[planner_server-9] [INFO] [1790559213.965592019] [planner_server]: Deactivating plugin GridBased of type SmacPlanner2D
[planner_server-9] [INFO] [1790559213.965651822] [planner_server]: Destroying bond (planner_server) to lifecycle manager.
[planner_server-9] [INFO] [1790559213.975898746] [planner_server]: Cleaning up
[planner_server-9] [INFO] [1790559213.979870194] [global_costmap.global_costmap]: Cleaning up
[planner_server-9] [INFO] [1790559213.983309194] [planner_server]: Cleaning up plugin GridBased of type SmacPlanner2D
[planner_server-9] [INFO] [1790559213.983461439] [planner_server]: Destroying plugin GridBased of type SmacPlanner2D
[planner_server-9] [INFO] [1790559213.987888391] [planner_server]: Destroying bond (planner_server) to lifecycle manager.
[planner_server-9] [INFO] [1790559213.988650319] [rclcpp]: signal_handler(SIGINT/SIGTERM)
[planner_server-9] [INFO] [1790559213.989826659] [global_costmap.global_costmap]: Destroying
[planner_server-9] [INFO] [1790559213.996031562] [planner_server]: Destroying
[INFO] [gz-1]: process has finished cleanly [pid 36311]
[INFO] [planner_server-9]: process has finished cleanly [pid 36771]
[INFO] [launch]: All log files can be found below /home/haduckien/.ros/log/2026-09-28-08-33-44-673299-Raccoon2005-38255
[INFO] [launch]: Default logging verbosity is set to INFO
[INFO] [gz-1]: process started with pid [38540]
[INFO] [parameter_bridge-2]: process started with pid [38541]
[INFO] [robot_state_publisher-3]: process started with pid [38542]
[INFO] [python3-4]: process started with pid [38543]
[INFO] [python3-5]: process started with pid [38544]
[robot_state_publisher-3] [INFO] [1790559224.807546551] [robot_state_publisher]: Robot initialized
[python3-5] [INFO] [1790559225.250087303] [school_pose_sync_monitor]: Gazebo/RViz sync monitor active: orange pose=/demo/gazebo_robot_pose
[python3-4] [INFO] [1790559225.273180753] [school_collision_safe_pose_applier]: Wall guard active: map=/home/haduckien/nav_ws/src/custom_corridor/worlds/school_arena/demo_1/map.yaml, radius=0.22 m, topic=/school_hunav/target_poses
[gz-1] [1;33mWarning [Utils.cc:132][0m [/sdf/world[@name="school_arena"]/model[@name="robot"]/link[@name="base_scan"]/sensor[@name="hls_lfcd_lds"]/gz_frame_id:/home/haduckien/nav_ws/src/custom_corridor/worlds/school_arena/demo_1/dataset_v1.0/episodes/ep_000004/runtime_logs/ep_000004.contact.world:L3501]: XML Element[gz_frame_id], child of element[sensor], not defined in SDF. Copying[gz_frame_id] as children of [sensor].
[parameter_bridge-2] [INFO] [1790559225.853186110] [ros_gz_bridge]: Creating GZ->ROS Bridge: [/clock (gz.msgs.Clock) -> /clock (rosgraph_msgs/msg/Clock)] (Lazy 0)
[parameter_bridge-2] [INFO] [1790559225.854534323] [ros_gz_bridge]: Creating GZ->ROS Bridge: [/joint_states (gz.msgs.Model) -> /joint_states (sensor_msgs/msg/JointState)] (Lazy 0)
[parameter_bridge-2] [INFO] [1790559225.858006994] [ros_gz_bridge]: Creating GZ->ROS Bridge: [/odom (gz.msgs.Odometry) -> /odom (nav_msgs/msg/Odometry)] (Lazy 0)
[parameter_bridge-2] [INFO] [1790559225.862263227] [ros_gz_bridge]: Creating GZ->ROS Bridge: [/tf (gz.msgs.Pose_V) -> /tf (tf2_msgs/msg/TFMessage)] (Lazy 0)
[parameter_bridge-2] [INFO] [1790559225.866246060] [ros_gz_bridge]: Creating GZ->ROS Bridge: [/scan (gz.msgs.LaserScan) -> /scan (sensor_msgs/msg/LaserScan)] (Lazy 0)
[parameter_bridge-2] [INFO] [1790559225.867768808] [ros_gz_bridge]: Creating ROS->GZ Bridge: [/cmd_vel (geometry_msgs/msg/Twist) -> /cmd_vel (gz.msgs.Twist)] (Lazy 0)
[parameter_bridge-2] [INFO] [1790559225.869719916] [ros_gz_bridge]: Creating GZ->ROS Bridge: [/world/school_arena/dynamic_pose/info (gz.msgs.Pose_V) -> /world/school_arena/dynamic_pose/info (tf2_msgs/msg/TFMessage)] (Lazy 0)
[parameter_bridge-2] [INFO] [1790559225.870701786] [ros_gz_bridge]: Creating ROS->GZ service bridge [/world/school_arena/set_pose (ros_gz_interfaces/srv/SetEntityPose -> gz.msgs.Pose/gz.msgs.Boolean)]
[parameter_bridge-2] [INFO] [1790559225.872273426] [ros_gz_bridge]: Creating ROS->GZ service bridge [/world/school_arena/control (ros_gz_interfaces/srv/ControlWorld -> gz.msgs.WorldControl/gz.msgs.Boolean)]
[parameter_bridge-2] [INFO] [1790559225.872961869] [ros_gz_bridge]: Creating GZ->ROS Bridge: [/robot/camera/image_raw (gz.msgs.Image) -> /robot/camera/image_raw (sensor_msgs/msg/Image)] (Lazy 0)
[INFO] [python3-6]: process started with pid [38990]
[python3-6] [INFO] [1790559228.563820666] [school_wait_for_robot_tf]: Robot odom/TF and simulation clock ready
[INFO] [python3-6]: process has finished cleanly [pid 38990]
[INFO] [map_server-7]: process started with pid [39019]
[INFO] [amcl-8]: process started with pid [39020]
[INFO] [planner_server-9]: process started with pid [39021]
[INFO] [controller_server-10]: process started with pid [39027]
[INFO] [bt_navigator-11]: process started with pid [39028]
[INFO] [behavior_server-12]: process started with pid [39029]
[INFO] [waypoint_follower-13]: process started with pid [39030]
[INFO] [python3-14]: process started with pid [39031]
[INFO] [goal_pose_bridge.py-15]: process started with pid [39033]
[bt_navigator-11] [INFO] [1790559228.812986571] [bt_navigator]: 
[bt_navigator-11] 	bt_navigator lifecycle node launched. 
[bt_navigator-11] 	Waiting on external lifecycle transitions to activate
[bt_navigator-11] 	See https://design.ros2.org/articles/node_lifecycle.html for more information.
[bt_navigator-11] [INFO] [1790559228.815137210] [bt_navigator]: Creating
[planner_server-9] [INFO] [1790559228.819079857] [planner_server]: 
[planner_server-9] 	planner_server lifecycle node launched. 
[planner_server-9] 	Waiting on external lifecycle transitions to activate
[planner_server-9] 	See https://design.ros2.org/articles/node_lifecycle.html for more information.
[planner_server-9] [INFO] [1790559228.821781588] [planner_server]: Creating
[amcl-8] [INFO] [1790559228.839150029] [amcl]: 
[amcl-8] 	amcl lifecycle node launched. 
[amcl-8] 	Waiting on external lifecycle transitions to activate
[amcl-8] 	See https://design.ros2.org/articles/node_lifecycle.html for more information.
[amcl-8] [INFO] [1790559228.840268826] [amcl]: Creating
[behavior_server-12] [INFO] [1790559228.844808848] [behavior_server]: 
[behavior_server-12] 	behavior_server lifecycle node launched. 
[behavior_server-12] 	Waiting on external lifecycle transitions to activate
[behavior_server-12] 	See https://design.ros2.org/articles/node_lifecycle.html for more information.
[planner_server-9] [INFO] [1790559228.856313165] [global_costmap.global_costmap]: 
[planner_server-9] 	global_costmap lifecycle node launched. 
[planner_server-9] 	Waiting on external lifecycle transitions to activate
[planner_server-9] 	See https://design.ros2.org/articles/node_lifecycle.html for more information.
[planner_server-9] [INFO] [1790559228.856790423] [global_costmap.global_costmap]: Creating Costmap
[controller_server-10] [INFO] [1790559228.860505042] [controller_server]: 
[controller_server-10] 	controller_server lifecycle node launched. 
[controller_server-10] 	Waiting on external lifecycle transitions to activate
[controller_server-10] 	See https://design.ros2.org/articles/node_lifecycle.html for more information.
[map_server-7] [INFO] [1790559228.861460878] [map_server]: 
[map_server-7] 	map_server lifecycle node launched. 
[map_server-7] 	Waiting on external lifecycle transitions to activate
[map_server-7] 	See https://design.ros2.org/articles/node_lifecycle.html for more information.
[map_server-7] [INFO] [1790559228.861607853] [map_server]: Creating
[waypoint_follower-13] [INFO] [1790559228.861797434] [waypoint_follower]: 
[waypoint_follower-13] 	waypoint_follower lifecycle node launched. 
[waypoint_follower-13] 	Waiting on external lifecycle transitions to activate
[waypoint_follower-13] 	See https://design.ros2.org/articles/node_lifecycle.html for more information.
[waypoint_follower-13] [INFO] [1790559228.862103443] [waypoint_follower]: Creating
[controller_server-10] [INFO] [1790559228.864488977] [controller_server]: Creating controller server
[controller_server-10] [INFO] [1790559228.874992707] [local_costmap.local_costmap]: 
[controller_server-10] 	local_costmap lifecycle node launched. 
[controller_server-10] 	Waiting on external lifecycle transitions to activate
[controller_server-10] 	See https://design.ros2.org/articles/node_lifecycle.html for more information.
[controller_server-10] [INFO] [1790559228.875405022] [local_costmap.local_costmap]: Creating Costmap
[goal_pose_bridge.py-15] [INFO] [1790559229.961127866] [goal_pose_bridge]: GoalPoseBridge started: listening on /goal_pose -> forwarding to /navigate_to_pose
[INFO] [lifecycle_manager-16]: process started with pid [39475]
[lifecycle_manager-16] [INFO] [1790559230.814394225] [lifecycle_manager_localization]: Creating
[lifecycle_manager-16] [INFO] [1790559230.819509314] [lifecycle_manager_localization]: [34m[1mCreating and initializing lifecycle service clients[0m[0m
[WARNING] [launch]: user interrupted with ctrl-c (SIGINT)
[controller_server-10] [INFO] [1790559232.005009081] [rclcpp]: signal_handler(SIGINT/SIGTERM)
[waypoint_follower-13] [INFO] [1790559232.005009436] [rclcpp]: signal_handler(SIGINT/SIGTERM)
[waypoint_follower-13] [INFO] [1790559232.005150303] [waypoint_follower]: Running Nav2 LifecycleNode rcl preshutdown (waypoint_follower)
[waypoint_follower-13] [INFO] [1790559232.005187843] [waypoint_follower]: Destroying bond (waypoint_follower) to lifecycle manager.
[lifecycle_manager-16] [INFO] [1790559232.005011353] [rclcpp]: signal_handler(SIGINT/SIGTERM)
[lifecycle_manager-16] [INFO] [1790559232.005140606] [lifecycle_manager_localization]: Running Nav2 LifecycleManager rcl preshutdown (lifecycle_manager_localization)
[INFO] [lifecycle_manager-16]: sending signal 'SIGINT' to process[lifecycle_manager-16]
[INFO] [goal_pose_bridge.py-15]: sending signal 'SIGINT' to process[goal_pose_bridge.py-15]
[INFO] [python3-14]: sending signal 'SIGINT' to process[python3-14]
[INFO] [waypoint_follower-13]: sending signal 'SIGINT' to process[waypoint_follower-13]
[INFO] [behavior_server-12]: sending signal 'SIGINT' to process[behavior_server-12]
[INFO] [bt_navigator-11]: sending signal 'SIGINT' to process[bt_navigator-11]
[INFO] [controller_server-10]: sending signal 'SIGINT' to process[controller_server-10]
[INFO] [planner_server-9]: sending signal 'SIGINT' to process[planner_server-9]
[ERROR] [behavior_server-12]: process has died [pid 39029, exit code -2, cmd '/opt/ros/jazzy/lib/nav2_behaviors/behavior_server --ros-args -r __node:=behavior_server --params-file /home/haduckien/nav_ws/src/custom_corridor/worlds/school_arena/demo_1/dataset_v1.0/episodes/ep_000004/nav2_school.yaml'].
[ERROR] [waypoint_follower-13]: process has died [pid 39030, exit code -2, cmd '/opt/ros/jazzy/lib/nav2_waypoint_follower/waypoint_follower --ros-args -r __node:=waypoint_follower --params-file /home/haduckien/nav_ws/src/custom_corridor/worlds/school_arena/demo_1/dataset_v1.0/episodes/ep_000004/nav2_school.yaml'].
[INFO] [amcl-8]: sending signal 'SIGINT' to process[amcl-8]
[INFO] [map_server-7]: sending signal 'SIGINT' to process[map_server-7]
[INFO] [python3-5]: sending signal 'SIGINT' to process[python3-5]
[ERROR] [controller_server-10]: process has died [pid 39027, exit code -2, cmd '/opt/ros/jazzy/lib/nav2_controller/controller_server --ros-args -r __node:=controller_server --params-file /home/haduckien/nav_ws/src/custom_corridor/worlds/school_arena/demo_1/dataset_v1.0/episodes/ep_000004/nav2_school.yaml'].
[ERROR] [amcl-8]: process has died [pid 39020, exit code -2, cmd '/opt/ros/jazzy/lib/nav2_amcl/amcl --ros-args -r __node:=amcl --params-file /home/haduckien/nav_ws/src/custom_corridor/worlds/school_arena/demo_1/dataset_v1.0/episodes/ep_000004/nav2_school.yaml --params-file /tmp/launch_params_t4yo4xg7'].
[ERROR] [bt_navigator-11]: process has died [pid 39028, exit code -2, cmd '/opt/ros/jazzy/lib/nav2_bt_navigator/bt_navigator --ros-args -r __node:=bt_navigator --params-file /home/haduckien/nav_ws/src/custom_corridor/worlds/school_arena/demo_1/dataset_v1.0/episodes/ep_000004/nav2_school.yaml'].
[INFO] [python3-4]: sending signal 'SIGINT' to process[python3-4]
[ERROR] [planner_server-9]: process has died [pid 39021, exit code -2, cmd '/opt/ros/jazzy/lib/nav2_planner/planner_server --ros-args -r __node:=planner_server --params-file /home/haduckien/nav_ws/src/custom_corridor/worlds/school_arena/demo_1/dataset_v1.0/episodes/ep_000004/nav2_school.yaml'].
[INFO] [robot_state_publisher-3]: sending signal 'SIGINT' to process[robot_state_publisher-3]
[ERROR] [map_server-7]: process has died [pid 39019, exit code -2, cmd '/opt/ros/jazzy/lib/nav2_map_server/map_server --ros-args -r __node:=map_server --params-file /home/haduckien/nav_ws/src/custom_corridor/worlds/school_arena/demo_1/dataset_v1.0/episodes/ep_000004/nav2_school.yaml --params-file /tmp/launch_params_dehswxpa'].
[INFO] [parameter_bridge-2]: sending signal 'SIGINT' to process[parameter_bridge-2]
[INFO] [gz-1]: sending signal 'SIGINT' to process[gz-1]
[planner_server-9] [INFO] [1790559232.005032324] [rclcpp]: signal_handler(SIGINT/SIGTERM)
[planner_server-9] [INFO] [1790559232.005140789] [planner_server]: Running Nav2 LifecycleNode rcl preshutdown (planner_server)
[planner_server-9] [INFO] [1790559232.005182848] [planner_server]: Destroying bond (planner_server) to lifecycle manager.
[ERROR] [robot_state_publisher-3]: process has died [pid 38542, exit code -2, cmd '/opt/ros/jazzy/lib/robot_state_publisher/robot_state_publisher --ros-args --params-file /tmp/launch_params_1_ms1ail'].
[ERROR] [python3-5]: process has died [pid 38544, exit code -2, cmd 'python3 /home/haduckien/nav_ws/src/custom_corridor/worlds/school_arena/demo_1/pose_sync_monitor.py --ros-args -p use_sim_time:=true -p robot_name:=robot -p world_frame:=map -p initial_x:=15.0 -p initial_y:=8.0'].
[map_server-7] [INFO] [1790559232.005039208] [rclcpp]: signal_handler(SIGINT/SIGTERM)
[map_server-7] [INFO] [1790559232.005145581] [map_server]: Running Nav2 LifecycleNode rcl preshutdown (map_server)
[map_server-7] [INFO] [1790559232.005182690] [map_server]: Destroying bond (map_server) to lifecycle manager.
[ERROR] [python3-4]: process has died [pid 38543, exit code -2, cmd 'python3 /home/haduckien/nav_ws/src/custom_corridor/worlds/school_arena/demo_1/collision_safe_pose_applier.py --ros-args -p use_sim_time:=true -p world_name:=school_arena -p target_topic:=/school_hunav/target_poses -p map_yaml:=/home/haduckien/nav_ws/src/custom_corridor/worlds/school_arena/demo_1/map.yaml -p agent_radius:=0.22 -p apply_hz:=20.0 -p ground_z:=0.0'].
[amcl-8] [INFO] [1790559232.005039109] [rclcpp]: signal_handler(SIGINT/SIGTERM)
[amcl-8] [INFO] [1790559232.005156618] [amcl]: Running Nav2 LifecycleNode rcl preshutdown (amcl)
[amcl-8] [INFO] [1790559232.005192175] [amcl]: Destroying bond (amcl) to lifecycle manager.
[robot_state_publisher-3] [INFO] [1790559232.005050608] [rclcpp]: signal_handler(SIGINT/SIGTERM)
[parameter_bridge-2] [INFO] [1790559232.005072983] [rclcpp]: signal_handler(SIGINT/SIGTERM)
[controller_server-10] [INFO] [1790559232.005589693] [controller_server]: Running Nav2 LifecycleNode rcl preshutdown (controller_server)
[controller_server-10] [INFO] [1790559232.005650382] [controller_server]: Destroying bond (controller_server) to lifecycle manager.
[controller_server-10] [INFO] [1790559232.009305939] [local_costmap.local_costmap]: Destroying
[bt_navigator-11] [INFO] [1790559232.005243774] [rclcpp]: signal_handler(SIGINT/SIGTERM)
[bt_navigator-11] [INFO] [1790559232.005361280] [bt_navigator]: Running Nav2 LifecycleNode rcl preshutdown (bt_navigator)
[bt_navigator-11] [INFO] [1790559232.005399857] [bt_navigator]: Destroying bond (bt_navigator) to lifecycle manager.
[bt_navigator-11] [INFO] [1790559232.006525868] [bt_navigator]: Destroying
[behavior_server-12] [INFO] [1790559232.005410565] [rclcpp]: signal_handler(SIGINT/SIGTERM)
[behavior_server-12] [INFO] [1790559232.005513482] [behavior_server]: Running Nav2 LifecycleNode rcl preshutdown (behavior_server)
[behavior_server-12] [INFO] [1790559232.005543668] [behavior_server]: Destroying bond (behavior_server) to lifecycle manager.
[behavior_server-12] [INFO] [1790559232.007060913] [behavior_server]: Destroying
[map_server-7] [INFO] [1790559232.006411160] [map_server]: Destroying
[waypoint_follower-13] [INFO] [1790559232.006907831] [waypoint_follower]: Destroying
[lifecycle_manager-16] [INFO] [1790559232.008321324] [lifecycle_manager_localization]: Waiting for service map_server/get_state...
[lifecycle_manager-16] 
[lifecycle_manager-16] >>> [rcutils|error_handling.c:108] rcutils_set_error_state()
[lifecycle_manager-16] This error state is being overwritten:
[lifecycle_manager-16] 
[lifecycle_manager-16]   'rcl node's context is invalid, at ./src/rcl/node.c:404'
[lifecycle_manager-16] 
[lifecycle_manager-16] with this new error message:
[lifecycle_manager-16] 
[lifecycle_manager-16]   'publisher's context is invalid, at ./src/rcl/publisher.c:423'
[lifecycle_manager-16] 
[lifecycle_manager-16] rcutils_reset_error() should be called after error handling to avoid this.
[lifecycle_manager-16] <<<
[lifecycle_manager-16] Failed to publish log message to rosout: publisher's context is invalid, at ./src/rcl/publisher.c:423
[lifecycle_manager-16] [INFO] [1790559232.008387352] [lifecycle_manager_localization]: Waiting for service map_server/get_state...
[lifecycle_manager-16] terminate called after throwing an instance of 'std::runtime_error'
[lifecycle_manager-16]   what():  context cannot be slept with because it's invalid
[amcl-8] [INFO] [1790559232.008590437] [amcl]: Destroying
[planner_server-9] [INFO] [1790559232.008743746] [global_costmap.global_costmap]: Destroying
[python3-14] Traceback (most recent call last):
[python3-14]   File "/home/haduckien/nav_ws/install/custom_corridor/share/custom_corridor/launch/publish_episode_initial_pose.py", line 84, in main
[python3-14]     rclpy.spin_once(node, timeout_sec=0.1)
[python3-14]   File "/opt/ros/jazzy/lib/python3.12/site-packages/rclpy/__init__.py", line 226, in spin_once
[python3-14]     executor.spin_once(timeout_sec=timeout_sec)
[python3-14]   File "/opt/ros/jazzy/lib/python3.12/site-packages/rclpy/executors.py", line 926, in spin_once
[python3-14]     self._spin_once_impl(timeout_sec)
[python3-14]   File "/opt/ros/jazzy/lib/python3.12/site-packages/rclpy/executors.py", line 907, in _spin_once_impl
[python3-14]     handler, entity, node = self.wait_for_ready_callbacks(
[python3-14]                             ^^^^^^^^^^^^^^^^^^^^^^^^^^^^^^
[python3-14]   File "/opt/ros/jazzy/lib/python3.12/site-packages/rclpy/executors.py", line 877, in wait_for_ready_callbacks
[python3-14]     return next(self._cb_iter)
[python3-14]            ^^^^^^^^^^^^^^^^^^^
[python3-14]   File "/opt/ros/jazzy/lib/python3.12/site-packages/rclpy/executors.py", line 778, in _wait_for_ready_callbacks
[python3-14]     waitable.add_to_wait_set(wait_set)
[python3-14]   File "/opt/ros/jazzy/lib/python3.12/site-packages/rclpy/event_handler.py", line 125, in add_to_wait_set
[python3-14]     self._event_index = wait_set.add_event(self.__event)
[python3-14]                         ^^^^^^^^^^^^^^^^^^^^^^^^^^^^^^^^
[python3-14] KeyboardInterrupt
[python3-14] 
[python3-14] During handling of the above exception, another exception occurred:
[python3-14] 
[python3-14] Traceback (most recent call last):
[python3-14]   File "/home/haduckien/nav_ws/install/custom_corridor/share/custom_corridor/launch/publish_episode_initial_pose.py", line 115, in <module>
[python3-14]     raise SystemExit(main())
[python3-14]                      ^^^^^^
[python3-14]   File "/home/haduckien/nav_ws/install/custom_corridor/share/custom_corridor/launch/publish_episode_initial_pose.py", line 111, in main
[python3-14]     rclpy.shutdown()
[python3-14]   File "/opt/ros/jazzy/lib/python3.12/site-packages/rclpy/__init__.py", line 134, in shutdown
[python3-14]     _shutdown(context=context)
[python3-14]   File "/opt/ros/jazzy/lib/python3.12/site-packages/rclpy/utilities.py", line 82, in shutdown
[python3-14]     context.shutdown()
[python3-14]   File "/opt/ros/jazzy/lib/python3.12/site-packages/rclpy/context.py", line 129, in shutdown
[python3-14]     self.__context.shutdown()
[python3-14] rclpy._rclpy_pybind11.RCLError: failed to shutdown: rcl_shutdown already called on the given context, at ./src/rcl/init.c:333
[python3-14] Error in sys.excepthook:
[python3-14] Traceback (most recent call last):
[python3-14]   File "/usr/lib/python3/dist-packages/apport_python_hook.py", line 228, in partial_apport_excepthook
[python3-14]     return apport_excepthook(binary, exc_type, exc_obj, exc_tb)
[python3-14]            ^^^^^^^^^^^^^^^^^^^^^^^^^^^^^^^^^^^^^^^^^^^^^^^^^^^^
[python3-14]   File "/usr/lib/python3/dist-packages/apport_python_hook.py", line 56, in apport_excepthook
[python3-14]     if not enabled():
[python3-14]            ^^^^^^^^^
[python3-14]   File "/usr/lib/python3/dist-packages/apport_python_hook.py", line 26, in enabled
[python3-14]     with open(CONFIG, encoding="utf-8") as config_file:
[python3-14]          ^^^^^^^^^^^^^^^^^^^^^^^^^^^^^^
[python3-14]   File "<frozen codecs>", line 309, in __init__
[python3-14] KeyboardInterrupt
[python3-14] 
[python3-14] Original exception was:
[python3-14] Traceback (most recent call last):
[python3-14]   File "/home/haduckien/nav_ws/install/custom_corridor/share/custom_corridor/launch/publish_episode_initial_pose.py", line 84, in main
[python3-14]     rclpy.spin_once(node, timeout_sec=0.1)
[python3-14]   File "/opt/ros/jazzy/lib/python3.12/site-packages/rclpy/__init__.py", line 226, in spin_once
[python3-14]     executor.spin_once(timeout_sec=timeout_sec)
[python3-14]   File "/opt/ros/jazzy/lib/python3.12/site-packages/rclpy/executors.py", line 926, in spin_once
[python3-14]     self._spin_once_impl(timeout_sec)
[python3-14]   File "/opt/ros/jazzy/lib/python3.12/site-packages/rclpy/executors.py", line 907, in _spin_once_impl
[python3-14]     handler, entity, node = self.wait_for_ready_callbacks(
[python3-14]                             ^^^^^^^^^^^^^^^^^^^^^^^^^^^^^^
[python3-14]   File "/opt/ros/jazzy/lib/python3.12/site-packages/rclpy/executors.py", line 877, in wait_for_ready_callbacks
[python3-14]     return next(self._cb_iter)
[python3-14]            ^^^^^^^^^^^^^^^^^^^
[python3-14]   File "/opt/ros/jazzy/lib/python3.12/site-packages/rclpy/executors.py", line 778, in _wait_for_ready_callbacks
[python3-14]     waitable.add_to_wait_set(wait_set)
[python3-14]   File "/opt/ros/jazzy/lib/python3.12/site-packages/rclpy/event_handler.py", line 125, in add_to_wait_set
[python3-14]     self._event_index = wait_set.add_event(self.__event)
[python3-14]                         ^^^^^^^^^^^^^^^^^^^^^^^^^^^^^^^^
[python3-14] KeyboardInterrupt
[python3-14] 
[python3-14] During handling of the above exception, another exception occurred:
[python3-14] 
[python3-14] Traceback (most recent call last):
[python3-14]   File "/home/haduckien/nav_ws/install/custom_corridor/share/custom_corridor/launch/publish_episode_initial_pose.py", line 115, in <module>
[python3-14]     raise SystemExit(main())
[python3-14]                      ^^^^^^
[python3-14]   File "/home/haduckien/nav_ws/install/custom_corridor/share/custom_corridor/launch/publish_episode_initial_pose.py", line 111, in main
[python3-14]     rclpy.shutdown()
[python3-14]   File "/opt/ros/jazzy/lib/python3.12/site-packages/rclpy/__init__.py", line 134, in shutdown
[python3-14]     _shutdown(context=context)
[python3-14]   File "/opt/ros/jazzy/lib/python3.12/site-packages/rclpy/utilities.py", line 82, in shutdown
[python3-14]     context.shutdown()
[python3-14]   File "/opt/ros/jazzy/lib/python3.12/site-packages/rclpy/context.py", line 129, in shutdown
[python3-14]     self.__context.shutdown()
[python3-14] rclpy._rclpy_pybind11.RCLError: failed to shutdown: rcl_shutdown already called on the given context, at ./src/rcl/init.c:333
[goal_pose_bridge.py-15] Traceback (most recent call last):
[goal_pose_bridge.py-15]   File "/home/haduckien/nav_ws/install/custom_corridor/lib/custom_corridor/goal_pose_bridge.py", line 88, in <module>
[goal_pose_bridge.py-15]     main()
[goal_pose_bridge.py-15]   File "/home/haduckien/nav_ws/install/custom_corridor/lib/custom_corridor/goal_pose_bridge.py", line 82, in main
[goal_pose_bridge.py-15]     node.destroy_node()
[goal_pose_bridge.py-15]   File "/opt/ros/jazzy/lib/python3.12/site-packages/rclpy/node.py", line 1962, in destroy_node
[goal_pose_bridge.py-15]     self.destroy_service(self._services[0])
[goal_pose_bridge.py-15]   File "/opt/ros/jazzy/lib/python3.12/site-packages/rclpy/node.py", line 1886, in destroy_service
[goal_pose_bridge.py-15]     service.destroy()
[goal_pose_bridge.py-15]   File "/opt/ros/jazzy/lib/python3.12/site-packages/rclpy/service.py", line 123, in destroy
[goal_pose_bridge.py-15]     self.__service.destroy_when_not_in_use()
[goal_pose_bridge.py-15] KeyboardInterrupt
[planner_server-9] [INFO] [1790559232.038498265] [planner_server]: Destroying
[parameter_bridge-2] [INFO] [1790559232.057267275] [rclcpp]: signal_handler(SIGINT/SIGTERM)
[ERROR] [goal_pose_bridge.py-15]: process has died [pid 39033, exit code -2, cmd '/home/haduckien/nav_ws/install/custom_corridor/lib/custom_corridor/goal_pose_bridge.py --ros-args -r __node:=goal_pose_bridge --params-file /tmp/launch_params_96rn_o5i'].
[INFO] [parameter_bridge-2]: process has finished cleanly [pid 38541]
[ERROR] [python3-14]: process has died [pid 39031, exit code 1, cmd 'python3 /home/haduckien/nav_ws/install/custom_corridor/share/custom_corridor/launch/publish_episode_initial_pose.py --params-file /home/haduckien/nav_ws/src/custom_corridor/worlds/school_arena/demo_1/dataset_v1.0/episodes/ep_000004/nav2_school.yaml --ros-args -p use_sim_time:=true'].
[INFO] [gz-1]: process has finished cleanly [pid 38540]
[ERROR] [lifecycle_manager-16]: process has died [pid 39475, exit code -6, cmd '/opt/ros/jazzy/lib/nav2_lifecycle_manager/lifecycle_manager --ros-args -r __node:=lifecycle_manager_localization --params-file /tmp/launch_params_vk5yv8ei'].
Traceback (most recent call last):
  File "/opt/ros/jazzy/bin/ros2", line 33, in <module>
    sys.exit(load_entry_point('ros2cli==0.32.12', 'console_scripts', 'ros2')())
             ^^^^^^^^^^^^^^^^^^^^^^^^^^^^^^^^^^^^^^^^^^^^^^^^^^^^^^^^^^^^^^^
  File "/opt/ros/jazzy/bin/ros2", line 25, in importlib_load_entry_point
    return next(matches).load()
           ^^^^^^^^^^^^^^^^^^^^
  File "/usr/lib/python3.12/importlib/metadata/__init__.py", line 205, in load
    module = import_module(match.group('module'))
             ^^^^^^^^^^^^^^^^^^^^^^^^^^^^^^^^^^^^
  File "/usr/lib/python3.12/importlib/__init__.py", line 90, in import_module
    return _bootstrap._gcd_import(name[level:], package, level)
           ^^^^^^^^^^^^^^^^^^^^^^^^^^^^^^^^^^^^^^^^^^^^^^^^^^^^
  File "<frozen importlib._bootstrap>", line 1387, in _gcd_import
  File "<frozen importlib._bootstrap>", line 1360, in _find_and_load
  File "<frozen importlib._bootstrap>", line 1331, in _find_and_load_unlocked
  File "<frozen importlib._bootstrap>", line 935, in _load_unlocked
  File "<frozen importlib._bootstrap_external>", line 995, in exec_module
  File "<frozen importlib._bootstrap>", line 488, in _call_with_frames_removed
  File "/opt/ros/jazzy/lib/python3.12/site-packages/ros2cli/cli.py", line 22, in <module>
    from rclpy.executors import ExternalShutdownException
  File "/opt/ros/jazzy/lib/python3.12/site-packages/rclpy/__init__.py", line 48, in <module>
    from rclpy.parameter import Parameter
  File "/opt/ros/jazzy/lib/python3.12/site-packages/rclpy/parameter.py", line 24, in <module>
    from rcl_interfaces.msg import Parameter as ParameterMsg
  File "/opt/ros/jazzy/lib/python3.12/site-packages/rcl_interfaces/msg/__init__.py", line 1, in <module>
    from rcl_interfaces.msg._floating_point_range import FloatingPointRange  # noqa: F401
    ^^^^^^^^^^^^^^^^^^^^^^^^^^^^^^^^^^^^^^^^^^^^^^^^^^^^^^^^^^^^^^^^^^^^^^^
  File "/opt/ros/jazzy/lib/python3.12/site-packages/rcl_interfaces/msg/_floating_point_range.py", line 19, in <module>
    import rosidl_parser.definition  # noqa: E402, I100
    ^^^^^^^^^^^^^^^^^^^^^^^^^^^^^^^
KeyboardInterrupt
