[INFO] [1790558734.995969045] [hunav_loader]: yaml_base_name: scenario_head_on_high_1789892062
[INFO] [1790558734.996063093] [hunav_loader]: simulator: Gazebo Fortress
[INFO] [1790558734.996073040] [hunav_loader]: map: school_arena
[INFO] [1790558734.996080408] [hunav_loader]: publish_people: true
[INFO] [1790558734.996091962] [hunav_loader]: Number of agents: 9
[INFO] [1790558734.996095077] [hunav_loader]: Global goals:
[INFO] [1790558734.996106923] [hunav_loader]:   goal 1: (15.000, 12.300)
[INFO] [1790558734.996122463] [hunav_loader]:   goal 2: (15.000, 10.650)
[INFO] [1790558734.996133815] [hunav_loader]:   goal 3: (15.000, 9.800)
[INFO] [1790558734.996144682] [hunav_loader]:   goal 4: (15.000, 8.000)
[INFO] [1790558734.996155562] [hunav_loader]:   goal 5: (15.000, 3.500)
[INFO] [1790558734.996166324] [hunav_loader]:   goal 6: (15.900, 6.407)
[INFO] [1790558734.996177236] [hunav_loader]:   goal 7: (15.600, 6.407)
[INFO] [1790558734.996187785] [hunav_loader]:   goal 8: (15.000, 6.407)
[INFO] [1790558734.996198400] [hunav_loader]:   goal 9: (15.000, 8.000)
[INFO] [1790558734.996209589] [hunav_loader]:   goal 10: (15.000, 3.500)
[INFO] [1790558734.996220521] [hunav_loader]:   goal 11: (15.000, 2.550)
[INFO] [1790558734.996231491] [hunav_loader]:   goal 12: (15.000, 0.000)
[INFO] [1790558734.996248280] [hunav_loader]:   goal 13: (7.000, 0.000)
[INFO] [1790558734.996259430] [hunav_loader]:   goal 14: (7.000, -2.000)
[INFO] [1790558734.996269838] [hunav_loader]:   goal 15: (7.000, -4.000)
[INFO] [1790558734.996280080] [hunav_loader]:   goal 16: (15.000, -4.000)
[INFO] [1790558734.996290361] [hunav_loader]:   goal 17: (15.000, -8.150)
[INFO] [1790558734.996300569] [hunav_loader]:   goal 18: (10.000, -8.150)
[INFO] [1790558734.996310788] [hunav_loader]:   goal 19: (5.000, -8.150)
[INFO] [1790558734.996320895] [hunav_loader]:   goal 20: (2.600, -8.150)
[INFO] [1790558734.996330890] [hunav_loader]:   goal 21: (0.000, -7.850)
[INFO] [1790558734.996341054] [hunav_loader]:   goal 22: (1.170, -8.150)
[INFO] [1790558734.996351356] [hunav_loader]:   goal 23: (1.170, -7.400)
[INFO] [1790558734.996361452] [hunav_loader]:   goal 24: (1.170, -7.100)
[INFO] [1790558734.996371836] [hunav_loader]:   goal 25: (2.150, -5.400)
[INFO] [1790558734.996381919] [hunav_loader]:   goal 26: (15.900, 1.940)
[INFO] [1790558734.996392408] [hunav_loader]:   goal 27: (15.600, 1.940)
[INFO] [1790558734.996402492] [hunav_loader]:   goal 28: (15.000, 1.940)
[INFO] [1790558734.996412691] [hunav_loader]:   goal 29: (15.000, 2.550)
[INFO] [1790558734.996422983] [hunav_loader]:   goal 30: (15.000, 3.500)
[INFO] [1790558734.996433223] [hunav_loader]:   goal 31: (15.000, 8.000)
[INFO] [1790558734.996443745] [hunav_loader]:   goal 32: (15.000, 9.800)
[INFO] [1790558734.996454284] [hunav_loader]:   goal 33: (15.000, 10.650)
[INFO] [1790558734.996464812] [hunav_loader]:   goal 34: (15.000, 10.873)
[INFO] [1790558734.996475366] [hunav_loader]:   goal 35: (15.600, 10.873)
[INFO] [1790558734.996486113] [hunav_loader]:   goal 36: (15.900, 10.873)
[INFO] [1790558734.996496769] [hunav_loader]:   goal 37: (17.600, 11.767)
[INFO] [1790558734.996507442] [hunav_loader]:   goal 38: (-3.730, -8.900)
[INFO] [1790558734.996517841] [hunav_loader]:   goal 39: (-3.730, -8.600)
[INFO] [1790558734.996528497] [hunav_loader]:   goal 40: (-3.730, -8.150)
[INFO] [1790558734.996538752] [hunav_loader]:   goal 41: (-5.000, -8.150)
[INFO] [1790558734.996549213] [hunav_loader]:   goal 42: (-2.000, -8.180)
[INFO] [1790558734.996559691] [hunav_loader]:   goal 43: (0.000, -7.850)
[INFO] [1790558734.996570154] [hunav_loader]:   goal 44: (2.600, -8.150)
[INFO] [1790558734.996580623] [hunav_loader]:   goal 45: (5.000, -8.150)
[INFO] [1790558734.996592771] [hunav_loader]:   goal 46: (10.000, -8.150)
[INFO] [1790558734.996608853] [hunav_loader]:   goal 47: (15.000, -8.150)
[INFO] [1790558734.996626250] [hunav_loader]:   goal 48: (15.000, -4.000)
[INFO] [1790558734.996639307] [hunav_loader]:   goal 49: (7.000, -4.000)
[INFO] [1790558734.996650412] [hunav_loader]:   goal 50: (7.000, -2.000)
[INFO] [1790558734.996662464] [hunav_loader]:   goal 51: (7.000, 0.000)
[INFO] [1790558734.996689436] [hunav_loader]:   goal 52: (15.000, 0.000)
[INFO] [1790558734.996702446] [hunav_loader]:   goal 53: (15.000, 2.550)
[INFO] [1790558734.996713674] [hunav_loader]:   goal 54: (15.000, 1.940)
[INFO] [1790558734.996725660] [hunav_loader]:   goal 55: (15.600, 1.940)
[INFO] [1790558734.996737872] [hunav_loader]:   goal 56: (15.900, 1.940)
[INFO] [1790558734.996752313] [hunav_loader]:   goal 57: (17.600, 2.833)
[INFO] [1790558734.996763662] [hunav_loader]:   goal 58: (1.170, -7.100)
[INFO] [1790558734.996776308] [hunav_loader]:   goal 59: (1.170, -7.400)
[INFO] [1790558734.996788808] [hunav_loader]:   goal 60: (1.170, -8.150)
[INFO] [1790558734.996800169] [hunav_loader]:   goal 61: (0.000, -7.850)
[INFO] [1790558734.996813211] [hunav_loader]:   goal 62: (2.600, -8.150)
[INFO] [1790558734.996826015] [hunav_loader]:   goal 63: (5.000, -8.150)
[INFO] [1790558734.996837691] [hunav_loader]:   goal 64: (10.000, -8.150)
[INFO] [1790558734.996849540] [hunav_loader]:   goal 65: (15.000, -8.150)
[INFO] [1790558734.996861380] [hunav_loader]:   goal 66: (15.000, -4.000)
[INFO] [1790558734.996874762] [hunav_loader]:   goal 67: (7.000, -4.000)
[INFO] [1790558734.996886387] [hunav_loader]:   goal 68: (7.000, -2.000)
[INFO] [1790558734.996900685] [hunav_loader]:   goal 69: (7.000, 0.000)
[INFO] [1790558734.996912533] [hunav_loader]:   goal 70: (15.000, 0.000)
[INFO] [1790558734.996925450] [hunav_loader]:   goal 71: (15.000, 2.550)
[INFO] [1790558734.996937494] [hunav_loader]:   goal 72: (15.000, 1.940)
[INFO] [1790558734.996949806] [hunav_loader]:   goal 73: (15.600, 1.940)
[INFO] [1790558734.996963098] [hunav_loader]:   goal 74: (15.900, 1.940)
[INFO] [1790558734.996974967] [hunav_loader]:   goal 75: (17.600, 2.833)
[INFO] [1790558734.996988512] [hunav_loader]:   goal 76: (1.170, -8.900)
[INFO] [1790558734.997000604] [hunav_loader]:   goal 77: (1.170, -8.600)
[INFO] [1790558734.997012674] [hunav_loader]:   goal 78: (1.170, -8.150)
[INFO] [1790558734.997025661] [hunav_loader]:   goal 79: (0.000, -7.850)
[INFO] [1790558734.997037587] [hunav_loader]:   goal 80: (2.600, -8.150)
[INFO] [1790558734.997052873] [hunav_loader]:   goal 81: (5.000, -8.150)
[INFO] [1790558734.997066244] [hunav_loader]:   goal 82: (6.070, -8.150)
[INFO] [1790558734.997078372] [hunav_loader]:   goal 83: (6.070, -8.600)
[INFO] [1790558734.997090160] [hunav_loader]:   goal 84: (6.070, -8.900)
[INFO] [1790558734.997101847] [hunav_loader]:   goal 85: (7.050, -10.600)
[INFO] [1790558734.997115128] [hunav_loader]:   goal 86: (-8.630, -8.900)
[INFO] [1790558734.997127382] [hunav_loader]:   goal 87: (-8.630, -8.600)
[INFO] [1790558734.997140578] [hunav_loader]:   goal 88: (-8.630, -8.150)
[INFO] [1790558734.997152625] [hunav_loader]:   goal 89: (-10.000, -7.850)
[INFO] [1790558734.997166244] [hunav_loader]:   goal 90: (-14.000, -8.150)
[INFO] [1790558734.997178531] [hunav_loader]:   goal 91: (-13.530, -8.150)
[INFO] [1790558734.997190799] [hunav_loader]:   goal 92: (-13.530, -8.600)
[INFO] [1790558734.997203069] [hunav_loader]:   goal 93: (-13.530, -8.900)
[INFO] [1790558734.997228025] [hunav_loader]:   goal 94: (-12.550, -10.600)
[INFO] [1790558734.997265937] [hunav_loader]:   goal 95: (-13.530, -8.900)
[INFO] [1790558734.997284214] [hunav_loader]:   goal 96: (-13.530, -8.600)
[INFO] [1790558734.997299539] [hunav_loader]:   goal 97: (-13.530, -8.150)
[INFO] [1790558734.997312296] [hunav_loader]:   goal 98: (-14.000, -8.150)
[INFO] [1790558734.997326132] [hunav_loader]:   goal 99: (-10.000, -7.850)
[INFO] [1790558734.997339132] [hunav_loader]:   goal 100: (-5.000, -8.150)
[INFO] [1790558734.997351584] [hunav_loader]:   goal 101: (-2.000, -8.180)
[INFO] [1790558734.997367632] [hunav_loader]:   goal 102: (0.000, -7.850)
[INFO] [1790558734.997379160] [hunav_loader]:   goal 103: (2.600, -8.150)
[INFO] [1790558734.997391740] [hunav_loader]:   goal 104: (5.000, -8.150)
[INFO] [1790558734.997403147] [hunav_loader]:   goal 105: (10.000, -8.150)
[INFO] [1790558734.997414617] [hunav_loader]:   goal 106: (15.000, -8.150)
[INFO] [1790558734.997433839] [hunav_loader]:   goal 107: (15.000, -4.000)
[INFO] [1790558734.997446124] [hunav_loader]:   goal 108: (7.000, -4.000)
[INFO] [1790558734.997459744] [hunav_loader]:   goal 109: (7.000, -2.000)
[INFO] [1790558734.997475521] [hunav_loader]:   goal 110: (7.000, 0.000)
[INFO] [1790558734.997488068] [hunav_loader]:   goal 111: (15.000, 0.000)
[INFO] [1790558734.997502166] [hunav_loader]:   goal 112: (15.000, 2.550)
[INFO] [1790558734.997514838] [hunav_loader]:   goal 113: (15.000, 3.500)
[INFO] [1790558734.997527556] [hunav_loader]:   goal 114: (15.000, 8.000)
[INFO] [1790558734.997541175] [hunav_loader]:   goal 115: (15.000, 6.010)
[INFO] [1790558734.997553992] [hunav_loader]:   goal 116: (14.400, 6.010)
[INFO] [1790558734.997567769] [hunav_loader]:   goal 117: (14.100, 6.010)
[INFO] [1790558734.997583548] [hunav_loader]:   goal 118: (12.400, 6.950)
[INFO] [1790558734.997595974] [hunav_loader]:   goal 119: (-13.530, -7.100)
[INFO] [1790558734.997608943] [hunav_loader]:   goal 120: (-13.530, -7.400)
[INFO] [1790558734.997623033] [hunav_loader]:   goal 121: (-13.530, -8.150)
[INFO] [1790558734.997636042] [hunav_loader]:   goal 122: (-14.000, -8.150)
[INFO] [1790558734.997650178] [hunav_loader]:   goal 123: (-10.000, -7.850)
[INFO] [1790558734.997664491] [hunav_loader]:   goal 124: (-5.000, -8.150)
[INFO] [1790558734.997678450] [hunav_loader]:   goal 125: (-2.000, -8.180)
[INFO] [1790558734.997693891] [hunav_loader]:   goal 126: (0.000, -7.850)
[INFO] [1790558734.997709112] [hunav_loader]:   goal 127: (2.600, -8.150)
[INFO] [1790558734.997722071] [hunav_loader]:   goal 128: (5.000, -8.150)
[INFO] [1790558734.997735085] [hunav_loader]:   goal 129: (10.000, -8.150)
[INFO] [1790558734.997748436] [hunav_loader]:   goal 130: (10.970, -8.150)
[INFO] [1790558734.997762823] [hunav_loader]:   goal 131: (10.970, -8.600)
[INFO] [1790558734.997776307] [hunav_loader]:   goal 132: (10.970, -8.900)
[INFO] [1790558734.997790699] [hunav_loader]:   goal 133: (11.950, -10.600)
[INFO] [1790558734.997806215] [hunav_loader]: Agent name: event_agent_1
[INFO] [1790558734.997814624] [hunav_loader]: 	id: 1
[INFO] [1790558734.997823954] [hunav_loader]: 	skin: 0
[INFO] [1790558734.997831878] [hunav_loader]: 	group_id: -1
[INFO] [1790558734.997839760] [hunav_loader]: 	max_vel: 0.88
[INFO] [1790558734.997848010] [hunav_loader]: 	radius: 0.22
[INFO] [1790558734.997856369] [hunav_loader]: 	beh type: Surprised
[INFO] [1790558734.997868113] [hunav_loader]: 	beh configuration: 0
[INFO] [1790558734.997933479] [hunav_loader]: 	beh duration: 40.00
[INFO] [1790558734.997937247] [hunav_loader]: 	beh vel: 1.00
[INFO] [1790558734.997940560] [hunav_loader]: 	beh just_once: 1
[INFO] [1790558734.997943543] [hunav_loader]: 	beh dist: 0.00
[INFO] [1790558734.997946390] [hunav_loader]: 	beh goalForceFactor: 2.00
[INFO] [1790558734.997949645] [hunav_loader]: 	beh obstacleForceFactor: 10.00
[INFO] [1790558734.997952723] [hunav_loader]: 	beh socialForceFactor: 5.00
[INFO] [1790558734.997955700] [hunav_loader]: 	beh otherForceFactor: 20.00
[INFO] [1790558734.997964513] [hunav_loader]: 	posex: 15.04
[INFO] [1790558734.997980578] [hunav_loader]: 	posey: 13.50
[INFO] [1790558734.997992257] [hunav_loader]: 	posez: 0.00
[INFO] [1790558734.998001837] [hunav_loader]: 	poseh: -1.57
[INFO] [1790558734.998010384] [hunav_loader]: 	goal_radius: 0.25
[INFO] [1790558734.998018756] [hunav_loader]: 	cyclic_goals: 0
[INFO] [1790558734.998029134] [hunav_loader]: 	goals: [
[INFO] [1790558734.998032238] [hunav_loader]: 	  1,
[INFO] [1790558734.998035095] [hunav_loader]: 	  2,
[INFO] [1790558734.998037853] [hunav_loader]: 	  3,
[INFO] [1790558734.998040392] [hunav_loader]: 	  4,
[INFO] [1790558734.998043287] [hunav_loader]: 	  5
[INFO] [1790558734.998045907] [hunav_loader]: 	]
[INFO] [1790558734.998050294] [hunav_loader]: 	  goal_1: (15.000, 12.300)
[INFO] [1790558734.998055257] [hunav_loader]: 	  goal_2: (15.000, 10.650)
[INFO] [1790558734.998059940] [hunav_loader]: 	  goal_3: (15.000, 9.800)
[INFO] [1790558734.998067147] [hunav_loader]: 	  goal_4: (15.000, 8.000)
[INFO] [1790558734.998075052] [hunav_loader]: 	  goal_5: (15.000, 3.500)
[INFO] [1790558734.998079208] [hunav_loader]: Agent name: background_agent_1
[INFO] [1790558734.998089161] [hunav_loader]: 	id: 2
[INFO] [1790558734.998098802] [hunav_loader]: 	skin: 1
[INFO] [1790558734.998107352] [hunav_loader]: 	group_id: -1
[INFO] [1790558734.998115852] [hunav_loader]: 	max_vel: 0.95
[INFO] [1790558734.998124429] [hunav_loader]: 	radius: 0.22
[INFO] [1790558734.998134664] [hunav_loader]: 	beh type: Regular
[INFO] [1790558734.998143471] [hunav_loader]: 	beh configuration: 0
[INFO] [1790558734.998204377] [hunav_loader]: 	beh duration: 40.00
[INFO] [1790558734.998208892] [hunav_loader]: 	beh vel: 1.00
[INFO] [1790558734.998211688] [hunav_loader]: 	beh just_once: 1
[INFO] [1790558734.998214599] [hunav_loader]: 	beh dist: 0.00
[INFO] [1790558734.998217191] [hunav_loader]: 	beh goalForceFactor: 2.00
[INFO] [1790558734.998220022] [hunav_loader]: 	beh obstacleForceFactor: 10.00
[INFO] [1790558734.998222804] [hunav_loader]: 	beh socialForceFactor: 5.00
[INFO] [1790558734.998225489] [hunav_loader]: 	beh otherForceFactor: 20.00
[INFO] [1790558734.998238136] [hunav_loader]: 	posex: 17.60
[INFO] [1790558734.998246909] [hunav_loader]: 	posey: 7.30
[INFO] [1790558734.998254751] [hunav_loader]: 	posez: 0.00
[INFO] [1790558734.998263817] [hunav_loader]: 	poseh: -2.66
[INFO] [1790558734.998271743] [hunav_loader]: 	goal_radius: 0.25
[INFO] [1790558734.998279775] [hunav_loader]: 	cyclic_goals: 0
[INFO] [1790558734.998289453] [hunav_loader]: 	goals: [
[INFO] [1790558734.998292445] [hunav_loader]: 	  6,
[INFO] [1790558734.998295203] [hunav_loader]: 	  7,
[INFO] [1790558734.998301075] [hunav_loader]: 	  8,
[INFO] [1790558734.998304015] [hunav_loader]: 	  9,
[INFO] [1790558734.998306548] [hunav_loader]: 	  10,
[INFO] [1790558734.998309872] [hunav_loader]: 	  11,
[INFO] [1790558734.998312466] [hunav_loader]: 	  12,
[INFO] [1790558734.998315300] [hunav_loader]: 	  13,
[INFO] [1790558734.998317779] [hunav_loader]: 	  14,
[INFO] [1790558734.998320517] [hunav_loader]: 	  15,
[INFO] [1790558734.998322942] [hunav_loader]: 	  16,
[INFO] [1790558734.998325716] [hunav_loader]: 	  17,
[INFO] [1790558734.998328177] [hunav_loader]: 	  18,
[INFO] [1790558734.998330656] [hunav_loader]: 	  19,
[INFO] [1790558734.998333537] [hunav_loader]: 	  20,
[INFO] [1790558734.998337436] [hunav_loader]: 	  21,
[INFO] [1790558734.998340355] [hunav_loader]: 	  22,
[INFO] [1790558734.998343004] [hunav_loader]: 	  23,
[INFO] [1790558734.998345865] [hunav_loader]: 	  24,
[INFO] [1790558734.998348422] [hunav_loader]: 	  25
[INFO] [1790558734.998351993] [hunav_loader]: 	]
[INFO] [1790558734.998355642] [hunav_loader]: 	  goal_6: (15.900, 6.407)
[INFO] [1790558734.998360821] [hunav_loader]: 	  goal_7: (15.600, 6.407)
[INFO] [1790558734.998365956] [hunav_loader]: 	  goal_8: (15.000, 6.407)
[INFO] [1790558734.998370576] [hunav_loader]: 	  goal_9: (15.000, 8.000)
[INFO] [1790558734.998375265] [hunav_loader]: 	  goal_10: (15.000, 3.500)
[INFO] [1790558734.998379803] [hunav_loader]: 	  goal_11: (15.000, 2.550)
[INFO] [1790558734.998384172] [hunav_loader]: 	  goal_12: (15.000, 0.000)
[INFO] [1790558734.998388624] [hunav_loader]: 	  goal_13: (7.000, 0.000)
[INFO] [1790558734.998392875] [hunav_loader]: 	  goal_14: (7.000, -2.000)
[INFO] [1790558734.998396990] [hunav_loader]: 	  goal_15: (7.000, -4.000)
[INFO] [1790558734.998400878] [hunav_loader]: 	  goal_16: (15.000, -4.000)
[INFO] [1790558734.998409561] [hunav_loader]: 	  goal_17: (15.000, -8.150)
[INFO] [1790558734.998414054] [hunav_loader]: 	  goal_18: (10.000, -8.150)
[INFO] [1790558734.998418557] [hunav_loader]: 	  goal_19: (5.000, -8.150)
[INFO] [1790558734.998422732] [hunav_loader]: 	  goal_20: (2.600, -8.150)
[INFO] [1790558734.998426875] [hunav_loader]: 	  goal_21: (0.000, -7.850)
[INFO] [1790558734.998431117] [hunav_loader]: 	  goal_22: (1.170, -8.150)
[INFO] [1790558734.998435454] [hunav_loader]: 	  goal_23: (1.170, -7.400)
[INFO] [1790558734.998439560] [hunav_loader]: 	  goal_24: (1.170, -7.100)
[INFO] [1790558734.998443770] [hunav_loader]: 	  goal_25: (2.150, -5.400)
[INFO] [1790558734.998450294] [hunav_loader]: Agent name: background_agent_2
[INFO] [1790558734.998460303] [hunav_loader]: 	id: 3
[INFO] [1790558734.998470346] [hunav_loader]: 	skin: 2
[INFO] [1790558734.998479365] [hunav_loader]: 	group_id: -1
[INFO] [1790558734.998488133] [hunav_loader]: 	max_vel: 0.73
[INFO] [1790558734.998496931] [hunav_loader]: 	radius: 0.22
[INFO] [1790558734.998506122] [hunav_loader]: 	beh type: Regular
[INFO] [1790558734.998516050] [hunav_loader]: 	beh configuration: 0
[INFO] [1790558734.998582497] [hunav_loader]: 	beh duration: 40.00
[INFO] [1790558734.998585798] [hunav_loader]: 	beh vel: 1.00
[INFO] [1790558734.998588573] [hunav_loader]: 	beh just_once: 1
[INFO] [1790558734.998591291] [hunav_loader]: 	beh dist: 0.00
[INFO] [1790558734.998593917] [hunav_loader]: 	beh goalForceFactor: 2.00
[INFO] [1790558734.998596782] [hunav_loader]: 	beh obstacleForceFactor: 10.00
[INFO] [1790558734.998599617] [hunav_loader]: 	beh socialForceFactor: 5.00
[INFO] [1790558734.998602330] [hunav_loader]: 	beh otherForceFactor: 20.00
[INFO] [1790558734.998610300] [hunav_loader]: 	posex: 17.60
[INFO] [1790558734.998618363] [hunav_loader]: 	posey: 2.83
[INFO] [1790558734.998626186] [hunav_loader]: 	posez: 0.00
[INFO] [1790558734.998635119] [hunav_loader]: 	poseh: -2.66
[INFO] [1790558734.998645493] [hunav_loader]: 	goal_radius: 0.25
[INFO] [1790558734.998653864] [hunav_loader]: 	cyclic_goals: 0
[INFO] [1790558734.998662835] [hunav_loader]: 	goals: [
[INFO] [1790558734.998665738] [hunav_loader]: 	  26,
[INFO] [1790558734.998673021] [hunav_loader]: 	  27,
[INFO] [1790558734.998676009] [hunav_loader]: 	  28,
[INFO] [1790558734.998678573] [hunav_loader]: 	  29,
[INFO] [1790558734.998682038] [hunav_loader]: 	  30,
[INFO] [1790558734.998684665] [hunav_loader]: 	  31,
[INFO] [1790558734.998687623] [hunav_loader]: 	  32,
[INFO] [1790558734.998690113] [hunav_loader]: 	  33,
[INFO] [1790558734.998692592] [hunav_loader]: 	  34,
[INFO] [1790558734.998695397] [hunav_loader]: 	  35,
[INFO] [1790558734.998697923] [hunav_loader]: 	  36,
[INFO] [1790558734.998700847] [hunav_loader]: 	  37
[INFO] [1790558734.998703446] [hunav_loader]: 	]
[INFO] [1790558734.998707152] [hunav_loader]: 	  goal_26: (15.900, 1.940)
[INFO] [1790558734.998711737] [hunav_loader]: 	  goal_27: (15.600, 1.940)
[INFO] [1790558734.998716224] [hunav_loader]: 	  goal_28: (15.000, 1.940)
[INFO] [1790558734.998720653] [hunav_loader]: 	  goal_29: (15.000, 2.550)
[INFO] [1790558734.998724934] [hunav_loader]: 	  goal_30: (15.000, 3.500)
[INFO] [1790558734.998729157] [hunav_loader]: 	  goal_31: (15.000, 8.000)
[INFO] [1790558734.998733433] [hunav_loader]: 	  goal_32: (15.000, 9.800)
[INFO] [1790558734.998737791] [hunav_loader]: 	  goal_33: (15.000, 10.650)
[INFO] [1790558734.998742213] [hunav_loader]: 	  goal_34: (15.000, 10.873)
[INFO] [1790558734.998746662] [hunav_loader]: 	  goal_35: (15.600, 10.873)
[INFO] [1790558734.998751200] [hunav_loader]: 	  goal_36: (15.900, 10.873)
[INFO] [1790558734.998757006] [hunav_loader]: 	  goal_37: (17.600, 11.767)
[INFO] [1790558734.998761180] [hunav_loader]: Agent name: background_agent_3
[INFO] [1790558734.998769891] [hunav_loader]: 	id: 4
[INFO] [1790558734.998779715] [hunav_loader]: 	skin: 3
[INFO] [1790558734.998789258] [hunav_loader]: 	group_id: -1
[INFO] [1790558734.998797909] [hunav_loader]: 	max_vel: 0.70
[INFO] [1790558734.998806848] [hunav_loader]: 	radius: 0.22
[INFO] [1790558734.998815759] [hunav_loader]: 	beh type: Regular
[INFO] [1790558734.998827686] [hunav_loader]: 	beh configuration: 0
[INFO] [1790558734.998890089] [hunav_loader]: 	beh duration: 40.00
[INFO] [1790558734.998893727] [hunav_loader]: 	beh vel: 1.00
[INFO] [1790558734.998896680] [hunav_loader]: 	beh just_once: 1
[INFO] [1790558734.998899510] [hunav_loader]: 	beh dist: 0.00
[INFO] [1790558734.998907178] [hunav_loader]: 	beh goalForceFactor: 2.00
[INFO] [1790558734.998910272] [hunav_loader]: 	beh obstacleForceFactor: 10.00
[INFO] [1790558734.998913379] [hunav_loader]: 	beh socialForceFactor: 5.00
[INFO] [1790558734.998916350] [hunav_loader]: 	beh otherForceFactor: 20.00
[INFO] [1790558734.998928473] [hunav_loader]: 	posex: -2.75
[INFO] [1790558734.998937155] [hunav_loader]: 	posey: -10.60
[INFO] [1790558734.998947605] [hunav_loader]: 	posez: 0.00
[INFO] [1790558734.998956206] [hunav_loader]: 	poseh: 2.09
[INFO] [1790558734.998965327] [hunav_loader]: 	goal_radius: 0.25
[INFO] [1790558734.998974067] [hunav_loader]: 	cyclic_goals: 0
[INFO] [1790558734.998984961] [hunav_loader]: 	goals: [
[INFO] [1790558734.998987941] [hunav_loader]: 	  38,
[INFO] [1790558734.998990609] [hunav_loader]: 	  39,
[INFO] [1790558734.998993207] [hunav_loader]: 	  40,
[INFO] [1790558734.998996025] [hunav_loader]: 	  41,
[INFO] [1790558734.998998636] [hunav_loader]: 	  42,
[INFO] [1790558734.999001488] [hunav_loader]: 	  43,
[INFO] [1790558734.999004013] [hunav_loader]: 	  44,
[INFO] [1790558734.999006796] [hunav_loader]: 	  45,
[INFO] [1790558734.999009255] [hunav_loader]: 	  46,
[INFO] [1790558734.999012002] [hunav_loader]: 	  47,
[INFO] [1790558734.999014454] [hunav_loader]: 	  48,
[INFO] [1790558734.999017185] [hunav_loader]: 	  49,
[INFO] [1790558734.999019619] [hunav_loader]: 	  50,
[INFO] [1790558734.999022313] [hunav_loader]: 	  51,
[INFO] [1790558734.999024806] [hunav_loader]: 	  52,
[INFO] [1790558734.999028023] [hunav_loader]: 	  53,
[INFO] [1790558734.999030495] [hunav_loader]: 	  54,
[INFO] [1790558734.999032919] [hunav_loader]: 	  55,
[INFO] [1790558734.999035801] [hunav_loader]: 	  56,
[INFO] [1790558734.999038244] [hunav_loader]: 	  57
[INFO] [1790558734.999040856] [hunav_loader]: 	]
[INFO] [1790558734.999044672] [hunav_loader]: 	  goal_38: (-3.730, -8.900)
[INFO] [1790558734.999049229] [hunav_loader]: 	  goal_39: (-3.730, -8.600)
[INFO] [1790558734.999053658] [hunav_loader]: 	  goal_40: (-3.730, -8.150)
[INFO] [1790558734.999057893] [hunav_loader]: 	  goal_41: (-5.000, -8.150)
[INFO] [1790558734.999062159] [hunav_loader]: 	  goal_42: (-2.000, -8.180)
[INFO] [1790558734.999066472] [hunav_loader]: 	  goal_43: (0.000, -7.850)
[INFO] [1790558734.999070749] [hunav_loader]: 	  goal_44: (2.600, -8.150)
[INFO] [1790558734.999074910] [hunav_loader]: 	  goal_45: (5.000, -8.150)
[INFO] [1790558734.999083824] [hunav_loader]: 	  goal_46: (10.000, -8.150)
[INFO] [1790558734.999088332] [hunav_loader]: 	  goal_47: (15.000, -8.150)
[INFO] [1790558734.999092877] [hunav_loader]: 	  goal_48: (15.000, -4.000)
[INFO] [1790558734.999097160] [hunav_loader]: 	  goal_49: (7.000, -4.000)
[INFO] [1790558734.999101563] [hunav_loader]: 	  goal_50: (7.000, -2.000)
[INFO] [1790558734.999105806] [hunav_loader]: 	  goal_51: (7.000, 0.000)
[INFO] [1790558734.999109954] [hunav_loader]: 	  goal_52: (15.000, 0.000)
[INFO] [1790558734.999115001] [hunav_loader]: 	  goal_53: (15.000, 2.550)
[INFO] [1790558734.999119382] [hunav_loader]: 	  goal_54: (15.000, 1.940)
[INFO] [1790558734.999123973] [hunav_loader]: 	  goal_55: (15.600, 1.940)
[INFO] [1790558734.999128511] [hunav_loader]: 	  goal_56: (15.900, 1.940)
[INFO] [1790558734.999134058] [hunav_loader]: 	  goal_57: (17.600, 2.833)
[INFO] [1790558734.999137969] [hunav_loader]: Agent name: background_agent_4
[INFO] [1790558734.999149817] [hunav_loader]: 	id: 5
[INFO] [1790558734.999158907] [hunav_loader]: 	skin: 0
[INFO] [1790558734.999168923] [hunav_loader]: 	group_id: -1
[INFO] [1790558734.999181997] [hunav_loader]: 	max_vel: 0.69
[INFO] [1790558734.999192455] [hunav_loader]: 	radius: 0.22
[INFO] [1790558734.999201986] [hunav_loader]: 	beh type: Scared
[INFO] [1790558734.999210764] [hunav_loader]: 	beh configuration: 0
[INFO] [1790558734.999281297] [hunav_loader]: 	beh duration: 40.00
[INFO] [1790558734.999285115] [hunav_loader]: 	beh vel: 1.00
[INFO] [1790558734.999288023] [hunav_loader]: 	beh just_once: 1
[INFO] [1790558734.999292033] [hunav_loader]: 	beh dist: 0.00
[INFO] [1790558734.999294937] [hunav_loader]: 	beh goalForceFactor: 2.00
[INFO] [1790558734.999297887] [hunav_loader]: 	beh obstacleForceFactor: 10.00
[INFO] [1790558734.999300762] [hunav_loader]: 	beh socialForceFactor: 5.00
[INFO] [1790558734.999303904] [hunav_loader]: 	beh otherForceFactor: 20.00
[INFO] [1790558734.999315578] [hunav_loader]: 	posex: 2.15
[INFO] [1790558734.999331501] [hunav_loader]: 	posey: -5.40
[INFO] [1790558734.999342434] [hunav_loader]: 	posez: 0.00
[INFO] [1790558734.999352048] [hunav_loader]: 	poseh: -2.09
[INFO] [1790558734.999361560] [hunav_loader]: 	goal_radius: 0.25
[INFO] [1790558734.999372121] [hunav_loader]: 	cyclic_goals: 0
[INFO] [1790558734.999381798] [hunav_loader]: 	goals: [
[INFO] [1790558734.999384950] [hunav_loader]: 	  58,
[INFO] [1790558734.999387608] [hunav_loader]: 	  59,
[INFO] [1790558734.999391111] [hunav_loader]: 	  60,
[INFO] [1790558734.999393685] [hunav_loader]: 	  61,
[INFO] [1790558734.999397156] [hunav_loader]: 	  62,
[INFO] [1790558734.999399764] [hunav_loader]: 	  63,
[INFO] [1790558734.999402425] [hunav_loader]: 	  64,
[INFO] [1790558734.999405253] [hunav_loader]: 	  65,
[INFO] [1790558734.999407758] [hunav_loader]: 	  66,
[INFO] [1790558734.999414540] [hunav_loader]: 	  67,
[INFO] [1790558734.999417449] [hunav_loader]: 	  68,
[INFO] [1790558734.999420133] [hunav_loader]: 	  69,
[INFO] [1790558734.999423411] [hunav_loader]: 	  70,
[INFO] [1790558734.999427045] [hunav_loader]: 	  71,
[INFO] [1790558734.999429859] [hunav_loader]: 	  72,
[INFO] [1790558734.999432391] [hunav_loader]: 	  73,
[INFO] [1790558734.999435131] [hunav_loader]: 	  74,
[INFO] [1790558734.999437743] [hunav_loader]: 	  75
[INFO] [1790558734.999440788] [hunav_loader]: 	]
[INFO] [1790558734.999445241] [hunav_loader]: 	  goal_58: (1.170, -7.100)
[INFO] [1790558734.999450911] [hunav_loader]: 	  goal_59: (1.170, -7.400)
[INFO] [1790558734.999455382] [hunav_loader]: 	  goal_60: (1.170, -8.150)
[INFO] [1790558734.999460013] [hunav_loader]: 	  goal_61: (0.000, -7.850)
[INFO] [1790558734.999464220] [hunav_loader]: 	  goal_62: (2.600, -8.150)
[INFO] [1790558734.999468491] [hunav_loader]: 	  goal_63: (5.000, -8.150)
[INFO] [1790558734.999472718] [hunav_loader]: 	  goal_64: (10.000, -8.150)
[INFO] [1790558734.999477182] [hunav_loader]: 	  goal_65: (15.000, -8.150)
[INFO] [1790558734.999481457] [hunav_loader]: 	  goal_66: (15.000, -4.000)
[INFO] [1790558734.999485783] [hunav_loader]: 	  goal_67: (7.000, -4.000)
[INFO] [1790558734.999492662] [hunav_loader]: 	  goal_68: (7.000, -2.000)
[INFO] [1790558734.999496962] [hunav_loader]: 	  goal_69: (7.000, 0.000)
[INFO] [1790558734.999500925] [hunav_loader]: 	  goal_70: (15.000, 0.000)
[INFO] [1790558734.999505235] [hunav_loader]: 	  goal_71: (15.000, 2.550)
[INFO] [1790558734.999509579] [hunav_loader]: 	  goal_72: (15.000, 1.940)
[INFO] [1790558734.999513914] [hunav_loader]: 	  goal_73: (15.600, 1.940)
[INFO] [1790558734.999518296] [hunav_loader]: 	  goal_74: (15.900, 1.940)
[INFO] [1790558734.999522852] [hunav_loader]: 	  goal_75: (17.600, 2.833)
[INFO] [1790558734.999526806] [hunav_loader]: Agent name: background_agent_5
[INFO] [1790558734.999537103] [hunav_loader]: 	id: 6
[INFO] [1790558734.999547747] [hunav_loader]: 	skin: 1
[INFO] [1790558734.999557327] [hunav_loader]: 	group_id: -1
[INFO] [1790558734.999566330] [hunav_loader]: 	max_vel: 0.98
[INFO] [1790558734.999576046] [hunav_loader]: 	radius: 0.22
[INFO] [1790558734.999586715] [hunav_loader]: 	beh type: Regular
[INFO] [1790558734.999597321] [hunav_loader]: 	beh configuration: 0
[INFO] [1790558734.999668000] [hunav_loader]: 	beh duration: 40.00
[INFO] [1790558734.999671598] [hunav_loader]: 	beh vel: 1.00
[INFO] [1790558734.999674546] [hunav_loader]: 	beh just_once: 1
[INFO] [1790558734.999677437] [hunav_loader]: 	beh dist: 0.00
[INFO] [1790558734.999680227] [hunav_loader]: 	beh goalForceFactor: 2.00
[INFO] [1790558734.999683706] [hunav_loader]: 	beh obstacleForceFactor: 10.00
[INFO] [1790558734.999686653] [hunav_loader]: 	beh socialForceFactor: 5.00
[INFO] [1790558734.999689731] [hunav_loader]: 	beh otherForceFactor: 20.00
[INFO] [1790558734.999699732] [hunav_loader]: 	posex: 2.15
[INFO] [1790558734.999708887] [hunav_loader]: 	posey: -10.60
[INFO] [1790558734.999720361] [hunav_loader]: 	posez: 0.00
[INFO] [1790558734.999729432] [hunav_loader]: 	poseh: 2.09
[INFO] [1790558734.999745256] [hunav_loader]: 	goal_radius: 0.25
[INFO] [1790558734.999758532] [hunav_loader]: 	cyclic_goals: 0
[INFO] [1790558734.999771909] [hunav_loader]: 	goals: [
[INFO] [1790558734.999775035] [hunav_loader]: 	  76,
[INFO] [1790558734.999777708] [hunav_loader]: 	  77,
[INFO] [1790558734.999780576] [hunav_loader]: 	  78,
[INFO] [1790558734.999783180] [hunav_loader]: 	  79,
[INFO] [1790558734.999786059] [hunav_loader]: 	  80,
[INFO] [1790558734.999788703] [hunav_loader]: 	  81,
[INFO] [1790558734.999792174] [hunav_loader]: 	  82,
[INFO] [1790558734.999794681] [hunav_loader]: 	  83,
[INFO] [1790558734.999798073] [hunav_loader]: 	  84,
[INFO] [1790558734.999800639] [hunav_loader]: 	  85
[INFO] [1790558734.999803471] [hunav_loader]: 	]
[INFO] [1790558734.999807315] [hunav_loader]: 	  goal_76: (1.170, -8.900)
[INFO] [1790558734.999811920] [hunav_loader]: 	  goal_77: (1.170, -8.600)
[INFO] [1790558734.999816394] [hunav_loader]: 	  goal_78: (1.170, -8.150)
[INFO] [1790558734.999820659] [hunav_loader]: 	  goal_79: (0.000, -7.850)
[INFO] [1790558734.999825634] [hunav_loader]: 	  goal_80: (2.600, -8.150)
[INFO] [1790558734.999829881] [hunav_loader]: 	  goal_81: (5.000, -8.150)
[INFO] [1790558734.999834506] [hunav_loader]: 	  goal_82: (6.070, -8.150)
[INFO] [1790558734.999838762] [hunav_loader]: 	  goal_83: (6.070, -8.600)
[INFO] [1790558734.999842972] [hunav_loader]: 	  goal_84: (6.070, -8.900)
[INFO] [1790558734.999847107] [hunav_loader]: 	  goal_85: (7.050, -10.600)
[INFO] [1790558734.999851097] [hunav_loader]: Agent name: background_agent_6
[INFO] [1790558734.999861889] [hunav_loader]: 	id: 7
[INFO] [1790558734.999876042] [hunav_loader]: 	skin: 2
[INFO] [1790558734.999886830] [hunav_loader]: 	group_id: -1
[INFO] [1790558734.999897421] [hunav_loader]: 	max_vel: 0.93
[INFO] [1790558734.999906815] [hunav_loader]: 	radius: 0.22
[INFO] [1790558734.999916498] [hunav_loader]: 	beh type: Regular
[INFO] [1790558734.999925728] [hunav_loader]: 	beh configuration: 0
[INFO] [1790558735.000010591] [hunav_loader]: 	beh duration: 40.00
[INFO] [1790558735.000016593] [hunav_loader]: 	beh vel: 1.00
[INFO] [1790558735.000020287] [hunav_loader]: 	beh just_once: 1
[INFO] [1790558735.000024630] [hunav_loader]: 	beh dist: 0.00
[INFO] [1790558735.000028167] [hunav_loader]: 	beh goalForceFactor: 2.00
[INFO] [1790558735.000031981] [hunav_loader]: 	beh obstacleForceFactor: 10.00
[INFO] [1790558735.000035811] [hunav_loader]: 	beh socialForceFactor: 5.00
[INFO] [1790558735.000039624] [hunav_loader]: 	beh otherForceFactor: 20.00
[INFO] [1790558735.000052536] [hunav_loader]: 	posex: -7.65
[INFO] [1790558735.000064739] [hunav_loader]: 	posey: -10.60
[INFO] [1790558735.000077219] [hunav_loader]: 	posez: 0.00
[INFO] [1790558735.000091422] [hunav_loader]: 	poseh: 2.09
[INFO] [1790558735.000104249] [hunav_loader]: 	goal_radius: 0.25
[INFO] [1790558735.000117683] [hunav_loader]: 	cyclic_goals: 0
[INFO] [1790558735.000130448] [hunav_loader]: 	goals: [
[INFO] [1790558735.000134563] [hunav_loader]: 	  86,
[INFO] [1790558735.000138250] [hunav_loader]: 	  87,
[INFO] [1790558735.000141877] [hunav_loader]: 	  88,
[INFO] [1790558735.000145161] [hunav_loader]: 	  89,
[INFO] [1790558735.000148730] [hunav_loader]: 	  90,
[INFO] [1790558735.000151931] [hunav_loader]: 	  91,
[INFO] [1790558735.000162981] [hunav_loader]: 	  92,
[INFO] [1790558735.000166851] [hunav_loader]: 	  93,
[INFO] [1790558735.000170300] [hunav_loader]: 	  94
[INFO] [1790558735.000174060] [hunav_loader]: 	]
[INFO] [1790558735.000179049] [hunav_loader]: 	  goal_86: (-8.630, -8.900)
[INFO] [1790558735.000185157] [hunav_loader]: 	  goal_87: (-8.630, -8.600)
[INFO] [1790558735.000190914] [hunav_loader]: 	  goal_88: (-8.630, -8.150)
[INFO] [1790558735.000196440] [hunav_loader]: 	  goal_89: (-10.000, -7.850)
[INFO] [1790558735.000201904] [hunav_loader]: 	  goal_90: (-14.000, -8.150)
[INFO] [1790558735.000207597] [hunav_loader]: 	  goal_91: (-13.530, -8.150)
[INFO] [1790558735.000213500] [hunav_loader]: 	  goal_92: (-13.530, -8.600)
[INFO] [1790558735.000219404] [hunav_loader]: 	  goal_93: (-13.530, -8.900)
[INFO] [1790558735.000228089] [hunav_loader]: 	  goal_94: (-12.550, -10.600)
[INFO] [1790558735.000238645] [hunav_loader]: Agent name: background_agent_7
[INFO] [1790558735.000256072] [hunav_loader]: 	id: 8
[INFO] [1790558735.000270680] [hunav_loader]: 	skin: 3
[INFO] [1790558735.000284638] [hunav_loader]: 	group_id: -1
[INFO] [1790558735.000296667] [hunav_loader]: 	max_vel: 0.70
[INFO] [1790558735.000308922] [hunav_loader]: 	radius: 0.22
[INFO] [1790558735.000321951] [hunav_loader]: 	beh type: Regular
[INFO] [1790558735.000336191] [hunav_loader]: 	beh configuration: 0
[INFO] [1790558735.000433384] [hunav_loader]: 	beh duration: 40.00
[INFO] [1790558735.000438807] [hunav_loader]: 	beh vel: 1.00
[INFO] [1790558735.000443310] [hunav_loader]: 	beh just_once: 1
[INFO] [1790558735.000447535] [hunav_loader]: 	beh dist: 0.00
[INFO] [1790558735.000451248] [hunav_loader]: 	beh goalForceFactor: 2.00
[INFO] [1790558735.000456600] [hunav_loader]: 	beh obstacleForceFactor: 10.00
[INFO] [1790558735.000461312] [hunav_loader]: 	beh socialForceFactor: 5.00
[INFO] [1790558735.000465076] [hunav_loader]: 	beh otherForceFactor: 20.00
[INFO] [1790558735.000478191] [hunav_loader]: 	posex: -12.55
[INFO] [1790558735.000491785] [hunav_loader]: 	posey: -10.60
[INFO] [1790558735.000508099] [hunav_loader]: 	posez: 0.00
[INFO] [1790558735.000520419] [hunav_loader]: 	poseh: 2.09
[INFO] [1790558735.000533610] [hunav_loader]: 	goal_radius: 0.25
[INFO] [1790558735.000547366] [hunav_loader]: 	cyclic_goals: 0
[INFO] [1790558735.000562265] [hunav_loader]: 	goals: [
[INFO] [1790558735.000566871] [hunav_loader]: 	  95,
[INFO] [1790558735.000570380] [hunav_loader]: 	  96,
[INFO] [1790558735.000574864] [hunav_loader]: 	  97,
[INFO] [1790558735.000578252] [hunav_loader]: 	  98,
[INFO] [1790558735.000582024] [hunav_loader]: 	  99,
[INFO] [1790558735.000585370] [hunav_loader]: 	  100,
[INFO] [1790558735.000589169] [hunav_loader]: 	  101,
[INFO] [1790558735.000592559] [hunav_loader]: 	  102,
[INFO] [1790558735.000595875] [hunav_loader]: 	  103,
[INFO] [1790558735.000599651] [hunav_loader]: 	  104,
[INFO] [1790558735.000602885] [hunav_loader]: 	  105,
[INFO] [1790558735.000606674] [hunav_loader]: 	  106,
[INFO] [1790558735.000610360] [hunav_loader]: 	  107,
[INFO] [1790558735.000613976] [hunav_loader]: 	  108,
[INFO] [1790558735.000617287] [hunav_loader]: 	  109,
[INFO] [1790558735.000620517] [hunav_loader]: 	  110,
[INFO] [1790558735.000624127] [hunav_loader]: 	  111,
[INFO] [1790558735.000627260] [hunav_loader]: 	  112,
[INFO] [1790558735.000631827] [hunav_loader]: 	  113,
[INFO] [1790558735.000635160] [hunav_loader]: 	  114,
[INFO] [1790558735.000638934] [hunav_loader]: 	  115,
[INFO] [1790558735.000642196] [hunav_loader]: 	  116,
[INFO] [1790558735.000645772] [hunav_loader]: 	  117,
[INFO] [1790558735.000659821] [hunav_loader]: 	  118
[INFO] [1790558735.000664361] [hunav_loader]: 	]
[INFO] [1790558735.000670356] [hunav_loader]: 	  goal_95: (-13.530, -8.900)
[INFO] [1790558735.000676933] [hunav_loader]: 	  goal_96: (-13.530, -8.600)
[INFO] [1790558735.000683256] [hunav_loader]: 	  goal_97: (-13.530, -8.150)
[INFO] [1790558735.000688833] [hunav_loader]: 	  goal_98: (-14.000, -8.150)
[INFO] [1790558735.000695312] [hunav_loader]: 	  goal_99: (-10.000, -7.850)
[INFO] [1790558735.000701885] [hunav_loader]: 	  goal_100: (-5.000, -8.150)
[INFO] [1790558735.000708535] [hunav_loader]: 	  goal_101: (-2.000, -8.180)
[INFO] [1790558735.000714012] [hunav_loader]: 	  goal_102: (0.000, -7.850)
[INFO] [1790558735.000719780] [hunav_loader]: 	  goal_103: (2.600, -8.150)
[INFO] [1790558735.000725221] [hunav_loader]: 	  goal_104: (5.000, -8.150)
[INFO] [1790558735.000731125] [hunav_loader]: 	  goal_105: (10.000, -8.150)
[INFO] [1790558735.000736781] [hunav_loader]: 	  goal_106: (15.000, -8.150)
[INFO] [1790558735.000742277] [hunav_loader]: 	  goal_107: (15.000, -4.000)
[INFO] [1790558735.000747771] [hunav_loader]: 	  goal_108: (7.000, -4.000)
[INFO] [1790558735.000753432] [hunav_loader]: 	  goal_109: (7.000, -2.000)
[INFO] [1790558735.000758863] [hunav_loader]: 	  goal_110: (7.000, 0.000)
[INFO] [1790558735.000768106] [hunav_loader]: 	  goal_111: (15.000, 0.000)
[INFO] [1790558735.000775694] [hunav_loader]: 	  goal_112: (15.000, 2.550)
[INFO] [1790558735.000781492] [hunav_loader]: 	  goal_113: (15.000, 3.500)
[INFO] [1790558735.000787215] [hunav_loader]: 	  goal_114: (15.000, 8.000)
[INFO] [1790558735.000793769] [hunav_loader]: 	  goal_115: (15.000, 6.010)
[INFO] [1790558735.000799636] [hunav_loader]: 	  goal_116: (14.400, 6.010)
[INFO] [1790558735.000805393] [hunav_loader]: 	  goal_117: (14.100, 6.010)
[INFO] [1790558735.000811135] [hunav_loader]: 	  goal_118: (12.400, 6.950)
[INFO] [1790558735.000816294] [hunav_loader]: Agent name: background_agent_8
[INFO] [1790558735.000838457] [hunav_loader]: 	id: 9
[INFO] [1790558735.000855276] [hunav_loader]: 	skin: 0
[INFO] [1790558735.000870231] [hunav_loader]: 	group_id: -1
[INFO] [1790558735.000884188] [hunav_loader]: 	max_vel: 0.97
[INFO] [1790558735.000903029] [hunav_loader]: 	radius: 0.22
[INFO] [1790558735.000918672] [hunav_loader]: 	beh type: Regular
[INFO] [1790558735.000942354] [hunav_loader]: 	beh configuration: 0
[INFO] [1790558735.001076146] [hunav_loader]: 	beh duration: 40.00
[INFO] [1790558735.001085763] [hunav_loader]: 	beh vel: 1.00
[INFO] [1790558735.001090303] [hunav_loader]: 	beh just_once: 1
[INFO] [1790558735.001093967] [hunav_loader]: 	beh dist: 0.00
[INFO] [1790558735.001098454] [hunav_loader]: 	beh goalForceFactor: 2.00
[INFO] [1790558735.001103510] [hunav_loader]: 	beh obstacleForceFactor: 10.00
[INFO] [1790558735.001108655] [hunav_loader]: 	beh socialForceFactor: 5.00
[INFO] [1790558735.001112239] [hunav_loader]: 	beh otherForceFactor: 20.00
[INFO] [1790558735.001127075] [hunav_loader]: 	posex: -12.55
[INFO] [1790558735.001141049] [hunav_loader]: 	posey: -5.40
[INFO] [1790558735.001155940] [hunav_loader]: 	posez: 0.00
[INFO] [1790558735.001168840] [hunav_loader]: 	poseh: -2.09
[INFO] [1790558735.001182059] [hunav_loader]: 	goal_radius: 0.25
[INFO] [1790558735.001195011] [hunav_loader]: 	cyclic_goals: 0
[INFO] [1790558735.001209232] [hunav_loader]: 	goals: [
[INFO] [1790558735.001213607] [hunav_loader]: 	  119,
[INFO] [1790558735.001217033] [hunav_loader]: 	  120,
[INFO] [1790558735.001220578] [hunav_loader]: 	  121,
[INFO] [1790558735.001224283] [hunav_loader]: 	  122,
[INFO] [1790558735.001227684] [hunav_loader]: 	  123,
[INFO] [1790558735.001231209] [hunav_loader]: 	  124,
[INFO] [1790558735.001243340] [hunav_loader]: 	  125,
[INFO] [1790558735.001247216] [hunav_loader]: 	  126,
[INFO] [1790558735.001250946] [hunav_loader]: 	  127,
[INFO] [1790558735.001254691] [hunav_loader]: 	  128,
[INFO] [1790558735.001257927] [hunav_loader]: 	  129,
[INFO] [1790558735.001261771] [hunav_loader]: 	  130,
[INFO] [1790558735.001265196] [hunav_loader]: 	  131,
[INFO] [1790558735.001269417] [hunav_loader]: 	  132,
[INFO] [1790558735.001272659] [hunav_loader]: 	  133
[INFO] [1790558735.001287804] [hunav_loader]: 	]
[INFO] [1790558735.001293934] [hunav_loader]: 	  goal_119: (-13.530, -7.100)
[INFO] [1790558735.001301361] [hunav_loader]: 	  goal_120: (-13.530, -7.400)
[INFO] [1790558735.001308672] [hunav_loader]: 	  goal_121: (-13.530, -8.150)
[INFO] [1790558735.001315239] [hunav_loader]: 	  goal_122: (-14.000, -8.150)
[INFO] [1790558735.001321186] [hunav_loader]: 	  goal_123: (-10.000, -7.850)
[INFO] [1790558735.001326698] [hunav_loader]: 	  goal_124: (-5.000, -8.150)
[INFO] [1790558735.001332359] [hunav_loader]: 	  goal_125: (-2.000, -8.180)
[INFO] [1790558735.001337528] [hunav_loader]: 	  goal_126: (0.000, -7.850)
[INFO] [1790558735.001346461] [hunav_loader]: 	  goal_127: (2.600, -8.150)
[INFO] [1790558735.001354044] [hunav_loader]: 	  goal_128: (5.000, -8.150)
[INFO] [1790558735.001362788] [hunav_loader]: 	  goal_129: (10.000, -8.150)
[INFO] [1790558735.001371796] [hunav_loader]: 	  goal_130: (10.970, -8.150)
[INFO] [1790558735.001382207] [hunav_loader]: 	  goal_131: (10.970, -8.600)
[INFO] [1790558735.001392397] [hunav_loader]: 	  goal_132: (10.970, -8.900)
[INFO] [1790558735.001402729] [hunav_loader]: 	  goal_133: (11.950, -10.600)
[INFO] [1790558735.002217959] [hunav_loader]: GetParameters service created
sequence size exceeds remaining buffer
sequence size exceeds remaining buffer
sequence size exceeds remaining buffer
sequence size exceeds remaining buffer
sequence size exceeds remaining buffer
sequence size exceeds remaining buffer
sequence size exceeds remaining buffer
sequence size exceeds remaining buffer
sequence size exceeds remaining buffer
sequence size exceeds remaining buffer
sequence size exceeds remaining buffer
sequence size exceeds remaining buffer
sequence size exceeds remaining buffer
sequence size exceeds remaining buffer
[INFO] [1790558735.844291563] [hunav_loader]: Sent parameters: map=school_arena, simulator=Gazebo Fortress, yaml_base_name=scenario_head_on_high_1789892062, 133 goals
sequence size exceeds remaining buffer
sequence size exceeds remaining buffer
sequence size exceeds remaining buffer
sequence size exceeds remaining buffer
sequence size exceeds remaining buffer
sequence size exceeds remaining buffer
sequence size exceeds remaining buffer
sequence size exceeds remaining buffer
sequence size exceeds remaining buffer
sequence size exceeds remaining buffer
sequence size exceeds remaining buffer
sequence size exceeds remaining buffer
sequence size exceeds remaining buffer
sequence size exceeds remaining buffer
sequence size exceeds remaining buffer
sequence size exceeds remaining buffer
sequence size exceeds remaining buffer
sequence size exceeds remaining buffer
sequence size exceeds remaining buffer
sequence size exceeds remaining buffer
sequence size exceeds remaining buffer
sequence size exceeds remaining buffer
sequence size exceeds remaining buffer
sequence size exceeds remaining buffer
sequence size exceeds remaining buffer
sequence size exceeds remaining buffer
sequence size exceeds remaining buffer
sequence size exceeds remaining buffer
sequence size exceeds remaining buffer
sequence size exceeds remaining buffer
sequence size exceeds remaining buffer
sequence size exceeds remaining buffer
sequence size exceeds remaining buffer
sequence size exceeds remaining buffer
sequence size exceeds remaining buffer
sequence size exceeds remaining buffer
sequence size exceeds remaining buffer
sequence size exceeds remaining buffer
sequence size exceeds remaining buffer
sequence size exceeds remaining buffer
sequence size exceeds remaining buffer
sequence size exceeds remaining buffer
sequence size exceeds remaining buffer
sequence size exceeds remaining buffer
sequence size exceeds remaining buffer
sequence size exceeds remaining buffer
sequence size exceeds remaining buffer
sequence size exceeds remaining buffer
sequence size exceeds remaining buffer
sequence size exceeds remaining buffer
sequence size exceeds remaining buffer
sequence size exceeds remaining buffer
sequence size exceeds remaining buffer
sequence size exceeds remaining buffer
sequence size exceeds remaining buffer
sequence size exceeds remaining buffer
sequence size exceeds remaining buffer
sequence size exceeds remaining buffer
sequence size exceeds remaining buffer
sequence size exceeds remaining buffer
sequence size exceeds remaining buffer
sequence size exceeds remaining buffer
sequence size exceeds remaining buffer
sequence size exceeds remaining buffer
sequence size exceeds remaining buffer
sequence size exceeds remaining buffer
sequence size exceeds remaining buffer
sequence size exceeds remaining buffer
sequence size exceeds remaining buffer
sequence size exceeds remaining buffer
sequence size exceeds remaining buffer
sequence size exceeds remaining buffer
sequence size exceeds remaining buffer
sequence size exceeds remaining buffer
sequence size exceeds remaining buffer
sequence size exceeds remaining buffer
sequence size exceeds remaining buffer
sequence size exceeds remaining buffer
sequence size exceeds remaining buffer
sequence size exceeds remaining buffer
sequence size exceeds remaining buffer
sequence size exceeds remaining buffer
sequence size exceeds remaining buffer
sequence size exceeds remaining buffer
sequence size exceeds remaining buffer
sequence size exceeds remaining buffer
sequence size exceeds remaining buffer
sequence size exceeds remaining buffer
sequence size exceeds remaining buffer
sequence size exceeds remaining buffer
sequence size exceeds remaining buffer
sequence size exceeds remaining buffer
sequence size exceeds remaining buffer
sequence size exceeds remaining buffer
sequence size exceeds remaining buffer
sequence size exceeds remaining buffer
sequence size exceeds remaining buffer
sequence size exceeds remaining buffer
sequence size exceeds remaining buffer
sequence size exceeds remaining buffer
sequence size exceeds remaining buffer
sequence size exceeds remaining buffer
sequence size exceeds remaining buffer
sequence size exceeds remaining buffer
sequence size exceeds remaining buffer
sequence size exceeds remaining buffer
sequence size exceeds remaining buffer
sequence size exceeds remaining buffer
sequence size exceeds remaining buffer
sequence size exceeds remaining buffer
sequence size exceeds remaining buffer
sequence size exceeds remaining buffer
sequence size exceeds remaining buffer
sequence size exceeds remaining buffer
sequence size exceeds remaining buffer
sequence size exceeds remaining buffer
sequence size exceeds remaining buffer
sequence size exceeds remaining buffer
sequence size exceeds remaining buffer
sequence size exceeds remaining buffer
sequence size exceeds remaining buffer
sequence size exceeds remaining buffer
sequence size exceeds remaining buffer
sequence size exceeds remaining buffer
sequence size exceeds remaining buffer
sequence size exceeds remaining buffer
sequence size exceeds remaining buffer
sequence size exceeds remaining buffer
sequence size exceeds remaining buffer
sequence size exceeds remaining buffer
sequence size exceeds remaining buffer
sequence size exceeds remaining buffer
sequence size exceeds remaining buffer
sequence size exceeds remaining buffer
sequence size exceeds remaining buffer
sequence size exceeds remaining buffer
sequence size exceeds remaining buffer
sequence size exceeds remaining buffer
sequence size exceeds remaining buffer
sequence size exceeds remaining buffer
sequence size exceeds remaining buffer
sequence size exceeds remaining buffer
sequence size exceeds remaining buffer
sequence size exceeds remaining buffer
sequence size exceeds remaining buffer
sequence size exceeds remaining buffer
sequence size exceeds remaining buffer
sequence size exceeds remaining buffer
sequence size exceeds remaining buffer
sequence size exceeds remaining buffer
sequence size exceeds remaining buffer
sequence size exceeds remaining buffer
sequence size exceeds remaining buffer
sequence size exceeds remaining buffer
sequence size exceeds remaining buffer
sequence size exceeds remaining buffer
sequence size exceeds remaining buffer
sequence size exceeds remaining buffer
sequence size exceeds remaining buffer
sequence size exceeds remaining buffer
sequence size exceeds remaining buffer
sequence size exceeds remaining buffer
sequence size exceeds remaining buffer
sequence size exceeds remaining buffer
sequence size exceeds remaining buffer
sequence size exceeds remaining buffer
sequence size exceeds remaining buffer
sequence size exceeds remaining buffer
sequence size exceeds remaining buffer
sequence size exceeds remaining buffer
sequence size exceeds remaining buffer
sequence size exceeds remaining buffer
sequence size exceeds remaining buffer
sequence size exceeds remaining buffer
sequence size exceeds remaining buffer
sequence size exceeds remaining buffer
sequence size exceeds remaining buffer
sequence size exceeds remaining buffer
sequence size exceeds remaining buffer
sequence size exceeds remaining buffer
sequence size exceeds remaining buffer
sequence size exceeds remaining buffer
sequence size exceeds remaining buffer
sequence size exceeds remaining buffer
sequence size exceeds remaining buffer
sequence size exceeds remaining buffer
sequence size exceeds remaining buffer
sequence size exceeds remaining buffer
sequence size exceeds remaining buffer
sequence size exceeds remaining buffer
sequence size exceeds remaining buffer
sequence size exceeds remaining buffer
sequence size exceeds remaining buffer
sequence size exceeds remaining buffer
sequence size exceeds remaining buffer
sequence size exceeds remaining buffer
sequence size exceeds remaining buffer
sequence size exceeds remaining buffer
sequence size exceeds remaining buffer
sequence size exceeds remaining buffer
sequence size exceeds remaining buffer
sequence size exceeds remaining buffer
sequence size exceeds remaining buffer
sequence size exceeds remaining buffer
sequence size exceeds remaining buffer
sequence size exceeds remaining buffer
sequence size exceeds remaining buffer
sequence size exceeds remaining buffer
sequence size exceeds remaining buffer
sequence size exceeds remaining buffer
sequence size exceeds remaining buffer
sequence size exceeds remaining buffer
sequence size exceeds remaining buffer
sequence size exceeds remaining buffer
sequence size exceeds remaining buffer
sequence size exceeds remaining buffer
sequence size exceeds remaining buffer
sequence size exceeds remaining buffer
sequence size exceeds remaining buffer
sequence size exceeds remaining buffer
sequence size exceeds remaining buffer
sequence size exceeds remaining buffer
sequence size exceeds remaining buffer
sequence size exceeds remaining buffer
sequence size exceeds remaining buffer
sequence size exceeds remaining buffer
sequence size exceeds remaining buffer
sequence size exceeds remaining buffer
sequence size exceeds remaining buffer
sequence size exceeds remaining buffer
sequence size exceeds remaining buffer
sequence size exceeds remaining buffer
sequence size exceeds remaining buffer
sequence size exceeds remaining buffer
sequence size exceeds remaining buffer
sequence size exceeds remaining buffer
sequence size exceeds remaining buffer
sequence size exceeds remaining buffer
sequence size exceeds remaining buffer
sequence size exceeds remaining buffer
sequence size exceeds remaining buffer
sequence size exceeds remaining buffer
sequence size exceeds remaining buffer
sequence size exceeds remaining buffer
sequence size exceeds remaining buffer
sequence size exceeds remaining buffer
sequence size exceeds remaining buffer
sequence size exceeds remaining buffer
sequence size exceeds remaining buffer
sequence size exceeds remaining buffer
sequence size exceeds remaining buffer
sequence size exceeds remaining buffer
sequence size exceeds remaining buffer
sequence size exceeds remaining buffer
sequence size exceeds remaining buffer
sequence size exceeds remaining buffer
sequence size exceeds remaining buffer
sequence size exceeds remaining buffer
sequence size exceeds remaining buffer
sequence size exceeds remaining buffer
sequence size exceeds remaining buffer
sequence size exceeds remaining buffer
sequence size exceeds remaining buffer
sequence size exceeds remaining buffer
sequence size exceeds remaining buffer
sequence size exceeds remaining buffer
sequence size exceeds remaining buffer
sequence size exceeds remaining buffer
sequence size exceeds remaining buffer
sequence size exceeds remaining buffer
sequence size exceeds remaining buffer
sequence size exceeds remaining buffer
sequence size exceeds remaining buffer
sequence size exceeds remaining buffer
sequence size exceeds remaining buffer
sequence size exceeds remaining buffer
sequence size exceeds remaining buffer
sequence size exceeds remaining buffer
sequence size exceeds remaining buffer
sequence size exceeds remaining buffer
sequence size exceeds remaining buffer
sequence size exceeds remaining buffer
sequence size exceeds remaining buffer
sequence size exceeds remaining buffer
sequence size exceeds remaining buffer
sequence size exceeds remaining buffer
sequence size exceeds remaining buffer
sequence size exceeds remaining buffer
sequence size exceeds remaining buffer
sequence size exceeds remaining buffer
sequence size exceeds remaining buffer
sequence size exceeds remaining buffer
sequence size exceeds remaining buffer
sequence size exceeds remaining buffer
sequence size exceeds remaining buffer
sequence size exceeds remaining buffer
sequence size exceeds remaining buffer
sequence size exceeds remaining buffer
sequence size exceeds remaining buffer
sequence size exceeds remaining buffer
sequence size exceeds remaining buffer
sequence size exceeds remaining buffer
sequence size exceeds remaining buffer
sequence size exceeds remaining buffer
sequence size exceeds remaining buffer
sequence size exceeds remaining buffer
sequence size exceeds remaining buffer
sequence size exceeds remaining buffer
sequence size exceeds remaining buffer
sequence size exceeds remaining buffer
sequence size exceeds remaining buffer
sequence size exceeds remaining buffer
sequence size exceeds remaining buffer
sequence size exceeds remaining buffer
sequence size exceeds remaining buffer
sequence size exceeds remaining buffer
sequence size exceeds remaining buffer
sequence size exceeds remaining buffer
sequence size exceeds remaining buffer
sequence size exceeds remaining buffer
sequence size exceeds remaining buffer
sequence size exceeds remaining buffer
sequence size exceeds remaining buffer
sequence size exceeds remaining buffer
sequence size exceeds remaining buffer
sequence size exceeds remaining buffer
sequence size exceeds remaining buffer
sequence size exceeds remaining buffer
sequence size exceeds remaining buffer
sequence size exceeds remaining buffer
sequence size exceeds remaining buffer
sequence size exceeds remaining buffer
sequence size exceeds remaining buffer
sequence size exceeds remaining buffer
sequence size exceeds remaining buffer
sequence size exceeds remaining buffer
sequence size exceeds remaining buffer
sequence size exceeds remaining buffer
sequence size exceeds remaining buffer
sequence size exceeds remaining buffer
sequence size exceeds remaining buffer
sequence size exceeds remaining buffer
sequence size exceeds remaining buffer
sequence size exceeds remaining buffer
sequence size exceeds remaining buffer
sequence size exceeds remaining buffer
sequence size exceeds remaining buffer
sequence size exceeds remaining buffer
sequence size exceeds remaining buffer
sequence size exceeds remaining buffer
sequence size exceeds remaining buffer
sequence size exceeds remaining buffer
sequence size exceeds remaining buffer
sequence size exceeds remaining buffer
sequence size exceeds remaining buffer
sequence size exceeds remaining buffer
sequence size exceeds remaining buffer
sequence size exceeds remaining buffer
sequence size exceeds remaining buffer
sequence size exceeds remaining buffer
sequence size exceeds remaining buffer
sequence size exceeds remaining buffer
sequence size exceeds remaining buffer
sequence size exceeds remaining buffer
sequence size exceeds remaining buffer
sequence size exceeds remaining buffer
sequence size exceeds remaining buffer
sequence size exceeds remaining buffer
sequence size exceeds remaining buffer
sequence size exceeds remaining buffer
sequence size exceeds remaining buffer
sequence size exceeds remaining buffer
sequence size exceeds remaining buffer
sequence size exceeds remaining buffer
sequence size exceeds remaining buffer
sequence size exceeds remaining buffer
sequence size exceeds remaining buffer
sequence size exceeds remaining buffer
sequence size exceeds remaining buffer
sequence size exceeds remaining buffer
sequence size exceeds remaining buffer
sequence size exceeds remaining buffer
sequence size exceeds remaining buffer
sequence size exceeds remaining buffer
sequence size exceeds remaining buffer
sequence size exceeds remaining buffer
sequence size exceeds remaining buffer
sequence size exceeds remaining buffer
sequence size exceeds remaining buffer
sequence size exceeds remaining buffer
sequence size exceeds remaining buffer
sequence size exceeds remaining buffer
sequence size exceeds remaining buffer
sequence size exceeds remaining buffer
sequence size exceeds remaining buffer
sequence size exceeds remaining buffer
sequence size exceeds remaining buffer
sequence size exceeds remaining buffer
sequence size exceeds remaining buffer
sequence size exceeds remaining buffer
sequence size exceeds remaining buffer
sequence size exceeds remaining buffer
sequence size exceeds remaining buffer
sequence size exceeds remaining buffer
sequence size exceeds remaining buffer
sequence size exceeds remaining buffer
sequence size exceeds remaining buffer
sequence size exceeds remaining buffer
sequence size exceeds remaining buffer
sequence size exceeds remaining buffer
sequence size exceeds remaining buffer
sequence size exceeds remaining buffer
sequence size exceeds remaining buffer
sequence size exceeds remaining buffer
sequence size exceeds remaining buffer
sequence size exceeds remaining buffer
sequence size exceeds remaining buffer
sequence size exceeds remaining buffer
sequence size exceeds remaining buffer
sequence size exceeds remaining buffer
sequence size exceeds remaining buffer
sequence size exceeds remaining buffer
sequence size exceeds remaining buffer
sequence size exceeds remaining buffer
sequence size exceeds remaining buffer
sequence size exceeds remaining buffer
sequence size exceeds remaining buffer
sequence size exceeds remaining buffer
sequence size exceeds remaining buffer
sequence size exceeds remaining buffer
sequence size exceeds remaining buffer
sequence size exceeds remaining buffer
sequence size exceeds remaining buffer
sequence size exceeds remaining buffer
sequence size exceeds remaining buffer
sequence size exceeds remaining buffer
sequence size exceeds remaining buffer
sequence size exceeds remaining buffer
sequence size exceeds remaining buffer
sequence size exceeds remaining buffer
sequence size exceeds remaining buffer
sequence size exceeds remaining buffer
sequence size exceeds remaining buffer
sequence size exceeds remaining buffer
sequence size exceeds remaining buffer
sequence size exceeds remaining buffer
sequence size exceeds remaining buffer
sequence size exceeds remaining buffer
sequence size exceeds remaining buffer
sequence size exceeds remaining buffer
sequence size exceeds remaining buffer
sequence size exceeds remaining buffer
sequence size exceeds remaining buffer
sequence size exceeds remaining buffer
sequence size exceeds remaining buffer
sequence size exceeds remaining buffer
sequence size exceeds remaining buffer
sequence size exceeds remaining buffer
sequence size exceeds remaining buffer
sequence size exceeds remaining buffer
sequence size exceeds remaining buffer
sequence size exceeds remaining buffer
sequence size exceeds remaining buffer
sequence size exceeds remaining buffer
sequence size exceeds remaining buffer
sequence size exceeds remaining buffer
sequence size exceeds remaining buffer
sequence size exceeds remaining buffer
sequence size exceeds remaining buffer
sequence size exceeds remaining buffer
sequence size exceeds remaining buffer
sequence size exceeds remaining buffer
sequence size exceeds remaining buffer
sequence size exceeds remaining buffer
sequence size exceeds remaining buffer
sequence size exceeds remaining buffer
sequence size exceeds remaining buffer
sequence size exceeds remaining buffer
sequence size exceeds remaining buffer
sequence size exceeds remaining buffer
sequence size exceeds remaining buffer
sequence size exceeds remaining buffer
sequence size exceeds remaining buffer
sequence size exceeds remaining buffer
sequence size exceeds remaining buffer
sequence size exceeds remaining buffer
sequence size exceeds remaining buffer
sequence size exceeds remaining buffer
sequence size exceeds remaining buffer
sequence size exceeds remaining buffer
sequence size exceeds remaining buffer
sequence size exceeds remaining buffer
sequence size exceeds remaining buffer
sequence size exceeds remaining buffer
sequence size exceeds remaining buffer
sequence size exceeds remaining buffer
sequence size exceeds remaining buffer
sequence size exceeds remaining buffer
sequence size exceeds remaining buffer
sequence size exceeds remaining buffer
sequence size exceeds remaining buffer
sequence size exceeds remaining buffer
sequence size exceeds remaining buffer
sequence size exceeds remaining buffer
sequence size exceeds remaining buffer
sequence size exceeds remaining buffer
sequence size exceeds remaining buffer
sequence size exceeds remaining buffer
sequence size exceeds remaining buffer
sequence size exceeds remaining buffer
sequence size exceeds remaining buffer
sequence size exceeds remaining buffer
sequence size exceeds remaining buffer
sequence size exceeds remaining buffer
sequence size exceeds remaining buffer
sequence size exceeds remaining buffer
sequence size exceeds remaining buffer
sequence size exceeds remaining buffer
sequence size exceeds remaining buffer
sequence size exceeds remaining buffer
sequence size exceeds remaining buffer
sequence size exceeds remaining buffer
sequence size exceeds remaining buffer
sequence size exceeds remaining buffer
sequence size exceeds remaining buffer
sequence size exceeds remaining buffer
sequence size exceeds remaining buffer
sequence size exceeds remaining buffer
sequence size exceeds remaining buffer
sequence size exceeds remaining buffer
sequence size exceeds remaining buffer
sequence size exceeds remaining buffer
sequence size exceeds remaining buffer
[INFO] [1790558773.438526008] [rclcpp]: signal_handler(SIGINT/SIGTERM)
