[INFO] [1790558735.702121386] [hunav_agent_manager]: Initializing hunav_agent_manager node...
[INFO] [1790558735.702813378] [hunav_agent_manager]: Waiting for hunav_loader get_parameters service...
[INFO] [1790558735.844695654] [hunav_agent_manager]: Loaded global goal 1 → (15.000, 12.300)
[INFO] [1790558735.844741904] [hunav_agent_manager]: Loaded global goal 2 → (15.000, 10.650)
[INFO] [1790558735.844754926] [hunav_agent_manager]: Loaded global goal 3 → (15.000, 9.800)
[INFO] [1790558735.844766078] [hunav_agent_manager]: Loaded global goal 4 → (15.000, 8.000)
[INFO] [1790558735.844776415] [hunav_agent_manager]: Loaded global goal 5 → (15.000, 3.500)
[INFO] [1790558735.844786558] [hunav_agent_manager]: Loaded global goal 6 → (15.900, 6.407)
[INFO] [1790558735.844796843] [hunav_agent_manager]: Loaded global goal 7 → (15.600, 6.407)
[INFO] [1790558735.844808813] [hunav_agent_manager]: Loaded global goal 8 → (15.000, 6.407)
[INFO] [1790558735.844818428] [hunav_agent_manager]: Loaded global goal 9 → (15.000, 8.000)
[INFO] [1790558735.844828595] [hunav_agent_manager]: Loaded global goal 10 → (15.000, 3.500)
[INFO] [1790558735.844839797] [hunav_agent_manager]: Loaded global goal 11 → (15.000, 2.550)
[INFO] [1790558735.844850377] [hunav_agent_manager]: Loaded global goal 12 → (15.000, 0.000)
[INFO] [1790558735.844860421] [hunav_agent_manager]: Loaded global goal 13 → (7.000, 0.000)
[INFO] [1790558735.844870398] [hunav_agent_manager]: Loaded global goal 14 → (7.000, -2.000)
[INFO] [1790558735.844880608] [hunav_agent_manager]: Loaded global goal 15 → (7.000, -4.000)
[INFO] [1790558735.844890224] [hunav_agent_manager]: Loaded global goal 16 → (15.000, -4.000)
[INFO] [1790558735.844902993] [hunav_agent_manager]: Loaded global goal 17 → (15.000, -8.150)
[INFO] [1790558735.844913172] [hunav_agent_manager]: Loaded global goal 18 → (10.000, -8.150)
[INFO] [1790558735.844923689] [hunav_agent_manager]: Loaded global goal 19 → (5.000, -8.150)
[INFO] [1790558735.844935865] [hunav_agent_manager]: Loaded global goal 20 → (2.600, -8.150)
[INFO] [1790558735.844945992] [hunav_agent_manager]: Loaded global goal 21 → (0.000, -7.850)
[INFO] [1790558735.844981981] [hunav_agent_manager]: Loaded global goal 22 → (1.170, -8.150)
[INFO] [1790558735.844987845] [hunav_agent_manager]: Loaded global goal 23 → (1.170, -7.400)
[INFO] [1790558735.844991409] [hunav_agent_manager]: Loaded global goal 24 → (1.170, -7.100)
[INFO] [1790558735.844995113] [hunav_agent_manager]: Loaded global goal 25 → (2.150, -5.400)
[INFO] [1790558735.844999723] [hunav_agent_manager]: Loaded global goal 26 → (15.900, 1.940)
[INFO] [1790558735.845004194] [hunav_agent_manager]: Loaded global goal 27 → (15.600, 1.940)
[INFO] [1790558735.845011876] [hunav_agent_manager]: Loaded global goal 28 → (15.000, 1.940)
[INFO] [1790558735.845015923] [hunav_agent_manager]: Loaded global goal 29 → (15.000, 2.550)
[INFO] [1790558735.845019424] [hunav_agent_manager]: Loaded global goal 30 → (15.000, 3.500)
[INFO] [1790558735.845023197] [hunav_agent_manager]: Loaded global goal 31 → (15.000, 8.000)
[INFO] [1790558735.845026804] [hunav_agent_manager]: Loaded global goal 32 → (15.000, 9.800)
[INFO] [1790558735.845030626] [hunav_agent_manager]: Loaded global goal 33 → (15.000, 10.650)
[INFO] [1790558735.845035353] [hunav_agent_manager]: Loaded global goal 34 → (15.000, 10.873)
[INFO] [1790558735.845039498] [hunav_agent_manager]: Loaded global goal 35 → (15.600, 10.873)
[INFO] [1790558735.845043322] [hunav_agent_manager]: Loaded global goal 36 → (15.900, 10.873)
[INFO] [1790558735.845047261] [hunav_agent_manager]: Loaded global goal 37 → (17.600, 11.767)
[INFO] [1790558735.845051161] [hunav_agent_manager]: Loaded global goal 38 → (-3.730, -8.900)
[INFO] [1790558735.845054897] [hunav_agent_manager]: Loaded global goal 39 → (-3.730, -8.600)
[INFO] [1790558735.845059069] [hunav_agent_manager]: Loaded global goal 40 → (-3.730, -8.150)
[INFO] [1790558735.845062480] [hunav_agent_manager]: Loaded global goal 41 → (-5.000, -8.150)
[INFO] [1790558735.845088339] [hunav_agent_manager]: Loaded global goal 42 → (-2.000, -8.180)
[INFO] [1790558735.845092274] [hunav_agent_manager]: Loaded global goal 43 → (0.000, -7.850)
[INFO] [1790558735.845095731] [hunav_agent_manager]: Loaded global goal 44 → (2.600, -8.150)
[INFO] [1790558735.845099371] [hunav_agent_manager]: Loaded global goal 45 → (5.000, -8.150)
[INFO] [1790558735.845102839] [hunav_agent_manager]: Loaded global goal 46 → (10.000, -8.150)
[INFO] [1790558735.845108059] [hunav_agent_manager]: Loaded global goal 47 → (15.000, -8.150)
[INFO] [1790558735.845112043] [hunav_agent_manager]: Loaded global goal 48 → (15.000, -4.000)
[INFO] [1790558735.845115982] [hunav_agent_manager]: Loaded global goal 49 → (7.000, -4.000)
[INFO] [1790558735.845119689] [hunav_agent_manager]: Loaded global goal 50 → (7.000, -2.000)
[INFO] [1790558735.845123041] [hunav_agent_manager]: Loaded global goal 51 → (7.000, 0.000)
[INFO] [1790558735.845126720] [hunav_agent_manager]: Loaded global goal 52 → (15.000, 0.000)
[INFO] [1790558735.845131026] [hunav_agent_manager]: Loaded global goal 53 → (15.000, 2.550)
[INFO] [1790558735.845134660] [hunav_agent_manager]: Loaded global goal 54 → (15.000, 1.940)
[INFO] [1790558735.845138430] [hunav_agent_manager]: Loaded global goal 55 → (15.600, 1.940)
[INFO] [1790558735.845142355] [hunav_agent_manager]: Loaded global goal 56 → (15.900, 1.940)
[INFO] [1790558735.845146191] [hunav_agent_manager]: Loaded global goal 57 → (17.600, 2.833)
[INFO] [1790558735.845150030] [hunav_agent_manager]: Loaded global goal 58 → (1.170, -7.100)
[INFO] [1790558735.845153837] [hunav_agent_manager]: Loaded global goal 59 → (1.170, -7.400)
[INFO] [1790558735.845157522] [hunav_agent_manager]: Loaded global goal 60 → (1.170, -8.150)
[INFO] [1790558735.845161242] [hunav_agent_manager]: Loaded global goal 61 → (0.000, -7.850)
[INFO] [1790558735.845165399] [hunav_agent_manager]: Loaded global goal 62 → (2.600, -8.150)
[INFO] [1790558735.845169029] [hunav_agent_manager]: Loaded global goal 63 → (5.000, -8.150)
[INFO] [1790558735.845172696] [hunav_agent_manager]: Loaded global goal 64 → (10.000, -8.150)
[INFO] [1790558735.845177804] [hunav_agent_manager]: Loaded global goal 65 → (15.000, -8.150)
[INFO] [1790558735.845181690] [hunav_agent_manager]: Loaded global goal 66 → (15.000, -4.000)
[INFO] [1790558735.845185181] [hunav_agent_manager]: Loaded global goal 67 → (7.000, -4.000)
[INFO] [1790558735.845189287] [hunav_agent_manager]: Loaded global goal 68 → (7.000, -2.000)
[INFO] [1790558735.845192592] [hunav_agent_manager]: Loaded global goal 69 → (7.000, 0.000)
[INFO] [1790558735.845196017] [hunav_agent_manager]: Loaded global goal 70 → (15.000, 0.000)
[INFO] [1790558735.845199754] [hunav_agent_manager]: Loaded global goal 71 → (15.000, 2.550)
[INFO] [1790558735.845203291] [hunav_agent_manager]: Loaded global goal 72 → (15.000, 1.940)
[INFO] [1790558735.845207103] [hunav_agent_manager]: Loaded global goal 73 → (15.600, 1.940)
[INFO] [1790558735.845210638] [hunav_agent_manager]: Loaded global goal 74 → (15.900, 1.940)
[INFO] [1790558735.845214496] [hunav_agent_manager]: Loaded global goal 75 → (17.600, 2.833)
[INFO] [1790558735.845218457] [hunav_agent_manager]: Loaded global goal 76 → (1.170, -8.900)
[INFO] [1790558735.845222184] [hunav_agent_manager]: Loaded global goal 77 → (1.170, -8.600)
[INFO] [1790558735.845225666] [hunav_agent_manager]: Loaded global goal 78 → (1.170, -8.150)
[INFO] [1790558735.845229366] [hunav_agent_manager]: Loaded global goal 79 → (0.000, -7.850)
[INFO] [1790558735.845237088] [hunav_agent_manager]: Loaded global goal 80 → (2.600, -8.150)
[INFO] [1790558735.845241121] [hunav_agent_manager]: Loaded global goal 81 → (5.000, -8.150)
[INFO] [1790558735.845244566] [hunav_agent_manager]: Loaded global goal 82 → (6.070, -8.150)
[INFO] [1790558735.845249258] [hunav_agent_manager]: Loaded global goal 83 → (6.070, -8.600)
[INFO] [1790558735.845252905] [hunav_agent_manager]: Loaded global goal 84 → (6.070, -8.900)
[INFO] [1790558735.845256967] [hunav_agent_manager]: Loaded global goal 85 → (7.050, -10.600)
[INFO] [1790558735.845265133] [hunav_agent_manager]: Loaded global goal 86 → (-8.630, -8.900)
[INFO] [1790558735.845269019] [hunav_agent_manager]: Loaded global goal 87 → (-8.630, -8.600)
[INFO] [1790558735.845272635] [hunav_agent_manager]: Loaded global goal 88 → (-8.630, -8.150)
[INFO] [1790558735.845276061] [hunav_agent_manager]: Loaded global goal 89 → (-10.000, -7.850)
[INFO] [1790558735.845279915] [hunav_agent_manager]: Loaded global goal 90 → (-14.000, -8.150)
[INFO] [1790558735.845283715] [hunav_agent_manager]: Loaded global goal 91 → (-13.530, -8.150)
[INFO] [1790558735.845288098] [hunav_agent_manager]: Loaded global goal 92 → (-13.530, -8.600)
[INFO] [1790558735.845292123] [hunav_agent_manager]: Loaded global goal 93 → (-13.530, -8.900)
[INFO] [1790558735.845296107] [hunav_agent_manager]: Loaded global goal 94 → (-12.550, -10.600)
[INFO] [1790558735.845300100] [hunav_agent_manager]: Loaded global goal 95 → (-13.530, -8.900)
[INFO] [1790558735.845304011] [hunav_agent_manager]: Loaded global goal 96 → (-13.530, -8.600)
[INFO] [1790558735.845307740] [hunav_agent_manager]: Loaded global goal 97 → (-13.530, -8.150)
[INFO] [1790558735.845311613] [hunav_agent_manager]: Loaded global goal 98 → (-14.000, -8.150)
[INFO] [1790558735.845315398] [hunav_agent_manager]: Loaded global goal 99 → (-10.000, -7.850)
[INFO] [1790558735.845321337] [hunav_agent_manager]: Loaded global goal 100 → (-5.000, -8.150)
[INFO] [1790558735.845329297] [hunav_agent_manager]: Loaded global goal 101 → (-2.000, -8.180)
[INFO] [1790558735.845333142] [hunav_agent_manager]: Loaded global goal 102 → (0.000, -7.850)
[INFO] [1790558735.845336841] [hunav_agent_manager]: Loaded global goal 103 → (2.600, -8.150)
[INFO] [1790558735.845340629] [hunav_agent_manager]: Loaded global goal 104 → (5.000, -8.150)
[INFO] [1790558735.845346355] [hunav_agent_manager]: Loaded global goal 105 → (10.000, -8.150)
[INFO] [1790558735.845350156] [hunav_agent_manager]: Loaded global goal 106 → (15.000, -8.150)
[INFO] [1790558735.845353997] [hunav_agent_manager]: Loaded global goal 107 → (15.000, -4.000)
[INFO] [1790558735.845357824] [hunav_agent_manager]: Loaded global goal 108 → (7.000, -4.000)
[INFO] [1790558735.845361529] [hunav_agent_manager]: Loaded global goal 109 → (7.000, -2.000)
[INFO] [1790558735.845365422] [hunav_agent_manager]: Loaded global goal 110 → (7.000, 0.000)
[INFO] [1790558735.845369266] [hunav_agent_manager]: Loaded global goal 111 → (15.000, 0.000)
[INFO] [1790558735.845375240] [hunav_agent_manager]: Loaded global goal 112 → (15.000, 2.550)
[INFO] [1790558735.845378911] [hunav_agent_manager]: Loaded global goal 113 → (15.000, 3.500)
[INFO] [1790558735.845382877] [hunav_agent_manager]: Loaded global goal 114 → (15.000, 8.000)
[INFO] [1790558735.845386593] [hunav_agent_manager]: Loaded global goal 115 → (15.000, 6.010)
[INFO] [1790558735.845391410] [hunav_agent_manager]: Loaded global goal 116 → (14.400, 6.010)
[INFO] [1790558735.845395434] [hunav_agent_manager]: Loaded global goal 117 → (14.100, 6.010)
[INFO] [1790558735.845399470] [hunav_agent_manager]: Loaded global goal 118 → (12.400, 6.950)
[INFO] [1790558735.845403445] [hunav_agent_manager]: Loaded global goal 119 → (-13.530, -7.100)
[INFO] [1790558735.845407434] [hunav_agent_manager]: Loaded global goal 120 → (-13.530, -7.400)
[INFO] [1790558735.845411416] [hunav_agent_manager]: Loaded global goal 121 → (-13.530, -8.150)
[INFO] [1790558735.845418433] [hunav_agent_manager]: Loaded global goal 122 → (-14.000, -8.150)
[INFO] [1790558735.845422554] [hunav_agent_manager]: Loaded global goal 123 → (-10.000, -7.850)
[INFO] [1790558735.845426478] [hunav_agent_manager]: Loaded global goal 124 → (-5.000, -8.150)
[INFO] [1790558735.845430332] [hunav_agent_manager]: Loaded global goal 125 → (-2.000, -8.180)
[INFO] [1790558735.845434215] [hunav_agent_manager]: Loaded global goal 126 → (0.000, -7.850)
[INFO] [1790558735.845437981] [hunav_agent_manager]: Loaded global goal 127 → (2.600, -8.150)
[INFO] [1790558735.845445443] [hunav_agent_manager]: Loaded global goal 128 → (5.000, -8.150)
[INFO] [1790558735.845449396] [hunav_agent_manager]: Loaded global goal 129 → (10.000, -8.150)
[INFO] [1790558735.845453659] [hunav_agent_manager]: Loaded global goal 130 → (10.970, -8.150)
[INFO] [1790558735.845458430] [hunav_agent_manager]: Loaded global goal 131 → (10.970, -8.600)
[INFO] [1790558735.845462250] [hunav_agent_manager]: Loaded global goal 132 → (10.970, -8.900)
[INFO] [1790558735.845465901] [hunav_agent_manager]: Loaded global goal 133 → (11.950, -10.600)
[INFO] [1790558735.845469605] [hunav_agent_manager]: Successfully retrieved parameters from hunav_loader
[INFO] [1790558735.845477545] [hunav_agent_manager]: Parameters from loader: map=school_arena, simulator=Gazebo Fortress, yaml_base_name=scenario_head_on_high_1789892062, publish_people=true
[INFO] [1790558735.845611021] [hunav_agent_manager]: Found ROS2 package 'hunav_gazebo_fortress_wrapper', behavior trees will be loaded from: /home/hunav_gz_fortress_ws/src/hunav_gazebo_fortress_wrapper/behavior_trees
[INFO] [1790558735.845922437] [hunav_agent_manager]: BT nodes registered
sequence size exceeds remaining buffer
sequence size exceeds remaining buffer
[INFO] [1790558736.826132750] [hunav_agent_manager]: First service call received!
[INFO] [1790558736.826201271] [hunav_agent_manager]: robot pose x:15.15, y:12.00, th:-1.57
[INFO] [1790558736.826208253] [hunav_agent_manager]: Agents received: 9
[INFO] [1790558736.826212036] [hunav_agent_manager]: Initializing Behavior Trees of 9 agents...
[INFO] [1790558736.826219248] [hunav_agent_manager]: Initializing Behavior tree of Agent event_agent_1, id: 1
[INFO] [1790558736.826573757] [hunav_agent_manager]: Loading BT file: /home/hunav_gz_fortress_ws/src/hunav_gazebo_fortress_wrapper/behavior_trees/scenario_head_on_high_1789892062__agent_1_bt.xml
[INFO] [1790558736.832214027] [hunav_agent_manager]: Behavior Tree for agent event_agent_1 [id:1] loaded!
	robot -1, x:15.15, y:12.00
SFM Robot initialized
Initializing SFM Agents...
	agent event_agent_1, x:15.04, y:13.50, th:-1.57
	agent background_agent_1, x:17.60, y:7.30, th:-2.66
	agent background_agent_2, x:17.60, y:2.83, th:-2.66
	agent background_agent_3, x:-2.75, y:-10.60, th:2.09
	agent background_agent_4, x:2.15, y:-5.40, th:-2.09
	agent background_agent_5, x:2.15, y:-10.60, th:2.09
	agent background_agent_6, x:-7.65, y:-10.60, th:2.09
	agent background_agent_7, x:-12.55, y:-10.60, th:2.09
	agent background_agent_8, x:-12.55, y:-5.40, th:-2.09
SFM Agents initialized
----------------
SchoolPedestrianFallback
   YieldToCloseRobot
      IsRobotClose
      AvoidRobot
   NormalSocialForceNavigation
      SetBlackboard
      SetBlackboard
      RegularNavTree
         RegularNavFallback
            RegularNavigation
               Inverter
                  IsGoalReached
               RegularNav
            UpdateGoal
----------------
[INFO] [1790558736.832289255] [hunav_agent_manager]: Initializing Behavior tree of Agent background_agent_1, id: 2
[INFO] [1790558736.832304503] [hunav_agent_manager]: Loading BT file: /home/hunav_gz_fortress_ws/src/hunav_gazebo_fortress_wrapper/behavior_trees/scenario_head_on_high_1789892062__agent_2_bt.xml
[INFO] [1790558736.832545086] [hunav_agent_manager]: Behavior Tree for agent background_agent_1 [id:2] loaded!
----------------
SchoolPedestrianFallback
   YieldToCloseRobot
      IsRobotClose
      AvoidRobot
   NormalSocialForceNavigation
      SetBlackboard
      SetBlackboard
      RegularNavTree
         RegularNavFallback
            RegularNavigation
               Inverter
                  IsGoalReached
               RegularNav
            UpdateGoal
----------------
[INFO] [1790558736.832564619] [hunav_agent_manager]: Initializing Behavior tree of Agent background_agent_2, id: 3
[INFO] [1790558736.832573081] [hunav_agent_manager]: Loading BT file: /home/hunav_gz_fortress_ws/src/hunav_gazebo_fortress_wrapper/behavior_trees/scenario_head_on_high_1789892062__agent_3_bt.xml
[INFO] [1790558736.832784361] [hunav_agent_manager]: Behavior Tree for agent background_agent_2 [id:3] loaded!
----------------
SchoolPedestrianFallback
   YieldToCloseRobot
      IsRobotClose
      AvoidRobot
   NormalSocialForceNavigation
      SetBlackboard
      SetBlackboard
      RegularNavTree
         RegularNavFallback
            RegularNavigation
               Inverter
                  IsGoalReached
               RegularNav
            UpdateGoal
----------------
[INFO] [1790558736.832803021] [hunav_agent_manager]: Initializing Behavior tree of Agent background_agent_3, id: 4
[INFO] [1790558736.832813509] [hunav_agent_manager]: Loading BT file: /home/hunav_gz_fortress_ws/src/hunav_gazebo_fortress_wrapper/behavior_trees/scenario_head_on_high_1789892062__agent_4_bt.xml
[INFO] [1790558736.833020924] [hunav_agent_manager]: Behavior Tree for agent background_agent_3 [id:4] loaded!
----------------
SchoolPedestrianFallback
   YieldToCloseRobot
      IsRobotClose
      AvoidRobot
   NormalSocialForceNavigation
      SetBlackboard
      SetBlackboard
      RegularNavTree
         RegularNavFallback
            RegularNavigation
               Inverter
                  IsGoalReached
               RegularNav
            UpdateGoal
----------------
[INFO] [1790558736.833039047] [hunav_agent_manager]: Initializing Behavior tree of Agent background_agent_4, id: 5
[INFO] [1790558736.833046667] [hunav_agent_manager]: Loading BT file: /home/hunav_gz_fortress_ws/src/hunav_gazebo_fortress_wrapper/behavior_trees/scenario_head_on_high_1789892062__agent_5_bt.xml
[INFO] [1790558736.833240705] [hunav_agent_manager]: Behavior Tree for agent background_agent_4 [id:5] loaded!
----------------
SchoolPedestrianFallback
   YieldToCloseRobot
      IsRobotClose
      AvoidRobot
   NormalSocialForceNavigation
      SetBlackboard
      SetBlackboard
      RegularNavTree
         RegularNavFallback
            RegularNavigation
               Inverter
                  IsGoalReached
               RegularNav
            UpdateGoal
----------------
[INFO] [1790558736.833256898] [hunav_agent_manager]: Initializing Behavior tree of Agent background_agent_5, id: 6
[INFO] [1790558736.833264377] [hunav_agent_manager]: Loading BT file: /home/hunav_gz_fortress_ws/src/hunav_gazebo_fortress_wrapper/behavior_trees/scenario_head_on_high_1789892062__agent_6_bt.xml
[INFO] [1790558736.833465008] [hunav_agent_manager]: Behavior Tree for agent background_agent_5 [id:6] loaded!
----------------
SchoolPedestrianFallback
   YieldToCloseRobot
      IsRobotClose
      AvoidRobot
   NormalSocialForceNavigation
      SetBlackboard
      SetBlackboard
      RegularNavTree
         RegularNavFallback
            RegularNavigation
               Inverter
                  IsGoalReached
               RegularNav
            UpdateGoal
----------------
[INFO] [1790558736.833483361] [hunav_agent_manager]: Initializing Behavior tree of Agent background_agent_6, id: 7
[INFO] [1790558736.833501753] [hunav_agent_manager]: Loading BT file: /home/hunav_gz_fortress_ws/src/hunav_gazebo_fortress_wrapper/behavior_trees/scenario_head_on_high_1789892062__agent_7_bt.xml
[INFO] [1790558736.833707690] [hunav_agent_manager]: Behavior Tree for agent background_agent_6 [id:7] loaded!
----------------
SchoolPedestrianFallback
   YieldToCloseRobot
      IsRobotClose
      AvoidRobot
   NormalSocialForceNavigation
      SetBlackboard
      SetBlackboard
      RegularNavTree
         RegularNavFallback
            RegularNavigation
               Inverter
                  IsGoalReached
               RegularNav
            UpdateGoal
----------------
[INFO] [1790558736.833726292] [hunav_agent_manager]: Initializing Behavior tree of Agent background_agent_7, id: 8
[INFO] [1790558736.833736705] [hunav_agent_manager]: Loading BT file: /home/hunav_gz_fortress_ws/src/hunav_gazebo_fortress_wrapper/behavior_trees/scenario_head_on_high_1789892062__agent_8_bt.xml
[INFO] [1790558736.833940145] [hunav_agent_manager]: Behavior Tree for agent background_agent_7 [id:8] loaded!
----------------
SchoolPedestrianFallback
   YieldToCloseRobot
      IsRobotClose
      AvoidRobot
   NormalSocialForceNavigation
      SetBlackboard
      SetBlackboard
      RegularNavTree
         RegularNavFallback
            RegularNavigation
               Inverter
                  IsGoalReached
               RegularNav
            UpdateGoal
----------------
[INFO] [1790558736.833957090] [hunav_agent_manager]: Initializing Behavior tree of Agent background_agent_8, id: 9
[INFO] [1790558736.833967642] [hunav_agent_manager]: Loading BT file: /home/hunav_gz_fortress_ws/src/hunav_gazebo_fortress_wrapper/behavior_trees/scenario_head_on_high_1789892062__agent_9_bt.xml
[INFO] [1790558736.834174142] [hunav_agent_manager]: Behavior Tree for agent background_agent_8 [id:9] loaded!
----------------
SchoolPedestrianFallback
   YieldToCloseRobot
      IsRobotClose
      AvoidRobot
   NormalSocialForceNavigation
      SetBlackboard
      SetBlackboard
      RegularNavTree
         RegularNavFallback
            RegularNavigation
               Inverter
                  IsGoalReached
               RegularNav
            UpdateGoal
----------------
[INFO] [1790558736.834197935] [hunav_agent_manager]: Behavior trees succesfully initiated!
sequence size exceeds remaining buffer
sequence size exceeds remaining buffer
sequence size exceeds remaining buffer
sequence size exceeds remaining buffer
sequence size exceeds remaining buffer
sequence size exceeds remaining buffer
sequence size exceeds remaining buffer
sequence size exceeds remaining buffer
sequence size exceeds remaining buffer
sequence size exceeds remaining buffer
sequence size exceeds remaining buffer
sequence size exceeds remaining buffer
sequence size exceeds remaining buffer
sequence size exceeds remaining buffer
sequence size exceeds remaining buffer
sequence size exceeds remaining buffer
sequence size exceeds remaining buffer
sequence size exceeds remaining buffer
sequence size exceeds remaining buffer
sequence size exceeds remaining buffer
sequence size exceeds remaining buffer
sequence size exceeds remaining buffer
sequence size exceeds remaining buffer
sequence size exceeds remaining buffer
sequence size exceeds remaining buffer
sequence size exceeds remaining buffer
sequence size exceeds remaining buffer
sequence size exceeds remaining buffer
sequence size exceeds remaining buffer
sequence size exceeds remaining buffer
sequence size exceeds remaining buffer
sequence size exceeds remaining buffer
sequence size exceeds remaining buffer
sequence size exceeds remaining buffer
sequence size exceeds remaining buffer
sequence size exceeds remaining buffer
sequence size exceeds remaining buffer
sequence size exceeds remaining buffer
sequence size exceeds remaining buffer
sequence size exceeds remaining buffer
sequence size exceeds remaining buffer
sequence size exceeds remaining buffer
sequence size exceeds remaining buffer
sequence size exceeds remaining buffer
sequence size exceeds remaining buffer
sequence size exceeds remaining buffer
sequence size exceeds remaining buffer
sequence size exceeds remaining buffer
sequence size exceeds remaining buffer
sequence size exceeds remaining buffer
sequence size exceeds remaining buffer
sequence size exceeds remaining buffer
sequence size exceeds remaining buffer
sequence size exceeds remaining buffer
sequence size exceeds remaining buffer
sequence size exceeds remaining buffer
sequence size exceeds remaining buffer
sequence size exceeds remaining buffer
sequence size exceeds remaining buffer
sequence size exceeds remaining buffer
sequence size exceeds remaining buffer
sequence size exceeds remaining buffer
sequence size exceeds remaining buffer
sequence size exceeds remaining buffer
sequence size exceeds remaining buffer
sequence size exceeds remaining buffer
sequence size exceeds remaining buffer
sequence size exceeds remaining buffer
sequence size exceeds remaining buffer
sequence size exceeds remaining buffer
sequence size exceeds remaining buffer
sequence size exceeds remaining buffer
sequence size exceeds remaining buffer
sequence size exceeds remaining buffer
sequence size exceeds remaining buffer
sequence size exceeds remaining buffer
sequence size exceeds remaining buffer
sequence size exceeds remaining buffer
sequence size exceeds remaining buffer
sequence size exceeds remaining buffer
sequence size exceeds remaining buffer
sequence size exceeds remaining buffer
sequence size exceeds remaining buffer
sequence size exceeds remaining buffer
sequence size exceeds remaining buffer
sequence size exceeds remaining buffer
sequence size exceeds remaining buffer
sequence size exceeds remaining buffer
sequence size exceeds remaining buffer
sequence size exceeds remaining buffer
sequence size exceeds remaining buffer
sequence size exceeds remaining buffer
sequence size exceeds remaining buffer
sequence size exceeds remaining buffer
sequence size exceeds remaining buffer
sequence size exceeds remaining buffer
sequence size exceeds remaining buffer
sequence size exceeds remaining buffer
sequence size exceeds remaining buffer
sequence size exceeds remaining buffer
sequence size exceeds remaining buffer
sequence size exceeds remaining buffer
sequence size exceeds remaining buffer
sequence size exceeds remaining buffer
sequence size exceeds remaining buffer
sequence size exceeds remaining buffer
sequence size exceeds remaining buffer
sequence size exceeds remaining buffer
sequence size exceeds remaining buffer
sequence size exceeds remaining buffer
sequence size exceeds remaining buffer
sequence size exceeds remaining buffer
sequence size exceeds remaining buffer
sequence size exceeds remaining buffer
sequence size exceeds remaining buffer
sequence size exceeds remaining buffer
sequence size exceeds remaining buffer
sequence size exceeds remaining buffer
sequence size exceeds remaining buffer
sequence size exceeds remaining buffer
sequence size exceeds remaining buffer
sequence size exceeds remaining buffer
sequence size exceeds remaining buffer
sequence size exceeds remaining buffer
sequence size exceeds remaining buffer
sequence size exceeds remaining buffer
sequence size exceeds remaining buffer
sequence size exceeds remaining buffer
sequence size exceeds remaining buffer
sequence size exceeds remaining buffer
sequence size exceeds remaining buffer
sequence size exceeds remaining buffer
sequence size exceeds remaining buffer
sequence size exceeds remaining buffer
sequence size exceeds remaining buffer
sequence size exceeds remaining buffer
sequence size exceeds remaining buffer
sequence size exceeds remaining buffer
sequence size exceeds remaining buffer
sequence size exceeds remaining buffer
sequence size exceeds remaining buffer
sequence size exceeds remaining buffer
sequence size exceeds remaining buffer
sequence size exceeds remaining buffer
sequence size exceeds remaining buffer
sequence size exceeds remaining buffer
sequence size exceeds remaining buffer
sequence size exceeds remaining buffer
sequence size exceeds remaining buffer
sequence size exceeds remaining buffer
sequence size exceeds remaining buffer
sequence size exceeds remaining buffer
sequence size exceeds remaining buffer
sequence size exceeds remaining buffer
sequence size exceeds remaining buffer
sequence size exceeds remaining buffer
sequence size exceeds remaining buffer
sequence size exceeds remaining buffer
sequence size exceeds remaining buffer
sequence size exceeds remaining buffer
sequence size exceeds remaining buffer
sequence size exceeds remaining buffer
sequence size exceeds remaining buffer
sequence size exceeds remaining buffer
sequence size exceeds remaining buffer
sequence size exceeds remaining buffer
sequence size exceeds remaining buffer
sequence size exceeds remaining buffer
sequence size exceeds remaining buffer
sequence size exceeds remaining buffer
sequence size exceeds remaining buffer
sequence size exceeds remaining buffer
sequence size exceeds remaining buffer
sequence size exceeds remaining buffer
sequence size exceeds remaining buffer
sequence size exceeds remaining buffer
sequence size exceeds remaining buffer
sequence size exceeds remaining buffer
sequence size exceeds remaining buffer
sequence size exceeds remaining buffer
sequence size exceeds remaining buffer
sequence size exceeds remaining buffer
sequence size exceeds remaining buffer
sequence size exceeds remaining buffer
sequence size exceeds remaining buffer
sequence size exceeds remaining buffer
sequence size exceeds remaining buffer
sequence size exceeds remaining buffer
sequence size exceeds remaining buffer
sequence size exceeds remaining buffer
sequence size exceeds remaining buffer
sequence size exceeds remaining buffer
sequence size exceeds remaining buffer
sequence size exceeds remaining buffer
sequence size exceeds remaining buffer
sequence size exceeds remaining buffer
sequence size exceeds remaining buffer
sequence size exceeds remaining buffer
sequence size exceeds remaining buffer
sequence size exceeds remaining buffer
sequence size exceeds remaining buffer
sequence size exceeds remaining buffer
sequence size exceeds remaining buffer
sequence size exceeds remaining buffer
sequence size exceeds remaining buffer
sequence size exceeds remaining buffer
sequence size exceeds remaining buffer
sequence size exceeds remaining buffer
sequence size exceeds remaining buffer
sequence size exceeds remaining buffer
sequence size exceeds remaining buffer
sequence size exceeds remaining buffer
sequence size exceeds remaining buffer
sequence size exceeds remaining buffer
sequence size exceeds remaining buffer
sequence size exceeds remaining buffer
sequence size exceeds remaining buffer
sequence size exceeds remaining buffer
sequence size exceeds remaining buffer
sequence size exceeds remaining buffer
sequence size exceeds remaining buffer
sequence size exceeds remaining buffer
sequence size exceeds remaining buffer
sequence size exceeds remaining buffer
sequence size exceeds remaining buffer
sequence size exceeds remaining buffer
sequence size exceeds remaining buffer
sequence size exceeds remaining buffer
sequence size exceeds remaining buffer
sequence size exceeds remaining buffer
sequence size exceeds remaining buffer
sequence size exceeds remaining buffer
sequence size exceeds remaining buffer
sequence size exceeds remaining buffer
sequence size exceeds remaining buffer
sequence size exceeds remaining buffer
sequence size exceeds remaining buffer
sequence size exceeds remaining buffer
sequence size exceeds remaining buffer
sequence size exceeds remaining buffer
sequence size exceeds remaining buffer
sequence size exceeds remaining buffer
sequence size exceeds remaining buffer
sequence size exceeds remaining buffer
sequence size exceeds remaining buffer
sequence size exceeds remaining buffer
sequence size exceeds remaining buffer
sequence size exceeds remaining buffer
sequence size exceeds remaining buffer
sequence size exceeds remaining buffer
sequence size exceeds remaining buffer
sequence size exceeds remaining buffer
sequence size exceeds remaining buffer
sequence size exceeds remaining buffer
sequence size exceeds remaining buffer
sequence size exceeds remaining buffer
sequence size exceeds remaining buffer
sequence size exceeds remaining buffer
sequence size exceeds remaining buffer
sequence size exceeds remaining buffer
sequence size exceeds remaining buffer
sequence size exceeds remaining buffer
sequence size exceeds remaining buffer
sequence size exceeds remaining buffer
sequence size exceeds remaining buffer
sequence size exceeds remaining buffer
sequence size exceeds remaining buffer
sequence size exceeds remaining buffer
sequence size exceeds remaining buffer
sequence size exceeds remaining buffer
sequence size exceeds remaining buffer
sequence size exceeds remaining buffer
sequence size exceeds remaining buffer
sequence size exceeds remaining buffer
sequence size exceeds remaining buffer
sequence size exceeds remaining buffer
sequence size exceeds remaining buffer
sequence size exceeds remaining buffer
sequence size exceeds remaining buffer
sequence size exceeds remaining buffer
sequence size exceeds remaining buffer
sequence size exceeds remaining buffer
sequence size exceeds remaining buffer
sequence size exceeds remaining buffer
sequence size exceeds remaining buffer
sequence size exceeds remaining buffer
sequence size exceeds remaining buffer
sequence size exceeds remaining buffer
sequence size exceeds remaining buffer
sequence size exceeds remaining buffer
sequence size exceeds remaining buffer
sequence size exceeds remaining buffer
sequence size exceeds remaining buffer
sequence size exceeds remaining buffer
sequence size exceeds remaining buffer
sequence size exceeds remaining buffer
sequence size exceeds remaining buffer
sequence size exceeds remaining buffer
sequence size exceeds remaining buffer
sequence size exceeds remaining buffer
sequence size exceeds remaining buffer
sequence size exceeds remaining buffer
sequence size exceeds remaining buffer
sequence size exceeds remaining buffer
sequence size exceeds remaining buffer
sequence size exceeds remaining buffer
sequence size exceeds remaining buffer
sequence size exceeds remaining buffer
sequence size exceeds remaining buffer
sequence size exceeds remaining buffer
sequence size exceeds remaining buffer
sequence size exceeds remaining buffer
sequence size exceeds remaining buffer
sequence size exceeds remaining buffer
sequence size exceeds remaining buffer
sequence size exceeds remaining buffer
sequence size exceeds remaining buffer
sequence size exceeds remaining buffer
sequence size exceeds remaining buffer
sequence size exceeds remaining buffer
sequence size exceeds remaining buffer
sequence size exceeds remaining buffer
sequence size exceeds remaining buffer
sequence size exceeds remaining buffer
sequence size exceeds remaining buffer
sequence size exceeds remaining buffer
sequence size exceeds remaining buffer
sequence size exceeds remaining buffer
sequence size exceeds remaining buffer
sequence size exceeds remaining buffer
sequence size exceeds remaining buffer
sequence size exceeds remaining buffer
sequence size exceeds remaining buffer
sequence size exceeds remaining buffer
sequence size exceeds remaining buffer
sequence size exceeds remaining buffer
sequence size exceeds remaining buffer
sequence size exceeds remaining buffer
sequence size exceeds remaining buffer
sequence size exceeds remaining buffer
sequence size exceeds remaining buffer
sequence size exceeds remaining buffer
sequence size exceeds remaining buffer
sequence size exceeds remaining buffer
sequence size exceeds remaining buffer
sequence size exceeds remaining buffer
sequence size exceeds remaining buffer
sequence size exceeds remaining buffer
sequence size exceeds remaining buffer
sequence size exceeds remaining buffer
sequence size exceeds remaining buffer
sequence size exceeds remaining buffer
sequence size exceeds remaining buffer
sequence size exceeds remaining buffer
sequence size exceeds remaining buffer
sequence size exceeds remaining buffer
sequence size exceeds remaining buffer
sequence size exceeds remaining buffer
sequence size exceeds remaining buffer
sequence size exceeds remaining buffer
sequence size exceeds remaining buffer
sequence size exceeds remaining buffer
sequence size exceeds remaining buffer
sequence size exceeds remaining buffer
sequence size exceeds remaining buffer
sequence size exceeds remaining buffer
sequence size exceeds remaining buffer
sequence size exceeds remaining buffer
sequence size exceeds remaining buffer
sequence size exceeds remaining buffer
sequence size exceeds remaining buffer
sequence size exceeds remaining buffer
sequence size exceeds remaining buffer
sequence size exceeds remaining buffer
sequence size exceeds remaining buffer
sequence size exceeds remaining buffer
sequence size exceeds remaining buffer
sequence size exceeds remaining buffer
sequence size exceeds remaining buffer
sequence size exceeds remaining buffer
sequence size exceeds remaining buffer
sequence size exceeds remaining buffer
sequence size exceeds remaining buffer
sequence size exceeds remaining buffer
sequence size exceeds remaining buffer
sequence size exceeds remaining buffer
sequence size exceeds remaining buffer
sequence size exceeds remaining buffer
sequence size exceeds remaining buffer
sequence size exceeds remaining buffer
sequence size exceeds remaining buffer
sequence size exceeds remaining buffer
sequence size exceeds remaining buffer
sequence size exceeds remaining buffer
sequence size exceeds remaining buffer
sequence size exceeds remaining buffer
sequence size exceeds remaining buffer
sequence size exceeds remaining buffer
sequence size exceeds remaining buffer
sequence size exceeds remaining buffer
sequence size exceeds remaining buffer
sequence size exceeds remaining buffer
sequence size exceeds remaining buffer
sequence size exceeds remaining buffer
sequence size exceeds remaining buffer
sequence size exceeds remaining buffer
sequence size exceeds remaining buffer
sequence size exceeds remaining buffer
sequence size exceeds remaining buffer
sequence size exceeds remaining buffer
sequence size exceeds remaining buffer
sequence size exceeds remaining buffer
sequence size exceeds remaining buffer
sequence size exceeds remaining buffer
sequence size exceeds remaining buffer
sequence size exceeds remaining buffer
sequence size exceeds remaining buffer
sequence size exceeds remaining buffer
sequence size exceeds remaining buffer
sequence size exceeds remaining buffer
sequence size exceeds remaining buffer
sequence size exceeds remaining buffer
sequence size exceeds remaining buffer
sequence size exceeds remaining buffer
sequence size exceeds remaining buffer
sequence size exceeds remaining buffer
sequence size exceeds remaining buffer
sequence size exceeds remaining buffer
sequence size exceeds remaining buffer
sequence size exceeds remaining buffer
sequence size exceeds remaining buffer
sequence size exceeds remaining buffer
sequence size exceeds remaining buffer
sequence size exceeds remaining buffer
sequence size exceeds remaining buffer
sequence size exceeds remaining buffer
sequence size exceeds remaining buffer
sequence size exceeds remaining buffer
sequence size exceeds remaining buffer
sequence size exceeds remaining buffer
sequence size exceeds remaining buffer
sequence size exceeds remaining buffer
sequence size exceeds remaining buffer
sequence size exceeds remaining buffer
sequence size exceeds remaining buffer
sequence size exceeds remaining buffer
sequence size exceeds remaining buffer
sequence size exceeds remaining buffer
sequence size exceeds remaining buffer
sequence size exceeds remaining buffer
sequence size exceeds remaining buffer
sequence size exceeds remaining buffer
sequence size exceeds remaining buffer
sequence size exceeds remaining buffer
sequence size exceeds remaining buffer
sequence size exceeds remaining buffer
sequence size exceeds remaining buffer
sequence size exceeds remaining buffer
sequence size exceeds remaining buffer
sequence size exceeds remaining buffer
sequence size exceeds remaining buffer
sequence size exceeds remaining buffer
sequence size exceeds remaining buffer
sequence size exceeds remaining buffer
sequence size exceeds remaining buffer
sequence size exceeds remaining buffer
sequence size exceeds remaining buffer
sequence size exceeds remaining buffer
sequence size exceeds remaining buffer
sequence size exceeds remaining buffer
sequence size exceeds remaining buffer
sequence size exceeds remaining buffer
sequence size exceeds remaining buffer
sequence size exceeds remaining buffer
sequence size exceeds remaining buffer
sequence size exceeds remaining buffer
sequence size exceeds remaining buffer
sequence size exceeds remaining buffer
sequence size exceeds remaining buffer
sequence size exceeds remaining buffer
sequence size exceeds remaining buffer
sequence size exceeds remaining buffer
sequence size exceeds remaining buffer
sequence size exceeds remaining buffer
sequence size exceeds remaining buffer
sequence size exceeds remaining buffer
sequence size exceeds remaining buffer
sequence size exceeds remaining buffer
sequence size exceeds remaining buffer
sequence size exceeds remaining buffer
sequence size exceeds remaining buffer
sequence size exceeds remaining buffer
[INFO] [1790558772.855569619] [rclcpp]: signal_handler(SIGINT/SIGTERM)
cannot publish data, at ./src/rmw_publish.cpp:62 during '__function__'
[ERROR] [1790558772.997941616] [agent_say_node.rclcpp]: Error in destruction of rcl subscription handle: Failed to delete datareader, at ./src/subscription.cpp:52, at ./src/rcl/subscription.c:184
Failed to delete datawriter, at ./src/publisher.cpp:48 during '__function__'
[ERROR] [1790558772.997975783] [agent_say_node.rclcpp]: Error in destruction of rcl publisher handle: cannot publish data, at ./src/rmw_publish.cpp:62, at ./src/rcl/publisher.c:187
cannot publish data, at ./src/rmw_publish.cpp:62 during '__function__'
[ERROR] [1790558772.997997018] [agent_say_node.rclcpp]: Error in destruction of rcl subscription handle: Failed to delete datareader, at ./src/subscription.cpp:52, at ./src/rcl/subscription.c:184
cannot publish data, at ./src/rmw_publish.cpp:62 during '__function__'
Fail in delete datareader, at ./src/rmw_service.cpp:104 during '__function__'
[ros2run]: Segmentation fault
