[INFO] [1790560569.923254733] [hunav_loader]: yaml_base_name: scenario_empty_low_1263218847
[INFO] [1790560569.923345877] [hunav_loader]: simulator: Gazebo Fortress
[INFO] [1790560569.923357396] [hunav_loader]: map: school_arena
[INFO] [1790560569.923370436] [hunav_loader]: publish_people: true
[INFO] [1790560569.923379088] [hunav_loader]: Number of agents: 0
[INFO] [1790560569.923383212] [hunav_loader]: Global goals:
[INFO] [1790560569.923825859] [hunav_loader]: GetParameters service created
sequence size exceeds remaining buffer
sequence size exceeds remaining buffer
sequence size exceeds remaining buffer
sequence size exceeds remaining buffer
sequence size exceeds remaining buffer
sequence size exceeds remaining buffer
sequence size exceeds remaining buffer
sequence size exceeds remaining buffer
sequence size exceeds remaining buffer
sequence size exceeds remaining buffer
sequence size exceeds remaining buffer
sequence size exceeds remaining buffer
sequence size exceeds remaining buffer
sequence size exceeds remaining buffer
[INFO] [1790560570.855154183] [hunav_loader]: Sent parameters: map=school_arena, simulator=Gazebo Fortress, yaml_base_name=scenario_empty_low_1263218847, 0 goals
sequence size exceeds remaining buffer
sequence size exceeds remaining buffer
sequence size exceeds remaining buffer
sequence size exceeds remaining buffer
sequence size exceeds remaining buffer
sequence size exceeds remaining buffer
sequence size exceeds remaining buffer
sequence size exceeds remaining buffer
sequence size exceeds remaining buffer
sequence size exceeds remaining buffer
sequence size exceeds remaining buffer
sequence size exceeds remaining buffer
sequence size exceeds remaining buffer
sequence size exceeds remaining buffer
sequence size exceeds remaining buffer
sequence size exceeds remaining buffer
sequence size exceeds remaining buffer
sequence size exceeds remaining buffer
sequence size exceeds remaining buffer
sequence size exceeds remaining buffer
sequence size exceeds remaining buffer
sequence size exceeds remaining buffer
sequence size exceeds remaining buffer
sequence size exceeds remaining buffer
sequence size exceeds remaining buffer
sequence size exceeds remaining buffer
sequence size exceeds remaining buffer
sequence size exceeds remaining buffer
sequence size exceeds remaining buffer
sequence size exceeds remaining buffer
sequence size exceeds remaining buffer
sequence size exceeds remaining buffer
sequence size exceeds remaining buffer
sequence size exceeds remaining buffer
sequence size exceeds remaining buffer
sequence size exceeds remaining buffer
sequence size exceeds remaining buffer
sequence size exceeds remaining buffer
sequence size exceeds remaining buffer
sequence size exceeds remaining buffer
sequence size exceeds remaining buffer
sequence size exceeds remaining buffer
sequence size exceeds remaining buffer
sequence size exceeds remaining buffer
sequence size exceeds remaining buffer
sequence size exceeds remaining buffer
sequence size exceeds remaining buffer
sequence size exceeds remaining buffer
sequence size exceeds remaining buffer
sequence size exceeds remaining buffer
sequence size exceeds remaining buffer
sequence size exceeds remaining buffer
sequence size exceeds remaining buffer
sequence size exceeds remaining buffer
sequence size exceeds remaining buffer
sequence size exceeds remaining buffer
sequence size exceeds remaining buffer
sequence size exceeds remaining buffer
sequence size exceeds remaining buffer
sequence size exceeds remaining buffer
sequence size exceeds remaining buffer
sequence size exceeds remaining buffer
sequence size exceeds remaining buffer
sequence size exceeds remaining buffer
sequence size exceeds remaining buffer
sequence size exceeds remaining buffer
sequence size exceeds remaining buffer
sequence size exceeds remaining buffer
sequence size exceeds remaining buffer
sequence size exceeds remaining buffer
sequence size exceeds remaining buffer
sequence size exceeds remaining buffer
sequence size exceeds remaining buffer
sequence size exceeds remaining buffer
sequence size exceeds remaining buffer
sequence size exceeds remaining buffer
sequence size exceeds remaining buffer
sequence size exceeds remaining buffer
sequence size exceeds remaining buffer
sequence size exceeds remaining buffer
sequence size exceeds remaining buffer
sequence size exceeds remaining buffer
sequence size exceeds remaining buffer
sequence size exceeds remaining buffer
sequence size exceeds remaining buffer
sequence size exceeds remaining buffer
sequence size exceeds remaining buffer
sequence size exceeds remaining buffer
sequence size exceeds remaining buffer
sequence size exceeds remaining buffer
sequence size exceeds remaining buffer
sequence size exceeds remaining buffer
sequence size exceeds remaining buffer
sequence size exceeds remaining buffer
sequence size exceeds remaining buffer
sequence size exceeds remaining buffer
sequence size exceeds remaining buffer
sequence size exceeds remaining buffer
sequence size exceeds remaining buffer
sequence size exceeds remaining buffer
sequence size exceeds remaining buffer
sequence size exceeds remaining buffer
sequence size exceeds remaining buffer
sequence size exceeds remaining buffer
sequence size exceeds remaining buffer
sequence size exceeds remaining buffer
sequence size exceeds remaining buffer
sequence size exceeds remaining buffer
sequence size exceeds remaining buffer
sequence size exceeds remaining buffer
sequence size exceeds remaining buffer
sequence size exceeds remaining buffer
sequence size exceeds remaining buffer
sequence size exceeds remaining buffer
sequence size exceeds remaining buffer
sequence size exceeds remaining buffer
sequence size exceeds remaining buffer
sequence size exceeds remaining buffer
sequence size exceeds remaining buffer
sequence size exceeds remaining buffer
sequence size exceeds remaining buffer
sequence size exceeds remaining buffer
sequence size exceeds remaining buffer
sequence size exceeds remaining buffer
sequence size exceeds remaining buffer
sequence size exceeds remaining buffer
sequence size exceeds remaining buffer
sequence size exceeds remaining buffer
sequence size exceeds remaining buffer
sequence size exceeds remaining buffer
sequence size exceeds remaining buffer
sequence size exceeds remaining buffer
sequence size exceeds remaining buffer
sequence size exceeds remaining buffer
sequence size exceeds remaining buffer
sequence size exceeds remaining buffer
sequence size exceeds remaining buffer
sequence size exceeds remaining buffer
sequence size exceeds remaining buffer
sequence size exceeds remaining buffer
sequence size exceeds remaining buffer
sequence size exceeds remaining buffer
sequence size exceeds remaining buffer
sequence size exceeds remaining buffer
sequence size exceeds remaining buffer
sequence size exceeds remaining buffer
sequence size exceeds remaining buffer
sequence size exceeds remaining buffer
sequence size exceeds remaining buffer
sequence size exceeds remaining buffer
sequence size exceeds remaining buffer
sequence size exceeds remaining buffer
sequence size exceeds remaining buffer
sequence size exceeds remaining buffer
sequence size exceeds remaining buffer
sequence size exceeds remaining buffer
sequence size exceeds remaining buffer
sequence size exceeds remaining buffer
sequence size exceeds remaining buffer
sequence size exceeds remaining buffer
sequence size exceeds remaining buffer
sequence size exceeds remaining buffer
sequence size exceeds remaining buffer
sequence size exceeds remaining buffer
sequence size exceeds remaining buffer
sequence size exceeds remaining buffer
sequence size exceeds remaining buffer
sequence size exceeds remaining buffer
sequence size exceeds remaining buffer
sequence size exceeds remaining buffer
sequence size exceeds remaining buffer
sequence size exceeds remaining buffer
sequence size exceeds remaining buffer
sequence size exceeds remaining buffer
sequence size exceeds remaining buffer
sequence size exceeds remaining buffer
sequence size exceeds remaining buffer
sequence size exceeds remaining buffer
sequence size exceeds remaining buffer
sequence size exceeds remaining buffer
sequence size exceeds remaining buffer
sequence size exceeds remaining buffer
sequence size exceeds remaining buffer
sequence size exceeds remaining buffer
sequence size exceeds remaining buffer
sequence size exceeds remaining buffer
sequence size exceeds remaining buffer
sequence size exceeds remaining buffer
sequence size exceeds remaining buffer
sequence size exceeds remaining buffer
sequence size exceeds remaining buffer
sequence size exceeds remaining buffer
sequence size exceeds remaining buffer
sequence size exceeds remaining buffer
sequence size exceeds remaining buffer
sequence size exceeds remaining buffer
sequence size exceeds remaining buffer
sequence size exceeds remaining buffer
sequence size exceeds remaining buffer
sequence size exceeds remaining buffer
sequence size exceeds remaining buffer
sequence size exceeds remaining buffer
sequence size exceeds remaining buffer
sequence size exceeds remaining buffer
sequence size exceeds remaining buffer
sequence size exceeds remaining buffer
sequence size exceeds remaining buffer
sequence size exceeds remaining buffer
sequence size exceeds remaining buffer
sequence size exceeds remaining buffer
sequence size exceeds remaining buffer
sequence size exceeds remaining buffer
sequence size exceeds remaining buffer
sequence size exceeds remaining buffer
sequence size exceeds remaining buffer
sequence size exceeds remaining buffer
sequence size exceeds remaining buffer
sequence size exceeds remaining buffer
sequence size exceeds remaining buffer
sequence size exceeds remaining buffer
sequence size exceeds remaining buffer
sequence size exceeds remaining buffer
sequence size exceeds remaining buffer
sequence size exceeds remaining buffer
sequence size exceeds remaining buffer
sequence size exceeds remaining buffer
sequence size exceeds remaining buffer
sequence size exceeds remaining buffer
sequence size exceeds remaining buffer
sequence size exceeds remaining buffer
sequence size exceeds remaining buffer
sequence size exceeds remaining buffer
sequence size exceeds remaining buffer
sequence size exceeds remaining buffer
sequence size exceeds remaining buffer
sequence size exceeds remaining buffer
sequence size exceeds remaining buffer
sequence size exceeds remaining buffer
sequence size exceeds remaining buffer
sequence size exceeds remaining buffer
sequence size exceeds remaining buffer
sequence size exceeds remaining buffer
sequence size exceeds remaining buffer
sequence size exceeds remaining buffer
sequence size exceeds remaining buffer
sequence size exceeds remaining buffer
sequence size exceeds remaining buffer
sequence size exceeds remaining buffer
sequence size exceeds remaining buffer
sequence size exceeds remaining buffer
sequence size exceeds remaining buffer
sequence size exceeds remaining buffer
sequence size exceeds remaining buffer
sequence size exceeds remaining buffer
sequence size exceeds remaining buffer
sequence size exceeds remaining buffer
sequence size exceeds remaining buffer
sequence size exceeds remaining buffer
sequence size exceeds remaining buffer
sequence size exceeds remaining buffer
sequence size exceeds remaining buffer
sequence size exceeds remaining buffer
sequence size exceeds remaining buffer
sequence size exceeds remaining buffer
sequence size exceeds remaining buffer
sequence size exceeds remaining buffer
sequence size exceeds remaining buffer
sequence size exceeds remaining buffer
sequence size exceeds remaining buffer
sequence size exceeds remaining buffer
sequence size exceeds remaining buffer
sequence size exceeds remaining buffer
sequence size exceeds remaining buffer
sequence size exceeds remaining buffer
sequence size exceeds remaining buffer
sequence size exceeds remaining buffer
sequence size exceeds remaining buffer
sequence size exceeds remaining buffer
sequence size exceeds remaining buffer
sequence size exceeds remaining buffer
sequence size exceeds remaining buffer
sequence size exceeds remaining buffer
sequence size exceeds remaining buffer
sequence size exceeds remaining buffer
sequence size exceeds remaining buffer
sequence size exceeds remaining buffer
sequence size exceeds remaining buffer
sequence size exceeds remaining buffer
sequence size exceeds remaining buffer
sequence size exceeds remaining buffer
sequence size exceeds remaining buffer
sequence size exceeds remaining buffer
sequence size exceeds remaining buffer
sequence size exceeds remaining buffer
sequence size exceeds remaining buffer
sequence size exceeds remaining buffer
sequence size exceeds remaining buffer
sequence size exceeds remaining buffer
sequence size exceeds remaining buffer
sequence size exceeds remaining buffer
sequence size exceeds remaining buffer
sequence size exceeds remaining buffer
sequence size exceeds remaining buffer
sequence size exceeds remaining buffer
sequence size exceeds remaining buffer
sequence size exceeds remaining buffer
sequence size exceeds remaining buffer
sequence size exceeds remaining buffer
sequence size exceeds remaining buffer
sequence size exceeds remaining buffer
sequence size exceeds remaining buffer
sequence size exceeds remaining buffer
sequence size exceeds remaining buffer
sequence size exceeds remaining buffer
sequence size exceeds remaining buffer
sequence size exceeds remaining buffer
sequence size exceeds remaining buffer
sequence size exceeds remaining buffer
sequence size exceeds remaining buffer
sequence size exceeds remaining buffer
sequence size exceeds remaining buffer
sequence size exceeds remaining buffer
sequence size exceeds remaining buffer
sequence size exceeds remaining buffer
sequence size exceeds remaining buffer
sequence size exceeds remaining buffer
sequence size exceeds remaining buffer
sequence size exceeds remaining buffer
sequence size exceeds remaining buffer
sequence size exceeds remaining buffer
sequence size exceeds remaining buffer
sequence size exceeds remaining buffer
sequence size exceeds remaining buffer
sequence size exceeds remaining buffer
sequence size exceeds remaining buffer
sequence size exceeds remaining buffer
sequence size exceeds remaining buffer
sequence size exceeds remaining buffer
sequence size exceeds remaining buffer
sequence size exceeds remaining buffer
sequence size exceeds remaining buffer
sequence size exceeds remaining buffer
sequence size exceeds remaining buffer
sequence size exceeds remaining buffer
sequence size exceeds remaining buffer
sequence size exceeds remaining buffer
sequence size exceeds remaining buffer
sequence size exceeds remaining buffer
sequence size exceeds remaining buffer
sequence size exceeds remaining buffer
sequence size exceeds remaining buffer
sequence size exceeds remaining buffer
sequence size exceeds remaining buffer
sequence size exceeds remaining buffer
sequence size exceeds remaining buffer
sequence size exceeds remaining buffer
sequence size exceeds remaining buffer
sequence size exceeds remaining buffer
sequence size exceeds remaining buffer
sequence size exceeds remaining buffer
sequence size exceeds remaining buffer
sequence size exceeds remaining buffer
sequence size exceeds remaining buffer
sequence size exceeds remaining buffer
sequence size exceeds remaining buffer
sequence size exceeds remaining buffer
sequence size exceeds remaining buffer
sequence size exceeds remaining buffer
sequence size exceeds remaining buffer
sequence size exceeds remaining buffer
sequence size exceeds remaining buffer
sequence size exceeds remaining buffer
sequence size exceeds remaining buffer
sequence size exceeds remaining buffer
sequence size exceeds remaining buffer
sequence size exceeds remaining buffer
sequence size exceeds remaining buffer
sequence size exceeds remaining buffer
sequence size exceeds remaining buffer
sequence size exceeds remaining buffer
sequence size exceeds remaining buffer
sequence size exceeds remaining buffer
sequence size exceeds remaining buffer
sequence size exceeds remaining buffer
sequence size exceeds remaining buffer
sequence size exceeds remaining buffer
sequence size exceeds remaining buffer
sequence size exceeds remaining buffer
sequence size exceeds remaining buffer
sequence size exceeds remaining buffer
sequence size exceeds remaining buffer
sequence size exceeds remaining buffer
sequence size exceeds remaining buffer
sequence size exceeds remaining buffer
sequence size exceeds remaining buffer
sequence size exceeds remaining buffer
sequence size exceeds remaining buffer
sequence size exceeds remaining buffer
sequence size exceeds remaining buffer
sequence size exceeds remaining buffer
sequence size exceeds remaining buffer
sequence size exceeds remaining buffer
[INFO] [1790560629.638164035] [rclcpp]: signal_handler(SIGINT/SIGTERM)
