[INFO] [launch]: All log files can be found below /home/haduckien/.ros/log/2026-09-28-08-56-09-301805-Raccoon2005-84975
[INFO] [launch]: Default logging verbosity is set to INFO
[INFO] [gz-1]: process started with pid [85274]
[INFO] [parameter_bridge-2]: process started with pid [85275]
[INFO] [robot_state_publisher-3]: process started with pid [85276]
[INFO] [python3-4]: process started with pid [85277]
[INFO] [python3-5]: process started with pid [85278]
[robot_state_publisher-3] [INFO] [1790560569.434727982] [robot_state_publisher]: Robot initialized
[python3-5] [INFO] [1790560569.837679953] [school_pose_sync_monitor]: Gazebo/RViz sync monitor active: orange pose=/demo/gazebo_robot_pose
[python3-4] [INFO] [1790560569.987108892] [school_collision_safe_pose_applier]: Wall guard active: map=/home/haduckien/nav_ws/src/custom_corridor/worlds/school_arena/demo_1/map.yaml, radius=0.22 m, topic=/school_hunav/target_poses
[gz-1] [1;33mWarning [Utils.cc:132][0m [/sdf/world[@name="school_arena"]/model[@name="robot"]/link[@name="base_scan"]/sensor[@name="hls_lfcd_lds"]/gz_frame_id:/home/haduckien/nav_ws/src/custom_corridor/worlds/school_arena/demo_1/dataset_v1.0/episodes/ep_000011/runtime_logs/ep_000011.contact.world:L3501]: XML Element[gz_frame_id], child of element[sensor], not defined in SDF. Copying[gz_frame_id] as children of [sensor].
[parameter_bridge-2] [INFO] [1790560570.441702723] [ros_gz_bridge]: Creating GZ->ROS Bridge: [/clock (gz.msgs.Clock) -> /clock (rosgraph_msgs/msg/Clock)] (Lazy 0)
[parameter_bridge-2] [INFO] [1790560570.442843607] [ros_gz_bridge]: Creating GZ->ROS Bridge: [/joint_states (gz.msgs.Model) -> /joint_states (sensor_msgs/msg/JointState)] (Lazy 0)
[parameter_bridge-2] [INFO] [1790560570.444655700] [ros_gz_bridge]: Creating GZ->ROS Bridge: [/odom (gz.msgs.Odometry) -> /odom (nav_msgs/msg/Odometry)] (Lazy 0)
[parameter_bridge-2] [INFO] [1790560570.446153763] [ros_gz_bridge]: Creating GZ->ROS Bridge: [/tf (gz.msgs.Pose_V) -> /tf (tf2_msgs/msg/TFMessage)] (Lazy 0)
[parameter_bridge-2] [INFO] [1790560570.447502442] [ros_gz_bridge]: Creating GZ->ROS Bridge: [/scan (gz.msgs.LaserScan) -> /scan (sensor_msgs/msg/LaserScan)] (Lazy 0)
[parameter_bridge-2] [INFO] [1790560570.448079865] [ros_gz_bridge]: Creating ROS->GZ Bridge: [/cmd_vel (geometry_msgs/msg/Twist) -> /cmd_vel (gz.msgs.Twist)] (Lazy 0)
[parameter_bridge-2] [INFO] [1790560570.448801129] [ros_gz_bridge]: Creating GZ->ROS Bridge: [/world/school_arena/dynamic_pose/info (gz.msgs.Pose_V) -> /world/school_arena/dynamic_pose/info (tf2_msgs/msg/TFMessage)] (Lazy 0)
[parameter_bridge-2] [INFO] [1790560570.449267195] [ros_gz_bridge]: Creating ROS->GZ service bridge [/world/school_arena/set_pose (ros_gz_interfaces/srv/SetEntityPose -> gz.msgs.Pose/gz.msgs.Boolean)]
[parameter_bridge-2] [INFO] [1790560570.450015929] [ros_gz_bridge]: Creating ROS->GZ service bridge [/world/school_arena/control (ros_gz_interfaces/srv/ControlWorld -> gz.msgs.WorldControl/gz.msgs.Boolean)]
[parameter_bridge-2] [INFO] [1790560570.450328061] [ros_gz_bridge]: Creating GZ->ROS Bridge: [/robot/camera/image_raw (gz.msgs.Image) -> /robot/camera/image_raw (sensor_msgs/msg/Image)] (Lazy 0)
[INFO] [python3-6]: process started with pid [85716]
[python3-6] [INFO] [1790560573.090172307] [school_wait_for_robot_tf]: Robot odom/TF and simulation clock ready
[INFO] [python3-6]: process has finished cleanly [pid 85716]
[INFO] [map_server-7]: process started with pid [85744]
[INFO] [amcl-8]: process started with pid [85745]
[INFO] [planner_server-9]: process started with pid [85746]
[INFO] [controller_server-10]: process started with pid [85747]
[INFO] [bt_navigator-11]: process started with pid [85748]
[INFO] [behavior_server-12]: process started with pid [85749]
[INFO] [waypoint_follower-13]: process started with pid [85750]
[INFO] [python3-14]: process started with pid [85751]
[INFO] [goal_pose_bridge.py-15]: process started with pid [85752]
[behavior_server-12] [INFO] [1790560573.303284663] [behavior_server]: 
[behavior_server-12] 	behavior_server lifecycle node launched. 
[behavior_server-12] 	Waiting on external lifecycle transitions to activate
[behavior_server-12] 	See https://design.ros2.org/articles/node_lifecycle.html for more information.
[controller_server-10] [INFO] [1790560573.303284410] [controller_server]: 
[controller_server-10] 	controller_server lifecycle node launched. 
[controller_server-10] 	Waiting on external lifecycle transitions to activate
[controller_server-10] 	See https://design.ros2.org/articles/node_lifecycle.html for more information.
[waypoint_follower-13] [INFO] [1790560573.305746671] [waypoint_follower]: 
[waypoint_follower-13] 	waypoint_follower lifecycle node launched. 
[waypoint_follower-13] 	Waiting on external lifecycle transitions to activate
[waypoint_follower-13] 	See https://design.ros2.org/articles/node_lifecycle.html for more information.
[waypoint_follower-13] [INFO] [1790560573.306763464] [waypoint_follower]: Creating
[controller_server-10] [INFO] [1790560573.305997304] [controller_server]: Creating controller server
[controller_server-10] [INFO] [1790560573.321200692] [local_costmap.local_costmap]: 
[controller_server-10] 	local_costmap lifecycle node launched. 
[controller_server-10] 	Waiting on external lifecycle transitions to activate
[controller_server-10] 	See https://design.ros2.org/articles/node_lifecycle.html for more information.
[controller_server-10] [INFO] [1790560573.321770825] [local_costmap.local_costmap]: Creating Costmap
[bt_navigator-11] [INFO] [1790560573.322150523] [bt_navigator]: 
[bt_navigator-11] 	bt_navigator lifecycle node launched. 
[bt_navigator-11] 	Waiting on external lifecycle transitions to activate
[bt_navigator-11] 	See https://design.ros2.org/articles/node_lifecycle.html for more information.
[planner_server-9] [INFO] [1790560573.322601723] [planner_server]: 
[planner_server-9] 	planner_server lifecycle node launched. 
[planner_server-9] 	Waiting on external lifecycle transitions to activate
[planner_server-9] 	See https://design.ros2.org/articles/node_lifecycle.html for more information.
[bt_navigator-11] [INFO] [1790560573.323385147] [bt_navigator]: Creating
[planner_server-9] [INFO] [1790560573.323861178] [planner_server]: Creating
[amcl-8] [INFO] [1790560573.326069276] [amcl]: 
[amcl-8] 	amcl lifecycle node launched. 
[amcl-8] 	Waiting on external lifecycle transitions to activate
[amcl-8] 	See https://design.ros2.org/articles/node_lifecycle.html for more information.
[amcl-8] [INFO] [1790560573.326619316] [amcl]: Creating
[map_server-7] [INFO] [1790560573.328302896] [map_server]: 
[map_server-7] 	map_server lifecycle node launched. 
[map_server-7] 	Waiting on external lifecycle transitions to activate
[map_server-7] 	See https://design.ros2.org/articles/node_lifecycle.html for more information.
[map_server-7] [INFO] [1790560573.328443867] [map_server]: Creating
[planner_server-9] [INFO] [1790560573.333539525] [global_costmap.global_costmap]: 
[planner_server-9] 	global_costmap lifecycle node launched. 
[planner_server-9] 	Waiting on external lifecycle transitions to activate
[planner_server-9] 	See https://design.ros2.org/articles/node_lifecycle.html for more information.
[planner_server-9] [INFO] [1790560573.333830210] [global_costmap.global_costmap]: Creating Costmap
[goal_pose_bridge.py-15] [INFO] [1790560573.921167738] [goal_pose_bridge]: GoalPoseBridge started: listening on /goal_pose -> forwarding to /navigate_to_pose
[INFO] [lifecycle_manager-16]: process started with pid [85968]
[lifecycle_manager-16] [INFO] [1790560575.286621725] [lifecycle_manager_localization]: Creating
[lifecycle_manager-16] [INFO] [1790560575.292833444] [lifecycle_manager_localization]: [34m[1mCreating and initializing lifecycle service clients[0m[0m
[lifecycle_manager-16] [INFO] [1790560576.992032787] [lifecycle_manager_localization]: [34m[1mStarting managed nodes bringup...[0m[0m
[lifecycle_manager-16] [INFO] [1790560576.992084682] [lifecycle_manager_localization]: [34m[1mConfiguring map_server[0m[0m
[map_server-7] [INFO] [1790560576.992414623] [map_server]: Configuring
[map_server-7] [INFO] [1790560576.992487502] [map_io]: Loading yaml file: /home/haduckien/nav_ws/src/custom_corridor/worlds/school_arena/demo_1/map.yaml
[map_server-7] [INFO] [1790560576.992841728] [map_io]: resolution: 0.05
[map_server-7] [INFO] [1790560576.992851230] [map_io]: origin[0]: -16
[map_server-7] [INFO] [1790560576.992855360] [map_io]: origin[1]: -14
[map_server-7] [INFO] [1790560576.992857294] [map_io]: origin[2]: 0
[map_server-7] [INFO] [1790560576.992859289] [map_io]: free_thresh: 0.25
[map_server-7] [INFO] [1790560576.992861177] [map_io]: occupied_thresh: 0.65
[map_server-7] [INFO] [1790560576.992865159] [map_io]: mode: trinary
[map_server-7] [INFO] [1790560576.992867538] [map_io]: negate: 0
[map_server-7] [INFO] [1790560576.992998013] [map_io]: Loading image_file: /home/haduckien/nav_ws/src/custom_corridor/worlds/school_arena/demo_1/map.pgm
[map_server-7] [INFO] [1790560577.000046464] [map_io]: Read map /home/haduckien/nav_ws/src/custom_corridor/worlds/school_arena/demo_1/map.pgm: 730 X 580 map @ 0.05 m/cell
[lifecycle_manager-16] [INFO] [1790560577.012222533] [lifecycle_manager_localization]: [34m[1mConfiguring amcl[0m[0m
[amcl-8] [INFO] [1790560577.012546600] [amcl]: Configuring
[amcl-8] [INFO] [1790560577.012659967] [amcl]: initTransforms
[amcl-8] [INFO] [1790560577.021669595] [amcl]: initPubSub
[amcl-8] [INFO] [1790560577.029699051] [amcl]: Subscribed to map topic.
[lifecycle_manager-16] [INFO] [1790560577.035193444] [lifecycle_manager_localization]: [34m[1mActivating map_server[0m[0m
[map_server-7] [INFO] [1790560577.035404963] [map_server]: Activating
[map_server-7] [INFO] [1790560577.036609105] [map_server]: Creating bond (map_server) to lifecycle manager.
[amcl-8] [INFO] [1790560577.048126755] [amcl]: Received a 730 X 580 map @ 0.050 m/pix
[lifecycle_manager-16] [INFO] [1790560577.148013420] [lifecycle_manager_localization]: Server map_server connected with bond.
[lifecycle_manager-16] [INFO] [1790560577.148073928] [lifecycle_manager_localization]: [34m[1mActivating amcl[0m[0m
[amcl-8] [INFO] [1790560577.148398096] [amcl]: Activating
[amcl-8] [INFO] [1790560577.148457282] [amcl]: Creating bond (amcl) to lifecycle manager.
[amcl-8] [INFO] [1790560577.152814903] [amcl]: initialPoseReceived
[amcl-8] [INFO] [1790560577.152934849] [amcl]: Setting pose (4.913000): 15.000 10.650 -1.571
[python3-14] [INFO] [1790560577.165179618] [school_episode_initial_pose]: Published /initialpose from episode: 15.000, 10.650, -1.571
[lifecycle_manager-16] [INFO] [1790560577.255543147] [lifecycle_manager_localization]: Server amcl connected with bond.
[lifecycle_manager-16] [INFO] [1790560577.255609397] [lifecycle_manager_localization]: [34m[1mManaged nodes are active[0m[0m
[lifecycle_manager-16] [INFO] [1790560577.255628314] [lifecycle_manager_localization]: [34m[1mCreating bond timer...[0m[0m
[amcl-8] [INFO] [1790560577.262381963] [amcl]: createLaserObject
[python3-5] [INFO] [1790560577.803504041] [school_pose_sync_monitor]: Gazebo↔RViz pose error=0.011 m (gz=15.00,10.65; tf=15.00,10.64)
[python3-14] [INFO] [1790560577.959490657] [school_episode_initial_pose]: AMCL map->odom is available at scan and current simulation timestamps
[INFO] [python3-14]: process has finished cleanly [pid 85751]
[INFO] [lifecycle_manager-17]: process started with pid [86033]
[lifecycle_manager-17] [INFO] [1790560578.275357463] [lifecycle_manager_navigation]: Creating
[lifecycle_manager-17] [INFO] [1790560578.281302058] [lifecycle_manager_navigation]: [34m[1mCreating and initializing lifecycle service clients[0m[0m
[lifecycle_manager-17] [INFO] [1790560578.617066177] [lifecycle_manager_navigation]: [34m[1mStarting managed nodes bringup...[0m[0m
[lifecycle_manager-17] [INFO] [1790560578.617213964] [lifecycle_manager_navigation]: [34m[1mConfiguring planner_server[0m[0m
[planner_server-9] [INFO] [1790560578.617737527] [planner_server]: Configuring
[planner_server-9] [INFO] [1790560578.617798652] [global_costmap.global_costmap]: Configuring
[planner_server-9] [INFO] [1790560578.636182436] [global_costmap.global_costmap]: Using plugin "static_layer"
[planner_server-9] [INFO] [1790560578.640034978] [global_costmap.global_costmap]: Subscribing to the map topic (/map) with transient local durability
[planner_server-9] [INFO] [1790560578.643275820] [global_costmap.global_costmap]: Initialized plugin "static_layer"
[planner_server-9] [INFO] [1790560578.643317360] [global_costmap.global_costmap]: Using plugin "obstacle_layer"
[planner_server-9] [INFO] [1790560578.644370955] [global_costmap.global_costmap]: Subscribed to Topics: scan
[planner_server-9] [INFO] [1790560578.650966398] [global_costmap.global_costmap]: Initialized plugin "obstacle_layer"
[planner_server-9] [INFO] [1790560578.651038393] [global_costmap.global_costmap]: Using plugin "inflation_layer"
[planner_server-9] [INFO] [1790560578.652371832] [global_costmap.global_costmap]: Initialized plugin "inflation_layer"
[planner_server-9] [INFO] [1790560578.691920540] [global_costmap.global_costmap]: StaticLayer: Resizing costmap to 730 X 580 at 0.050000 m/pix
[planner_server-9] [INFO] [1790560578.695801498] [planner_server]: Created global planner plugin GridBased of type nav2_smac_planner::SmacPlanner2D
[planner_server-9] [INFO] [1790560578.695883116] [planner_server]: Configuring GridBased of type SmacPlanner2D
[planner_server-9] [ERROR] [1790560578.697371235] [planner_server]: Inflation layer either not found or inflation is not set sufficiently for optimized non-circular collision checking capabilities. It is HIGHLY recommended to set the inflation radius to be at MINIMUM half of the robot's largest cross-section. See github.com/ros-planning/navigation2/tree/main/nav2_smac_planner#potential-fields for full instructions. This will substantially impact run-time performance.
[planner_server-9] [INFO] [1790560578.699552385] [planner_server]: Configured plugin GridBased of type SmacPlanner2D with tolerance 0.15, maximum iterations 1000000, max on approach iterations 1000, and not allowing unknown traversal.
[planner_server-9] [INFO] [1790560578.699638018] [planner_server]: Planner Server has GridBased  planners available.
[lifecycle_manager-17] [INFO] [1790560578.715467931] [lifecycle_manager_navigation]: [34m[1mConfiguring controller_server[0m[0m
[controller_server-10] [INFO] [1790560578.715800065] [controller_server]: Configuring controller interface
[controller_server-10] [INFO] [1790560578.715825212] [controller_server]: getting progress checker plugins..
[controller_server-10] [INFO] [1790560578.716054236] [controller_server]: getting goal checker plugins..
[controller_server-10] [INFO] [1790560578.716269894] [controller_server]: Controller frequency set to 10.0000Hz
[controller_server-10] [INFO] [1790560578.716324507] [local_costmap.local_costmap]: Configuring
[controller_server-10] [INFO] [1790560578.727401124] [local_costmap.local_costmap]: Using plugin "obstacle_layer"
[controller_server-10] [INFO] [1790560578.730616625] [local_costmap.local_costmap]: Subscribed to Topics: scan
[controller_server-10] [INFO] [1790560578.735357242] [local_costmap.local_costmap]: Initialized plugin "obstacle_layer"
[controller_server-10] [INFO] [1790560578.735397866] [local_costmap.local_costmap]: Using plugin "inflation_layer"
[controller_server-10] [INFO] [1790560578.736728474] [local_costmap.local_costmap]: Initialized plugin "inflation_layer"
[controller_server-10] [INFO] [1790560578.786158424] [controller_server]: Created progress_checker : progress_checker of type nav2_controller::SimpleProgressChecker
[controller_server-10] [INFO] [1790560578.786777089] [controller_server]: Controller Server has progress_checker  progress checkers available.
[controller_server-10] [INFO] [1790560578.787262771] [controller_server]: Created goal checker : goal_checker of type nav2_controller::SimpleGoalChecker
[controller_server-10] [INFO] [1790560578.787825761] [controller_server]: Controller Server has goal_checker  goal checkers available.
[controller_server-10] [INFO] [1790560578.790211703] [controller_server]: Created controller : FollowPath of type dwb_core::DWBLocalPlanner
[controller_server-10] [INFO] [1790560578.791407491] [controller_server]: Setting transform_tolerance to 0.100000
[controller_server-10] [INFO] [1790560578.808591638] [controller_server]: Using critic "RotateToGoal" (dwb_critics::RotateToGoalCritic)
[controller_server-10] [INFO] [1790560578.809522283] [controller_server]: Critic plugin initialized
[controller_server-10] [INFO] [1790560578.809667212] [controller_server]: Using critic "Oscillation" (dwb_critics::OscillationCritic)
[controller_server-10] [INFO] [1790560578.810089344] [controller_server]: Critic plugin initialized
[controller_server-10] [INFO] [1790560578.810199158] [controller_server]: Using critic "BaseObstacle" (dwb_critics::BaseObstacleCritic)
[controller_server-10] [INFO] [1790560578.810404707] [controller_server]: Critic plugin initialized
[controller_server-10] [INFO] [1790560578.810539760] [controller_server]: Using critic "GoalAlign" (dwb_critics::GoalAlignCritic)
[controller_server-10] [INFO] [1790560578.810911805] [controller_server]: Critic plugin initialized
[controller_server-10] [INFO] [1790560578.811118164] [controller_server]: Using critic "PathAlign" (dwb_critics::PathAlignCritic)
[controller_server-10] [INFO] [1790560578.811471717] [controller_server]: Critic plugin initialized
[controller_server-10] [INFO] [1790560578.811621597] [controller_server]: Using critic "PathDist" (dwb_critics::PathDistCritic)
[controller_server-10] [INFO] [1790560578.811832511] [controller_server]: Critic plugin initialized
[controller_server-10] [INFO] [1790560578.811939169] [controller_server]: Using critic "GoalDist" (dwb_critics::GoalDistCritic)
[controller_server-10] [INFO] [1790560578.812183426] [controller_server]: Critic plugin initialized
[controller_server-10] [INFO] [1790560578.812202570] [controller_server]: Controller Server has FollowPath  controllers available.
[lifecycle_manager-17] [INFO] [1790560578.828570134] [lifecycle_manager_navigation]: [34m[1mConfiguring bt_navigator[0m[0m
[bt_navigator-11] [INFO] [1790560578.828933808] [bt_navigator]: Configuring
[bt_navigator-11] [INFO] [1790560578.839850318] [bt_navigator]: Creating navigator id navigate_to_pose of type nav2_bt_navigator::NavigateToPoseNavigator
[bt_navigator-11] [WARN] [1790560578.844305717] [bt_navigator]: Error_code parameters were not set. Using default values of: follow_path_error_code compute_path_error_code
[bt_navigator-11] Make sure these match your BT and there are not other sources of error codes youreported to your application
[bt_navigator-11] [INFO] [1790560578.917652188] [bt_navigator]: Creating navigator id navigate_through_poses of type nav2_bt_navigator::NavigateThroughPosesNavigator
[lifecycle_manager-17] [INFO] [1790560578.955980771] [lifecycle_manager_navigation]: [34m[1mConfiguring behavior_server[0m[0m
[behavior_server-12] [INFO] [1790560578.956423277] [behavior_server]: Configuring
[behavior_server-12] [INFO] [1790560578.962814945] [behavior_server]: Creating behavior plugin spin of type nav2_behaviors::Spin
[behavior_server-12] [INFO] [1790560578.963971589] [behavior_server]: Creating behavior plugin backup of type nav2_behaviors::BackUp
[behavior_server-12] [INFO] [1790560578.964924061] [behavior_server]: Creating behavior plugin wait of type nav2_behaviors::Wait
[behavior_server-12] [INFO] [1790560578.974576308] [behavior_server]: Configuring spin
[behavior_server-12] [INFO] [1790560578.988584899] [behavior_server]: Configuring backup
[behavior_server-12] [INFO] [1790560579.002419003] [behavior_server]: Configuring wait
[lifecycle_manager-17] [INFO] [1790560579.013685649] [lifecycle_manager_navigation]: [34m[1mConfiguring waypoint_follower[0m[0m
[waypoint_follower-13] [INFO] [1790560579.014111670] [waypoint_follower]: Configuring
[waypoint_follower-13] [INFO] [1790560579.089490625] [waypoint_follower]: Created waypoint_task_executor : wait_at_waypoint of type nav2_waypoint_follower::WaitAtWaypoint
[waypoint_follower-13] [INFO] [1790560579.090661842] [waypoint_follower]: Waypoint pause duration is set to zero, disabling task executor plugin.
[lifecycle_manager-17] [INFO] [1790560579.091867942] [lifecycle_manager_navigation]: [34m[1mActivating planner_server[0m[0m
[planner_server-9] [INFO] [1790560579.092359697] [planner_server]: Activating
[planner_server-9] [INFO] [1790560579.092395241] [global_costmap.global_costmap]: Activating
[planner_server-9] [INFO] [1790560579.092402588] [global_costmap.global_costmap]: Checking transform
[planner_server-9] [INFO] [1790560579.092478810] [global_costmap.global_costmap]: Timed out waiting for transform from base_footprint to map to become available, tf error: Lookup would require extrapolation into the past.  Requested time 6.420000 but the earliest data is at time 6.700000, when looking up transform from frame [base_footprint] to frame [map]
[planner_server-9] [INFO] [1790560579.592559234] [global_costmap.global_costmap]: start
[planner_server-9] [INFO] [1790560580.144341951] [planner_server]: Activating plugin GridBased of type SmacPlanner2D
[planner_server-9] [INFO] [1790560580.146150086] [planner_server]: Creating bond (planner_server) to lifecycle manager.
[lifecycle_manager-17] [INFO] [1790560580.253945654] [lifecycle_manager_navigation]: Server planner_server connected with bond.
[lifecycle_manager-17] [INFO] [1790560580.253996811] [lifecycle_manager_navigation]: [34m[1mActivating controller_server[0m[0m
[controller_server-10] [INFO] [1790560580.254324847] [controller_server]: Activating
[controller_server-10] [INFO] [1790560580.254366733] [local_costmap.local_costmap]: Activating
[controller_server-10] [INFO] [1790560580.254378365] [local_costmap.local_costmap]: Checking transform
[controller_server-10] [INFO] [1790560580.254530790] [local_costmap.local_costmap]: start
[controller_server-10] [INFO] [1790560580.456333843] [controller_server]: Creating bond (controller_server) to lifecycle manager.
[lifecycle_manager-17] [INFO] [1790560580.562959783] [lifecycle_manager_navigation]: Server controller_server connected with bond.
[lifecycle_manager-17] [INFO] [1790560580.563000777] [lifecycle_manager_navigation]: [34m[1mActivating bt_navigator[0m[0m
[bt_navigator-11] [INFO] [1790560580.563260200] [bt_navigator]: Activating
[bt_navigator-11] [INFO] [1790560580.659551996] [bt_navigator]: Creating bond (bt_navigator) to lifecycle manager.
[lifecycle_manager-17] [INFO] [1790560580.765461086] [lifecycle_manager_navigation]: Server bt_navigator connected with bond.
[lifecycle_manager-17] [INFO] [1790560580.765822300] [lifecycle_manager_navigation]: [34m[1mActivating behavior_server[0m[0m
[behavior_server-12] [INFO] [1790560580.767133746] [behavior_server]: Activating
[behavior_server-12] [INFO] [1790560580.767218726] [behavior_server]: Activating spin
[behavior_server-12] [INFO] [1790560580.767283970] [behavior_server]: Activating backup
[behavior_server-12] [INFO] [1790560580.767301109] [behavior_server]: Activating wait
[behavior_server-12] [INFO] [1790560580.767338549] [behavior_server]: Creating bond (behavior_server) to lifecycle manager.
[bt_navigator-11] [INFO] [1790560580.777004694] [bt_navigator]: Begin navigating from current location (15.00, 10.64) to (15.00, 2.55)
[controller_server-10] [INFO] [1790560580.798549202] [controller_server]: Received a goal, begin computing control effort.
[controller_server-10] [WARN] [1790560580.798620173] [controller_server]: No goal checker was specified in parameter 'current_goal_checker'. Server will use only plugin loaded goal_checker . This warning will appear once.
[controller_server-10] [WARN] [1790560580.798643084] [controller_server]: No progress checker was specified in parameter 'current_progress_checker'. Server will use only plugin loaded progress_checker . This warning will appear once.
[parameter_bridge-2] [INFO] [1790560580.801428979] [ros_gz_bridge]: Passing message from ROS geometry_msgs/msg/Twist to Gazebo gz.msgs.Twist (showing msg only once per type)
[lifecycle_manager-17] [INFO] [1790560580.880505401] [lifecycle_manager_navigation]: Server behavior_server connected with bond.
[lifecycle_manager-17] [INFO] [1790560580.880546346] [lifecycle_manager_navigation]: [34m[1mActivating waypoint_follower[0m[0m
[waypoint_follower-13] [INFO] [1790560580.880955416] [waypoint_follower]: Activating
[waypoint_follower-13] [INFO] [1790560580.880993376] [waypoint_follower]: Creating bond (waypoint_follower) to lifecycle manager.
[lifecycle_manager-17] [INFO] [1790560580.989543792] [lifecycle_manager_navigation]: Server waypoint_follower connected with bond.
[lifecycle_manager-17] [INFO] [1790560580.989586956] [lifecycle_manager_navigation]: [34m[1mManaged nodes are active[0m[0m
[lifecycle_manager-17] [INFO] [1790560580.989601517] [lifecycle_manager_navigation]: [34m[1mCreating bond timer...[0m[0m
[controller_server-10] [INFO] [1790560581.898932099] [controller_server]: Passing new path to controller.
[python3-5] [INFO] [1790560582.814867372] [school_pose_sync_monitor]: Gazebo↔RViz pose error=0.035 m (gz=14.99,10.28; tf=15.01,10.26)
[controller_server-10] [INFO] [1790560582.898933119] [controller_server]: Passing new path to controller.
[controller_server-10] [INFO] [1790560583.898916896] [controller_server]: Passing new path to controller.
[controller_server-10] [INFO] [1790560584.998938876] [controller_server]: Passing new path to controller.
[controller_server-10] [INFO] [1790560585.998926325] [controller_server]: Passing new path to controller.
[controller_server-10] [INFO] [1790560586.998939160] [controller_server]: Passing new path to controller.
[python3-5] [INFO] [1790560587.829314226] [school_pose_sync_monitor]: Gazebo↔RViz pose error=0.002 m (gz=14.94,9.35; tf=14.94,9.35)
[controller_server-10] [INFO] [1790560587.998948881] [controller_server]: Passing new path to controller.
[controller_server-10] [INFO] [1790560589.098924973] [controller_server]: Passing new path to controller.
[controller_server-10] [INFO] [1790560590.098916058] [controller_server]: Passing new path to controller.
[controller_server-10] [INFO] [1790560591.098983276] [controller_server]: Passing new path to controller.
[controller_server-10] [INFO] [1790560592.098926463] [controller_server]: Passing new path to controller.
[python3-5] [INFO] [1790560592.838351548] [school_pose_sync_monitor]: Gazebo↔RViz pose error=0.006 m (gz=14.90,8.39; tf=14.89,8.38)
[controller_server-10] [INFO] [1790560593.198935798] [controller_server]: Passing new path to controller.
[controller_server-10] [INFO] [1790560594.198926796] [controller_server]: Passing new path to controller.
[controller_server-10] [INFO] [1790560595.198954355] [controller_server]: Passing new path to controller.
[controller_server-10] [INFO] [1790560596.298922385] [controller_server]: Passing new path to controller.
[controller_server-10] [INFO] [1790560597.298928126] [controller_server]: Passing new path to controller.
[python3-5] [INFO] [1790560597.846837991] [school_pose_sync_monitor]: Gazebo↔RViz pose error=0.058 m (gz=14.89,7.44; tf=14.88,7.38)
[controller_server-10] [INFO] [1790560598.298994360] [controller_server]: Passing new path to controller.
[controller_server-10] [INFO] [1790560599.298930540] [controller_server]: Passing new path to controller.
[controller_server-10] [INFO] [1790560600.398951401] [controller_server]: Passing new path to controller.
[controller_server-10] [INFO] [1790560601.398967127] [controller_server]: Passing new path to controller.
[controller_server-10] [INFO] [1790560602.398944456] [controller_server]: Passing new path to controller.
[python3-5] [INFO] [1790560602.860169072] [school_pose_sync_monitor]: Gazebo↔RViz pose error=0.055 m (gz=14.84,6.90; tf=14.84,6.84)
[controller_server-10] [INFO] [1790560603.398925751] [controller_server]: Passing new path to controller.
[controller_server-10] [INFO] [1790560604.498935428] [controller_server]: Passing new path to controller.
[controller_server-10] [INFO] [1790560605.498971313] [controller_server]: Passing new path to controller.
[controller_server-10] [INFO] [1790560606.499264391] [controller_server]: Passing new path to controller.
[controller_server-10] [INFO] [1790560607.498924503] [controller_server]: Passing new path to controller.
[python3-5] [INFO] [1790560607.865270159] [school_pose_sync_monitor]: Gazebo↔RViz pose error=0.057 m (gz=14.76,6.50; tf=14.77,6.44)
[controller_server-10] [INFO] [1790560608.598928691] [controller_server]: Passing new path to controller.
[controller_server-10] [INFO] [1790560609.598952062] [controller_server]: Passing new path to controller.
[controller_server-10] [INFO] [1790560610.598932889] [controller_server]: Passing new path to controller.
[controller_server-10] [INFO] [1790560611.598928600] [controller_server]: Passing new path to controller.
[controller_server-10] [INFO] [1790560612.698966004] [controller_server]: Passing new path to controller.
[python3-5] [INFO] [1790560612.869395388] [school_pose_sync_monitor]: Gazebo↔RViz pose error=0.055 m (gz=14.81,5.62; tf=14.83,5.57)
[controller_server-10] [INFO] [1790560613.699006421] [controller_server]: Passing new path to controller.
[controller_server-10] [INFO] [1790560614.698915810] [controller_server]: Passing new path to controller.
[controller_server-10] [INFO] [1790560615.698924363] [controller_server]: Passing new path to controller.
[controller_server-10] [INFO] [1790560616.798949823] [controller_server]: Passing new path to controller.
[controller_server-10] [INFO] [1790560617.799026470] [controller_server]: Passing new path to controller.
[python3-5] [INFO] [1790560617.870663921] [school_pose_sync_monitor]: Gazebo↔RViz pose error=0.067 m (gz=14.87,4.68; tf=14.88,4.61)
[controller_server-10] [INFO] [1790560618.798929722] [controller_server]: Passing new path to controller.
[controller_server-10] [INFO] [1790560619.798924566] [controller_server]: Passing new path to controller.
[controller_server-10] [INFO] [1790560620.898931216] [controller_server]: Passing new path to controller.
[controller_server-10] [INFO] [1790560621.898953083] [controller_server]: Passing new path to controller.
[python3-5] [INFO] [1790560622.873407580] [school_pose_sync_monitor]: Gazebo↔RViz pose error=0.085 m (gz=14.90,3.76; tf=14.89,3.68)
[controller_server-10] [INFO] [1790560622.898951661] [controller_server]: Passing new path to controller.
[controller_server-10] [INFO] [1790560623.998925767] [controller_server]: Passing new path to controller.
[controller_server-10] [INFO] [1790560624.999115621] [controller_server]: Passing new path to controller.
[controller_server-10] [INFO] [1790560625.998927075] [controller_server]: Passing new path to controller.
[controller_server-10] [INFO] [1790560626.998960042] [controller_server]: Passing new path to controller.
[python3-5] [INFO] [1790560627.884936475] [school_pose_sync_monitor]: Gazebo↔RViz pose error=0.069 m (gz=14.95,2.84; tf=14.94,2.77)
[controller_server-10] [INFO] [1790560627.998988048] [controller_server]: Passing new path to controller.
[controller_server-10] [INFO] [1790560628.098962917] [controller_server]: Reached the goal!
[bt_navigator-11] [INFO] [1790560628.127592147] [bt_navigator]: Goal succeeded
[WARNING] [launch]: user interrupted with ctrl-c (SIGINT)
[INFO] [lifecycle_manager-17]: sending signal 'SIGINT' to process[lifecycle_manager-17]
[INFO] [lifecycle_manager-16]: sending signal 'SIGINT' to process[lifecycle_manager-16]
[INFO] [goal_pose_bridge.py-15]: sending signal 'SIGINT' to process[goal_pose_bridge.py-15]
[INFO] [waypoint_follower-13]: sending signal 'SIGINT' to process[waypoint_follower-13]
[INFO] [behavior_server-12]: sending signal 'SIGINT' to process[behavior_server-12]
[INFO] [bt_navigator-11]: sending signal 'SIGINT' to process[bt_navigator-11]
[INFO] [controller_server-10]: sending signal 'SIGINT' to process[controller_server-10]
[INFO] [planner_server-9]: sending signal 'SIGINT' to process[planner_server-9]
[INFO] [amcl-8]: sending signal 'SIGINT' to process[amcl-8]
[INFO] [map_server-7]: sending signal 'SIGINT' to process[map_server-7]
[INFO] [python3-5]: sending signal 'SIGINT' to process[python3-5]
[ERROR] [goal_pose_bridge.py-15]: process has died [pid 85752, exit code -2, cmd '/home/haduckien/nav_ws/install/custom_corridor/lib/custom_corridor/goal_pose_bridge.py --ros-args -r __node:=goal_pose_bridge --params-file /tmp/launch_params_jrxkxg_y'].
[INFO] [python3-4]: sending signal 'SIGINT' to process[python3-4]
[ERROR] [map_server-7]: process has died [pid 85744, exit code -2, cmd '/opt/ros/jazzy/lib/nav2_map_server/map_server --ros-args -r __node:=map_server --params-file /home/haduckien/nav_ws/src/custom_corridor/worlds/school_arena/demo_1/dataset_v1.0/episodes/ep_000011/nav2_school.yaml --params-file /tmp/launch_params_l86bmj2l'].
[ERROR] [amcl-8]: process has died [pid 85745, exit code -2, cmd '/opt/ros/jazzy/lib/nav2_amcl/amcl --ros-args -r __node:=amcl --params-file /home/haduckien/nav_ws/src/custom_corridor/worlds/school_arena/demo_1/dataset_v1.0/episodes/ep_000011/nav2_school.yaml --params-file /tmp/launch_params_c9af54hr'].
[INFO] [robot_state_publisher-3]: sending signal 'SIGINT' to process[robot_state_publisher-3]
[INFO] [parameter_bridge-2]: sending signal 'SIGINT' to process[parameter_bridge-2]
[INFO] [gz-1]: sending signal 'SIGINT' to process[gz-1]
[ERROR] [python3-5]: process has died [pid 85278, exit code -2, cmd 'python3 /home/haduckien/nav_ws/src/custom_corridor/worlds/school_arena/demo_1/pose_sync_monitor.py --ros-args -p use_sim_time:=true -p robot_name:=robot -p world_frame:=map -p initial_x:=15.0 -p initial_y:=10.65'].
[robot_state_publisher-3] [INFO] [1790560630.091953161] [rclcpp]: signal_handler(SIGINT/SIGTERM)
[planner_server-9] [INFO] [1790560630.091947167] [rclcpp]: signal_handler(SIGINT/SIGTERM)
[planner_server-9] [INFO] [1790560630.092033932] [planner_server]: Running Nav2 LifecycleNode rcl preshutdown (planner_server)
[planner_server-9] [INFO] [1790560630.092111103] [planner_server]: Deactivating
[planner_server-9] [INFO] [1790560630.092143692] [global_costmap.global_costmap]: Deactivating
[waypoint_follower-13] [INFO] [1790560630.091945634] [rclcpp]: signal_handler(SIGINT/SIGTERM)
[waypoint_follower-13] [INFO] [1790560630.092095002] [waypoint_follower]: Running Nav2 LifecycleNode rcl preshutdown (waypoint_follower)
[waypoint_follower-13] [INFO] [1790560630.092167374] [waypoint_follower]: Deactivating
[waypoint_follower-13] [INFO] [1790560630.092211974] [waypoint_follower]: Destroying bond (waypoint_follower) to lifecycle manager.
[lifecycle_manager-16] [INFO] [1790560630.091945734] [rclcpp]: signal_handler(SIGINT/SIGTERM)
[lifecycle_manager-16] [INFO] [1790560630.092069855] [lifecycle_manager_localization]: Running Nav2 LifecycleManager rcl preshutdown (lifecycle_manager_localization)
[lifecycle_manager-16] [INFO] [1790560630.092108797] [lifecycle_manager_localization]: [34m[1mTerminating bond timer...[0m[0m
[ERROR] [python3-4]: process has died [pid 85277, exit code -2, cmd 'python3 /home/haduckien/nav_ws/src/custom_corridor/worlds/school_arena/demo_1/collision_safe_pose_applier.py --ros-args -p use_sim_time:=true -p world_name:=school_arena -p target_topic:=/school_hunav/target_poses -p map_yaml:=/home/haduckien/nav_ws/src/custom_corridor/worlds/school_arena/demo_1/map.yaml -p agent_radius:=0.22 -p apply_hz:=20.0 -p ground_z:=0.0'].
[ERROR] [robot_state_publisher-3]: process has died [pid 85276, exit code -2, cmd '/opt/ros/jazzy/lib/robot_state_publisher/robot_state_publisher --ros-args --params-file /tmp/launch_params_4vbdpfyy'].
[lifecycle_manager-17] [INFO] [1790560630.091956114] [rclcpp]: signal_handler(SIGINT/SIGTERM)
[lifecycle_manager-17] [INFO] [1790560630.092059285] [lifecycle_manager_navigation]: Running Nav2 LifecycleManager rcl preshutdown (lifecycle_manager_navigation)
[lifecycle_manager-17] [INFO] [1790560630.092200962] [lifecycle_manager_navigation]: [34m[1mTerminating bond timer...[0m[0m
[amcl-8] [INFO] [1790560630.091958692] [rclcpp]: signal_handler(SIGINT/SIGTERM)
[amcl-8] [INFO] [1790560630.092055740] [amcl]: Running Nav2 LifecycleNode rcl preshutdown (amcl)
[amcl-8] [INFO] [1790560630.092110621] [amcl]: Deactivating
[amcl-8] [INFO] [1790560630.092148756] [amcl]: Destroying bond (amcl) to lifecycle manager.
[controller_server-10] [INFO] [1790560630.091961160] [rclcpp]: signal_handler(SIGINT/SIGTERM)
[controller_server-10] [INFO] [1790560630.092055978] [controller_server]: Running Nav2 LifecycleNode rcl preshutdown (controller_server)
[controller_server-10] [INFO] [1790560630.092121282] [controller_server]: Deactivating
[controller_server-10] [INFO] [1790560630.092190526] [local_costmap.local_costmap]: Deactivating
[bt_navigator-11] [INFO] [1790560630.091964800] [rclcpp]: signal_handler(SIGINT/SIGTERM)
[bt_navigator-11] [INFO] [1790560630.092039062] [bt_navigator]: Running Nav2 LifecycleNode rcl preshutdown (bt_navigator)
[bt_navigator-11] [INFO] [1790560630.092114734] [bt_navigator]: Deactivating
[bt_navigator-11] [INFO] [1790560630.092155061] [bt_navigator]: Destroying bond (bt_navigator) to lifecycle manager.
[map_server-7] [INFO] [1790560630.091977591] [rclcpp]: signal_handler(SIGINT/SIGTERM)
[map_server-7] [INFO] [1790560630.092068361] [map_server]: Running Nav2 LifecycleNode rcl preshutdown (map_server)
[map_server-7] [INFO] [1790560630.092122582] [map_server]: Deactivating
[map_server-7] [INFO] [1790560630.092138562] [map_server]: Destroying bond (map_server) to lifecycle manager.
[behavior_server-12] [INFO] [1790560630.091950272] [rclcpp]: signal_handler(SIGINT/SIGTERM)
[behavior_server-12] [INFO] [1790560630.092570589] [behavior_server]: Running Nav2 LifecycleNode rcl preshutdown (behavior_server)
[behavior_server-12] [INFO] [1790560630.092637734] [behavior_server]: Deactivating
[behavior_server-12] [INFO] [1790560630.092670836] [behavior_server]: Destroying bond (behavior_server) to lifecycle manager.
[planner_server-9] [INFO] [1790560630.092792266] [planner_server]: Deactivating plugin GridBased of type SmacPlanner2D
[planner_server-9] [INFO] [1790560630.092942366] [planner_server]: Destroying bond (planner_server) to lifecycle manager.
[planner_server-9] [INFO] [1790560630.103390948] [planner_server]: Cleaning up
[parameter_bridge-2] [INFO] [1790560630.093263331] [rclcpp]: signal_handler(SIGINT/SIGTERM)
[bt_navigator-11] [INFO] [1790560630.102792341] [bt_navigator]: Cleaning up
[map_server-7] [INFO] [1790560630.102813334] [map_server]: Cleaning up
[map_server-7] [INFO] [1790560630.102887780] [map_server]: Destroying bond (map_server) to lifecycle manager.
[behavior_server-12] [INFO] [1790560630.103391257] [behavior_server]: Cleaning up
[behavior_server-12] [INFO] [1790560630.108118570] [behavior_server]: Destroying bond (behavior_server) to lifecycle manager.
[amcl-8] [INFO] [1790560630.103495576] [amcl]: Cleaning up
[waypoint_follower-13] [INFO] [1790560630.104436295] [waypoint_follower]: Cleaning up
[amcl-8] [INFO] [1790560630.110037235] [amcl]: Destroying bond (amcl) to lifecycle manager.
[map_server-7] [INFO] [1790560630.112653970] [map_server]: Destroying
[waypoint_follower-13] [INFO] [1790560630.117466406] [waypoint_follower]: Destroying bond (waypoint_follower) to lifecycle manager.
[waypoint_follower-13] [INFO] [1790560630.118703564] [rclcpp]: signal_handler(SIGINT/SIGTERM)
[behavior_server-12] [INFO] [1790560630.119436185] [rclcpp]: signal_handler(SIGINT/SIGTERM)
[amcl-8] [INFO] [1790560630.121606669] [amcl]: Destroying
[lifecycle_manager-16] [INFO] [1790560630.122511002] [rclcpp]: signal_handler(SIGINT/SIGTERM)
[planner_server-9] [INFO] [1790560630.128621848] [global_costmap.global_costmap]: Cleaning up
[lifecycle_manager-16] [INFO] [1790560630.131365841] [lifecycle_manager_localization]: Destroying lifecycle_manager_localization
[behavior_server-12] [INFO] [1790560630.134199491] [behavior_server]: Destroying
[planner_server-9] [INFO] [1790560630.138457608] [planner_server]: Cleaning up plugin GridBased of type SmacPlanner2D
[planner_server-9] [INFO] [1790560630.138674822] [planner_server]: Destroying plugin GridBased of type SmacPlanner2D
[waypoint_follower-13] [INFO] [1790560630.139230101] [waypoint_follower]: Destroying
[parameter_bridge-2] [INFO] [1790560630.148157264] [rclcpp]: signal_handler(SIGINT/SIGTERM)
[planner_server-9] [INFO] [1790560630.154050584] [planner_server]: Destroying bond (planner_server) to lifecycle manager.
[planner_server-9] [INFO] [1790560630.155173082] [rclcpp]: signal_handler(SIGINT/SIGTERM)
[planner_server-9] [INFO] [1790560630.156679796] [global_costmap.global_costmap]: Destroying
[planner_server-9] [INFO] [1790560630.164446860] [planner_server]: Destroying
[lifecycle_manager-17] [INFO] [1790560630.180199676] [rclcpp]: signal_handler(SIGINT/SIGTERM)
[bt_navigator-11] [INFO] [1790560630.180431639] [bt_navigator]: Completed Cleaning up
[bt_navigator-11] [INFO] [1790560630.180483100] [bt_navigator]: Destroying bond (bt_navigator) to lifecycle manager.
[bt_navigator-11] [INFO] [1790560630.180807577] [rclcpp]: signal_handler(SIGINT/SIGTERM)
[lifecycle_manager-17] [INFO] [1790560630.180890024] [lifecycle_manager_navigation]: Destroying lifecycle_manager_navigation
[bt_navigator-11] [INFO] [1790560630.187462168] [bt_navigator]: Destroying
[INFO] [parameter_bridge-2]: process has finished cleanly [pid 85275]
[INFO] [lifecycle_manager-16]: process has finished cleanly [pid 85968]
[controller_server-10] [INFO] [1790560630.254926868] [controller_server]: Destroying bond (controller_server) to lifecycle manager.
[INFO] [behavior_server-12]: process has finished cleanly [pid 85749]
[INFO] [waypoint_follower-13]: process has finished cleanly [pid 85750]
[controller_server-10] [INFO] [1790560630.265239083] [controller_server]: Cleaning up
[controller_server-10] [INFO] [1790560630.265499567] [local_costmap.local_costmap]: Cleaning up
[controller_server-10] [INFO] [1790560630.275693605] [controller_server]: Destroying bond (controller_server) to lifecycle manager.
[controller_server-10] [INFO] [1790560630.277442197] [rclcpp]: signal_handler(SIGINT/SIGTERM)
[controller_server-10] [INFO] [1790560630.279917421] [local_costmap.local_costmap]: Destroying
[controller_server-10] [INFO] [1790560630.283115421] [controller_server]: Destroying
[INFO] [planner_server-9]: process has finished cleanly [pid 85746]
[INFO] [lifecycle_manager-17]: process has finished cleanly [pid 86033]
[INFO] [bt_navigator-11]: process has finished cleanly [pid 85748]
[INFO] [controller_server-10]: process has finished cleanly [pid 85747]
[INFO] [gz-1]: process has finished cleanly [pid 85274]
