Waiting for an action server to become available...
Sending goal:
     pose:
  header:
    stamp:
      sec: 0
      nanosec: 0
    frame_id: map
  pose:
    position:
      x: 10.0
      y: 0.0
      z: 0.0
    orientation:
      x: 0.0
      y: 0.0
      z: 0.0
      w: 1.0
behavior_tree: ''

Goal accepted with ID: b231b24775bc4ee78266af8f4b3c6921

Feedback:
    current_pose:
  header:
    stamp:
      sec: 19
      nanosec: 340000000
    frame_id: map
  pose:
    position:
      x: -13.0000000000012
      y: 2.0976480826778876e-26
      z: 0.0
    orientation:
      x: 0.0
      y: 0.0
      z: -6.17334198584577e-14
      w: 1.0
navigation_time:
  sec: 0
  nanosec: 0
estimated_time_remaining:
  sec: 0
  nanosec: 0
number_of_recoveries: 0
distance_remaining: 0.0

Result:
    error_code: 203
error_msg: ''

Goal finished with status: ABORTED
